wandb: [wandb.login()] Loaded credentials for https://api.wandb.ai from /home/chkkar002/.netrc.
wandb: Currently logged in as: chkkar002 (chkkar002-university-of-cape-town) to https://api.wandb.ai. Use `wandb login --relogin` to force relogin
wandb: WARNING Using a boolean value for 'reinit' is deprecated. Use 'return_previous' or 'finish_previous' instead.
wandb: setting up run 5u38abxo
wandb: Tracking run with wandb version 0.26.1
wandb: Run data is saved locally in /scratch/chkkar002/Diffusion_Based_STGNNs/USTD/wandb/run-20260819_141156-5u38abxo
wandb: Run `wandb offline` to turn off syncing.
wandb: Syncing run stfore_covar_20260819T141155
wandb: ⭐️ View project at https://wandb.ai/chkkar002-university-of-cape-town/stdiffusionfore-stgnn-weather
wandb: 🚀 View run at https://wandb.ai/chkkar002-university-of-cape-town/stdiffusionfore-stgnn-weather/runs/5u38abxo
wandb: updating run metadata
wandb: uploading requirements.txt; uploading output.log; uploading wandb-summary.json; uploading config.yaml; uploading wandb-metadata.json
wandb: uploading summary, console lines 1-7
wandb: 🚀 View run stfore_covar_20260819T141155 at: https://wandb.ai/chkkar002-university-of-cape-town/stdiffusionfore-stgnn-weather/runs/5u38abxo
wandb: ⭐️ View project at: https://wandb.ai/chkkar002-university-of-cape-town/stdiffusionfore-stgnn-weather
wandb: Synced 5 W&B file(s), 0 media file(s), 0 artifact file(s) and 0 other file(s)
wandb: Find logs at: ./wandb/run-20260819_141156-5u38abxo/logs
Traceback (most recent call last):
  File "/scratch/chkkar002/Diffusion_Based_STGNNs/USTD/train.py", line 64, in <module>
    model.optimize_parameters()   # calculate loss functions, get gradients, update network weights
  File "/scratch/chkkar002/Diffusion_Based_STGNNs/USTD/models/stdiffusion/stdiffusionfore_model.py", line 248, in optimize_parameters
    self.forward()
  File "/scratch/chkkar002/Diffusion_Based_STGNNs/USTD/models/stdiffusion/stdiffusionfore_model.py", line 154, in forward
    self.pred = self.netSTD(noisy_data, historical_encoding, self.side_info, training)
  File "/home/chkkar002/envs/diffstg/lib64/python3.9/site-packages/torch/nn/modules/module.py", line 1773, in _wrapped_call_impl
    return self._call_impl(*args, **kwargs)
  File "/home/chkkar002/envs/diffstg/lib64/python3.9/site-packages/torch/nn/modules/module.py", line 1784, in _call_impl
    return forward_call(*args, **kwargs)
  File "/home/chkkar002/envs/diffstg/lib64/python3.9/site-packages/torch/nn/parallel/data_parallel.py", line 192, in forward
    return self.module(*inputs[0], **module_kwargs[0])
  File "/home/chkkar002/envs/diffstg/lib64/python3.9/site-packages/torch/nn/modules/module.py", line 1773, in _wrapped_call_impl
    return self._call_impl(*args, **kwargs)
  File "/home/chkkar002/envs/diffstg/lib64/python3.9/site-packages/torch/nn/modules/module.py", line 1784, in _call_impl
    return forward_call(*args, **kwargs)
  File "/scratch/chkkar002/Diffusion_Based_STGNNs/USTD/models/stdiffusion/stformer.py", line 186, in forward
    encoding = self.encoding(X, condition, side_info, training)
  File "/scratch/chkkar002/Diffusion_Based_STGNNs/USTD/models/stdiffusion/stformer.py", line 164, in encoding
    encoding = layer(encoding, condition, side_info, training)  # B, N, D
  File "/home/chkkar002/envs/diffstg/lib64/python3.9/site-packages/torch/nn/modules/module.py", line 1773, in _wrapped_call_impl
    return self._call_impl(*args, **kwargs)
  File "/home/chkkar002/envs/diffstg/lib64/python3.9/site-packages/torch/nn/modules/module.py", line 1784, in _call_impl
    return forward_call(*args, **kwargs)
  File "/scratch/chkkar002/Diffusion_Based_STGNNs/USTD/models/stdiffusion/transformer_layer.py", line 90, in forward
    src_attn = src + dpe.unsqueeze(1) + tpe[:, L:L+1, :] + spe
RuntimeError: The size of tensor a (32) must match the size of tensor b (0) at non-singleton dimension 1
