2026-08-18 10:00: Experiment log path in: /scratch/chkkar002/Diffusion_Based_STGNNs/AGCRN/model/experiments/SAWS/trial17_20260818100022
2026-08-18 10:00: Train Epoch 1: 0/1642 Loss: 0.933916
2026-08-18 10:00: Train Epoch 1: 20/1642 Loss: 0.957505
2026-08-18 10:00: Train Epoch 1: 40/1642 Loss: 1.099876
2026-08-18 10:00: Train Epoch 1: 60/1642 Loss: 0.989952
2026-08-18 10:00: Train Epoch 1: 80/1642 Loss: 0.858263
2026-08-18 10:00: Train Epoch 1: 100/1642 Loss: 0.810522
2026-08-18 10:00: Train Epoch 1: 120/1642 Loss: 0.967988
2026-08-18 10:00: Train Epoch 1: 140/1642 Loss: 1.096818
2026-08-18 10:00: Train Epoch 1: 160/1642 Loss: 0.876621
2026-08-18 10:00: Train Epoch 1: 180/1642 Loss: 0.815428
2026-08-18 10:00: Train Epoch 1: 200/1642 Loss: 0.859612
2026-08-18 10:00: Train Epoch 1: 220/1642 Loss: 0.820524
2026-08-18 10:00: Train Epoch 1: 240/1642 Loss: 0.826405
2026-08-18 10:00: Train Epoch 1: 260/1642 Loss: 0.857332
2026-08-18 10:00: Train Epoch 1: 280/1642 Loss: 0.844806
2026-08-18 10:00: Train Epoch 1: 300/1642 Loss: 0.800846
2026-08-18 10:00: Train Epoch 1: 320/1642 Loss: 0.794270
2026-08-18 10:00: Train Epoch 1: 340/1642 Loss: 0.812745
2026-08-18 10:00: Train Epoch 1: 360/1642 Loss: 0.837451
2026-08-18 10:00: Train Epoch 1: 380/1642 Loss: 0.800096
2026-08-18 10:00: Train Epoch 1: 400/1642 Loss: 0.875074
2026-08-18 10:00: Train Epoch 1: 420/1642 Loss: 0.800774
2026-08-18 10:00: Train Epoch 1: 440/1642 Loss: 0.803458
2026-08-18 10:00: Train Epoch 1: 460/1642 Loss: 0.846664
2026-08-18 10:00: Train Epoch 1: 480/1642 Loss: 0.838125
2026-08-18 10:00: Train Epoch 1: 500/1642 Loss: 0.812377
2026-08-18 10:00: Train Epoch 1: 520/1642 Loss: 0.807812
2026-08-18 10:00: Train Epoch 1: 540/1642 Loss: 0.809377
2026-08-18 10:00: Train Epoch 1: 560/1642 Loss: 0.768015
2026-08-18 10:00: Train Epoch 1: 580/1642 Loss: 0.793155
2026-08-18 10:00: Train Epoch 1: 600/1642 Loss: 0.704429
2026-08-18 10:00: Train Epoch 1: 620/1642 Loss: 0.748031
2026-08-18 10:00: Train Epoch 1: 640/1642 Loss: 0.732685
2026-08-18 10:00: Train Epoch 1: 660/1642 Loss: 0.765117
2026-08-18 10:00: Train Epoch 1: 680/1642 Loss: 0.746957
2026-08-18 10:00: Train Epoch 1: 700/1642 Loss: 0.784523
2026-08-18 10:00: Train Epoch 1: 720/1642 Loss: 0.699240
2026-08-18 10:00: Train Epoch 1: 740/1642 Loss: 0.785606
2026-08-18 10:00: Train Epoch 1: 760/1642 Loss: 0.756715
2026-08-18 10:00: Train Epoch 1: 780/1642 Loss: 0.777182
2026-08-18 10:00: Train Epoch 1: 800/1642 Loss: 0.788106
2026-08-18 10:00: Train Epoch 1: 820/1642 Loss: 0.760939
2026-08-18 10:00: Train Epoch 1: 840/1642 Loss: 0.770780
2026-08-18 10:00: Train Epoch 1: 860/1642 Loss: 0.799500
2026-08-18 10:00: Train Epoch 1: 880/1642 Loss: 0.740606
2026-08-18 10:00: Train Epoch 1: 900/1642 Loss: 0.712206
2026-08-18 10:00: Train Epoch 1: 920/1642 Loss: 0.725144
2026-08-18 10:00: Train Epoch 1: 940/1642 Loss: 0.702262
2026-08-18 10:00: Train Epoch 1: 960/1642 Loss: 0.728110
2026-08-18 10:00: Train Epoch 1: 980/1642 Loss: 0.734817
2026-08-18 10:00: Train Epoch 1: 1000/1642 Loss: 0.840052
2026-08-18 10:00: Train Epoch 1: 1020/1642 Loss: 0.729551
2026-08-18 10:00: Train Epoch 1: 1040/1642 Loss: 0.696938
2026-08-18 10:00: Train Epoch 1: 1060/1642 Loss: 0.714366
2026-08-18 10:01: Train Epoch 1: 1080/1642 Loss: 0.761555
2026-08-18 10:01: Train Epoch 1: 1100/1642 Loss: 0.729357
2026-08-18 10:01: Train Epoch 1: 1120/1642 Loss: 0.762054
2026-08-18 10:01: Train Epoch 1: 1140/1642 Loss: 0.717248
2026-08-18 10:01: Train Epoch 1: 1160/1642 Loss: 0.687413
2026-08-18 10:01: Train Epoch 1: 1180/1642 Loss: 0.714888
2026-08-18 10:01: Train Epoch 1: 1200/1642 Loss: 0.731704
2026-08-18 10:01: Train Epoch 1: 1220/1642 Loss: 0.745183
2026-08-18 10:01: Train Epoch 1: 1240/1642 Loss: 0.672861
2026-08-18 10:01: Train Epoch 1: 1260/1642 Loss: 0.767132
2026-08-18 10:01: Train Epoch 1: 1280/1642 Loss: 0.689205
2026-08-18 10:01: Train Epoch 1: 1300/1642 Loss: 0.668530
2026-08-18 10:01: Train Epoch 1: 1320/1642 Loss: 0.710019
2026-08-18 10:01: Train Epoch 1: 1340/1642 Loss: 0.698648
2026-08-18 10:01: Train Epoch 1: 1360/1642 Loss: 0.648424
2026-08-18 10:01: Train Epoch 1: 1380/1642 Loss: 0.673497
2026-08-18 10:01: Train Epoch 1: 1400/1642 Loss: 0.661916
2026-08-18 10:01: Train Epoch 1: 1420/1642 Loss: 0.726573
2026-08-18 10:01: Train Epoch 1: 1440/1642 Loss: 0.710828
2026-08-18 10:01: Train Epoch 1: 1460/1642 Loss: 0.691519
2026-08-18 10:01: Train Epoch 1: 1480/1642 Loss: 0.656705
2026-08-18 10:01: Train Epoch 1: 1500/1642 Loss: 0.656815
2026-08-18 10:01: Train Epoch 1: 1520/1642 Loss: 0.679010
2026-08-18 10:01: Train Epoch 1: 1540/1642 Loss: 0.678640
2026-08-18 10:01: Train Epoch 1: 1560/1642 Loss: 0.618076
2026-08-18 10:01: Train Epoch 1: 1580/1642 Loss: 0.673965
2026-08-18 10:01: Train Epoch 1: 1600/1642 Loss: 0.634230
2026-08-18 10:01: Train Epoch 1: 1620/1642 Loss: 0.674348
2026-08-18 10:01: Train Epoch 1: 1640/1642 Loss: 0.603659
2026-08-18 10:01: **********Train Epoch 1: averaged Loss: 0.764530, tf_ratio: 1.000000
2026-08-18 10:01: **********Val Epoch 1: average Loss: 0.642392
2026-08-18 10:01: *********************************Current best model saved!
2026-08-18 10:01: Train Epoch 2: 0/1642 Loss: 0.700853
2026-08-18 10:01: Train Epoch 2: 20/1642 Loss: 0.656378
2026-08-18 10:01: Train Epoch 2: 40/1642 Loss: 0.658709
2026-08-18 10:01: Train Epoch 2: 60/1642 Loss: 0.634567
2026-08-18 10:01: Train Epoch 2: 80/1642 Loss: 0.639168
2026-08-18 10:01: Train Epoch 2: 100/1642 Loss: 0.646802
2026-08-18 10:01: Train Epoch 2: 120/1642 Loss: 0.675832
2026-08-18 10:01: Train Epoch 2: 140/1642 Loss: 0.616590
2026-08-18 10:01: Train Epoch 2: 160/1642 Loss: 0.613260
2026-08-18 10:01: Train Epoch 2: 180/1642 Loss: 0.628810
2026-08-18 10:01: Train Epoch 2: 200/1642 Loss: 0.619959
2026-08-18 10:01: Train Epoch 2: 220/1642 Loss: 0.640637
2026-08-18 10:01: Train Epoch 2: 240/1642 Loss: 0.586987
2026-08-18 10:01: Train Epoch 2: 260/1642 Loss: 0.578455
2026-08-18 10:01: Train Epoch 2: 280/1642 Loss: 0.605893
2026-08-18 10:01: Train Epoch 2: 300/1642 Loss: 0.601804
2026-08-18 10:01: Train Epoch 2: 320/1642 Loss: 0.568172
2026-08-18 10:01: Train Epoch 2: 340/1642 Loss: 0.567299
2026-08-18 10:01: Train Epoch 2: 360/1642 Loss: 0.591234
2026-08-18 10:01: Train Epoch 2: 380/1642 Loss: 0.588132
2026-08-18 10:01: Train Epoch 2: 400/1642 Loss: 0.584532
2026-08-18 10:01: Train Epoch 2: 420/1642 Loss: 0.567879
2026-08-18 10:01: Train Epoch 2: 440/1642 Loss: 0.593540
2026-08-18 10:01: Train Epoch 2: 460/1642 Loss: 0.583781
2026-08-18 10:01: Train Epoch 2: 480/1642 Loss: 0.564184
2026-08-18 10:01: Train Epoch 2: 500/1642 Loss: 0.587222
2026-08-18 10:01: Train Epoch 2: 520/1642 Loss: 0.541098
2026-08-18 10:01: Train Epoch 2: 540/1642 Loss: 0.567953
2026-08-18 10:01: Train Epoch 2: 560/1642 Loss: 0.521569
2026-08-18 10:01: Train Epoch 2: 580/1642 Loss: 0.561187
2026-08-18 10:01: Train Epoch 2: 600/1642 Loss: 0.567356
2026-08-18 10:01: Train Epoch 2: 620/1642 Loss: 0.535749
2026-08-18 10:01: Train Epoch 2: 640/1642 Loss: 0.556899
2026-08-18 10:01: Train Epoch 2: 660/1642 Loss: 0.495285
2026-08-18 10:01: Train Epoch 2: 680/1642 Loss: 0.558807
2026-08-18 10:01: Train Epoch 2: 700/1642 Loss: 0.534862
2026-08-18 10:01: Train Epoch 2: 720/1642 Loss: 0.557969
2026-08-18 10:01: Train Epoch 2: 740/1642 Loss: 0.547602
2026-08-18 10:01: Train Epoch 2: 760/1642 Loss: 0.556463
2026-08-18 10:01: Train Epoch 2: 780/1642 Loss: 0.539843
2026-08-18 10:01: Train Epoch 2: 800/1642 Loss: 0.551917
2026-08-18 10:01: Train Epoch 2: 820/1642 Loss: 0.554672
2026-08-18 10:01: Train Epoch 2: 840/1642 Loss: 0.566435
2026-08-18 10:01: Train Epoch 2: 860/1642 Loss: 0.535698
2026-08-18 10:01: Train Epoch 2: 880/1642 Loss: 0.562475
2026-08-18 10:01: Train Epoch 2: 900/1642 Loss: 0.510606
2026-08-18 10:01: Train Epoch 2: 920/1642 Loss: 0.524742
2026-08-18 10:01: Train Epoch 2: 940/1642 Loss: 0.516781
2026-08-18 10:01: Train Epoch 2: 960/1642 Loss: 0.546370
2026-08-18 10:01: Train Epoch 2: 980/1642 Loss: 0.539649
2026-08-18 10:01: Train Epoch 2: 1000/1642 Loss: 0.518321
2026-08-18 10:01: Train Epoch 2: 1020/1642 Loss: 0.478191
2026-08-18 10:01: Train Epoch 2: 1040/1642 Loss: 0.477208
2026-08-18 10:01: Train Epoch 2: 1060/1642 Loss: 0.490915
2026-08-18 10:02: Train Epoch 2: 1080/1642 Loss: 0.483571
2026-08-18 10:02: Train Epoch 2: 1100/1642 Loss: 0.541275
2026-08-18 10:02: Train Epoch 2: 1120/1642 Loss: 0.513828
2026-08-18 10:02: Train Epoch 2: 1140/1642 Loss: 0.486390
2026-08-18 10:02: Train Epoch 2: 1160/1642 Loss: 0.450361
2026-08-18 10:02: Train Epoch 2: 1180/1642 Loss: 0.490315
2026-08-18 10:02: Train Epoch 2: 1200/1642 Loss: 0.489006
2026-08-18 10:02: Train Epoch 2: 1220/1642 Loss: 0.510027
2026-08-18 10:02: Train Epoch 2: 1240/1642 Loss: 0.514407
2026-08-18 10:02: Train Epoch 2: 1260/1642 Loss: 0.472064
2026-08-18 10:02: Train Epoch 2: 1280/1642 Loss: 0.453616
2026-08-18 10:02: Train Epoch 2: 1300/1642 Loss: 0.481133
2026-08-18 10:02: Train Epoch 2: 1320/1642 Loss: 0.461627
2026-08-18 10:02: Train Epoch 2: 1340/1642 Loss: 0.495868
2026-08-18 10:02: Train Epoch 2: 1360/1642 Loss: 0.467060
2026-08-18 10:02: Train Epoch 2: 1380/1642 Loss: 0.495055
2026-08-18 10:02: Train Epoch 2: 1400/1642 Loss: 0.472164
2026-08-18 10:02: Train Epoch 2: 1420/1642 Loss: 0.446266
2026-08-18 10:02: Train Epoch 2: 1440/1642 Loss: 0.501201
2026-08-18 10:02: Train Epoch 2: 1460/1642 Loss: 0.431286
2026-08-18 10:02: Train Epoch 2: 1480/1642 Loss: 0.464895
2026-08-18 10:02: Train Epoch 2: 1500/1642 Loss: 0.435384
2026-08-18 10:02: Train Epoch 2: 1520/1642 Loss: 0.447335
2026-08-18 10:02: Train Epoch 2: 1540/1642 Loss: 0.466812
2026-08-18 10:02: Train Epoch 2: 1560/1642 Loss: 0.467615
2026-08-18 10:02: Train Epoch 2: 1580/1642 Loss: 0.488554
2026-08-18 10:02: Train Epoch 2: 1600/1642 Loss: 0.454921
2026-08-18 10:02: Train Epoch 2: 1620/1642 Loss: 0.473320
2026-08-18 10:02: Train Epoch 2: 1640/1642 Loss: 0.489812
2026-08-18 10:02: **********Train Epoch 2: averaged Loss: 0.539585, tf_ratio: 1.000000
2026-08-18 10:02: **********Val Epoch 2: average Loss: 0.458289
2026-08-18 10:02: *********************************Current best model saved!
2026-08-18 10:02: Train Epoch 3: 0/1642 Loss: 0.457083
2026-08-18 10:02: Train Epoch 3: 20/1642 Loss: 0.433329
2026-08-18 10:02: Train Epoch 3: 40/1642 Loss: 0.508221
2026-08-18 10:02: Train Epoch 3: 60/1642 Loss: 0.436011
2026-08-18 10:02: Train Epoch 3: 80/1642 Loss: 0.473089
2026-08-18 10:02: Train Epoch 3: 100/1642 Loss: 0.455121
2026-08-18 10:02: Train Epoch 3: 120/1642 Loss: 0.433053
2026-08-18 10:02: Train Epoch 3: 140/1642 Loss: 0.479872
2026-08-18 10:02: Train Epoch 3: 160/1642 Loss: 0.473265
2026-08-18 10:02: Train Epoch 3: 180/1642 Loss: 0.466735
2026-08-18 10:02: Train Epoch 3: 200/1642 Loss: 0.463927
2026-08-18 10:02: Train Epoch 3: 220/1642 Loss: 0.483797
2026-08-18 10:02: Train Epoch 3: 240/1642 Loss: 0.450811
2026-08-18 10:02: Train Epoch 3: 260/1642 Loss: 0.472948
2026-08-18 10:02: Train Epoch 3: 280/1642 Loss: 0.465890
2026-08-18 10:02: Train Epoch 3: 300/1642 Loss: 0.475783
2026-08-18 10:02: Train Epoch 3: 320/1642 Loss: 0.493881
2026-08-18 10:02: Train Epoch 3: 340/1642 Loss: 0.508964
2026-08-18 10:02: Train Epoch 3: 360/1642 Loss: 0.472975
2026-08-18 10:02: Train Epoch 3: 380/1642 Loss: 0.439913
2026-08-18 10:02: Train Epoch 3: 400/1642 Loss: 0.449156
2026-08-18 10:02: Train Epoch 3: 420/1642 Loss: 0.430274
2026-08-18 10:02: Train Epoch 3: 440/1642 Loss: 0.438579
2026-08-18 10:02: Train Epoch 3: 460/1642 Loss: 0.501926
2026-08-18 10:02: Train Epoch 3: 480/1642 Loss: 0.459122
2026-08-18 10:02: Train Epoch 3: 500/1642 Loss: 0.468000
2026-08-18 10:02: Train Epoch 3: 520/1642 Loss: 0.459586
2026-08-18 10:02: Train Epoch 3: 540/1642 Loss: 0.429272
2026-08-18 10:02: Train Epoch 3: 560/1642 Loss: 0.453622
2026-08-18 10:02: Train Epoch 3: 580/1642 Loss: 0.449697
2026-08-18 10:02: Train Epoch 3: 600/1642 Loss: 0.466590
2026-08-18 10:02: Train Epoch 3: 620/1642 Loss: 0.477028
2026-08-18 10:02: Train Epoch 3: 640/1642 Loss: 0.450393
2026-08-18 10:02: Train Epoch 3: 660/1642 Loss: 0.440817
2026-08-18 10:02: Train Epoch 3: 680/1642 Loss: 0.452763
2026-08-18 10:02: Train Epoch 3: 700/1642 Loss: 0.461801
2026-08-18 10:02: Train Epoch 3: 720/1642 Loss: 0.544686
2026-08-18 10:02: Train Epoch 3: 740/1642 Loss: 0.499462
2026-08-18 10:02: Train Epoch 3: 760/1642 Loss: 0.483153
2026-08-18 10:02: Train Epoch 3: 780/1642 Loss: 0.496342
2026-08-18 10:02: Train Epoch 3: 800/1642 Loss: 0.471492
2026-08-18 10:02: Train Epoch 3: 820/1642 Loss: 0.464627
2026-08-18 10:02: Train Epoch 3: 840/1642 Loss: 0.407191
2026-08-18 10:02: Train Epoch 3: 860/1642 Loss: 0.424119
2026-08-18 10:02: Train Epoch 3: 880/1642 Loss: 0.468296
2026-08-18 10:02: Train Epoch 3: 900/1642 Loss: 0.469530
2026-08-18 10:02: Train Epoch 3: 920/1642 Loss: 0.471032
2026-08-18 10:02: Train Epoch 3: 940/1642 Loss: 0.469999
2026-08-18 10:02: Train Epoch 3: 960/1642 Loss: 0.461179
2026-08-18 10:02: Train Epoch 3: 980/1642 Loss: 0.499785
2026-08-18 10:02: Train Epoch 3: 1000/1642 Loss: 0.437600
2026-08-18 10:02: Train Epoch 3: 1020/1642 Loss: 0.441987
2026-08-18 10:02: Train Epoch 3: 1040/1642 Loss: 0.526492
2026-08-18 10:03: Train Epoch 3: 1060/1642 Loss: 0.455418
2026-08-18 10:03: Train Epoch 3: 1080/1642 Loss: 0.440734
2026-08-18 10:03: Train Epoch 3: 1100/1642 Loss: 0.427388
2026-08-18 10:03: Train Epoch 3: 1120/1642 Loss: 0.471320
2026-08-18 10:03: Train Epoch 3: 1140/1642 Loss: 0.464087
2026-08-18 10:03: Train Epoch 3: 1160/1642 Loss: 0.457497
2026-08-18 10:03: Train Epoch 3: 1180/1642 Loss: 0.479735
2026-08-18 10:03: Train Epoch 3: 1200/1642 Loss: 0.453758
2026-08-18 10:03: Train Epoch 3: 1220/1642 Loss: 0.463518
2026-08-18 10:03: Train Epoch 3: 1240/1642 Loss: 0.460167
2026-08-18 10:03: Train Epoch 3: 1260/1642 Loss: 0.475334
2026-08-18 10:03: Train Epoch 3: 1280/1642 Loss: 0.436557
2026-08-18 10:03: Train Epoch 3: 1300/1642 Loss: 0.439519
2026-08-18 10:03: Train Epoch 3: 1320/1642 Loss: 0.457768
2026-08-18 10:03: Train Epoch 3: 1340/1642 Loss: 0.469104
2026-08-18 10:03: Train Epoch 3: 1360/1642 Loss: 0.450651
2026-08-18 10:03: Train Epoch 3: 1380/1642 Loss: 0.443528
2026-08-18 10:03: Train Epoch 3: 1400/1642 Loss: 0.449704
2026-08-18 10:03: Train Epoch 3: 1420/1642 Loss: 0.454089
2026-08-18 10:03: Train Epoch 3: 1440/1642 Loss: 0.455819
2026-08-18 10:03: Train Epoch 3: 1460/1642 Loss: 0.442087
2026-08-18 10:03: Train Epoch 3: 1480/1642 Loss: 0.433935
2026-08-18 10:03: Train Epoch 3: 1500/1642 Loss: 0.438328
2026-08-18 10:03: Train Epoch 3: 1520/1642 Loss: 0.411113
2026-08-18 10:03: Train Epoch 3: 1540/1642 Loss: 0.455453
2026-08-18 10:03: Train Epoch 3: 1560/1642 Loss: 0.490871
2026-08-18 10:03: Train Epoch 3: 1580/1642 Loss: 0.421352
2026-08-18 10:03: Train Epoch 3: 1600/1642 Loss: 0.440368
2026-08-18 10:03: Train Epoch 3: 1620/1642 Loss: 0.452721
2026-08-18 10:03: Train Epoch 3: 1640/1642 Loss: 0.469857
2026-08-18 10:03: **********Train Epoch 3: averaged Loss: 0.459113, tf_ratio: 1.000000
2026-08-18 10:03: **********Val Epoch 3: average Loss: 0.434094
2026-08-18 10:03: *********************************Current best model saved!
2026-08-18 10:03: Train Epoch 4: 0/1642 Loss: 0.430306
2026-08-18 10:03: Train Epoch 4: 20/1642 Loss: 0.465229
2026-08-18 10:03: Train Epoch 4: 40/1642 Loss: 0.430906
2026-08-18 10:03: Train Epoch 4: 60/1642 Loss: 0.416474
2026-08-18 10:03: Train Epoch 4: 80/1642 Loss: 0.436099
2026-08-18 10:03: Train Epoch 4: 100/1642 Loss: 0.432531
2026-08-18 10:03: Train Epoch 4: 120/1642 Loss: 0.449459
2026-08-18 10:03: Train Epoch 4: 140/1642 Loss: 0.441396
2026-08-18 10:03: Train Epoch 4: 160/1642 Loss: 0.497701
2026-08-18 10:03: Train Epoch 4: 180/1642 Loss: 0.438932
2026-08-18 10:03: Train Epoch 4: 200/1642 Loss: 0.456796
2026-08-18 10:03: Train Epoch 4: 220/1642 Loss: 0.420503
2026-08-18 10:03: Train Epoch 4: 240/1642 Loss: 0.496120
2026-08-18 10:03: Train Epoch 4: 260/1642 Loss: 0.434218
2026-08-18 10:03: Train Epoch 4: 280/1642 Loss: 0.444227
2026-08-18 10:03: Train Epoch 4: 300/1642 Loss: 0.470880
2026-08-18 10:03: Train Epoch 4: 320/1642 Loss: 0.442799
2026-08-18 10:03: Train Epoch 4: 340/1642 Loss: 0.424228
2026-08-18 10:03: Train Epoch 4: 360/1642 Loss: 0.457210
2026-08-18 10:03: Train Epoch 4: 380/1642 Loss: 0.426905
2026-08-18 10:03: Train Epoch 4: 400/1642 Loss: 0.449772
2026-08-18 10:03: Train Epoch 4: 420/1642 Loss: 0.444800
2026-08-18 10:03: Train Epoch 4: 440/1642 Loss: 0.437850
2026-08-18 10:03: Train Epoch 4: 460/1642 Loss: 0.462898
2026-08-18 10:03: Train Epoch 4: 480/1642 Loss: 0.447261
2026-08-18 10:03: Train Epoch 4: 500/1642 Loss: 0.436217
2026-08-18 10:03: Train Epoch 4: 520/1642 Loss: 0.461520
2026-08-18 10:03: Train Epoch 4: 540/1642 Loss: 0.473585
2026-08-18 10:03: Train Epoch 4: 560/1642 Loss: 0.414163
2026-08-18 10:03: Train Epoch 4: 580/1642 Loss: 0.432485
2026-08-18 10:03: Train Epoch 4: 600/1642 Loss: 0.434982
2026-08-18 10:03: Train Epoch 4: 620/1642 Loss: 0.416340
2026-08-18 10:03: Train Epoch 4: 640/1642 Loss: 0.439025
2026-08-18 10:03: Train Epoch 4: 660/1642 Loss: 0.449264
2026-08-18 10:03: Train Epoch 4: 680/1642 Loss: 0.442292
2026-08-18 10:03: Train Epoch 4: 700/1642 Loss: 0.455156
2026-08-18 10:03: Train Epoch 4: 720/1642 Loss: 0.467826
2026-08-18 10:03: Train Epoch 4: 740/1642 Loss: 0.434026
2026-08-18 10:03: Train Epoch 4: 760/1642 Loss: 0.444066
2026-08-18 10:03: Train Epoch 4: 780/1642 Loss: 0.462740
2026-08-18 10:03: Train Epoch 4: 800/1642 Loss: 0.440666
2026-08-18 10:03: Train Epoch 4: 820/1642 Loss: 0.454136
2026-08-18 10:03: Train Epoch 4: 840/1642 Loss: 0.451715
2026-08-18 10:03: Train Epoch 4: 860/1642 Loss: 0.455471
2026-08-18 10:03: Train Epoch 4: 880/1642 Loss: 0.424414
2026-08-18 10:03: Train Epoch 4: 900/1642 Loss: 0.428585
2026-08-18 10:03: Train Epoch 4: 920/1642 Loss: 0.450166
2026-08-18 10:03: Train Epoch 4: 940/1642 Loss: 0.418158
2026-08-18 10:03: Train Epoch 4: 960/1642 Loss: 0.415318
2026-08-18 10:04: Train Epoch 4: 980/1642 Loss: 0.457853
2026-08-18 10:04: Train Epoch 4: 1000/1642 Loss: 0.427180
2026-08-18 10:04: Train Epoch 4: 1020/1642 Loss: 0.442947
2026-08-18 10:04: Train Epoch 4: 1040/1642 Loss: 0.449621
2026-08-18 10:04: Train Epoch 4: 1060/1642 Loss: 0.413590
2026-08-18 10:04: Train Epoch 4: 1080/1642 Loss: 0.422667
2026-08-18 10:04: Train Epoch 4: 1100/1642 Loss: 0.471645
2026-08-18 10:04: Train Epoch 4: 1120/1642 Loss: 0.443748
2026-08-18 10:04: Train Epoch 4: 1140/1642 Loss: 0.434559
2026-08-18 10:04: Train Epoch 4: 1160/1642 Loss: 0.448495
2026-08-18 10:04: Train Epoch 4: 1180/1642 Loss: 0.452877
2026-08-18 10:04: Train Epoch 4: 1200/1642 Loss: 0.425435
2026-08-18 10:04: Train Epoch 4: 1220/1642 Loss: 0.414790
2026-08-18 10:04: Train Epoch 4: 1240/1642 Loss: 0.464580
2026-08-18 10:04: Train Epoch 4: 1260/1642 Loss: 0.473898
2026-08-18 10:04: Train Epoch 4: 1280/1642 Loss: 0.440239
2026-08-18 10:04: Train Epoch 4: 1300/1642 Loss: 0.423902
2026-08-18 10:04: Train Epoch 4: 1320/1642 Loss: 0.449033
2026-08-18 10:04: Train Epoch 4: 1340/1642 Loss: 0.420405
2026-08-18 10:04: Train Epoch 4: 1360/1642 Loss: 0.408509
2026-08-18 10:04: Train Epoch 4: 1380/1642 Loss: 0.458221
2026-08-18 10:04: Train Epoch 4: 1400/1642 Loss: 0.414600
2026-08-18 10:04: Train Epoch 4: 1420/1642 Loss: 0.448759
2026-08-18 10:04: Train Epoch 4: 1440/1642 Loss: 0.446519
2026-08-18 10:04: Train Epoch 4: 1460/1642 Loss: 0.439976
2026-08-18 10:04: Train Epoch 4: 1480/1642 Loss: 0.431744
2026-08-18 10:04: Train Epoch 4: 1500/1642 Loss: 0.428182
2026-08-18 10:04: Train Epoch 4: 1520/1642 Loss: 0.456681
2026-08-18 10:04: Train Epoch 4: 1540/1642 Loss: 0.450855
2026-08-18 10:04: Train Epoch 4: 1560/1642 Loss: 0.410546
2026-08-18 10:04: Train Epoch 4: 1580/1642 Loss: 0.494595
2026-08-18 10:04: Train Epoch 4: 1600/1642 Loss: 0.426346
2026-08-18 10:04: Train Epoch 4: 1620/1642 Loss: 0.440995
2026-08-18 10:04: Train Epoch 4: 1640/1642 Loss: 0.431431
2026-08-18 10:04: **********Train Epoch 4: averaged Loss: 0.442017, tf_ratio: 1.000000
2026-08-18 10:04: **********Val Epoch 4: average Loss: 0.420717
2026-08-18 10:04: *********************************Current best model saved!
2026-08-18 10:04: Train Epoch 5: 0/1642 Loss: 0.443257
2026-08-18 10:04: Train Epoch 5: 20/1642 Loss: 0.423124
2026-08-18 10:04: Train Epoch 5: 40/1642 Loss: 0.431177
2026-08-18 10:04: Train Epoch 5: 60/1642 Loss: 0.408802
2026-08-18 10:04: Train Epoch 5: 80/1642 Loss: 0.414149
2026-08-18 10:04: Train Epoch 5: 100/1642 Loss: 0.423963
2026-08-18 10:04: Train Epoch 5: 120/1642 Loss: 0.435151
2026-08-18 10:04: Train Epoch 5: 140/1642 Loss: 0.453741
2026-08-18 10:04: Train Epoch 5: 160/1642 Loss: 0.408248
2026-08-18 10:04: Train Epoch 5: 180/1642 Loss: 0.479329
2026-08-18 10:04: Train Epoch 5: 200/1642 Loss: 0.444897
2026-08-18 10:04: Train Epoch 5: 220/1642 Loss: 0.406332
2026-08-18 10:04: Train Epoch 5: 240/1642 Loss: 0.439556
2026-08-18 10:04: Train Epoch 5: 260/1642 Loss: 0.430016
2026-08-18 10:04: Train Epoch 5: 280/1642 Loss: 0.457716
2026-08-18 10:04: Train Epoch 5: 300/1642 Loss: 0.429052
2026-08-18 10:04: Train Epoch 5: 320/1642 Loss: 0.456784
2026-08-18 10:04: Train Epoch 5: 340/1642 Loss: 0.430131
2026-08-18 10:04: Train Epoch 5: 360/1642 Loss: 0.457519
2026-08-18 10:04: Train Epoch 5: 380/1642 Loss: 0.428326
2026-08-18 10:04: Train Epoch 5: 400/1642 Loss: 0.421930
2026-08-18 10:04: Train Epoch 5: 420/1642 Loss: 0.427092
2026-08-18 10:04: Train Epoch 5: 440/1642 Loss: 0.483003
2026-08-18 10:04: Train Epoch 5: 460/1642 Loss: 0.428830
2026-08-18 10:04: Train Epoch 5: 480/1642 Loss: 0.401607
2026-08-18 10:04: Train Epoch 5: 500/1642 Loss: 0.497668
2026-08-18 10:04: Train Epoch 5: 520/1642 Loss: 0.449129
2026-08-18 10:04: Train Epoch 5: 540/1642 Loss: 0.448711
2026-08-18 10:04: Train Epoch 5: 560/1642 Loss: 0.433931
2026-08-18 10:04: Train Epoch 5: 580/1642 Loss: 0.442489
2026-08-18 10:04: Train Epoch 5: 600/1642 Loss: 0.439426
2026-08-18 10:04: Train Epoch 5: 620/1642 Loss: 0.421468
2026-08-18 10:04: Train Epoch 5: 640/1642 Loss: 0.408510
2026-08-18 10:04: Train Epoch 5: 660/1642 Loss: 0.484934
2026-08-18 10:04: Train Epoch 5: 680/1642 Loss: 0.483207
2026-08-18 10:04: Train Epoch 5: 700/1642 Loss: 0.471996
2026-08-18 10:04: Train Epoch 5: 720/1642 Loss: 0.417953
2026-08-18 10:04: Train Epoch 5: 740/1642 Loss: 0.444149
2026-08-18 10:04: Train Epoch 5: 760/1642 Loss: 0.449834
2026-08-18 10:04: Train Epoch 5: 780/1642 Loss: 0.450642
2026-08-18 10:04: Train Epoch 5: 800/1642 Loss: 0.433207
2026-08-18 10:04: Train Epoch 5: 820/1642 Loss: 0.403748
2026-08-18 10:04: Train Epoch 5: 840/1642 Loss: 0.461385
2026-08-18 10:04: Train Epoch 5: 860/1642 Loss: 0.444187
2026-08-18 10:05: Train Epoch 5: 880/1642 Loss: 0.421390
2026-08-18 10:05: Train Epoch 5: 900/1642 Loss: 0.440311
2026-08-18 10:05: Train Epoch 5: 920/1642 Loss: 0.457732
2026-08-18 10:05: Train Epoch 5: 940/1642 Loss: 0.418214
2026-08-18 10:05: Train Epoch 5: 960/1642 Loss: 0.414290
2026-08-18 10:05: Train Epoch 5: 980/1642 Loss: 0.415961
2026-08-18 10:05: Train Epoch 5: 1000/1642 Loss: 0.390834
2026-08-18 10:05: Train Epoch 5: 1020/1642 Loss: 0.452058
2026-08-18 10:05: Train Epoch 5: 1040/1642 Loss: 0.388208
2026-08-18 10:05: Train Epoch 5: 1060/1642 Loss: 0.458981
2026-08-18 10:05: Train Epoch 5: 1080/1642 Loss: 0.442643
2026-08-18 10:05: Train Epoch 5: 1100/1642 Loss: 0.421147
2026-08-18 10:05: Train Epoch 5: 1120/1642 Loss: 0.389511
2026-08-18 10:05: Train Epoch 5: 1140/1642 Loss: 0.443561
2026-08-18 10:05: Train Epoch 5: 1160/1642 Loss: 0.388036
2026-08-18 10:05: Train Epoch 5: 1180/1642 Loss: 0.395241
2026-08-18 10:05: Train Epoch 5: 1200/1642 Loss: 0.409426
2026-08-18 10:05: Train Epoch 5: 1220/1642 Loss: 0.386839
2026-08-18 10:05: Train Epoch 5: 1240/1642 Loss: 0.411692
2026-08-18 10:05: Train Epoch 5: 1260/1642 Loss: 0.472787
2026-08-18 10:05: Train Epoch 5: 1280/1642 Loss: 0.399126
2026-08-18 10:05: Train Epoch 5: 1300/1642 Loss: 0.441172
2026-08-18 10:05: Train Epoch 5: 1320/1642 Loss: 0.474422
2026-08-18 10:05: Train Epoch 5: 1340/1642 Loss: 0.435614
2026-08-18 10:05: Train Epoch 5: 1360/1642 Loss: 0.434988
2026-08-18 10:05: Train Epoch 5: 1380/1642 Loss: 0.454864
2026-08-18 10:05: Train Epoch 5: 1400/1642 Loss: 0.430005
2026-08-18 10:05: Train Epoch 5: 1420/1642 Loss: 0.426203
2026-08-18 10:05: Train Epoch 5: 1440/1642 Loss: 0.438576
2026-08-18 10:05: Train Epoch 5: 1460/1642 Loss: 0.403418
2026-08-18 10:05: Train Epoch 5: 1480/1642 Loss: 0.438291
2026-08-18 10:05: Train Epoch 5: 1500/1642 Loss: 0.452117
2026-08-18 10:05: Train Epoch 5: 1520/1642 Loss: 0.448687
2026-08-18 10:05: Train Epoch 5: 1540/1642 Loss: 0.417295
2026-08-18 10:05: Train Epoch 5: 1560/1642 Loss: 0.394760
2026-08-18 10:05: Train Epoch 5: 1580/1642 Loss: 0.434396
2026-08-18 10:05: Train Epoch 5: 1600/1642 Loss: 0.438764
2026-08-18 10:05: Train Epoch 5: 1620/1642 Loss: 0.437127
2026-08-18 10:05: Train Epoch 5: 1640/1642 Loss: 0.425275
2026-08-18 10:05: **********Train Epoch 5: averaged Loss: 0.431047, tf_ratio: 1.000000
2026-08-18 10:05: **********Val Epoch 5: average Loss: 0.413165
2026-08-18 10:05: *********************************Current best model saved!
2026-08-18 10:05: Train Epoch 6: 0/1642 Loss: 0.377015
2026-08-18 10:05: Train Epoch 6: 20/1642 Loss: 0.438824
2026-08-18 10:05: Train Epoch 6: 40/1642 Loss: 0.458895
2026-08-18 10:05: Train Epoch 6: 60/1642 Loss: 0.404161
2026-08-18 10:05: Train Epoch 6: 80/1642 Loss: 0.496486
2026-08-18 10:05: Train Epoch 6: 100/1642 Loss: 0.461596
2026-08-18 10:05: Train Epoch 6: 120/1642 Loss: 0.433582
2026-08-18 10:05: Train Epoch 6: 140/1642 Loss: 0.420683
2026-08-18 10:05: Train Epoch 6: 160/1642 Loss: 0.400639
2026-08-18 10:05: Train Epoch 6: 180/1642 Loss: 0.380917
2026-08-18 10:05: Train Epoch 6: 200/1642 Loss: 0.408263
2026-08-18 10:05: Train Epoch 6: 220/1642 Loss: 0.393147
2026-08-18 10:05: Train Epoch 6: 240/1642 Loss: 0.442697
2026-08-18 10:05: Train Epoch 6: 260/1642 Loss: 0.455180
2026-08-18 10:05: Train Epoch 6: 280/1642 Loss: 0.423110
2026-08-18 10:05: Train Epoch 6: 300/1642 Loss: 0.439746
2026-08-18 10:05: Train Epoch 6: 320/1642 Loss: 0.386401
2026-08-18 10:05: Train Epoch 6: 340/1642 Loss: 0.393112
2026-08-18 10:05: Train Epoch 6: 360/1642 Loss: 0.411668
2026-08-18 10:05: Train Epoch 6: 380/1642 Loss: 0.490210
2026-08-18 10:05: Train Epoch 6: 400/1642 Loss: 0.444759
2026-08-18 10:05: Train Epoch 6: 420/1642 Loss: 0.426679
2026-08-18 10:05: Train Epoch 6: 440/1642 Loss: 0.422922
2026-08-18 10:05: Train Epoch 6: 460/1642 Loss: 0.414623
2026-08-18 10:05: Train Epoch 6: 480/1642 Loss: 0.403769
2026-08-18 10:05: Train Epoch 6: 500/1642 Loss: 0.447140
2026-08-18 10:05: Train Epoch 6: 520/1642 Loss: 0.417301
2026-08-18 10:05: Train Epoch 6: 540/1642 Loss: 0.421585
2026-08-18 10:05: Train Epoch 6: 560/1642 Loss: 0.405466
2026-08-18 10:05: Train Epoch 6: 580/1642 Loss: 0.419479
2026-08-18 10:05: Train Epoch 6: 600/1642 Loss: 0.405636
2026-08-18 10:05: Train Epoch 6: 620/1642 Loss: 0.412668
2026-08-18 10:05: Train Epoch 6: 640/1642 Loss: 0.443763
2026-08-18 10:05: Train Epoch 6: 660/1642 Loss: 0.447001
2026-08-18 10:05: Train Epoch 6: 680/1642 Loss: 0.432570
2026-08-18 10:05: Train Epoch 6: 700/1642 Loss: 0.431887
2026-08-18 10:05: Train Epoch 6: 720/1642 Loss: 0.430343
2026-08-18 10:05: Train Epoch 6: 740/1642 Loss: 0.408721
2026-08-18 10:05: Train Epoch 6: 760/1642 Loss: 0.403233
2026-08-18 10:06: Train Epoch 6: 780/1642 Loss: 0.417653
2026-08-18 10:06: Train Epoch 6: 800/1642 Loss: 0.423415
2026-08-18 10:06: Train Epoch 6: 820/1642 Loss: 0.441828
2026-08-18 10:06: Train Epoch 6: 840/1642 Loss: 0.411497
2026-08-18 10:06: Train Epoch 6: 860/1642 Loss: 0.448167
2026-08-18 10:06: Train Epoch 6: 880/1642 Loss: 0.458930
2026-08-18 10:06: Train Epoch 6: 900/1642 Loss: 0.445454
2026-08-18 10:06: Train Epoch 6: 920/1642 Loss: 0.421922
2026-08-18 10:06: Train Epoch 6: 940/1642 Loss: 0.422098
2026-08-18 10:06: Train Epoch 6: 960/1642 Loss: 0.452843
2026-08-18 10:06: Train Epoch 6: 980/1642 Loss: 0.430604
2026-08-18 10:06: Train Epoch 6: 1000/1642 Loss: 0.427223
2026-08-18 10:06: Train Epoch 6: 1020/1642 Loss: 0.407045
2026-08-18 10:06: Train Epoch 6: 1040/1642 Loss: 0.424365
2026-08-18 10:06: Train Epoch 6: 1060/1642 Loss: 0.397589
2026-08-18 10:06: Train Epoch 6: 1080/1642 Loss: 0.450001
2026-08-18 10:06: Train Epoch 6: 1100/1642 Loss: 0.388097
2026-08-18 10:06: Train Epoch 6: 1120/1642 Loss: 0.390758
2026-08-18 10:06: Train Epoch 6: 1140/1642 Loss: 0.418506
2026-08-18 10:06: Train Epoch 6: 1160/1642 Loss: 0.469153
2026-08-18 10:06: Train Epoch 6: 1180/1642 Loss: 0.417028
2026-08-18 10:06: Train Epoch 6: 1200/1642 Loss: 0.410551
2026-08-18 10:06: Train Epoch 6: 1220/1642 Loss: 0.420962
2026-08-18 10:06: Train Epoch 6: 1240/1642 Loss: 0.449556
2026-08-18 10:06: Train Epoch 6: 1260/1642 Loss: 0.409385
2026-08-18 10:06: Train Epoch 6: 1280/1642 Loss: 0.447816
2026-08-18 10:06: Train Epoch 6: 1300/1642 Loss: 0.393514
2026-08-18 10:06: Train Epoch 6: 1320/1642 Loss: 0.426737
2026-08-18 10:06: Train Epoch 6: 1340/1642 Loss: 0.381206
2026-08-18 10:06: Train Epoch 6: 1360/1642 Loss: 0.447862
2026-08-18 10:06: Train Epoch 6: 1380/1642 Loss: 0.414168
2026-08-18 10:06: Train Epoch 6: 1400/1642 Loss: 0.462117
2026-08-18 10:06: Train Epoch 6: 1420/1642 Loss: 0.394884
2026-08-18 10:06: Train Epoch 6: 1440/1642 Loss: 0.420801
2026-08-18 10:06: Train Epoch 6: 1460/1642 Loss: 0.395598
2026-08-18 10:06: Train Epoch 6: 1480/1642 Loss: 0.407039
2026-08-18 10:06: Train Epoch 6: 1500/1642 Loss: 0.375288
2026-08-18 10:06: Train Epoch 6: 1520/1642 Loss: 0.434183
2026-08-18 10:06: Train Epoch 6: 1540/1642 Loss: 0.421721
2026-08-18 10:06: Train Epoch 6: 1560/1642 Loss: 0.416290
2026-08-18 10:06: Train Epoch 6: 1580/1642 Loss: 0.408486
2026-08-18 10:06: Train Epoch 6: 1600/1642 Loss: 0.423721
2026-08-18 10:06: Train Epoch 6: 1620/1642 Loss: 0.392549
2026-08-18 10:06: Train Epoch 6: 1640/1642 Loss: 0.430900
2026-08-18 10:06: **********Train Epoch 6: averaged Loss: 0.423585, tf_ratio: 1.000000
2026-08-18 10:06: **********Val Epoch 6: average Loss: 0.408014
2026-08-18 10:06: *********************************Current best model saved!
2026-08-18 10:06: Train Epoch 7: 0/1642 Loss: 0.446610
2026-08-18 10:06: Train Epoch 7: 20/1642 Loss: 0.384455
2026-08-18 10:06: Train Epoch 7: 40/1642 Loss: 0.450645
2026-08-18 10:06: Train Epoch 7: 60/1642 Loss: 0.374452
2026-08-18 10:06: Train Epoch 7: 80/1642 Loss: 0.408939
2026-08-18 10:06: Train Epoch 7: 100/1642 Loss: 0.486209
2026-08-18 10:06: Train Epoch 7: 120/1642 Loss: 0.435807
2026-08-18 10:06: Train Epoch 7: 140/1642 Loss: 0.445264
2026-08-18 10:06: Train Epoch 7: 160/1642 Loss: 0.446996
2026-08-18 10:06: Train Epoch 7: 180/1642 Loss: 0.406706
2026-08-18 10:06: Train Epoch 7: 200/1642 Loss: 0.432861
2026-08-18 10:06: Train Epoch 7: 220/1642 Loss: 0.435828
2026-08-18 10:06: Train Epoch 7: 240/1642 Loss: 0.433083
2026-08-18 10:06: Train Epoch 7: 260/1642 Loss: 0.406795
2026-08-18 10:06: Train Epoch 7: 280/1642 Loss: 0.410380
2026-08-18 10:06: Train Epoch 7: 300/1642 Loss: 0.463751
2026-08-18 10:06: Train Epoch 7: 320/1642 Loss: 0.404072
2026-08-18 10:06: Train Epoch 7: 340/1642 Loss: 0.397519
2026-08-18 10:06: Train Epoch 7: 360/1642 Loss: 0.433418
2026-08-18 10:06: Train Epoch 7: 380/1642 Loss: 0.418032
2026-08-18 10:06: Train Epoch 7: 400/1642 Loss: 0.415053
2026-08-18 10:06: Train Epoch 7: 420/1642 Loss: 0.424725
2026-08-18 10:06: Train Epoch 7: 440/1642 Loss: 0.419941
2026-08-18 10:06: Train Epoch 7: 460/1642 Loss: 0.429575
2026-08-18 10:06: Train Epoch 7: 480/1642 Loss: 0.428364
2026-08-18 10:06: Train Epoch 7: 500/1642 Loss: 0.395759
2026-08-18 10:06: Train Epoch 7: 520/1642 Loss: 0.411738
2026-08-18 10:06: Train Epoch 7: 540/1642 Loss: 0.435676
2026-08-18 10:06: Train Epoch 7: 560/1642 Loss: 0.444356
2026-08-18 10:06: Train Epoch 7: 580/1642 Loss: 0.408155
2026-08-18 10:06: Train Epoch 7: 600/1642 Loss: 0.442290
2026-08-18 10:06: Train Epoch 7: 620/1642 Loss: 0.397083
2026-08-18 10:06: Train Epoch 7: 640/1642 Loss: 0.420544
2026-08-18 10:06: Train Epoch 7: 660/1642 Loss: 0.388349
2026-08-18 10:06: Train Epoch 7: 680/1642 Loss: 0.411133
2026-08-18 10:06: Train Epoch 7: 700/1642 Loss: 0.434143
2026-08-18 10:06: Train Epoch 7: 720/1642 Loss: 0.441548
2026-08-18 10:06: Train Epoch 7: 740/1642 Loss: 0.377560
2026-08-18 10:06: Train Epoch 7: 760/1642 Loss: 0.504356
2026-08-18 10:06: Train Epoch 7: 780/1642 Loss: 0.421510
2026-08-18 10:07: Train Epoch 7: 800/1642 Loss: 0.425998
2026-08-18 10:07: Train Epoch 7: 820/1642 Loss: 0.416699
2026-08-18 10:07: Train Epoch 7: 840/1642 Loss: 0.409733
2026-08-18 10:07: Train Epoch 7: 860/1642 Loss: 0.409288
2026-08-18 10:07: Train Epoch 7: 880/1642 Loss: 0.397930
2026-08-18 10:07: Train Epoch 7: 900/1642 Loss: 0.432138
2026-08-18 10:07: Train Epoch 7: 920/1642 Loss: 0.431605
2026-08-18 10:07: Train Epoch 7: 940/1642 Loss: 0.417283
2026-08-18 10:07: Train Epoch 7: 960/1642 Loss: 0.431133
2026-08-18 10:07: Train Epoch 7: 980/1642 Loss: 0.416667
2026-08-18 10:07: Train Epoch 7: 1000/1642 Loss: 0.435981
2026-08-18 10:07: Train Epoch 7: 1020/1642 Loss: 0.394363
2026-08-18 10:07: Train Epoch 7: 1040/1642 Loss: 0.380004
2026-08-18 10:07: Train Epoch 7: 1060/1642 Loss: 0.400761
2026-08-18 10:07: Train Epoch 7: 1080/1642 Loss: 0.399811
2026-08-18 10:07: Train Epoch 7: 1100/1642 Loss: 0.403253
2026-08-18 10:07: Train Epoch 7: 1120/1642 Loss: 0.355496
2026-08-18 10:07: Train Epoch 7: 1140/1642 Loss: 0.425893
2026-08-18 10:07: Train Epoch 7: 1160/1642 Loss: 0.449355
2026-08-18 10:07: Train Epoch 7: 1180/1642 Loss: 0.396709
2026-08-18 10:07: Train Epoch 7: 1200/1642 Loss: 0.456178
2026-08-18 10:07: Train Epoch 7: 1220/1642 Loss: 0.387670
2026-08-18 10:07: Train Epoch 7: 1240/1642 Loss: 0.422030
2026-08-18 10:07: Train Epoch 7: 1260/1642 Loss: 0.433549
2026-08-18 10:07: Train Epoch 7: 1280/1642 Loss: 0.432064
2026-08-18 10:07: Train Epoch 7: 1300/1642 Loss: 0.402264
2026-08-18 10:07: Train Epoch 7: 1320/1642 Loss: 0.401885
2026-08-18 10:07: Train Epoch 7: 1340/1642 Loss: 0.445270
2026-08-18 10:07: Train Epoch 7: 1360/1642 Loss: 0.396141
2026-08-18 10:07: Train Epoch 7: 1380/1642 Loss: 0.439328
2026-08-18 10:07: Train Epoch 7: 1400/1642 Loss: 0.421989
2026-08-18 10:07: Train Epoch 7: 1420/1642 Loss: 0.363365
2026-08-18 10:07: Train Epoch 7: 1440/1642 Loss: 0.415862
2026-08-18 10:07: Train Epoch 7: 1460/1642 Loss: 0.409320
2026-08-18 10:07: Train Epoch 7: 1480/1642 Loss: 0.440190
2026-08-18 10:07: Train Epoch 7: 1500/1642 Loss: 0.398609
2026-08-18 10:07: Train Epoch 7: 1520/1642 Loss: 0.414907
2026-08-18 10:07: Train Epoch 7: 1540/1642 Loss: 0.468912
2026-08-18 10:07: Train Epoch 7: 1560/1642 Loss: 0.414176
2026-08-18 10:07: Train Epoch 7: 1580/1642 Loss: 0.373540
2026-08-18 10:07: Train Epoch 7: 1600/1642 Loss: 0.440604
2026-08-18 10:07: Train Epoch 7: 1620/1642 Loss: 0.394024
2026-08-18 10:07: Train Epoch 7: 1640/1642 Loss: 0.398230
2026-08-18 10:07: **********Train Epoch 7: averaged Loss: 0.417975, tf_ratio: 1.000000
2026-08-18 10:07: **********Val Epoch 7: average Loss: 0.404072
2026-08-18 10:07: *********************************Current best model saved!
2026-08-18 10:07: Train Epoch 8: 0/1642 Loss: 0.391795
2026-08-18 10:07: Train Epoch 8: 20/1642 Loss: 0.431634
2026-08-18 10:07: Train Epoch 8: 40/1642 Loss: 0.421896
2026-08-18 10:07: Train Epoch 8: 60/1642 Loss: 0.449904
2026-08-18 10:07: Train Epoch 8: 80/1642 Loss: 0.399039
2026-08-18 10:07: Train Epoch 8: 100/1642 Loss: 0.384611
2026-08-18 10:07: Train Epoch 8: 120/1642 Loss: 0.423754
2026-08-18 10:07: Train Epoch 8: 140/1642 Loss: 0.446004
2026-08-18 10:07: Train Epoch 8: 160/1642 Loss: 0.407724
2026-08-18 10:07: Train Epoch 8: 180/1642 Loss: 0.428244
2026-08-18 10:07: Train Epoch 8: 200/1642 Loss: 0.412424
2026-08-18 10:07: Train Epoch 8: 220/1642 Loss: 0.393734
2026-08-18 10:07: Train Epoch 8: 240/1642 Loss: 0.387927
2026-08-18 10:07: Train Epoch 8: 260/1642 Loss: 0.469818
2026-08-18 10:07: Train Epoch 8: 280/1642 Loss: 0.393820
2026-08-18 10:07: Train Epoch 8: 300/1642 Loss: 0.426888
2026-08-18 10:07: Train Epoch 8: 320/1642 Loss: 0.411360
2026-08-18 10:07: Train Epoch 8: 340/1642 Loss: 0.376022
2026-08-18 10:07: Train Epoch 8: 360/1642 Loss: 0.408947
2026-08-18 10:07: Train Epoch 8: 380/1642 Loss: 0.449877
2026-08-18 10:07: Train Epoch 8: 400/1642 Loss: 0.401490
2026-08-18 10:07: Train Epoch 8: 420/1642 Loss: 0.425565
2026-08-18 10:07: Train Epoch 8: 440/1642 Loss: 0.399357
2026-08-18 10:07: Train Epoch 8: 460/1642 Loss: 0.385185
2026-08-18 10:07: Train Epoch 8: 480/1642 Loss: 0.412898
2026-08-18 10:07: Train Epoch 8: 500/1642 Loss: 0.460390
2026-08-18 10:07: Train Epoch 8: 520/1642 Loss: 0.424301
2026-08-18 10:07: Train Epoch 8: 540/1642 Loss: 0.376113
2026-08-18 10:07: Train Epoch 8: 560/1642 Loss: 0.445629
2026-08-18 10:07: Train Epoch 8: 580/1642 Loss: 0.420808
2026-08-18 10:07: Train Epoch 8: 600/1642 Loss: 0.372011
2026-08-18 10:07: Train Epoch 8: 620/1642 Loss: 0.439629
2026-08-18 10:07: Train Epoch 8: 640/1642 Loss: 0.397530
2026-08-18 10:07: Train Epoch 8: 660/1642 Loss: 0.410880
2026-08-18 10:07: Train Epoch 8: 680/1642 Loss: 0.434904
2026-08-18 10:07: Train Epoch 8: 700/1642 Loss: 0.388883
2026-08-18 10:07: Train Epoch 8: 720/1642 Loss: 0.413280
2026-08-18 10:07: Train Epoch 8: 740/1642 Loss: 0.423293
2026-08-18 10:07: Train Epoch 8: 760/1642 Loss: 0.422604
2026-08-18 10:08: Train Epoch 8: 780/1642 Loss: 0.413463
2026-08-18 10:08: Train Epoch 8: 800/1642 Loss: 0.404315
2026-08-18 10:08: Train Epoch 8: 820/1642 Loss: 0.408004
2026-08-18 10:08: Train Epoch 8: 840/1642 Loss: 0.422047
2026-08-18 10:08: Train Epoch 8: 860/1642 Loss: 0.422145
2026-08-18 10:08: Train Epoch 8: 880/1642 Loss: 0.385576
2026-08-18 10:08: Train Epoch 8: 900/1642 Loss: 0.393322
2026-08-18 10:08: Train Epoch 8: 920/1642 Loss: 0.423779
2026-08-18 10:08: Train Epoch 8: 940/1642 Loss: 0.404203
2026-08-18 10:08: Train Epoch 8: 960/1642 Loss: 0.416850
2026-08-18 10:08: Train Epoch 8: 980/1642 Loss: 0.418935
2026-08-18 10:08: Train Epoch 8: 1000/1642 Loss: 0.441628
2026-08-18 10:08: Train Epoch 8: 1020/1642 Loss: 0.425671
2026-08-18 10:08: Train Epoch 8: 1040/1642 Loss: 0.410750
2026-08-18 10:08: Train Epoch 8: 1060/1642 Loss: 0.382979
2026-08-18 10:08: Train Epoch 8: 1080/1642 Loss: 0.404954
2026-08-18 10:08: Train Epoch 8: 1100/1642 Loss: 0.397520
2026-08-18 10:08: Train Epoch 8: 1120/1642 Loss: 0.362238
2026-08-18 10:08: Train Epoch 8: 1140/1642 Loss: 0.401403
2026-08-18 10:08: Train Epoch 8: 1160/1642 Loss: 0.368792
2026-08-18 10:08: Train Epoch 8: 1180/1642 Loss: 0.398591
2026-08-18 10:08: Train Epoch 8: 1200/1642 Loss: 0.394136
2026-08-18 10:08: Train Epoch 8: 1220/1642 Loss: 0.431027
2026-08-18 10:08: Train Epoch 8: 1240/1642 Loss: 0.407024
2026-08-18 10:08: Train Epoch 8: 1260/1642 Loss: 0.398596
2026-08-18 10:08: Train Epoch 8: 1280/1642 Loss: 0.412010
2026-08-18 10:08: Train Epoch 8: 1300/1642 Loss: 0.438741
2026-08-18 10:08: Train Epoch 8: 1320/1642 Loss: 0.388898
2026-08-18 10:08: Train Epoch 8: 1340/1642 Loss: 0.391605
2026-08-18 10:08: Train Epoch 8: 1360/1642 Loss: 0.384659
2026-08-18 10:08: Train Epoch 8: 1380/1642 Loss: 0.412548
2026-08-18 10:08: Train Epoch 8: 1400/1642 Loss: 0.397643
2026-08-18 10:08: Train Epoch 8: 1420/1642 Loss: 0.398946
2026-08-18 10:08: Train Epoch 8: 1440/1642 Loss: 0.421174
2026-08-18 10:08: Train Epoch 8: 1460/1642 Loss: 0.424486
2026-08-18 10:08: Train Epoch 8: 1480/1642 Loss: 0.380398
2026-08-18 10:08: Train Epoch 8: 1500/1642 Loss: 0.428056
2026-08-18 10:08: Train Epoch 8: 1520/1642 Loss: 0.403402
2026-08-18 10:08: Train Epoch 8: 1540/1642 Loss: 0.442224
2026-08-18 10:08: Train Epoch 8: 1560/1642 Loss: 0.390551
2026-08-18 10:08: Train Epoch 8: 1580/1642 Loss: 0.422471
2026-08-18 10:08: Train Epoch 8: 1600/1642 Loss: 0.368205
2026-08-18 10:08: Train Epoch 8: 1620/1642 Loss: 0.443135
2026-08-18 10:08: Train Epoch 8: 1640/1642 Loss: 0.406122
2026-08-18 10:08: **********Train Epoch 8: averaged Loss: 0.413595, tf_ratio: 1.000000
2026-08-18 10:08: **********Val Epoch 8: average Loss: 0.399827
2026-08-18 10:08: *********************************Current best model saved!
2026-08-18 10:08: Train Epoch 9: 0/1642 Loss: 0.401913
2026-08-18 10:08: Train Epoch 9: 20/1642 Loss: 0.441352
2026-08-18 10:08: Train Epoch 9: 40/1642 Loss: 0.386267
2026-08-18 10:08: Train Epoch 9: 60/1642 Loss: 0.398271
2026-08-18 10:08: Train Epoch 9: 80/1642 Loss: 0.413194
2026-08-18 10:08: Train Epoch 9: 100/1642 Loss: 0.417714
2026-08-18 10:08: Train Epoch 9: 120/1642 Loss: 0.387944
2026-08-18 10:08: Train Epoch 9: 140/1642 Loss: 0.422996
2026-08-18 10:08: Train Epoch 9: 160/1642 Loss: 0.401077
2026-08-18 10:08: Train Epoch 9: 180/1642 Loss: 0.431352
2026-08-18 10:08: Train Epoch 9: 200/1642 Loss: 0.394943
2026-08-18 10:08: Train Epoch 9: 220/1642 Loss: 0.411363
2026-08-18 10:08: Train Epoch 9: 240/1642 Loss: 0.414228
2026-08-18 10:08: Train Epoch 9: 260/1642 Loss: 0.449510
2026-08-18 10:08: Train Epoch 9: 280/1642 Loss: 0.396377
2026-08-18 10:08: Train Epoch 9: 300/1642 Loss: 0.380701
2026-08-18 10:08: Train Epoch 9: 320/1642 Loss: 0.402928
2026-08-18 10:08: Train Epoch 9: 340/1642 Loss: 0.396865
2026-08-18 10:08: Train Epoch 9: 360/1642 Loss: 0.398580
2026-08-18 10:08: Train Epoch 9: 380/1642 Loss: 0.396314
2026-08-18 10:08: Train Epoch 9: 400/1642 Loss: 0.408558
2026-08-18 10:08: Train Epoch 9: 420/1642 Loss: 0.437582
2026-08-18 10:08: Train Epoch 9: 440/1642 Loss: 0.377046
2026-08-18 10:08: Train Epoch 9: 460/1642 Loss: 0.396793
2026-08-18 10:08: Train Epoch 9: 480/1642 Loss: 0.455872
2026-08-18 10:08: Train Epoch 9: 500/1642 Loss: 0.422615
2026-08-18 10:08: Train Epoch 9: 520/1642 Loss: 0.397656
2026-08-18 10:08: Train Epoch 9: 540/1642 Loss: 0.374738
2026-08-18 10:08: Train Epoch 9: 560/1642 Loss: 0.403101
2026-08-18 10:08: Train Epoch 9: 580/1642 Loss: 0.404883
2026-08-18 10:08: Train Epoch 9: 600/1642 Loss: 0.382704
2026-08-18 10:08: Train Epoch 9: 620/1642 Loss: 0.393229
2026-08-18 10:08: Train Epoch 9: 640/1642 Loss: 0.381931
2026-08-18 10:08: Train Epoch 9: 660/1642 Loss: 0.395008
2026-08-18 10:08: Train Epoch 9: 680/1642 Loss: 0.423360
2026-08-18 10:08: Train Epoch 9: 700/1642 Loss: 0.387423
2026-08-18 10:08: Train Epoch 9: 720/1642 Loss: 0.405607
2026-08-18 10:08: Train Epoch 9: 740/1642 Loss: 0.423812
2026-08-18 10:08: Train Epoch 9: 760/1642 Loss: 0.381734
2026-08-18 10:09: Train Epoch 9: 780/1642 Loss: 0.376323
2026-08-18 10:09: Train Epoch 9: 800/1642 Loss: 0.360215
2026-08-18 10:09: Train Epoch 9: 820/1642 Loss: 0.398127
2026-08-18 10:09: Train Epoch 9: 840/1642 Loss: 0.422402
2026-08-18 10:09: Train Epoch 9: 860/1642 Loss: 0.420546
2026-08-18 10:09: Train Epoch 9: 880/1642 Loss: 0.392326
2026-08-18 10:09: Train Epoch 9: 900/1642 Loss: 0.436226
2026-08-18 10:09: Train Epoch 9: 920/1642 Loss: 0.409657
2026-08-18 10:09: Train Epoch 9: 940/1642 Loss: 0.384073
2026-08-18 10:09: Train Epoch 9: 960/1642 Loss: 0.393302
2026-08-18 10:09: Train Epoch 9: 980/1642 Loss: 0.411420
2026-08-18 10:09: Train Epoch 9: 1000/1642 Loss: 0.396274
2026-08-18 10:09: Train Epoch 9: 1020/1642 Loss: 0.410230
2026-08-18 10:09: Train Epoch 9: 1040/1642 Loss: 0.419114
2026-08-18 10:09: Train Epoch 9: 1060/1642 Loss: 0.397964
2026-08-18 10:09: Train Epoch 9: 1080/1642 Loss: 0.447668
2026-08-18 10:09: Train Epoch 9: 1100/1642 Loss: 0.388954
2026-08-18 10:09: Train Epoch 9: 1120/1642 Loss: 0.436939
2026-08-18 10:09: Train Epoch 9: 1140/1642 Loss: 0.409603
2026-08-18 10:09: Train Epoch 9: 1160/1642 Loss: 0.414982
2026-08-18 10:09: Train Epoch 9: 1180/1642 Loss: 0.408348
2026-08-18 10:09: Train Epoch 9: 1200/1642 Loss: 0.425385
2026-08-18 10:09: Train Epoch 9: 1220/1642 Loss: 0.367415
2026-08-18 10:09: Train Epoch 9: 1240/1642 Loss: 0.389317
2026-08-18 10:09: Train Epoch 9: 1260/1642 Loss: 0.398983
2026-08-18 10:09: Train Epoch 9: 1280/1642 Loss: 0.387235
2026-08-18 10:09: Train Epoch 9: 1300/1642 Loss: 0.377181
2026-08-18 10:09: Train Epoch 9: 1320/1642 Loss: 0.396796
2026-08-18 10:09: Train Epoch 9: 1340/1642 Loss: 0.415217
2026-08-18 10:09: Train Epoch 9: 1360/1642 Loss: 0.433919
2026-08-18 10:09: Train Epoch 9: 1380/1642 Loss: 0.415298
2026-08-18 10:09: Train Epoch 9: 1400/1642 Loss: 0.448362
2026-08-18 10:09: Train Epoch 9: 1420/1642 Loss: 0.441773
2026-08-18 10:09: Train Epoch 9: 1440/1642 Loss: 0.406285
2026-08-18 10:09: Train Epoch 9: 1460/1642 Loss: 0.415201
2026-08-18 10:09: Train Epoch 9: 1480/1642 Loss: 0.438687
2026-08-18 10:09: Train Epoch 9: 1500/1642 Loss: 0.418099
2026-08-18 10:09: Train Epoch 9: 1520/1642 Loss: 0.412603
2026-08-18 10:09: Train Epoch 9: 1540/1642 Loss: 0.432881
2026-08-18 10:09: Train Epoch 9: 1560/1642 Loss: 0.375556
2026-08-18 10:09: Train Epoch 9: 1580/1642 Loss: 0.408914
2026-08-18 10:09: Train Epoch 9: 1600/1642 Loss: 0.353247
2026-08-18 10:09: Train Epoch 9: 1620/1642 Loss: 0.390204
2026-08-18 10:09: Train Epoch 9: 1640/1642 Loss: 0.450646
2026-08-18 10:09: **********Train Epoch 9: averaged Loss: 0.410243, tf_ratio: 1.000000
2026-08-18 10:09: **********Val Epoch 9: average Loss: 0.397031
2026-08-18 10:09: *********************************Current best model saved!
2026-08-18 10:09: Train Epoch 10: 0/1642 Loss: 0.391071
2026-08-18 10:09: Train Epoch 10: 20/1642 Loss: 0.420684
2026-08-18 10:09: Train Epoch 10: 40/1642 Loss: 0.417090
2026-08-18 10:09: Train Epoch 10: 60/1642 Loss: 0.414089
2026-08-18 10:09: Train Epoch 10: 80/1642 Loss: 0.422019
2026-08-18 10:09: Train Epoch 10: 100/1642 Loss: 0.450716
2026-08-18 10:09: Train Epoch 10: 120/1642 Loss: 0.431045
2026-08-18 10:09: Train Epoch 10: 140/1642 Loss: 0.419885
2026-08-18 10:09: Train Epoch 10: 160/1642 Loss: 0.441131
2026-08-18 10:09: Train Epoch 10: 180/1642 Loss: 0.393268
2026-08-18 10:09: Train Epoch 10: 200/1642 Loss: 0.421370
2026-08-18 10:09: Train Epoch 10: 220/1642 Loss: 0.403425
2026-08-18 10:09: Train Epoch 10: 240/1642 Loss: 0.418800
2026-08-18 10:09: Train Epoch 10: 260/1642 Loss: 0.432151
2026-08-18 10:09: Train Epoch 10: 280/1642 Loss: 0.383816
2026-08-18 10:09: Train Epoch 10: 300/1642 Loss: 0.380304
2026-08-18 10:09: Train Epoch 10: 320/1642 Loss: 0.409489
2026-08-18 10:09: Train Epoch 10: 340/1642 Loss: 0.394725
2026-08-18 10:09: Train Epoch 10: 360/1642 Loss: 0.435934
2026-08-18 10:09: Train Epoch 10: 380/1642 Loss: 0.408901
2026-08-18 10:09: Train Epoch 10: 400/1642 Loss: 0.398101
2026-08-18 10:09: Train Epoch 10: 420/1642 Loss: 0.367852
2026-08-18 10:09: Train Epoch 10: 440/1642 Loss: 0.400136
2026-08-18 10:09: Train Epoch 10: 460/1642 Loss: 0.384587
2026-08-18 10:09: Train Epoch 10: 480/1642 Loss: 0.388747
2026-08-18 10:09: Train Epoch 10: 500/1642 Loss: 0.389929
2026-08-18 10:09: Train Epoch 10: 520/1642 Loss: 0.403908
2026-08-18 10:09: Train Epoch 10: 540/1642 Loss: 0.431194
2026-08-18 10:09: Train Epoch 10: 560/1642 Loss: 0.415538
2026-08-18 10:09: Train Epoch 10: 580/1642 Loss: 0.414369
2026-08-18 10:09: Train Epoch 10: 600/1642 Loss: 0.398643
2026-08-18 10:09: Train Epoch 10: 620/1642 Loss: 0.421628
2026-08-18 10:09: Train Epoch 10: 640/1642 Loss: 0.385788
2026-08-18 10:09: Train Epoch 10: 660/1642 Loss: 0.374833
2026-08-18 10:09: Train Epoch 10: 680/1642 Loss: 0.447092
2026-08-18 10:09: Train Epoch 10: 700/1642 Loss: 0.425460
2026-08-18 10:09: Train Epoch 10: 720/1642 Loss: 0.444593
2026-08-18 10:09: Train Epoch 10: 740/1642 Loss: 0.409138
2026-08-18 10:10: Train Epoch 10: 760/1642 Loss: 0.415112
2026-08-18 10:10: Train Epoch 10: 780/1642 Loss: 0.429002
2026-08-18 10:10: Train Epoch 10: 800/1642 Loss: 0.412049
2026-08-18 10:10: Train Epoch 10: 820/1642 Loss: 0.410222
2026-08-18 10:10: Train Epoch 10: 840/1642 Loss: 0.420883
2026-08-18 10:10: Train Epoch 10: 860/1642 Loss: 0.382580
2026-08-18 10:10: Train Epoch 10: 880/1642 Loss: 0.445478
2026-08-18 10:10: Train Epoch 10: 900/1642 Loss: 0.382435
2026-08-18 10:10: Train Epoch 10: 920/1642 Loss: 0.400173
2026-08-18 10:10: Train Epoch 10: 940/1642 Loss: 0.384062
2026-08-18 10:10: Train Epoch 10: 960/1642 Loss: 0.399252
2026-08-18 10:10: Train Epoch 10: 980/1642 Loss: 0.384964
2026-08-18 10:10: Train Epoch 10: 1000/1642 Loss: 0.411441
2026-08-18 10:10: Train Epoch 10: 1020/1642 Loss: 0.408743
2026-08-18 10:10: Train Epoch 10: 1040/1642 Loss: 0.416792
2026-08-18 10:10: Train Epoch 10: 1060/1642 Loss: 0.369431
2026-08-18 10:10: Train Epoch 10: 1080/1642 Loss: 0.425798
2026-08-18 10:10: Train Epoch 10: 1100/1642 Loss: 0.412457
2026-08-18 10:10: Train Epoch 10: 1120/1642 Loss: 0.386745
2026-08-18 10:10: Train Epoch 10: 1140/1642 Loss: 0.420096
2026-08-18 10:10: Train Epoch 10: 1160/1642 Loss: 0.446662
2026-08-18 10:10: Train Epoch 10: 1180/1642 Loss: 0.404590
2026-08-18 10:10: Train Epoch 10: 1200/1642 Loss: 0.405618
2026-08-18 10:10: Train Epoch 10: 1220/1642 Loss: 0.401252
2026-08-18 10:10: Train Epoch 10: 1240/1642 Loss: 0.399199
2026-08-18 10:10: Train Epoch 10: 1260/1642 Loss: 0.399831
2026-08-18 10:10: Train Epoch 10: 1280/1642 Loss: 0.364538
2026-08-18 10:10: Train Epoch 10: 1300/1642 Loss: 0.434954
2026-08-18 10:10: Train Epoch 10: 1320/1642 Loss: 0.363042
2026-08-18 10:10: Train Epoch 10: 1340/1642 Loss: 0.438646
2026-08-18 10:10: Train Epoch 10: 1360/1642 Loss: 0.404507
2026-08-18 10:10: Train Epoch 10: 1380/1642 Loss: 0.426936
2026-08-18 10:10: Train Epoch 10: 1400/1642 Loss: 0.395409
2026-08-18 10:10: Train Epoch 10: 1420/1642 Loss: 0.358682
2026-08-18 10:10: Train Epoch 10: 1440/1642 Loss: 0.409280
2026-08-18 10:10: Train Epoch 10: 1460/1642 Loss: 0.391874
2026-08-18 10:10: Train Epoch 10: 1480/1642 Loss: 0.399626
2026-08-18 10:10: Train Epoch 10: 1500/1642 Loss: 0.428876
2026-08-18 10:10: Train Epoch 10: 1520/1642 Loss: 0.398117
2026-08-18 10:10: Train Epoch 10: 1540/1642 Loss: 0.422708
2026-08-18 10:10: Train Epoch 10: 1560/1642 Loss: 0.440482
2026-08-18 10:10: Train Epoch 10: 1580/1642 Loss: 0.366110
2026-08-18 10:10: Train Epoch 10: 1600/1642 Loss: 0.382750
2026-08-18 10:10: Train Epoch 10: 1620/1642 Loss: 0.412139
2026-08-18 10:10: Train Epoch 10: 1640/1642 Loss: 0.427287
2026-08-18 10:10: **********Train Epoch 10: averaged Loss: 0.407709, tf_ratio: 1.000000
2026-08-18 10:10: **********Val Epoch 10: average Loss: 0.396966
