/home/chkkar002/envs/diffstg/lib64/python3.9/site-packages/torch/utils/data/dataloader.py:627: UserWarning: This DataLoader will create 4 worker processes in total. Our suggested max number of worker in current system is 1, which is smaller than what this DataLoader is going to create. Please be aware that excessive worker creation might get DataLoader running slow or even freeze, lower the worker number to avoid potential slowness/freeze if necessary.
  warnings.warn(
wandb: [wandb.login()] Loaded credentials for https://api.wandb.ai from /home/chkkar002/.netrc.
wandb: Currently logged in as: chkkar002 (chkkar002-university-of-cape-town) to https://api.wandb.ai. Use `wandb login --relogin` to force relogin
wandb: WARNING Using a boolean value for 'reinit' is deprecated. Use 'return_previous' or 'finish_previous' instead.
wandb: setting up run 9b5nfate
wandb: Tracking run with wandb version 0.26.1
wandb: Run data is saved locally in /scratch/chkkar002/Diffusion_Based_STGNNs/USTD/wandb/run-20260815_200109-9b5nfate
wandb: Run `wandb offline` to turn off syncing.
wandb: Syncing run 20260815T200107
wandb: ⭐️ View project at https://wandb.ai/chkkar002-university-of-cape-town/gwavenet-stgnn-weather
wandb: 🚀 View run at https://wandb.ai/chkkar002-university-of-cape-town/gwavenet-stgnn-weather/runs/9b5nfate
/home/chkkar002/envs/diffstg/lib64/python3.9/site-packages/torch/utils/data/dataloader.py:627: UserWarning: This DataLoader will create 4 worker processes in total. Our suggested max number of worker in current system is 1, which is smaller than what this DataLoader is going to create. Please be aware that excessive worker creation might get DataLoader running slow or even freeze, lower the worker number to avoid potential slowness/freeze if necessary.
  warnings.warn(
/scratch/chkkar002/Diffusion_Based_STGNNs/USTD/models/base_model.py:162: UserWarning: Converting a tensor with requires_grad=True to a scalar may lead to unexpected behavior.
Consider using tensor.detach() first. (Triggered internally at /pytorch/torch/csrc/autograd/generated/python_variable_methods.cpp:835.)
  errors_ret[name] = float(getattr(self, 'loss_' + name))  # float(...) works for both scalar tensor and float number
wandb: updating run metadata
wandb: uploading output.log; uploading wandb-summary.json; uploading config.yaml
wandb: uploading wandb-summary.json; uploading config.yaml
wandb: 
wandb: Run summary:
wandb:     epoch 3920
wandb: train/mae 3.48063
wandb: 
wandb: 🚀 View run 20260815T200107 at: https://wandb.ai/chkkar002-university-of-cape-town/gwavenet-stgnn-weather/runs/9b5nfate
wandb: ⭐️ View project at: https://wandb.ai/chkkar002-university-of-cape-town/gwavenet-stgnn-weather
wandb: Synced 5 W&B file(s), 0 media file(s), 0 artifact file(s) and 0 other file(s)
wandb: Find logs at: ./wandb/run-20260815_200109-9b5nfate/logs
Traceback (most recent call last):
  File "/scratch/chkkar002/Diffusion_Based_STGNNs/USTD/train.py", line 64, in <module>
    model.optimize_parameters()   # calculate loss functions, get gradients, update network weights
  File "/scratch/chkkar002/Diffusion_Based_STGNNs/USTD/models/stdiffusion/gwavenet_model.py", line 104, in optimize_parameters
    self.forward()
  File "/scratch/chkkar002/Diffusion_Based_STGNNs/USTD/models/stdiffusion/gwavenet_model.py", line 70, in forward
    self.prediction = self.netDecoder(sample, self.adj)
  File "/home/chkkar002/envs/diffstg/lib64/python3.9/site-packages/torch/nn/modules/module.py", line 1773, in _wrapped_call_impl
    return self._call_impl(*args, **kwargs)
  File "/home/chkkar002/envs/diffstg/lib64/python3.9/site-packages/torch/nn/modules/module.py", line 1784, in _call_impl
    return forward_call(*args, **kwargs)
  File "/home/chkkar002/envs/diffstg/lib64/python3.9/site-packages/torch/nn/parallel/data_parallel.py", line 192, in forward
    return self.module(*inputs[0], **module_kwargs[0])
  File "/home/chkkar002/envs/diffstg/lib64/python3.9/site-packages/torch/nn/modules/module.py", line 1773, in _wrapped_call_impl
    return self._call_impl(*args, **kwargs)
  File "/home/chkkar002/envs/diffstg/lib64/python3.9/site-packages/torch/nn/modules/module.py", line 1784, in _call_impl
    return forward_call(*args, **kwargs)
  File "/scratch/chkkar002/Diffusion_Based_STGNNs/USTD/models/stdiffusion/gwavenet.py", line 285, in forward
    x = self.gconv[i](x, adj)
  File "/home/chkkar002/envs/diffstg/lib64/python3.9/site-packages/torch/nn/modules/module.py", line 1773, in _wrapped_call_impl
    return self._call_impl(*args, **kwargs)
  File "/home/chkkar002/envs/diffstg/lib64/python3.9/site-packages/torch/nn/modules/module.py", line 1784, in _call_impl
    return forward_call(*args, **kwargs)
  File "/scratch/chkkar002/Diffusion_Based_STGNNs/USTD/models/stdiffusion/gwavenet.py", line 45, in forward
    h = self.mlp(h)
  File "/home/chkkar002/envs/diffstg/lib64/python3.9/site-packages/torch/nn/modules/module.py", line 1773, in _wrapped_call_impl
    return self._call_impl(*args, **kwargs)
  File "/home/chkkar002/envs/diffstg/lib64/python3.9/site-packages/torch/nn/modules/module.py", line 1784, in _call_impl
    return forward_call(*args, **kwargs)
  File "/scratch/chkkar002/Diffusion_Based_STGNNs/USTD/models/stdiffusion/gwavenet.py", line 23, in forward
    return self.mlp(x)
  File "/home/chkkar002/envs/diffstg/lib64/python3.9/site-packages/torch/nn/modules/module.py", line 1773, in _wrapped_call_impl
    return self._call_impl(*args, **kwargs)
  File "/home/chkkar002/envs/diffstg/lib64/python3.9/site-packages/torch/nn/modules/module.py", line 1784, in _call_impl
    return forward_call(*args, **kwargs)
  File "/home/chkkar002/envs/diffstg/lib64/python3.9/site-packages/torch/nn/modules/conv.py", line 548, in forward
    return self._conv_forward(input, self.weight, self.bias)
  File "/home/chkkar002/envs/diffstg/lib64/python3.9/site-packages/torch/nn/modules/conv.py", line 543, in _conv_forward
    return F.conv2d(
KeyboardInterrupt
