2026-08-23 09:41: Experiment log path in: /scratch/chkkar002/Diffusion_Based_STGNNs/RealValue/AGCRN/model/experiments/SAWS/20260823094137
2026-08-23 09:41: Train Epoch 1: 0/1641 Loss: 0.745355
2026-08-23 09:41: Train Epoch 1: 20/1641 Loss: 0.653034
2026-08-23 09:41: Train Epoch 1: 40/1641 Loss: 0.409823
2026-08-23 09:41: Train Epoch 1: 60/1641 Loss: 0.201009
2026-08-23 09:41: Train Epoch 1: 80/1641 Loss: 0.157637
2026-08-23 09:41: Train Epoch 1: 100/1641 Loss: 0.080748
2026-08-23 09:41: Train Epoch 1: 120/1641 Loss: 0.096701
2026-08-23 09:42: Train Epoch 1: 140/1641 Loss: 0.122144
2026-08-23 09:42: Train Epoch 1: 160/1641 Loss: 0.132679
2026-08-23 09:42: Train Epoch 1: 180/1641 Loss: 0.122480
2026-08-23 09:42: Train Epoch 1: 200/1641 Loss: 0.085626
2026-08-23 09:42: Train Epoch 1: 220/1641 Loss: 0.106981
2026-08-23 09:42: Train Epoch 1: 240/1641 Loss: 0.120103
2026-08-23 09:42: Train Epoch 1: 260/1641 Loss: 0.105886
2026-08-23 09:42: Train Epoch 1: 280/1641 Loss: 0.110236
2026-08-23 09:42: Train Epoch 1: 300/1641 Loss: 0.113311
2026-08-23 09:42: Train Epoch 1: 320/1641 Loss: 0.097931
2026-08-23 09:42: Train Epoch 1: 340/1641 Loss: 0.117526
2026-08-23 09:42: Train Epoch 1: 360/1641 Loss: 0.134556
2026-08-23 09:42: Train Epoch 1: 380/1641 Loss: 0.103855
2026-08-23 09:42: Train Epoch 1: 400/1641 Loss: 0.054239
2026-08-23 09:42: Train Epoch 1: 420/1641 Loss: 0.079771
2026-08-23 09:42: Train Epoch 1: 440/1641 Loss: 0.086472
2026-08-23 09:42: Train Epoch 1: 460/1641 Loss: 0.138459
2026-08-23 09:42: Train Epoch 1: 480/1641 Loss: 0.083989
2026-08-23 09:42: Train Epoch 1: 500/1641 Loss: 0.103477
2026-08-23 09:42: Train Epoch 1: 520/1641 Loss: 0.115890
2026-08-23 09:42: Train Epoch 1: 540/1641 Loss: 0.076520
2026-08-23 09:42: Train Epoch 1: 560/1641 Loss: 0.076087
2026-08-23 09:43: Train Epoch 1: 580/1641 Loss: 0.153845
2026-08-23 09:43: Train Epoch 1: 600/1641 Loss: 0.102341
2026-08-23 09:43: Train Epoch 1: 620/1641 Loss: 0.123661
2026-08-23 09:43: Train Epoch 1: 640/1641 Loss: 0.057818
2026-08-23 09:43: Train Epoch 1: 660/1641 Loss: 0.102288
2026-08-23 09:43: Train Epoch 1: 680/1641 Loss: 0.097889
2026-08-23 09:43: Train Epoch 1: 700/1641 Loss: 0.099170
2026-08-23 09:43: Train Epoch 1: 720/1641 Loss: 0.097636
2026-08-23 09:43: Train Epoch 1: 740/1641 Loss: 0.158249
2026-08-23 09:43: Train Epoch 1: 760/1641 Loss: 0.112119
2026-08-23 09:43: Train Epoch 1: 780/1641 Loss: 0.096580
2026-08-23 09:43: Train Epoch 1: 800/1641 Loss: 0.098915
2026-08-23 09:43: Train Epoch 1: 820/1641 Loss: 0.133191
2026-08-23 09:43: Train Epoch 1: 840/1641 Loss: 0.079191
2026-08-23 09:43: Train Epoch 1: 860/1641 Loss: 0.073927
2026-08-23 09:43: Train Epoch 1: 880/1641 Loss: 0.101038
2026-08-23 09:43: Train Epoch 1: 900/1641 Loss: 0.126586
2026-08-23 09:43: Train Epoch 1: 920/1641 Loss: 0.080374
2026-08-23 09:43: Train Epoch 1: 940/1641 Loss: 0.096080
2026-08-23 09:43: Train Epoch 1: 960/1641 Loss: 0.128837
2026-08-23 09:43: Train Epoch 1: 980/1641 Loss: 0.104127
2026-08-23 09:43: Train Epoch 1: 1000/1641 Loss: 0.116704
2026-08-23 09:44: Train Epoch 1: 1020/1641 Loss: 0.142404
2026-08-23 09:44: Train Epoch 1: 1040/1641 Loss: 0.075778
2026-08-23 09:44: Train Epoch 1: 1060/1641 Loss: 0.068217
2026-08-23 09:44: Train Epoch 1: 1080/1641 Loss: 0.079133
2026-08-23 09:44: Train Epoch 1: 1100/1641 Loss: 0.128753
2026-08-23 09:44: Train Epoch 1: 1120/1641 Loss: 0.098003
2026-08-23 09:44: Train Epoch 1: 1140/1641 Loss: 0.121942
2026-08-23 09:44: Train Epoch 1: 1160/1641 Loss: 0.201072
2026-08-23 09:44: Train Epoch 1: 1180/1641 Loss: 0.091678
2026-08-23 09:44: Train Epoch 1: 1200/1641 Loss: 0.069278
2026-08-23 09:44: Train Epoch 1: 1220/1641 Loss: 0.091556
2026-08-23 09:44: Train Epoch 1: 1240/1641 Loss: 0.084438
2026-08-23 09:44: Train Epoch 1: 1260/1641 Loss: 0.143982
2026-08-23 09:44: Train Epoch 1: 1280/1641 Loss: 0.075293
2026-08-23 09:44: Train Epoch 1: 1300/1641 Loss: 0.102704
2026-08-23 09:44: Train Epoch 1: 1320/1641 Loss: 0.083094
2026-08-23 09:44: Train Epoch 1: 1340/1641 Loss: 0.099108
2026-08-23 09:44: Train Epoch 1: 1360/1641 Loss: 0.128388
2026-08-23 09:44: Train Epoch 1: 1380/1641 Loss: 0.106202
2026-08-23 09:44: Train Epoch 1: 1400/1641 Loss: 0.060297
2026-08-23 09:44: Train Epoch 1: 1420/1641 Loss: 0.097061
2026-08-23 09:44: Train Epoch 1: 1440/1641 Loss: 0.122760
2026-08-23 09:45: Train Epoch 1: 1460/1641 Loss: 0.088172
2026-08-23 09:45: Train Epoch 1: 1480/1641 Loss: 0.047725
2026-08-23 09:45: Train Epoch 1: 1500/1641 Loss: 0.074978
2026-08-23 09:45: Train Epoch 1: 1520/1641 Loss: 0.103870
2026-08-23 09:45: Train Epoch 1: 1540/1641 Loss: 0.138449
2026-08-23 09:45: Train Epoch 1: 1560/1641 Loss: 0.084070
2026-08-23 09:45: Train Epoch 1: 1580/1641 Loss: 0.102796
2026-08-23 09:45: Train Epoch 1: 1600/1641 Loss: 0.126593
2026-08-23 09:45: Train Epoch 1: 1620/1641 Loss: 0.069229
2026-08-23 09:45: Train Epoch 1: 1640/1641 Loss: 0.112586
2026-08-23 09:45: **********Train Epoch 1: averaged Loss: 0.118450, tf_ratio: 1.000000
2026-08-23 09:45: **********Val Epoch 1: average Loss: 0.137357
2026-08-23 09:45: *********************************Current best model saved!
2026-08-23 09:45: Train Epoch 2: 0/1641 Loss: 0.110418
2026-08-23 09:45: Train Epoch 2: 20/1641 Loss: 0.110899
2026-08-23 09:45: Train Epoch 2: 40/1641 Loss: 0.138496
2026-08-23 09:45: Train Epoch 2: 60/1641 Loss: 0.092386
2026-08-23 09:45: Train Epoch 2: 80/1641 Loss: 0.088526
2026-08-23 09:46: Train Epoch 2: 100/1641 Loss: 0.069981
2026-08-23 09:46: Train Epoch 2: 120/1641 Loss: 0.086401
2026-08-23 09:46: Train Epoch 2: 140/1641 Loss: 0.089832
2026-08-23 09:46: Train Epoch 2: 160/1641 Loss: 0.119215
2026-08-23 09:46: Train Epoch 2: 180/1641 Loss: 0.106188
2026-08-23 09:46: Train Epoch 2: 200/1641 Loss: 0.085813
2026-08-23 09:46: Train Epoch 2: 220/1641 Loss: 0.088543
2026-08-23 09:46: Train Epoch 2: 240/1641 Loss: 0.099612
2026-08-23 09:46: Train Epoch 2: 260/1641 Loss: 0.116359
2026-08-23 09:46: Train Epoch 2: 280/1641 Loss: 0.164866
2026-08-23 09:46: Train Epoch 2: 300/1641 Loss: 0.082210
2026-08-23 09:46: Train Epoch 2: 320/1641 Loss: 0.087162
2026-08-23 09:46: Train Epoch 2: 340/1641 Loss: 0.121384
2026-08-23 09:46: Train Epoch 2: 360/1641 Loss: 0.135585
2026-08-23 09:46: Train Epoch 2: 380/1641 Loss: 0.140418
2026-08-23 09:46: Train Epoch 2: 400/1641 Loss: 0.143238
2026-08-23 09:46: Train Epoch 2: 420/1641 Loss: 0.083420
2026-08-23 09:46: Train Epoch 2: 440/1641 Loss: 0.104050
2026-08-23 09:46: Train Epoch 2: 460/1641 Loss: 0.145413
2026-08-23 09:46: Train Epoch 2: 480/1641 Loss: 0.091622
2026-08-23 09:46: Train Epoch 2: 500/1641 Loss: 0.119520
2026-08-23 09:47: Train Epoch 2: 520/1641 Loss: 0.088741
2026-08-23 09:47: Train Epoch 2: 540/1641 Loss: 0.082842
2026-08-23 09:47: Train Epoch 2: 560/1641 Loss: 0.134893
2026-08-23 09:47: Train Epoch 2: 580/1641 Loss: 0.070553
2026-08-23 09:47: Train Epoch 2: 600/1641 Loss: 0.070085
2026-08-23 09:47: Train Epoch 2: 620/1641 Loss: 0.128840
2026-08-23 09:47: Train Epoch 2: 640/1641 Loss: 0.107956
2026-08-23 09:47: Train Epoch 2: 660/1641 Loss: 0.056802
2026-08-23 09:47: Train Epoch 2: 680/1641 Loss: 0.050187
2026-08-23 09:47: Train Epoch 2: 700/1641 Loss: 0.080719
2026-08-23 09:47: Train Epoch 2: 720/1641 Loss: 0.099147
2026-08-23 09:47: Train Epoch 2: 740/1641 Loss: 0.097576
2026-08-23 09:47: Train Epoch 2: 760/1641 Loss: 0.091827
2026-08-23 09:47: Train Epoch 2: 780/1641 Loss: 0.119409
2026-08-23 09:47: Train Epoch 2: 800/1641 Loss: 0.113901
2026-08-23 09:47: Train Epoch 2: 820/1641 Loss: 0.116708
2026-08-23 09:47: Train Epoch 2: 840/1641 Loss: 0.130405
2026-08-23 09:47: Train Epoch 2: 860/1641 Loss: 0.090956
2026-08-23 09:47: Train Epoch 2: 880/1641 Loss: 0.122467
2026-08-23 09:47: Train Epoch 2: 900/1641 Loss: 0.090306
2026-08-23 09:47: Train Epoch 2: 920/1641 Loss: 0.106590
2026-08-23 09:47: Train Epoch 2: 940/1641 Loss: 0.139746
2026-08-23 09:48: Train Epoch 2: 960/1641 Loss: 0.094822
2026-08-23 09:48: Train Epoch 2: 980/1641 Loss: 0.069626
2026-08-23 09:48: Train Epoch 2: 1000/1641 Loss: 0.100757
2026-08-23 09:48: Train Epoch 2: 1020/1641 Loss: 0.148180
2026-08-23 09:48: Train Epoch 2: 1040/1641 Loss: 0.134355
2026-08-23 09:48: Train Epoch 2: 1060/1641 Loss: 0.069409
2026-08-23 09:48: Train Epoch 2: 1080/1641 Loss: 0.069445
2026-08-23 09:48: Train Epoch 2: 1100/1641 Loss: 0.099276
2026-08-23 09:48: Train Epoch 2: 1120/1641 Loss: 0.096499
2026-08-23 09:48: Train Epoch 2: 1140/1641 Loss: 0.092999
2026-08-23 09:48: Train Epoch 2: 1160/1641 Loss: 0.103255
2026-08-23 09:48: Train Epoch 2: 1180/1641 Loss: 0.126779
2026-08-23 09:48: Train Epoch 2: 1200/1641 Loss: 0.076797
2026-08-23 09:48: Train Epoch 2: 1220/1641 Loss: 0.062230
2026-08-23 09:48: Train Epoch 2: 1240/1641 Loss: 0.079507
2026-08-23 09:48: Train Epoch 2: 1260/1641 Loss: 0.070395
2026-08-23 09:48: Train Epoch 2: 1280/1641 Loss: 0.080329
2026-08-23 09:48: Train Epoch 2: 1300/1641 Loss: 0.089220
2026-08-23 09:48: Train Epoch 2: 1320/1641 Loss: 0.108485
2026-08-23 09:48: Train Epoch 2: 1340/1641 Loss: 0.072731
2026-08-23 09:48: Train Epoch 2: 1360/1641 Loss: 0.105614
2026-08-23 09:48: Train Epoch 2: 1380/1641 Loss: 0.095602
2026-08-23 09:48: Train Epoch 2: 1400/1641 Loss: 0.098337
2026-08-23 09:49: Train Epoch 2: 1420/1641 Loss: 0.072448
2026-08-23 09:49: Train Epoch 2: 1440/1641 Loss: 0.106765
2026-08-23 09:49: Train Epoch 2: 1460/1641 Loss: 0.096261
2026-08-23 09:49: Train Epoch 2: 1480/1641 Loss: 0.077638
2026-08-23 09:49: Train Epoch 2: 1500/1641 Loss: 0.085114
2026-08-23 09:49: Train Epoch 2: 1520/1641 Loss: 0.116529
2026-08-23 09:49: Train Epoch 2: 1540/1641 Loss: 0.143335
2026-08-23 09:49: Train Epoch 2: 1560/1641 Loss: 0.086294
2026-08-23 09:49: Train Epoch 2: 1580/1641 Loss: 0.100206
2026-08-23 09:49: Train Epoch 2: 1600/1641 Loss: 0.107686
2026-08-23 09:49: Train Epoch 2: 1620/1641 Loss: 0.114709
2026-08-23 09:49: Train Epoch 2: 1640/1641 Loss: 0.071889
2026-08-23 09:49: **********Train Epoch 2: averaged Loss: 0.101787, tf_ratio: 1.000000
2026-08-23 09:49: **********Val Epoch 2: average Loss: 0.137407
2026-08-23 09:49: Train Epoch 3: 0/1641 Loss: 0.104054
2026-08-23 09:49: Train Epoch 3: 20/1641 Loss: 0.100528
2026-08-23 09:50: Train Epoch 3: 40/1641 Loss: 0.140410
2026-08-23 09:50: Train Epoch 3: 60/1641 Loss: 0.082114
2026-08-23 09:50: Train Epoch 3: 80/1641 Loss: 0.146657
2026-08-23 09:50: Train Epoch 3: 100/1641 Loss: 0.102596
2026-08-23 09:50: Train Epoch 3: 120/1641 Loss: 0.145403
2026-08-23 09:50: Train Epoch 3: 140/1641 Loss: 0.091243
2026-08-23 09:50: Train Epoch 3: 160/1641 Loss: 0.109369
2026-08-23 09:50: Train Epoch 3: 180/1641 Loss: 0.114335
2026-08-23 09:50: Train Epoch 3: 200/1641 Loss: 0.105698
2026-08-23 09:50: Train Epoch 3: 220/1641 Loss: 0.124752
2026-08-23 09:50: Train Epoch 3: 240/1641 Loss: 0.088616
2026-08-23 09:50: Train Epoch 3: 260/1641 Loss: 0.091369
2026-08-23 09:50: Train Epoch 3: 280/1641 Loss: 0.110095
2026-08-23 09:50: Train Epoch 3: 300/1641 Loss: 0.079479
2026-08-23 09:50: Train Epoch 3: 320/1641 Loss: 0.093722
2026-08-23 09:50: Train Epoch 3: 340/1641 Loss: 0.096270
2026-08-23 09:50: Train Epoch 3: 360/1641 Loss: 0.086266
2026-08-23 09:50: Train Epoch 3: 380/1641 Loss: 0.088617
2026-08-23 09:50: Train Epoch 3: 400/1641 Loss: 0.130639
2026-08-23 09:50: Train Epoch 3: 420/1641 Loss: 0.104669
2026-08-23 09:50: Train Epoch 3: 440/1641 Loss: 0.081138
2026-08-23 09:50: Train Epoch 3: 460/1641 Loss: 0.107649
2026-08-23 09:51: Train Epoch 3: 480/1641 Loss: 0.056642
2026-08-23 09:51: Train Epoch 3: 500/1641 Loss: 0.059182
2026-08-23 09:51: Train Epoch 3: 520/1641 Loss: 0.127060
2026-08-23 09:51: Train Epoch 3: 540/1641 Loss: 0.133709
2026-08-23 09:51: Train Epoch 3: 560/1641 Loss: 0.091566
2026-08-23 09:51: Train Epoch 3: 580/1641 Loss: 0.122497
2026-08-23 09:51: Train Epoch 3: 600/1641 Loss: 0.105013
2026-08-23 09:51: Train Epoch 3: 620/1641 Loss: 0.068352
2026-08-23 09:51: Train Epoch 3: 640/1641 Loss: 0.050058
2026-08-23 09:51: Train Epoch 3: 660/1641 Loss: 0.081079
2026-08-23 09:51: Train Epoch 3: 680/1641 Loss: 0.068751
2026-08-23 09:51: Train Epoch 3: 700/1641 Loss: 0.086478
2026-08-23 09:51: Train Epoch 3: 720/1641 Loss: 0.066140
2026-08-23 09:51: Train Epoch 3: 740/1641 Loss: 0.116372
2026-08-23 09:51: Train Epoch 3: 760/1641 Loss: 0.103812
2026-08-23 09:51: Train Epoch 3: 780/1641 Loss: 0.127059
2026-08-23 09:51: Train Epoch 3: 800/1641 Loss: 0.126118
2026-08-23 09:51: Train Epoch 3: 820/1641 Loss: 0.109839
2026-08-23 09:51: Train Epoch 3: 840/1641 Loss: 0.085557
2026-08-23 09:51: Train Epoch 3: 860/1641 Loss: 0.078262
2026-08-23 09:51: Train Epoch 3: 880/1641 Loss: 0.142200
2026-08-23 09:51: Train Epoch 3: 900/1641 Loss: 0.105668
2026-08-23 09:52: Train Epoch 3: 920/1641 Loss: 0.095079
2026-08-23 09:52: Train Epoch 3: 940/1641 Loss: 0.076839
2026-08-23 09:52: Train Epoch 3: 960/1641 Loss: 0.068143
2026-08-23 09:52: Train Epoch 3: 980/1641 Loss: 0.105908
2026-08-23 09:52: Train Epoch 3: 1000/1641 Loss: 0.085933
2026-08-23 09:52: Train Epoch 3: 1020/1641 Loss: 0.117393
2026-08-23 09:52: Train Epoch 3: 1040/1641 Loss: 0.110682
2026-08-23 09:52: Train Epoch 3: 1060/1641 Loss: 0.078413
2026-08-23 09:52: Train Epoch 3: 1080/1641 Loss: 0.106785
2026-08-23 09:52: Train Epoch 3: 1100/1641 Loss: 0.092417
2026-08-23 09:52: Train Epoch 3: 1120/1641 Loss: 0.043812
2026-08-23 09:52: Train Epoch 3: 1140/1641 Loss: 0.106764
2026-08-23 09:52: Train Epoch 3: 1160/1641 Loss: 0.132402
2026-08-23 09:52: Train Epoch 3: 1180/1641 Loss: 0.084087
2026-08-23 09:52: Train Epoch 3: 1200/1641 Loss: 0.076314
2026-08-23 09:52: Train Epoch 3: 1220/1641 Loss: 0.159246
2026-08-23 09:52: Train Epoch 3: 1240/1641 Loss: 0.096410
2026-08-23 09:52: Train Epoch 3: 1260/1641 Loss: 0.101445
2026-08-23 09:52: Train Epoch 3: 1280/1641 Loss: 0.144186
2026-08-23 09:52: Train Epoch 3: 1300/1641 Loss: 0.079466
2026-08-23 09:52: Train Epoch 3: 1320/1641 Loss: 0.117311
2026-08-23 09:52: Train Epoch 3: 1340/1641 Loss: 0.137609
2026-08-23 09:53: Train Epoch 3: 1360/1641 Loss: 0.084924
2026-08-23 09:53: Train Epoch 3: 1380/1641 Loss: 0.108964
2026-08-23 09:53: Train Epoch 3: 1400/1641 Loss: 0.107483
2026-08-23 09:53: Train Epoch 3: 1420/1641 Loss: 0.092584
2026-08-23 09:53: Train Epoch 3: 1440/1641 Loss: 0.094624
2026-08-23 09:53: Train Epoch 3: 1460/1641 Loss: 0.190112
2026-08-23 09:53: Train Epoch 3: 1480/1641 Loss: 0.084277
2026-08-23 09:53: Train Epoch 3: 1500/1641 Loss: 0.066811
2026-08-23 09:53: Train Epoch 3: 1520/1641 Loss: 0.134231
2026-08-23 09:53: Train Epoch 3: 1540/1641 Loss: 0.115689
2026-08-23 09:53: Train Epoch 3: 1560/1641 Loss: 0.145792
2026-08-23 09:53: Train Epoch 3: 1580/1641 Loss: 0.085626
2026-08-23 09:53: Train Epoch 3: 1600/1641 Loss: 0.095733
2026-08-23 09:53: Train Epoch 3: 1620/1641 Loss: 0.142313
2026-08-23 09:53: Train Epoch 3: 1640/1641 Loss: 0.092106
2026-08-23 09:53: **********Train Epoch 3: averaged Loss: 0.101863, tf_ratio: 1.000000
2026-08-23 09:54: **********Val Epoch 3: average Loss: 0.137689
2026-08-23 09:54: Train Epoch 4: 0/1641 Loss: 0.125328
2026-08-23 09:54: Train Epoch 4: 20/1641 Loss: 0.098773
2026-08-23 09:54: Train Epoch 4: 40/1641 Loss: 0.072100
2026-08-23 09:54: Train Epoch 4: 60/1641 Loss: 0.075814
2026-08-23 09:54: Train Epoch 4: 80/1641 Loss: 0.131894
2026-08-23 09:54: Train Epoch 4: 100/1641 Loss: 0.091397
2026-08-23 09:54: Train Epoch 4: 120/1641 Loss: 0.096756
2026-08-23 09:54: Train Epoch 4: 140/1641 Loss: 0.124312
2026-08-23 09:54: Train Epoch 4: 160/1641 Loss: 0.096861
2026-08-23 09:54: Train Epoch 4: 180/1641 Loss: 0.067905
2026-08-23 09:54: Train Epoch 4: 200/1641 Loss: 0.096001
2026-08-23 09:54: Train Epoch 4: 220/1641 Loss: 0.109328
2026-08-23 09:54: Train Epoch 4: 240/1641 Loss: 0.085240
2026-08-23 09:54: Train Epoch 4: 260/1641 Loss: 0.084020
2026-08-23 09:54: Train Epoch 4: 280/1641 Loss: 0.080234
2026-08-23 09:54: Train Epoch 4: 300/1641 Loss: 0.077998
2026-08-23 09:54: Train Epoch 4: 320/1641 Loss: 0.081807
2026-08-23 09:54: Train Epoch 4: 340/1641 Loss: 0.130468
2026-08-23 09:54: Train Epoch 4: 360/1641 Loss: 0.064325
2026-08-23 09:54: Train Epoch 4: 380/1641 Loss: 0.078856
2026-08-23 09:54: Train Epoch 4: 400/1641 Loss: 0.032214
2026-08-23 09:54: Train Epoch 4: 420/1641 Loss: 0.107876
2026-08-23 09:55: Train Epoch 4: 440/1641 Loss: 0.081276
2026-08-23 09:55: Train Epoch 4: 460/1641 Loss: 0.147968
2026-08-23 09:55: Train Epoch 4: 480/1641 Loss: 0.125895
2026-08-23 09:55: Train Epoch 4: 500/1641 Loss: 0.135926
2026-08-23 09:55: Train Epoch 4: 520/1641 Loss: 0.122798
2026-08-23 09:55: Train Epoch 4: 540/1641 Loss: 0.090162
2026-08-23 09:55: Train Epoch 4: 560/1641 Loss: 0.085831
2026-08-23 09:55: Train Epoch 4: 580/1641 Loss: 0.066160
2026-08-23 09:55: Train Epoch 4: 600/1641 Loss: 0.057690
2026-08-23 09:55: Train Epoch 4: 620/1641 Loss: 0.074293
2026-08-23 09:55: Train Epoch 4: 640/1641 Loss: 0.106535
2026-08-23 09:55: Train Epoch 4: 660/1641 Loss: 0.156444
2026-08-23 09:55: Train Epoch 4: 680/1641 Loss: 0.079616
2026-08-23 09:55: Train Epoch 4: 700/1641 Loss: 0.106666
2026-08-23 09:55: Train Epoch 4: 720/1641 Loss: 0.073455
2026-08-23 09:55: Train Epoch 4: 740/1641 Loss: 0.097733
2026-08-23 09:55: Train Epoch 4: 760/1641 Loss: 0.122668
2026-08-23 09:55: Train Epoch 4: 780/1641 Loss: 0.082659
2026-08-23 09:55: Train Epoch 4: 800/1641 Loss: 0.059330
2026-08-23 09:55: Train Epoch 4: 820/1641 Loss: 0.080773
2026-08-23 09:55: Train Epoch 4: 840/1641 Loss: 0.102667
2026-08-23 09:55: Train Epoch 4: 860/1641 Loss: 0.054945
2026-08-23 09:56: Train Epoch 4: 880/1641 Loss: 0.057485
2026-08-23 09:56: Train Epoch 4: 900/1641 Loss: 0.083590
2026-08-23 09:56: Train Epoch 4: 920/1641 Loss: 0.097048
2026-08-23 09:56: Train Epoch 4: 940/1641 Loss: 0.090610
2026-08-23 09:56: Train Epoch 4: 960/1641 Loss: 0.127710
2026-08-23 09:56: Train Epoch 4: 980/1641 Loss: 0.097650
2026-08-23 09:56: Train Epoch 4: 1000/1641 Loss: 0.073472
2026-08-23 09:56: Train Epoch 4: 1020/1641 Loss: 0.102782
2026-08-23 09:56: Train Epoch 4: 1040/1641 Loss: 0.078264
2026-08-23 09:56: Train Epoch 4: 1060/1641 Loss: 0.079226
2026-08-23 09:56: Train Epoch 4: 1080/1641 Loss: 0.094735
2026-08-23 09:56: Train Epoch 4: 1100/1641 Loss: 0.095348
2026-08-23 09:56: Train Epoch 4: 1120/1641 Loss: 0.092815
2026-08-23 09:56: Train Epoch 4: 1140/1641 Loss: 0.171516
2026-08-23 09:56: Train Epoch 4: 1160/1641 Loss: 0.078792
2026-08-23 09:56: Train Epoch 4: 1180/1641 Loss: 0.113015
2026-08-23 09:56: Train Epoch 4: 1200/1641 Loss: 0.078617
2026-08-23 09:56: Train Epoch 4: 1220/1641 Loss: 0.069691
2026-08-23 09:56: Train Epoch 4: 1240/1641 Loss: 0.122341
2026-08-23 09:56: Train Epoch 4: 1260/1641 Loss: 0.094250
2026-08-23 09:56: Train Epoch 4: 1280/1641 Loss: 0.087352
2026-08-23 09:56: Train Epoch 4: 1300/1641 Loss: 0.050967
2026-08-23 09:57: Train Epoch 4: 1320/1641 Loss: 0.119040
2026-08-23 09:57: Train Epoch 4: 1340/1641 Loss: 0.141215
2026-08-23 09:57: Train Epoch 4: 1360/1641 Loss: 0.123270
2026-08-23 09:57: Train Epoch 4: 1380/1641 Loss: 0.094933
2026-08-23 09:57: Train Epoch 4: 1400/1641 Loss: 0.078028
2026-08-23 09:57: Train Epoch 4: 1420/1641 Loss: 0.151983
2026-08-23 09:57: Train Epoch 4: 1440/1641 Loss: 0.089013
2026-08-23 09:57: Train Epoch 4: 1460/1641 Loss: 0.070098
2026-08-23 09:57: Train Epoch 4: 1480/1641 Loss: 0.093112
2026-08-23 09:57: Train Epoch 4: 1500/1641 Loss: 0.094346
2026-08-23 09:57: Train Epoch 4: 1520/1641 Loss: 0.062767
2026-08-23 09:57: Train Epoch 4: 1540/1641 Loss: 0.082729
2026-08-23 09:57: Train Epoch 4: 1560/1641 Loss: 0.100845
2026-08-23 09:57: Train Epoch 4: 1580/1641 Loss: 0.081140
2026-08-23 09:57: Train Epoch 4: 1600/1641 Loss: 0.092157
2026-08-23 09:57: Train Epoch 4: 1620/1641 Loss: 0.130182
2026-08-23 09:57: Train Epoch 4: 1640/1641 Loss: 0.108242
2026-08-23 09:57: **********Train Epoch 4: averaged Loss: 0.101923, tf_ratio: 1.000000
2026-08-23 09:58: **********Val Epoch 4: average Loss: 0.137580
2026-08-23 09:58: Train Epoch 5: 0/1641 Loss: 0.086096
2026-08-23 09:58: Train Epoch 5: 20/1641 Loss: 0.137847
2026-08-23 09:58: Train Epoch 5: 40/1641 Loss: 0.111424
2026-08-23 09:58: Train Epoch 5: 60/1641 Loss: 0.111425
2026-08-23 09:58: Train Epoch 5: 80/1641 Loss: 0.077327
2026-08-23 09:58: Train Epoch 5: 100/1641 Loss: 0.150579
2026-08-23 09:58: Train Epoch 5: 120/1641 Loss: 0.149446
2026-08-23 09:58: Train Epoch 5: 140/1641 Loss: 0.095204
2026-08-23 09:58: Train Epoch 5: 160/1641 Loss: 0.117489
2026-08-23 09:58: Train Epoch 5: 180/1641 Loss: 0.100430
2026-08-23 09:58: Train Epoch 5: 200/1641 Loss: 0.086548
2026-08-23 09:58: Train Epoch 5: 220/1641 Loss: 0.070745
2026-08-23 09:58: Train Epoch 5: 240/1641 Loss: 0.087844
2026-08-23 09:58: Train Epoch 5: 260/1641 Loss: 0.157351
2026-08-23 09:58: Train Epoch 5: 280/1641 Loss: 0.102300
2026-08-23 09:58: Train Epoch 5: 300/1641 Loss: 0.118352
2026-08-23 09:58: Train Epoch 5: 320/1641 Loss: 0.110002
2026-08-23 09:58: Train Epoch 5: 340/1641 Loss: 0.139812
2026-08-23 09:58: Train Epoch 5: 360/1641 Loss: 0.095869
2026-08-23 09:59: Train Epoch 5: 380/1641 Loss: 0.049543
2026-08-23 09:59: Train Epoch 5: 400/1641 Loss: 0.114380
2026-08-23 09:59: Train Epoch 5: 420/1641 Loss: 0.085512
2026-08-23 09:59: Train Epoch 5: 440/1641 Loss: 0.184998
2026-08-23 09:59: Train Epoch 5: 460/1641 Loss: 0.115434
2026-08-23 09:59: Train Epoch 5: 480/1641 Loss: 0.128132
2026-08-23 09:59: Train Epoch 5: 500/1641 Loss: 0.079353
2026-08-23 09:59: Train Epoch 5: 520/1641 Loss: 0.106540
2026-08-23 09:59: Train Epoch 5: 540/1641 Loss: 0.096722
2026-08-23 09:59: Train Epoch 5: 560/1641 Loss: 0.108872
2026-08-23 09:59: Train Epoch 5: 580/1641 Loss: 0.106338
2026-08-23 09:59: Train Epoch 5: 600/1641 Loss: 0.118389
2026-08-23 09:59: Train Epoch 5: 620/1641 Loss: 0.033556
2026-08-23 09:59: Train Epoch 5: 640/1641 Loss: 0.128113
2026-08-23 09:59: Train Epoch 5: 660/1641 Loss: 0.161629
2026-08-23 09:59: Train Epoch 5: 680/1641 Loss: 0.152490
2026-08-23 09:59: Train Epoch 5: 700/1641 Loss: 0.081801
2026-08-23 09:59: Train Epoch 5: 720/1641 Loss: 0.109367
2026-08-23 09:59: Train Epoch 5: 740/1641 Loss: 0.121237
2026-08-23 09:59: Train Epoch 5: 760/1641 Loss: 0.115066
2026-08-23 09:59: Train Epoch 5: 780/1641 Loss: 0.117304
2026-08-23 09:59: Train Epoch 5: 800/1641 Loss: 0.084828
2026-08-23 10:00: Train Epoch 5: 820/1641 Loss: 0.095205
2026-08-23 10:00: Train Epoch 5: 840/1641 Loss: 0.100710
2026-08-23 10:00: Train Epoch 5: 860/1641 Loss: 0.091993
2026-08-23 10:00: Train Epoch 5: 880/1641 Loss: 0.084546
2026-08-23 10:00: Train Epoch 5: 900/1641 Loss: 0.050176
2026-08-23 10:00: Train Epoch 5: 920/1641 Loss: 0.114777
2026-08-23 10:00: Train Epoch 5: 940/1641 Loss: 0.146996
2026-08-23 10:00: Train Epoch 5: 960/1641 Loss: 0.115616
2026-08-23 10:00: Train Epoch 5: 980/1641 Loss: 0.110650
2026-08-23 10:00: Train Epoch 5: 1000/1641 Loss: 0.068549
2026-08-23 10:00: Train Epoch 5: 1020/1641 Loss: 0.087667
2026-08-23 10:00: Train Epoch 5: 1040/1641 Loss: 0.048882
2026-08-23 10:00: Train Epoch 5: 1060/1641 Loss: 0.111040
2026-08-23 10:00: Train Epoch 5: 1080/1641 Loss: 0.104151
2026-08-23 10:00: Train Epoch 5: 1100/1641 Loss: 0.036542
2026-08-23 10:00: Train Epoch 5: 1120/1641 Loss: 0.079811
2026-08-23 10:00: Train Epoch 5: 1140/1641 Loss: 0.091408
2026-08-23 10:00: Train Epoch 5: 1160/1641 Loss: 0.091431
2026-08-23 10:00: Train Epoch 5: 1180/1641 Loss: 0.125289
2026-08-23 10:00: Train Epoch 5: 1200/1641 Loss: 0.114080
2026-08-23 10:00: Train Epoch 5: 1220/1641 Loss: 0.147455
2026-08-23 10:00: Train Epoch 5: 1240/1641 Loss: 0.052068
2026-08-23 10:01: Train Epoch 5: 1260/1641 Loss: 0.088602
2026-08-23 10:01: Train Epoch 5: 1280/1641 Loss: 0.065889
2026-08-23 10:01: Train Epoch 5: 1300/1641 Loss: 0.059790
2026-08-23 10:01: Train Epoch 5: 1320/1641 Loss: 0.089794
2026-08-23 10:01: Train Epoch 5: 1340/1641 Loss: 0.095922
2026-08-23 10:01: Train Epoch 5: 1360/1641 Loss: 0.081047
2026-08-23 10:01: Train Epoch 5: 1380/1641 Loss: 0.103767
2026-08-23 10:01: Train Epoch 5: 1400/1641 Loss: 0.112626
2026-08-23 10:01: Train Epoch 5: 1420/1641 Loss: 0.075782
2026-08-23 10:01: Train Epoch 5: 1440/1641 Loss: 0.089213
2026-08-23 10:01: Train Epoch 5: 1460/1641 Loss: 0.121900
2026-08-23 10:01: Train Epoch 5: 1480/1641 Loss: 0.098500
2026-08-23 10:01: Train Epoch 5: 1500/1641 Loss: 0.108866
2026-08-23 10:01: Train Epoch 5: 1520/1641 Loss: 0.091376
2026-08-23 10:01: Train Epoch 5: 1540/1641 Loss: 0.058253
2026-08-23 10:01: Train Epoch 5: 1560/1641 Loss: 0.128284
2026-08-23 10:01: Train Epoch 5: 1580/1641 Loss: 0.071546
2026-08-23 10:01: Train Epoch 5: 1600/1641 Loss: 0.105203
2026-08-23 10:01: Train Epoch 5: 1620/1641 Loss: 0.084637
2026-08-23 10:01: Train Epoch 5: 1640/1641 Loss: 0.076260
2026-08-23 10:01: **********Train Epoch 5: averaged Loss: 0.101999, tf_ratio: 1.000000
2026-08-23 10:02: **********Val Epoch 5: average Loss: 0.137779
2026-08-23 10:02: Train Epoch 6: 0/1641 Loss: 0.059784
2026-08-23 10:02: Train Epoch 6: 20/1641 Loss: 0.104212
2026-08-23 10:02: Train Epoch 6: 40/1641 Loss: 0.109578
2026-08-23 10:02: Train Epoch 6: 60/1641 Loss: 0.121779
2026-08-23 10:02: Train Epoch 6: 80/1641 Loss: 0.075243
2026-08-23 10:02: Train Epoch 6: 100/1641 Loss: 0.063707
2026-08-23 10:02: Train Epoch 6: 120/1641 Loss: 0.089188
2026-08-23 10:02: Train Epoch 6: 140/1641 Loss: 0.090316
2026-08-23 10:02: Train Epoch 6: 160/1641 Loss: 0.112034
2026-08-23 10:02: Train Epoch 6: 180/1641 Loss: 0.106595
2026-08-23 10:02: Train Epoch 6: 200/1641 Loss: 0.102005
2026-08-23 10:02: Train Epoch 6: 220/1641 Loss: 0.120881
2026-08-23 10:02: Train Epoch 6: 240/1641 Loss: 0.124268
2026-08-23 10:02: Train Epoch 6: 260/1641 Loss: 0.105787
2026-08-23 10:02: Train Epoch 6: 280/1641 Loss: 0.065064
2026-08-23 10:02: Train Epoch 6: 300/1641 Loss: 0.100875
2026-08-23 10:02: Train Epoch 6: 320/1641 Loss: 0.118303
2026-08-23 10:02: Train Epoch 6: 340/1641 Loss: 0.139059
2026-08-23 10:03: Train Epoch 6: 360/1641 Loss: 0.105132
2026-08-23 10:03: Train Epoch 6: 380/1641 Loss: 0.130534
2026-08-23 10:03: Train Epoch 6: 400/1641 Loss: 0.060954
2026-08-23 10:03: Train Epoch 6: 420/1641 Loss: 0.109615
2026-08-23 10:03: Train Epoch 6: 440/1641 Loss: 0.152749
2026-08-23 10:03: Train Epoch 6: 460/1641 Loss: 0.083795
2026-08-23 10:03: Train Epoch 6: 480/1641 Loss: 0.062374
2026-08-23 10:03: Train Epoch 6: 500/1641 Loss: 0.079895
2026-08-23 10:03: Train Epoch 6: 520/1641 Loss: 0.093931
2026-08-23 10:03: Train Epoch 6: 540/1641 Loss: 0.115319
2026-08-23 10:03: Train Epoch 6: 560/1641 Loss: 0.112934
2026-08-23 10:03: Train Epoch 6: 580/1641 Loss: 0.063608
2026-08-23 10:03: Train Epoch 6: 600/1641 Loss: 0.125840
2026-08-23 10:03: Train Epoch 6: 620/1641 Loss: 0.091300
2026-08-23 10:03: Train Epoch 6: 640/1641 Loss: 0.133370
2026-08-23 10:03: Train Epoch 6: 660/1641 Loss: 0.078109
2026-08-23 10:03: Train Epoch 6: 680/1641 Loss: 0.073202
2026-08-23 10:03: Train Epoch 6: 700/1641 Loss: 0.082789
2026-08-23 10:03: Train Epoch 6: 720/1641 Loss: 0.106648
2026-08-23 10:03: Train Epoch 6: 740/1641 Loss: 0.115060
2026-08-23 10:03: Train Epoch 6: 760/1641 Loss: 0.108471
2026-08-23 10:03: Train Epoch 6: 780/1641 Loss: 0.071207
2026-08-23 10:04: Train Epoch 6: 800/1641 Loss: 0.035166
2026-08-23 10:04: Train Epoch 6: 820/1641 Loss: 0.054633
2026-08-23 10:04: Train Epoch 6: 840/1641 Loss: 0.122732
2026-08-23 10:04: Train Epoch 6: 860/1641 Loss: 0.099708
2026-08-23 10:04: Train Epoch 6: 880/1641 Loss: 0.137228
2026-08-23 10:04: Train Epoch 6: 900/1641 Loss: 0.088396
2026-08-23 10:04: Train Epoch 6: 920/1641 Loss: 0.090970
2026-08-23 10:04: Train Epoch 6: 940/1641 Loss: 0.068952
2026-08-23 10:04: Train Epoch 6: 960/1641 Loss: 0.116489
2026-08-23 10:04: Train Epoch 6: 980/1641 Loss: 0.098061
2026-08-23 10:04: Train Epoch 6: 1000/1641 Loss: 0.097277
2026-08-23 10:04: Train Epoch 6: 1020/1641 Loss: 0.090084
2026-08-23 10:04: Train Epoch 6: 1040/1641 Loss: 0.078564
2026-08-23 10:04: Train Epoch 6: 1060/1641 Loss: 0.094721
2026-08-23 10:04: Train Epoch 6: 1080/1641 Loss: 0.082045
2026-08-23 10:04: Train Epoch 6: 1100/1641 Loss: 0.096125
2026-08-23 10:04: Train Epoch 6: 1120/1641 Loss: 0.081773
2026-08-23 10:04: Train Epoch 6: 1140/1641 Loss: 0.081651
2026-08-23 10:04: Train Epoch 6: 1160/1641 Loss: 0.092980
2026-08-23 10:04: Train Epoch 6: 1180/1641 Loss: 0.121029
2026-08-23 10:04: Train Epoch 6: 1200/1641 Loss: 0.064648
2026-08-23 10:04: Train Epoch 6: 1220/1641 Loss: 0.092843
2026-08-23 10:05: Train Epoch 6: 1240/1641 Loss: 0.093191
2026-08-23 10:05: Train Epoch 6: 1260/1641 Loss: 0.103414
2026-08-23 10:05: Train Epoch 6: 1280/1641 Loss: 0.039062
2026-08-23 10:05: Train Epoch 6: 1300/1641 Loss: 0.159352
2026-08-23 10:05: Train Epoch 6: 1320/1641 Loss: 0.101315
2026-08-23 10:05: Train Epoch 6: 1340/1641 Loss: 0.105300
2026-08-23 10:05: Train Epoch 6: 1360/1641 Loss: 0.117805
2026-08-23 10:05: Train Epoch 6: 1380/1641 Loss: 0.123380
2026-08-23 10:05: Train Epoch 6: 1400/1641 Loss: 0.058303
2026-08-23 10:05: Train Epoch 6: 1420/1641 Loss: 0.078190
2026-08-23 10:05: Train Epoch 6: 1440/1641 Loss: 0.095032
2026-08-23 10:05: Train Epoch 6: 1460/1641 Loss: 0.085974
2026-08-23 10:05: Train Epoch 6: 1480/1641 Loss: 0.140333
2026-08-23 10:05: Train Epoch 6: 1500/1641 Loss: 0.118182
2026-08-23 10:05: Train Epoch 6: 1520/1641 Loss: 0.102184
2026-08-23 10:05: Train Epoch 6: 1540/1641 Loss: 0.103117
2026-08-23 10:05: Train Epoch 6: 1560/1641 Loss: 0.091983
2026-08-23 10:05: Train Epoch 6: 1580/1641 Loss: 0.116704
2026-08-23 10:05: Train Epoch 6: 1600/1641 Loss: 0.180638
2026-08-23 10:05: Train Epoch 6: 1620/1641 Loss: 0.140952
2026-08-23 10:05: Train Epoch 6: 1640/1641 Loss: 0.080055
2026-08-23 10:05: **********Train Epoch 6: averaged Loss: 0.102082, tf_ratio: 1.000000
2026-08-23 10:06: **********Val Epoch 6: average Loss: 0.137531
2026-08-23 10:06: Train Epoch 7: 0/1641 Loss: 0.154128
2026-08-23 10:06: Train Epoch 7: 20/1641 Loss: 0.067824
2026-08-23 10:06: Train Epoch 7: 40/1641 Loss: 0.123338
2026-08-23 10:06: Train Epoch 7: 60/1641 Loss: 0.118947
2026-08-23 10:06: Train Epoch 7: 80/1641 Loss: 0.085674
2026-08-23 10:06: Train Epoch 7: 100/1641 Loss: 0.076165
2026-08-23 10:06: Train Epoch 7: 120/1641 Loss: 0.122452
2026-08-23 10:06: Train Epoch 7: 140/1641 Loss: 0.116660
2026-08-23 10:06: Train Epoch 7: 160/1641 Loss: 0.100741
2026-08-23 10:06: Train Epoch 7: 180/1641 Loss: 0.163608
2026-08-23 10:06: Train Epoch 7: 200/1641 Loss: 0.111005
2026-08-23 10:06: Train Epoch 7: 220/1641 Loss: 0.063431
2026-08-23 10:06: Train Epoch 7: 240/1641 Loss: 0.095836
2026-08-23 10:06: Train Epoch 7: 260/1641 Loss: 0.070967
2026-08-23 10:06: Train Epoch 7: 280/1641 Loss: 0.083537
2026-08-23 10:06: Train Epoch 7: 300/1641 Loss: 0.096142
2026-08-23 10:06: Train Epoch 7: 320/1641 Loss: 0.102575
2026-08-23 10:07: Train Epoch 7: 340/1641 Loss: 0.079281
2026-08-23 10:07: Train Epoch 7: 360/1641 Loss: 0.124625
2026-08-23 10:07: Train Epoch 7: 380/1641 Loss: 0.104364
2026-08-23 10:07: Train Epoch 7: 400/1641 Loss: 0.129868
2026-08-23 10:07: Train Epoch 7: 420/1641 Loss: 0.133085
2026-08-23 10:07: Train Epoch 7: 440/1641 Loss: 0.075530
2026-08-23 10:07: Train Epoch 7: 460/1641 Loss: 0.129027
2026-08-23 10:07: Train Epoch 7: 480/1641 Loss: 0.099469
2026-08-23 10:07: Train Epoch 7: 500/1641 Loss: 0.064107
2026-08-23 10:07: Train Epoch 7: 520/1641 Loss: 0.116369
2026-08-23 10:07: Train Epoch 7: 540/1641 Loss: 0.145059
2026-08-23 10:07: Train Epoch 7: 560/1641 Loss: 0.066206
2026-08-23 10:07: Train Epoch 7: 580/1641 Loss: 0.095662
2026-08-23 10:07: Train Epoch 7: 600/1641 Loss: 0.107087
2026-08-23 10:07: Train Epoch 7: 620/1641 Loss: 0.096298
2026-08-23 10:07: Train Epoch 7: 640/1641 Loss: 0.125284
2026-08-23 10:07: Train Epoch 7: 660/1641 Loss: 0.093953
2026-08-23 10:07: Train Epoch 7: 680/1641 Loss: 0.134057
2026-08-23 10:07: Train Epoch 7: 700/1641 Loss: 0.057374
2026-08-23 10:07: Train Epoch 7: 720/1641 Loss: 0.115333
2026-08-23 10:07: Train Epoch 7: 740/1641 Loss: 0.115710
2026-08-23 10:07: Train Epoch 7: 760/1641 Loss: 0.088996
2026-08-23 10:08: Train Epoch 7: 780/1641 Loss: 0.107593
2026-08-23 10:08: Train Epoch 7: 800/1641 Loss: 0.092094
2026-08-23 10:08: Train Epoch 7: 820/1641 Loss: 0.129315
2026-08-23 10:08: Train Epoch 7: 840/1641 Loss: 0.093380
2026-08-23 10:08: Train Epoch 7: 860/1641 Loss: 0.089573
2026-08-23 10:08: Train Epoch 7: 880/1641 Loss: 0.075272
2026-08-23 10:08: Train Epoch 7: 900/1641 Loss: 0.088418
2026-08-23 10:08: Train Epoch 7: 920/1641 Loss: 0.061617
2026-08-23 10:08: Train Epoch 7: 940/1641 Loss: 0.077335
2026-08-23 10:08: Train Epoch 7: 960/1641 Loss: 0.207367
2026-08-23 10:08: Train Epoch 7: 980/1641 Loss: 0.107126
2026-08-23 10:08: Train Epoch 7: 1000/1641 Loss: 0.141704
2026-08-23 10:08: Train Epoch 7: 1020/1641 Loss: 0.102265
2026-08-23 10:08: Train Epoch 7: 1040/1641 Loss: 0.169984
2026-08-23 10:08: Train Epoch 7: 1060/1641 Loss: 0.094731
2026-08-23 10:08: Train Epoch 7: 1080/1641 Loss: 0.112705
2026-08-23 10:08: Train Epoch 7: 1100/1641 Loss: 0.089114
2026-08-23 10:08: Train Epoch 7: 1120/1641 Loss: 0.101163
2026-08-23 10:08: Train Epoch 7: 1140/1641 Loss: 0.111800
2026-08-23 10:08: Train Epoch 7: 1160/1641 Loss: 0.166623
2026-08-23 10:08: Train Epoch 7: 1180/1641 Loss: 0.072164
2026-08-23 10:08: Train Epoch 7: 1200/1641 Loss: 0.130897
2026-08-23 10:09: Train Epoch 7: 1220/1641 Loss: 0.098211
2026-08-23 10:09: Train Epoch 7: 1240/1641 Loss: 0.105272
2026-08-23 10:09: Train Epoch 7: 1260/1641 Loss: 0.098779
2026-08-23 10:09: Train Epoch 7: 1280/1641 Loss: 0.121875
2026-08-23 10:09: Train Epoch 7: 1300/1641 Loss: 0.152136
2026-08-23 10:09: Train Epoch 7: 1320/1641 Loss: 0.061708
2026-08-23 10:09: Train Epoch 7: 1340/1641 Loss: 0.096197
2026-08-23 10:09: Train Epoch 7: 1360/1641 Loss: 0.097033
2026-08-23 10:09: Train Epoch 7: 1380/1641 Loss: 0.167763
2026-08-23 10:09: Train Epoch 7: 1400/1641 Loss: 0.121039
2026-08-23 10:09: Train Epoch 7: 1420/1641 Loss: 0.066092
2026-08-23 10:09: Train Epoch 7: 1440/1641 Loss: 0.108453
2026-08-23 10:09: Train Epoch 7: 1460/1641 Loss: 0.102660
2026-08-23 10:09: Train Epoch 7: 1480/1641 Loss: 0.130157
2026-08-23 10:09: Train Epoch 7: 1500/1641 Loss: 0.072686
2026-08-23 10:09: Train Epoch 7: 1520/1641 Loss: 0.110607
2026-08-23 10:09: Train Epoch 7: 1540/1641 Loss: 0.127151
2026-08-23 10:09: Train Epoch 7: 1560/1641 Loss: 0.111341
2026-08-23 10:09: Train Epoch 7: 1580/1641 Loss: 0.079686
2026-08-23 10:09: Train Epoch 7: 1600/1641 Loss: 0.101168
2026-08-23 10:09: Train Epoch 7: 1620/1641 Loss: 0.076440
2026-08-23 10:09: Train Epoch 7: 1640/1641 Loss: 0.141672
2026-08-23 10:09: **********Train Epoch 7: averaged Loss: 0.102080, tf_ratio: 1.000000
2026-08-23 10:10: **********Val Epoch 7: average Loss: 0.137563
2026-08-23 10:10: Train Epoch 8: 0/1641 Loss: 0.086323
2026-08-23 10:10: Train Epoch 8: 20/1641 Loss: 0.106655
2026-08-23 10:10: Train Epoch 8: 40/1641 Loss: 0.076659
2026-08-23 10:10: Train Epoch 8: 60/1641 Loss: 0.121063
2026-08-23 10:10: Train Epoch 8: 80/1641 Loss: 0.106198
2026-08-23 10:10: Train Epoch 8: 100/1641 Loss: 0.123803
2026-08-23 10:10: Train Epoch 8: 120/1641 Loss: 0.142297
2026-08-23 10:10: Train Epoch 8: 140/1641 Loss: 0.106870
2026-08-23 10:10: Train Epoch 8: 160/1641 Loss: 0.080101
2026-08-23 10:10: Train Epoch 8: 180/1641 Loss: 0.117079
2026-08-23 10:10: Train Epoch 8: 200/1641 Loss: 0.141734
2026-08-23 10:10: Train Epoch 8: 220/1641 Loss: 0.109394
2026-08-23 10:10: Train Epoch 8: 240/1641 Loss: 0.085660
2026-08-23 10:10: Train Epoch 8: 260/1641 Loss: 0.121107
2026-08-23 10:10: Train Epoch 8: 280/1641 Loss: 0.068594
2026-08-23 10:11: Train Epoch 8: 300/1641 Loss: 0.103858
2026-08-23 10:11: Train Epoch 8: 320/1641 Loss: 0.119919
2026-08-23 10:11: Train Epoch 8: 340/1641 Loss: 0.067404
2026-08-23 10:11: Train Epoch 8: 360/1641 Loss: 0.061483
2026-08-23 10:11: Train Epoch 8: 380/1641 Loss: 0.108035
2026-08-23 10:11: Train Epoch 8: 400/1641 Loss: 0.086231
2026-08-23 10:11: Train Epoch 8: 420/1641 Loss: 0.072112
2026-08-23 10:11: Train Epoch 8: 440/1641 Loss: 0.057960
2026-08-23 10:11: Train Epoch 8: 460/1641 Loss: 0.118041
2026-08-23 10:11: Train Epoch 8: 480/1641 Loss: 0.109799
2026-08-23 10:11: Train Epoch 8: 500/1641 Loss: 0.091733
2026-08-23 10:11: Train Epoch 8: 520/1641 Loss: 0.093553
2026-08-23 10:11: Train Epoch 8: 540/1641 Loss: 0.089414
2026-08-23 10:11: Train Epoch 8: 560/1641 Loss: 0.051262
2026-08-23 10:11: Train Epoch 8: 580/1641 Loss: 0.081638
2026-08-23 10:11: Train Epoch 8: 600/1641 Loss: 0.135980
2026-08-23 10:11: Train Epoch 8: 620/1641 Loss: 0.085619
2026-08-23 10:11: Train Epoch 8: 640/1641 Loss: 0.080829
2026-08-23 10:11: Train Epoch 8: 660/1641 Loss: 0.107566
2026-08-23 10:11: Train Epoch 8: 680/1641 Loss: 0.142212
2026-08-23 10:11: Train Epoch 8: 700/1641 Loss: 0.086299
2026-08-23 10:11: Train Epoch 8: 720/1641 Loss: 0.057411
2026-08-23 10:12: Train Epoch 8: 740/1641 Loss: 0.086231
2026-08-23 10:12: Train Epoch 8: 760/1641 Loss: 0.138269
2026-08-23 10:12: Train Epoch 8: 780/1641 Loss: 0.139957
2026-08-23 10:12: Train Epoch 8: 800/1641 Loss: 0.138705
2026-08-23 10:12: Train Epoch 8: 820/1641 Loss: 0.095315
2026-08-23 10:12: Train Epoch 8: 840/1641 Loss: 0.104497
2026-08-23 10:12: Train Epoch 8: 860/1641 Loss: 0.112034
2026-08-23 10:12: Train Epoch 8: 880/1641 Loss: 0.088150
2026-08-23 10:12: Train Epoch 8: 900/1641 Loss: 0.072880
2026-08-23 10:12: Train Epoch 8: 920/1641 Loss: 0.089315
2026-08-23 10:12: Train Epoch 8: 940/1641 Loss: 0.082499
2026-08-23 10:12: Train Epoch 8: 960/1641 Loss: 0.132352
2026-08-23 10:12: Train Epoch 8: 980/1641 Loss: 0.065079
2026-08-23 10:12: Train Epoch 8: 1000/1641 Loss: 0.084420
2026-08-23 10:12: Train Epoch 8: 1020/1641 Loss: 0.104407
2026-08-23 10:12: Train Epoch 8: 1040/1641 Loss: 0.100522
2026-08-23 10:12: Train Epoch 8: 1060/1641 Loss: 0.130684
2026-08-23 10:12: Train Epoch 8: 1080/1641 Loss: 0.124433
2026-08-23 10:12: Train Epoch 8: 1100/1641 Loss: 0.104960
2026-08-23 10:12: Train Epoch 8: 1120/1641 Loss: 0.109452
2026-08-23 10:12: Train Epoch 8: 1140/1641 Loss: 0.130571
2026-08-23 10:12: Train Epoch 8: 1160/1641 Loss: 0.132976
2026-08-23 10:13: Train Epoch 8: 1180/1641 Loss: 0.082234
2026-08-23 10:13: Train Epoch 8: 1200/1641 Loss: 0.082463
2026-08-23 10:13: Train Epoch 8: 1220/1641 Loss: 0.069277
2026-08-23 10:13: Train Epoch 8: 1240/1641 Loss: 0.079574
2026-08-23 10:13: Train Epoch 8: 1260/1641 Loss: 0.079643
2026-08-23 10:13: Train Epoch 8: 1280/1641 Loss: 0.150502
2026-08-23 10:13: Train Epoch 8: 1300/1641 Loss: 0.068298
2026-08-23 10:13: Train Epoch 8: 1320/1641 Loss: 0.109620
2026-08-23 10:13: Train Epoch 8: 1340/1641 Loss: 0.112980
2026-08-23 10:13: Train Epoch 8: 1360/1641 Loss: 0.093954
2026-08-23 10:13: Train Epoch 8: 1380/1641 Loss: 0.057869
2026-08-23 10:13: Train Epoch 8: 1400/1641 Loss: 0.081120
2026-08-23 10:13: Train Epoch 8: 1420/1641 Loss: 0.067664
2026-08-23 10:13: Train Epoch 8: 1440/1641 Loss: 0.205440
2026-08-23 10:13: Train Epoch 8: 1460/1641 Loss: 0.080432
2026-08-23 10:13: Train Epoch 8: 1480/1641 Loss: 0.059620
2026-08-23 10:13: Train Epoch 8: 1500/1641 Loss: 0.115906
2026-08-23 10:13: Train Epoch 8: 1520/1641 Loss: 0.150754
2026-08-23 10:13: Train Epoch 8: 1540/1641 Loss: 0.076800
2026-08-23 10:13: Train Epoch 8: 1560/1641 Loss: 0.080889
2026-08-23 10:13: Train Epoch 8: 1580/1641 Loss: 0.115446
2026-08-23 10:13: Train Epoch 8: 1600/1641 Loss: 0.126426
2026-08-23 10:14: Train Epoch 8: 1620/1641 Loss: 0.098075
2026-08-23 10:14: Train Epoch 8: 1640/1641 Loss: 0.112001
2026-08-23 10:14: **********Train Epoch 8: averaged Loss: 0.102061, tf_ratio: 1.000000
2026-08-23 10:14: **********Val Epoch 8: average Loss: 0.137996
2026-08-23 10:14: Train Epoch 9: 0/1641 Loss: 0.085509
2026-08-23 10:14: Train Epoch 9: 20/1641 Loss: 0.102378
2026-08-23 10:14: Train Epoch 9: 40/1641 Loss: 0.096065
2026-08-23 10:14: Train Epoch 9: 60/1641 Loss: 0.088264
2026-08-23 10:14: Train Epoch 9: 80/1641 Loss: 0.094649
2026-08-23 10:14: Train Epoch 9: 100/1641 Loss: 0.088855
2026-08-23 10:14: Train Epoch 9: 120/1641 Loss: 0.078069
2026-08-23 10:14: Train Epoch 9: 140/1641 Loss: 0.083137
2026-08-23 10:14: Train Epoch 9: 160/1641 Loss: 0.125585
2026-08-23 10:14: Train Epoch 9: 180/1641 Loss: 0.099461
2026-08-23 10:14: Train Epoch 9: 200/1641 Loss: 0.110740
2026-08-23 10:14: Train Epoch 9: 220/1641 Loss: 0.145116
2026-08-23 10:15: Train Epoch 9: 240/1641 Loss: 0.103299
2026-08-23 10:15: Train Epoch 9: 260/1641 Loss: 0.110376
2026-08-23 10:15: Train Epoch 9: 280/1641 Loss: 0.147039
2026-08-23 10:15: Train Epoch 9: 300/1641 Loss: 0.074333
2026-08-23 10:15: Train Epoch 9: 320/1641 Loss: 0.115895
2026-08-23 10:15: Train Epoch 9: 340/1641 Loss: 0.098168
2026-08-23 10:15: Train Epoch 9: 360/1641 Loss: 0.129331
2026-08-23 10:15: Train Epoch 9: 380/1641 Loss: 0.161917
2026-08-23 10:15: Train Epoch 9: 400/1641 Loss: 0.109693
2026-08-23 10:15: Train Epoch 9: 420/1641 Loss: 0.131874
2026-08-23 10:15: Train Epoch 9: 440/1641 Loss: 0.058177
2026-08-23 10:15: Train Epoch 9: 460/1641 Loss: 0.081342
2026-08-23 10:15: Train Epoch 9: 480/1641 Loss: 0.131828
2026-08-23 10:15: Train Epoch 9: 500/1641 Loss: 0.143807
2026-08-23 10:15: Train Epoch 9: 520/1641 Loss: 0.129143
2026-08-23 10:15: Train Epoch 9: 540/1641 Loss: 0.153771
2026-08-23 10:15: Train Epoch 9: 560/1641 Loss: 0.113858
2026-08-23 10:15: Train Epoch 9: 580/1641 Loss: 0.104020
2026-08-23 10:15: Train Epoch 9: 600/1641 Loss: 0.108345
2026-08-23 10:15: Train Epoch 9: 620/1641 Loss: 0.082721
2026-08-23 10:15: Train Epoch 9: 640/1641 Loss: 0.097406
2026-08-23 10:15: Train Epoch 9: 660/1641 Loss: 0.076178
2026-08-23 10:16: Train Epoch 9: 680/1641 Loss: 0.080244
2026-08-23 10:16: Train Epoch 9: 700/1641 Loss: 0.116718
2026-08-23 10:16: Train Epoch 9: 720/1641 Loss: 0.069678
2026-08-23 10:16: Train Epoch 9: 740/1641 Loss: 0.094653
2026-08-23 10:16: Train Epoch 9: 760/1641 Loss: 0.091567
2026-08-23 10:16: Train Epoch 9: 780/1641 Loss: 0.090964
2026-08-23 10:16: Train Epoch 9: 800/1641 Loss: 0.078730
2026-08-23 10:16: Train Epoch 9: 820/1641 Loss: 0.096581
2026-08-23 10:16: Train Epoch 9: 840/1641 Loss: 0.080968
2026-08-23 10:16: Train Epoch 9: 860/1641 Loss: 0.149774
2026-08-23 10:16: Train Epoch 9: 880/1641 Loss: 0.084719
2026-08-23 10:16: Train Epoch 9: 900/1641 Loss: 0.115321
2026-08-23 10:16: Train Epoch 9: 920/1641 Loss: 0.083890
2026-08-23 10:16: Train Epoch 9: 940/1641 Loss: 0.110024
2026-08-23 10:16: Train Epoch 9: 960/1641 Loss: 0.067127
2026-08-23 10:16: Train Epoch 9: 980/1641 Loss: 0.132256
2026-08-23 10:16: Train Epoch 9: 1000/1641 Loss: 0.081621
2026-08-23 10:16: Train Epoch 9: 1020/1641 Loss: 0.090951
2026-08-23 10:16: Train Epoch 9: 1040/1641 Loss: 0.069275
2026-08-23 10:16: Train Epoch 9: 1060/1641 Loss: 0.092383
2026-08-23 10:16: Train Epoch 9: 1080/1641 Loss: 0.120594
2026-08-23 10:16: Train Epoch 9: 1100/1641 Loss: 0.060044
2026-08-23 10:17: Train Epoch 9: 1120/1641 Loss: 0.085899
2026-08-23 10:17: Train Epoch 9: 1140/1641 Loss: 0.105832
2026-08-23 10:17: Train Epoch 9: 1160/1641 Loss: 0.083659
2026-08-23 10:17: Train Epoch 9: 1180/1641 Loss: 0.133245
2026-08-23 10:17: Train Epoch 9: 1200/1641 Loss: 0.118965
2026-08-23 10:17: Train Epoch 9: 1220/1641 Loss: 0.106448
2026-08-23 10:17: Train Epoch 9: 1240/1641 Loss: 0.063512
2026-08-23 10:17: Train Epoch 9: 1260/1641 Loss: 0.083503
2026-08-23 10:17: Train Epoch 9: 1280/1641 Loss: 0.095538
2026-08-23 10:17: Train Epoch 9: 1300/1641 Loss: 0.077109
2026-08-23 10:17: Train Epoch 9: 1320/1641 Loss: 0.102314
2026-08-23 10:17: Train Epoch 9: 1340/1641 Loss: 0.114692
2026-08-23 10:17: Train Epoch 9: 1360/1641 Loss: 0.093564
2026-08-23 10:17: Train Epoch 9: 1380/1641 Loss: 0.092330
2026-08-23 10:17: Train Epoch 9: 1400/1641 Loss: 0.080326
2026-08-23 10:17: Train Epoch 9: 1420/1641 Loss: 0.105134
2026-08-23 10:17: Train Epoch 9: 1440/1641 Loss: 0.120173
2026-08-23 10:17: Train Epoch 9: 1460/1641 Loss: 0.124669
2026-08-23 10:17: Train Epoch 9: 1480/1641 Loss: 0.110502
2026-08-23 10:17: Train Epoch 9: 1500/1641 Loss: 0.127639
2026-08-23 10:17: Train Epoch 9: 1520/1641 Loss: 0.082258
2026-08-23 10:17: Train Epoch 9: 1540/1641 Loss: 0.099050
2026-08-23 10:18: Train Epoch 9: 1560/1641 Loss: 0.119061
2026-08-23 10:18: Train Epoch 9: 1580/1641 Loss: 0.092023
2026-08-23 10:18: Train Epoch 9: 1600/1641 Loss: 0.084531
2026-08-23 10:18: Train Epoch 9: 1620/1641 Loss: 0.106741
2026-08-23 10:18: Train Epoch 9: 1640/1641 Loss: 0.125762
2026-08-23 10:18: **********Train Epoch 9: averaged Loss: 0.102087, tf_ratio: 1.000000
2026-08-23 10:18: **********Val Epoch 9: average Loss: 0.137652
2026-08-23 10:18: Train Epoch 10: 0/1641 Loss: 0.097542
2026-08-23 10:18: Train Epoch 10: 20/1641 Loss: 0.134084
2026-08-23 10:18: Train Epoch 10: 40/1641 Loss: 0.077938
2026-08-23 10:18: Train Epoch 10: 60/1641 Loss: 0.085864
2026-08-23 10:18: Train Epoch 10: 80/1641 Loss: 0.084154
2026-08-23 10:18: Train Epoch 10: 100/1641 Loss: 0.109757
2026-08-23 10:18: Train Epoch 10: 120/1641 Loss: 0.089047
2026-08-23 10:18: Train Epoch 10: 140/1641 Loss: 0.100048
2026-08-23 10:18: Train Epoch 10: 160/1641 Loss: 0.125125
2026-08-23 10:18: Train Epoch 10: 180/1641 Loss: 0.152530
2026-08-23 10:19: Train Epoch 10: 200/1641 Loss: 0.081566
2026-08-23 10:19: Train Epoch 10: 220/1641 Loss: 0.083974
2026-08-23 10:19: Train Epoch 10: 240/1641 Loss: 0.165088
2026-08-23 10:19: Train Epoch 10: 260/1641 Loss: 0.052227
2026-08-23 10:19: Train Epoch 10: 280/1641 Loss: 0.109328
2026-08-23 10:19: Train Epoch 10: 300/1641 Loss: 0.116456
2026-08-23 10:19: Train Epoch 10: 320/1641 Loss: 0.134408
2026-08-23 10:19: Train Epoch 10: 340/1641 Loss: 0.118106
2026-08-23 10:19: Train Epoch 10: 360/1641 Loss: 0.081142
2026-08-23 10:19: Train Epoch 10: 380/1641 Loss: 0.069644
2026-08-23 10:19: Train Epoch 10: 400/1641 Loss: 0.118089
2026-08-23 10:19: Train Epoch 10: 420/1641 Loss: 0.067442
2026-08-23 10:19: Train Epoch 10: 440/1641 Loss: 0.079494
2026-08-23 10:19: Train Epoch 10: 460/1641 Loss: 0.071479
2026-08-23 10:19: Train Epoch 10: 480/1641 Loss: 0.085280
2026-08-23 10:19: Train Epoch 10: 500/1641 Loss: 0.109238
2026-08-23 10:19: Train Epoch 10: 520/1641 Loss: 0.102775
2026-08-23 10:19: Train Epoch 10: 540/1641 Loss: 0.134081
2026-08-23 10:19: Train Epoch 10: 560/1641 Loss: 0.094512
2026-08-23 10:19: Train Epoch 10: 580/1641 Loss: 0.042672
2026-08-23 10:19: Train Epoch 10: 600/1641 Loss: 0.137181
2026-08-23 10:19: Train Epoch 10: 620/1641 Loss: 0.103739
2026-08-23 10:20: Train Epoch 10: 640/1641 Loss: 0.117329
2026-08-23 10:20: Train Epoch 10: 660/1641 Loss: 0.070868
2026-08-23 10:20: Train Epoch 10: 680/1641 Loss: 0.083829
2026-08-23 10:20: Train Epoch 10: 700/1641 Loss: 0.140359
2026-08-23 10:20: Train Epoch 10: 720/1641 Loss: 0.152511
2026-08-23 10:20: Train Epoch 10: 740/1641 Loss: 0.126278
2026-08-23 10:20: Train Epoch 10: 760/1641 Loss: 0.086092
2026-08-23 10:20: Train Epoch 10: 780/1641 Loss: 0.099085
2026-08-23 10:20: Train Epoch 10: 800/1641 Loss: 0.074014
2026-08-23 10:20: Train Epoch 10: 820/1641 Loss: 0.103632
2026-08-23 10:20: Train Epoch 10: 840/1641 Loss: 0.106623
2026-08-23 10:20: Train Epoch 10: 860/1641 Loss: 0.056155
2026-08-23 10:20: Train Epoch 10: 880/1641 Loss: 0.106803
2026-08-23 10:20: Train Epoch 10: 900/1641 Loss: 0.063954
2026-08-23 10:20: Train Epoch 10: 920/1641 Loss: 0.092244
2026-08-23 10:20: Train Epoch 10: 940/1641 Loss: 0.086282
2026-08-23 10:20: Train Epoch 10: 960/1641 Loss: 0.113840
2026-08-23 10:20: Train Epoch 10: 980/1641 Loss: 0.071844
2026-08-23 10:20: Train Epoch 10: 1000/1641 Loss: 0.112154
2026-08-23 10:20: Train Epoch 10: 1020/1641 Loss: 0.148521
2026-08-23 10:20: Train Epoch 10: 1040/1641 Loss: 0.071550
2026-08-23 10:21: Train Epoch 10: 1060/1641 Loss: 0.111483
2026-08-23 10:21: Train Epoch 10: 1080/1641 Loss: 0.115534
2026-08-23 10:21: Train Epoch 10: 1100/1641 Loss: 0.067847
2026-08-23 10:21: Train Epoch 10: 1120/1641 Loss: 0.141482
2026-08-23 10:21: Train Epoch 10: 1140/1641 Loss: 0.166978
2026-08-23 10:21: Train Epoch 10: 1160/1641 Loss: 0.075816
2026-08-23 10:21: Train Epoch 10: 1180/1641 Loss: 0.106027
2026-08-23 10:21: Train Epoch 10: 1200/1641 Loss: 0.089671
2026-08-23 10:21: Train Epoch 10: 1220/1641 Loss: 0.138639
2026-08-23 10:21: Train Epoch 10: 1240/1641 Loss: 0.187148
2026-08-23 10:21: Train Epoch 10: 1260/1641 Loss: 0.123755
2026-08-23 10:21: Train Epoch 10: 1280/1641 Loss: 0.086289
2026-08-23 10:21: Train Epoch 10: 1300/1641 Loss: 0.158390
2026-08-23 10:21: Train Epoch 10: 1320/1641 Loss: 0.114605
2026-08-23 10:21: Train Epoch 10: 1340/1641 Loss: 0.124618
2026-08-23 10:21: Train Epoch 10: 1360/1641 Loss: 0.072448
2026-08-23 10:21: Train Epoch 10: 1380/1641 Loss: 0.089202
2026-08-23 10:21: Train Epoch 10: 1400/1641 Loss: 0.098140
2026-08-23 10:21: Train Epoch 10: 1420/1641 Loss: 0.111763
2026-08-23 10:21: Train Epoch 10: 1440/1641 Loss: 0.083591
2026-08-23 10:21: Train Epoch 10: 1460/1641 Loss: 0.070170
2026-08-23 10:22: Train Epoch 10: 1480/1641 Loss: 0.128897
2026-08-23 10:22: Train Epoch 10: 1500/1641 Loss: 0.111778
2026-08-23 10:22: Train Epoch 10: 1520/1641 Loss: 0.095534
2026-08-23 10:22: Train Epoch 10: 1540/1641 Loss: 0.086338
2026-08-23 10:22: Train Epoch 10: 1560/1641 Loss: 0.116557
2026-08-23 10:22: Train Epoch 10: 1580/1641 Loss: 0.098472
2026-08-23 10:22: Train Epoch 10: 1600/1641 Loss: 0.071706
2026-08-23 10:22: Train Epoch 10: 1620/1641 Loss: 0.109887
2026-08-23 10:22: Train Epoch 10: 1640/1641 Loss: 0.079681
2026-08-23 10:22: **********Train Epoch 10: averaged Loss: 0.102112, tf_ratio: 1.000000
2026-08-23 10:22: **********Val Epoch 10: average Loss: 0.137964
2026-08-23 10:22: Train Epoch 11: 0/1641 Loss: 0.113273
2026-08-23 10:22: Train Epoch 11: 20/1641 Loss: 0.146100
2026-08-23 10:22: Train Epoch 11: 40/1641 Loss: 0.159155
2026-08-23 10:22: Train Epoch 11: 60/1641 Loss: 0.069047
2026-08-23 10:22: Train Epoch 11: 80/1641 Loss: 0.116145
2026-08-23 10:22: Train Epoch 11: 100/1641 Loss: 0.053264
2026-08-23 10:23: Train Epoch 11: 120/1641 Loss: 0.135805
2026-08-23 10:23: Train Epoch 11: 140/1641 Loss: 0.111226
2026-08-23 10:23: Train Epoch 11: 160/1641 Loss: 0.091374
2026-08-23 10:23: Train Epoch 11: 180/1641 Loss: 0.132258
2026-08-23 10:23: Train Epoch 11: 200/1641 Loss: 0.066240
2026-08-23 10:23: Train Epoch 11: 220/1641 Loss: 0.094979
2026-08-23 10:23: Train Epoch 11: 240/1641 Loss: 0.104381
2026-08-23 10:23: Train Epoch 11: 260/1641 Loss: 0.141289
2026-08-23 10:23: Train Epoch 11: 280/1641 Loss: 0.135266
2026-08-23 10:23: Train Epoch 11: 300/1641 Loss: 0.153299
2026-08-23 10:23: Train Epoch 11: 320/1641 Loss: 0.061550
2026-08-23 10:23: Train Epoch 11: 340/1641 Loss: 0.127071
2026-08-23 10:23: Train Epoch 11: 360/1641 Loss: 0.076524
2026-08-23 10:23: Train Epoch 11: 380/1641 Loss: 0.113884
2026-08-23 10:23: Train Epoch 11: 400/1641 Loss: 0.122873
2026-08-23 10:23: Train Epoch 11: 420/1641 Loss: 0.087452
2026-08-23 10:23: Train Epoch 11: 440/1641 Loss: 0.085478
2026-08-23 10:23: Train Epoch 11: 460/1641 Loss: 0.085309
2026-08-23 10:23: Train Epoch 11: 480/1641 Loss: 0.065416
2026-08-23 10:23: Train Epoch 11: 500/1641 Loss: 0.092408
2026-08-23 10:23: Train Epoch 11: 520/1641 Loss: 0.125634
2026-08-23 10:24: Train Epoch 11: 540/1641 Loss: 0.079203
2026-08-23 10:24: Train Epoch 11: 560/1641 Loss: 0.122735
2026-08-23 10:24: Train Epoch 11: 580/1641 Loss: 0.089544
2026-08-23 10:24: Train Epoch 11: 600/1641 Loss: 0.132664
2026-08-23 10:24: Train Epoch 11: 620/1641 Loss: 0.139548
2026-08-23 10:24: Train Epoch 11: 640/1641 Loss: 0.077268
2026-08-23 10:24: Train Epoch 11: 660/1641 Loss: 0.055601
2026-08-23 10:24: Train Epoch 11: 680/1641 Loss: 0.086482
2026-08-23 10:24: Train Epoch 11: 700/1641 Loss: 0.111978
2026-08-23 10:24: Train Epoch 11: 720/1641 Loss: 0.114012
2026-08-23 10:24: Train Epoch 11: 740/1641 Loss: 0.062896
2026-08-23 10:24: Train Epoch 11: 760/1641 Loss: 0.090685
2026-08-23 10:24: Train Epoch 11: 780/1641 Loss: 0.100714
2026-08-23 10:24: Train Epoch 11: 800/1641 Loss: 0.066933
2026-08-23 10:24: Train Epoch 11: 820/1641 Loss: 0.104654
2026-08-23 10:24: Train Epoch 11: 840/1641 Loss: 0.095714
2026-08-23 10:24: Train Epoch 11: 860/1641 Loss: 0.071275
2026-08-23 10:24: Train Epoch 11: 880/1641 Loss: 0.105718
2026-08-23 10:24: Train Epoch 11: 900/1641 Loss: 0.099258
2026-08-23 10:24: Train Epoch 11: 920/1641 Loss: 0.106273
2026-08-23 10:24: Train Epoch 11: 940/1641 Loss: 0.092698
2026-08-23 10:25: Train Epoch 11: 960/1641 Loss: 0.099554
2026-08-23 10:25: Train Epoch 11: 980/1641 Loss: 0.075975
2026-08-23 10:25: Train Epoch 11: 1000/1641 Loss: 0.096368
2026-08-23 10:25: Train Epoch 11: 1020/1641 Loss: 0.098179
2026-08-23 10:25: Train Epoch 11: 1040/1641 Loss: 0.144109
2026-08-23 10:25: Train Epoch 11: 1060/1641 Loss: 0.068009
2026-08-23 10:25: Train Epoch 11: 1080/1641 Loss: 0.080995
2026-08-23 10:25: Train Epoch 11: 1100/1641 Loss: 0.133271
2026-08-23 10:25: Train Epoch 11: 1120/1641 Loss: 0.110155
2026-08-23 10:25: Train Epoch 11: 1140/1641 Loss: 0.091593
2026-08-23 10:25: Train Epoch 11: 1160/1641 Loss: 0.121982
2026-08-23 10:25: Train Epoch 11: 1180/1641 Loss: 0.116097
2026-08-23 10:25: Train Epoch 11: 1200/1641 Loss: 0.108448
2026-08-23 10:25: Train Epoch 11: 1220/1641 Loss: 0.105304
2026-08-23 10:25: Train Epoch 11: 1240/1641 Loss: 0.083116
2026-08-23 10:25: Train Epoch 11: 1260/1641 Loss: 0.087813
2026-08-23 10:25: Train Epoch 11: 1280/1641 Loss: 0.090782
2026-08-23 10:25: Train Epoch 11: 1300/1641 Loss: 0.093655
2026-08-23 10:25: Train Epoch 11: 1320/1641 Loss: 0.139788
2026-08-23 10:25: Train Epoch 11: 1340/1641 Loss: 0.108914
2026-08-23 10:25: Train Epoch 11: 1360/1641 Loss: 0.113994
2026-08-23 10:25: Train Epoch 11: 1380/1641 Loss: 0.089938
2026-08-23 10:25: Train Epoch 11: 1400/1641 Loss: 0.099000
2026-08-23 10:26: Train Epoch 11: 1420/1641 Loss: 0.079560
2026-08-23 10:26: Train Epoch 11: 1440/1641 Loss: 0.171083
2026-08-23 10:26: Train Epoch 11: 1460/1641 Loss: 0.111739
2026-08-23 10:26: Train Epoch 11: 1480/1641 Loss: 0.122965
2026-08-23 10:26: Train Epoch 11: 1500/1641 Loss: 0.123236
2026-08-23 10:26: Train Epoch 11: 1520/1641 Loss: 0.073934
2026-08-23 10:26: Train Epoch 11: 1540/1641 Loss: 0.122163
2026-08-23 10:26: Train Epoch 11: 1560/1641 Loss: 0.066164
2026-08-23 10:26: Train Epoch 11: 1580/1641 Loss: 0.032587
2026-08-23 10:26: Train Epoch 11: 1600/1641 Loss: 0.090334
2026-08-23 10:26: Train Epoch 11: 1620/1641 Loss: 0.116475
2026-08-23 10:26: Train Epoch 11: 1640/1641 Loss: 0.067273
2026-08-23 10:26: **********Train Epoch 11: averaged Loss: 0.102089, tf_ratio: 1.000000
2026-08-23 10:26: **********Val Epoch 11: average Loss: 0.137661
2026-08-23 10:26: Train Epoch 12: 0/1641 Loss: 0.048480
2026-08-23 10:26: Train Epoch 12: 20/1641 Loss: 0.094356
2026-08-23 10:26: Train Epoch 12: 40/1641 Loss: 0.078793
2026-08-23 10:27: Train Epoch 12: 60/1641 Loss: 0.115394
2026-08-23 10:27: Train Epoch 12: 80/1641 Loss: 0.097786
2026-08-23 10:27: Train Epoch 12: 100/1641 Loss: 0.088821
2026-08-23 10:27: Train Epoch 12: 120/1641 Loss: 0.125625
2026-08-23 10:27: Train Epoch 12: 140/1641 Loss: 0.120029
2026-08-23 10:27: Train Epoch 12: 160/1641 Loss: 0.120768
2026-08-23 10:27: Train Epoch 12: 180/1641 Loss: 0.110069
2026-08-23 10:27: Train Epoch 12: 200/1641 Loss: 0.090889
2026-08-23 10:27: Train Epoch 12: 220/1641 Loss: 0.105389
2026-08-23 10:27: Train Epoch 12: 240/1641 Loss: 0.141441
2026-08-23 10:27: Train Epoch 12: 260/1641 Loss: 0.087631
2026-08-23 10:27: Train Epoch 12: 280/1641 Loss: 0.098656
2026-08-23 10:27: Train Epoch 12: 300/1641 Loss: 0.130838
2026-08-23 10:27: Train Epoch 12: 320/1641 Loss: 0.094451
2026-08-23 10:27: Train Epoch 12: 340/1641 Loss: 0.077877
2026-08-23 10:27: Train Epoch 12: 360/1641 Loss: 0.066628
2026-08-23 10:27: Train Epoch 12: 380/1641 Loss: 0.066129
2026-08-23 10:27: Train Epoch 12: 400/1641 Loss: 0.084071
2026-08-23 10:27: Train Epoch 12: 420/1641 Loss: 0.107753
2026-08-23 10:27: Train Epoch 12: 440/1641 Loss: 0.060777
2026-08-23 10:27: Train Epoch 12: 460/1641 Loss: 0.101895
2026-08-23 10:27: Train Epoch 12: 480/1641 Loss: 0.093923
2026-08-23 10:28: Train Epoch 12: 500/1641 Loss: 0.134280
2026-08-23 10:28: Train Epoch 12: 520/1641 Loss: 0.108771
2026-08-23 10:28: Train Epoch 12: 540/1641 Loss: 0.122128
2026-08-23 10:28: Train Epoch 12: 560/1641 Loss: 0.104537
2026-08-23 10:28: Train Epoch 12: 580/1641 Loss: 0.107390
2026-08-23 10:28: Train Epoch 12: 600/1641 Loss: 0.090930
2026-08-23 10:28: Train Epoch 12: 620/1641 Loss: 0.098865
2026-08-23 10:28: Train Epoch 12: 640/1641 Loss: 0.113014
2026-08-23 10:28: Train Epoch 12: 660/1641 Loss: 0.065688
2026-08-23 10:28: Train Epoch 12: 680/1641 Loss: 0.083623
2026-08-23 10:28: Train Epoch 12: 700/1641 Loss: 0.135935
2026-08-23 10:28: Train Epoch 12: 720/1641 Loss: 0.115038
2026-08-23 10:28: Train Epoch 12: 740/1641 Loss: 0.107436
2026-08-23 10:28: Train Epoch 12: 760/1641 Loss: 0.133045
2026-08-23 10:28: Train Epoch 12: 780/1641 Loss: 0.057593
2026-08-23 10:28: Train Epoch 12: 800/1641 Loss: 0.039698
2026-08-23 10:28: Train Epoch 12: 820/1641 Loss: 0.078788
2026-08-23 10:28: Train Epoch 12: 840/1641 Loss: 0.057086
2026-08-23 10:28: Train Epoch 12: 860/1641 Loss: 0.115614
2026-08-23 10:28: Train Epoch 12: 880/1641 Loss: 0.136353
2026-08-23 10:28: Train Epoch 12: 900/1641 Loss: 0.080651
2026-08-23 10:28: Train Epoch 12: 920/1641 Loss: 0.096773
2026-08-23 10:28: Train Epoch 12: 940/1641 Loss: 0.095764
2026-08-23 10:29: Train Epoch 12: 960/1641 Loss: 0.061721
2026-08-23 10:29: Train Epoch 12: 980/1641 Loss: 0.137630
2026-08-23 10:29: Train Epoch 12: 1000/1641 Loss: 0.145982
2026-08-23 10:29: Train Epoch 12: 1020/1641 Loss: 0.091474
2026-08-23 10:29: Train Epoch 12: 1040/1641 Loss: 0.095362
2026-08-23 10:29: Train Epoch 12: 1060/1641 Loss: 0.131669
2026-08-23 10:29: Train Epoch 12: 1080/1641 Loss: 0.065423
2026-08-23 10:29: Train Epoch 12: 1100/1641 Loss: 0.070345
2026-08-23 10:29: Train Epoch 12: 1120/1641 Loss: 0.092511
2026-08-23 10:29: Train Epoch 12: 1140/1641 Loss: 0.115135
2026-08-23 10:29: Train Epoch 12: 1160/1641 Loss: 0.092740
2026-08-23 10:29: Train Epoch 12: 1180/1641 Loss: 0.120156
2026-08-23 10:29: Train Epoch 12: 1200/1641 Loss: 0.075704
2026-08-23 10:29: Train Epoch 12: 1220/1641 Loss: 0.121857
2026-08-23 10:29: Train Epoch 12: 1240/1641 Loss: 0.098669
2026-08-23 10:29: Train Epoch 12: 1260/1641 Loss: 0.081598
2026-08-23 10:29: Train Epoch 12: 1280/1641 Loss: 0.134437
2026-08-23 10:29: Train Epoch 12: 1300/1641 Loss: 0.102562
2026-08-23 10:29: Train Epoch 12: 1320/1641 Loss: 0.095822
2026-08-23 10:29: Train Epoch 12: 1340/1641 Loss: 0.124305
2026-08-23 10:29: Train Epoch 12: 1360/1641 Loss: 0.088028
2026-08-23 10:30: Train Epoch 12: 1380/1641 Loss: 0.079930
2026-08-23 10:30: Train Epoch 12: 1400/1641 Loss: 0.073965
2026-08-23 10:30: Train Epoch 12: 1420/1641 Loss: 0.116668
2026-08-23 10:30: Train Epoch 12: 1440/1641 Loss: 0.138529
2026-08-23 10:30: Train Epoch 12: 1460/1641 Loss: 0.089963
2026-08-23 10:30: Train Epoch 12: 1480/1641 Loss: 0.041778
2026-08-23 10:30: Train Epoch 12: 1500/1641 Loss: 0.084813
2026-08-23 10:30: Train Epoch 12: 1520/1641 Loss: 0.094381
2026-08-23 10:30: Train Epoch 12: 1540/1641 Loss: 0.056298
2026-08-23 10:30: Train Epoch 12: 1560/1641 Loss: 0.148510
2026-08-23 10:30: Train Epoch 12: 1580/1641 Loss: 0.111965
2026-08-23 10:30: Train Epoch 12: 1600/1641 Loss: 0.111043
2026-08-23 10:30: Train Epoch 12: 1620/1641 Loss: 0.084599
2026-08-23 10:30: Train Epoch 12: 1640/1641 Loss: 0.100795
2026-08-23 10:30: **********Train Epoch 12: averaged Loss: 0.102097, tf_ratio: 1.000000
2026-08-23 10:30: **********Val Epoch 12: average Loss: 0.137630
2026-08-23 10:30: Train Epoch 13: 0/1641 Loss: 0.095821
2026-08-23 10:30: Train Epoch 13: 20/1641 Loss: 0.090527
2026-08-23 10:31: Train Epoch 13: 40/1641 Loss: 0.104110
2026-08-23 10:31: Train Epoch 13: 60/1641 Loss: 0.095381
2026-08-23 10:31: Train Epoch 13: 80/1641 Loss: 0.037612
2026-08-23 10:31: Train Epoch 13: 100/1641 Loss: 0.096125
2026-08-23 10:31: Train Epoch 13: 120/1641 Loss: 0.098561
2026-08-23 10:31: Train Epoch 13: 140/1641 Loss: 0.093246
2026-08-23 10:31: Train Epoch 13: 160/1641 Loss: 0.055272
2026-08-23 10:31: Train Epoch 13: 180/1641 Loss: 0.134316
2026-08-23 10:31: Train Epoch 13: 200/1641 Loss: 0.118444
2026-08-23 10:31: Train Epoch 13: 220/1641 Loss: 0.109911
2026-08-23 10:31: Train Epoch 13: 240/1641 Loss: 0.104308
2026-08-23 10:31: Train Epoch 13: 260/1641 Loss: 0.085360
2026-08-23 10:31: Train Epoch 13: 280/1641 Loss: 0.077306
2026-08-23 10:31: Train Epoch 13: 300/1641 Loss: 0.051491
2026-08-23 10:31: Train Epoch 13: 320/1641 Loss: 0.109016
2026-08-23 10:31: Train Epoch 13: 340/1641 Loss: 0.068400
2026-08-23 10:31: Train Epoch 13: 360/1641 Loss: 0.081554
2026-08-23 10:31: Train Epoch 13: 380/1641 Loss: 0.198163
2026-08-23 10:31: Train Epoch 13: 400/1641 Loss: 0.083623
2026-08-23 10:31: Train Epoch 13: 420/1641 Loss: 0.093950
2026-08-23 10:31: Train Epoch 13: 440/1641 Loss: 0.133605
2026-08-23 10:31: Train Epoch 13: 460/1641 Loss: 0.172754
2026-08-23 10:32: Train Epoch 13: 480/1641 Loss: 0.087129
2026-08-23 10:32: Train Epoch 13: 500/1641 Loss: 0.038080
2026-08-23 10:32: Train Epoch 13: 520/1641 Loss: 0.090621
2026-08-23 10:32: Train Epoch 13: 540/1641 Loss: 0.133762
2026-08-23 10:32: Train Epoch 13: 560/1641 Loss: 0.080606
2026-08-23 10:32: Train Epoch 13: 580/1641 Loss: 0.057294
2026-08-23 10:32: Train Epoch 13: 600/1641 Loss: 0.064371
2026-08-23 10:32: Train Epoch 13: 620/1641 Loss: 0.069578
2026-08-23 10:32: Train Epoch 13: 640/1641 Loss: 0.082159
2026-08-23 10:32: Train Epoch 13: 660/1641 Loss: 0.072040
2026-08-23 10:32: Train Epoch 13: 680/1641 Loss: 0.082523
2026-08-23 10:32: Train Epoch 13: 700/1641 Loss: 0.088706
2026-08-23 10:32: Train Epoch 13: 720/1641 Loss: 0.093161
2026-08-23 10:32: Train Epoch 13: 740/1641 Loss: 0.114413
2026-08-23 10:32: Train Epoch 13: 760/1641 Loss: 0.076376
2026-08-23 10:32: Train Epoch 13: 780/1641 Loss: 0.109645
2026-08-23 10:32: Train Epoch 13: 800/1641 Loss: 0.102377
2026-08-23 10:32: Train Epoch 13: 820/1641 Loss: 0.109496
2026-08-23 10:32: Train Epoch 13: 840/1641 Loss: 0.129558
2026-08-23 10:32: Train Epoch 13: 860/1641 Loss: 0.119085
2026-08-23 10:32: Train Epoch 13: 880/1641 Loss: 0.126432
2026-08-23 10:32: Train Epoch 13: 900/1641 Loss: 0.051610
2026-08-23 10:32: Train Epoch 13: 920/1641 Loss: 0.157649
2026-08-23 10:33: Train Epoch 13: 940/1641 Loss: 0.131837
2026-08-23 10:33: Train Epoch 13: 960/1641 Loss: 0.122795
2026-08-23 10:33: Train Epoch 13: 980/1641 Loss: 0.053101
2026-08-23 10:33: Train Epoch 13: 1000/1641 Loss: 0.083625
2026-08-23 10:33: Train Epoch 13: 1020/1641 Loss: 0.115014
2026-08-23 10:33: Train Epoch 13: 1040/1641 Loss: 0.179066
2026-08-23 10:33: Train Epoch 13: 1060/1641 Loss: 0.163231
2026-08-23 10:33: Train Epoch 13: 1080/1641 Loss: 0.107596
2026-08-23 10:33: Train Epoch 13: 1100/1641 Loss: 0.113456
2026-08-23 10:33: Train Epoch 13: 1120/1641 Loss: 0.071520
2026-08-23 10:33: Train Epoch 13: 1140/1641 Loss: 0.133140
2026-08-23 10:33: Train Epoch 13: 1160/1641 Loss: 0.119297
2026-08-23 10:33: Train Epoch 13: 1180/1641 Loss: 0.172866
2026-08-23 10:33: Train Epoch 13: 1200/1641 Loss: 0.073071
2026-08-23 10:33: Train Epoch 13: 1220/1641 Loss: 0.094456
2026-08-23 10:33: Train Epoch 13: 1240/1641 Loss: 0.118568
2026-08-23 10:33: Train Epoch 13: 1260/1641 Loss: 0.096897
2026-08-23 10:33: Train Epoch 13: 1280/1641 Loss: 0.090385
2026-08-23 10:33: Train Epoch 13: 1300/1641 Loss: 0.107262
2026-08-23 10:33: Train Epoch 13: 1320/1641 Loss: 0.102669
2026-08-23 10:33: Train Epoch 13: 1340/1641 Loss: 0.104663
2026-08-23 10:33: Train Epoch 13: 1360/1641 Loss: 0.080261
2026-08-23 10:33: Train Epoch 13: 1380/1641 Loss: 0.121133
2026-08-23 10:34: Train Epoch 13: 1400/1641 Loss: 0.070908
2026-08-23 10:34: Train Epoch 13: 1420/1641 Loss: 0.094702
2026-08-23 10:34: Train Epoch 13: 1440/1641 Loss: 0.112586
2026-08-23 10:34: Train Epoch 13: 1460/1641 Loss: 0.082782
2026-08-23 10:34: Train Epoch 13: 1480/1641 Loss: 0.114006
2026-08-23 10:34: Train Epoch 13: 1500/1641 Loss: 0.057727
2026-08-23 10:34: Train Epoch 13: 1520/1641 Loss: 0.098909
2026-08-23 10:34: Train Epoch 13: 1540/1641 Loss: 0.111807
2026-08-23 10:34: Train Epoch 13: 1560/1641 Loss: 0.107498
2026-08-23 10:34: Train Epoch 13: 1580/1641 Loss: 0.118592
2026-08-23 10:34: Train Epoch 13: 1600/1641 Loss: 0.088712
2026-08-23 10:34: Train Epoch 13: 1620/1641 Loss: 0.142379
2026-08-23 10:34: Train Epoch 13: 1640/1641 Loss: 0.117316
2026-08-23 10:34: **********Train Epoch 13: averaged Loss: 0.102091, tf_ratio: 1.000000
2026-08-23 10:34: **********Val Epoch 13: average Loss: 0.137820
2026-08-23 10:34: Train Epoch 14: 0/1641 Loss: 0.090887
2026-08-23 10:34: Train Epoch 14: 20/1641 Loss: 0.117046
2026-08-23 10:35: Train Epoch 14: 40/1641 Loss: 0.094862
2026-08-23 10:35: Train Epoch 14: 60/1641 Loss: 0.092784
2026-08-23 10:35: Train Epoch 14: 80/1641 Loss: 0.166805
2026-08-23 10:35: Train Epoch 14: 100/1641 Loss: 0.065878
2026-08-23 10:35: Train Epoch 14: 120/1641 Loss: 0.076542
2026-08-23 10:35: Train Epoch 14: 140/1641 Loss: 0.164708
2026-08-23 10:35: Train Epoch 14: 160/1641 Loss: 0.095686
2026-08-23 10:35: Train Epoch 14: 180/1641 Loss: 0.142458
2026-08-23 10:35: Train Epoch 14: 200/1641 Loss: 0.105470
2026-08-23 10:35: Train Epoch 14: 220/1641 Loss: 0.076709
2026-08-23 10:35: Train Epoch 14: 240/1641 Loss: 0.177147
2026-08-23 10:35: Train Epoch 14: 260/1641 Loss: 0.047966
2026-08-23 10:35: Train Epoch 14: 280/1641 Loss: 0.157619
2026-08-23 10:35: Train Epoch 14: 300/1641 Loss: 0.054809
2026-08-23 10:35: Train Epoch 14: 320/1641 Loss: 0.155016
2026-08-23 10:35: Train Epoch 14: 340/1641 Loss: 0.072363
2026-08-23 10:35: Train Epoch 14: 360/1641 Loss: 0.150229
2026-08-23 10:35: Train Epoch 14: 380/1641 Loss: 0.104077
2026-08-23 10:35: Train Epoch 14: 400/1641 Loss: 0.103009
2026-08-23 10:35: Train Epoch 14: 420/1641 Loss: 0.080342
2026-08-23 10:35: Train Epoch 14: 440/1641 Loss: 0.074566
2026-08-23 10:35: Train Epoch 14: 460/1641 Loss: 0.101449
2026-08-23 10:35: Train Epoch 14: 480/1641 Loss: 0.095988
2026-08-23 10:36: Train Epoch 14: 500/1641 Loss: 0.119228
2026-08-23 10:36: Train Epoch 14: 520/1641 Loss: 0.103151
2026-08-23 10:36: Train Epoch 14: 540/1641 Loss: 0.066489
2026-08-23 10:36: Train Epoch 14: 560/1641 Loss: 0.129901
2026-08-23 10:36: Train Epoch 14: 580/1641 Loss: 0.098043
2026-08-23 10:36: Train Epoch 14: 600/1641 Loss: 0.108296
2026-08-23 10:36: Train Epoch 14: 620/1641 Loss: 0.083867
2026-08-23 10:36: Train Epoch 14: 640/1641 Loss: 0.070803
2026-08-23 10:36: Train Epoch 14: 660/1641 Loss: 0.135810
2026-08-23 10:36: Train Epoch 14: 680/1641 Loss: 0.078917
2026-08-23 10:36: Train Epoch 14: 700/1641 Loss: 0.083481
2026-08-23 10:36: Train Epoch 14: 720/1641 Loss: 0.094723
2026-08-23 10:36: Train Epoch 14: 740/1641 Loss: 0.081885
2026-08-23 10:36: Train Epoch 14: 760/1641 Loss: 0.148154
2026-08-23 10:36: Train Epoch 14: 780/1641 Loss: 0.114358
2026-08-23 10:36: Train Epoch 14: 800/1641 Loss: 0.106632
2026-08-23 10:36: Train Epoch 14: 820/1641 Loss: 0.126963
2026-08-23 10:36: Train Epoch 14: 840/1641 Loss: 0.097578
2026-08-23 10:36: Train Epoch 14: 860/1641 Loss: 0.092864
2026-08-23 10:36: Train Epoch 14: 880/1641 Loss: 0.121387
2026-08-23 10:36: Train Epoch 14: 900/1641 Loss: 0.047804
2026-08-23 10:36: Train Epoch 14: 920/1641 Loss: 0.136334
2026-08-23 10:37: Train Epoch 14: 940/1641 Loss: 0.118098
2026-08-23 10:37: Train Epoch 14: 960/1641 Loss: 0.106764
2026-08-23 10:37: Train Epoch 14: 980/1641 Loss: 0.098011
2026-08-23 10:37: Train Epoch 14: 1000/1641 Loss: 0.090816
2026-08-23 10:37: Train Epoch 14: 1020/1641 Loss: 0.125168
2026-08-23 10:37: Train Epoch 14: 1040/1641 Loss: 0.107319
2026-08-23 10:37: Train Epoch 14: 1060/1641 Loss: 0.099383
2026-08-23 10:37: Train Epoch 14: 1080/1641 Loss: 0.107556
2026-08-23 10:37: Train Epoch 14: 1100/1641 Loss: 0.082751
2026-08-23 10:37: Train Epoch 14: 1120/1641 Loss: 0.078519
2026-08-23 10:37: Train Epoch 14: 1140/1641 Loss: 0.106100
2026-08-23 10:37: Train Epoch 14: 1160/1641 Loss: 0.083451
2026-08-23 10:37: Train Epoch 14: 1180/1641 Loss: 0.097734
2026-08-23 10:37: Train Epoch 14: 1200/1641 Loss: 0.091538
2026-08-23 10:37: Train Epoch 14: 1220/1641 Loss: 0.082365
2026-08-23 10:37: Train Epoch 14: 1240/1641 Loss: 0.128559
2026-08-23 10:37: Train Epoch 14: 1260/1641 Loss: 0.125658
2026-08-23 10:37: Train Epoch 14: 1280/1641 Loss: 0.104718
2026-08-23 10:37: Train Epoch 14: 1300/1641 Loss: 0.114396
2026-08-23 10:37: Train Epoch 14: 1320/1641 Loss: 0.098090
2026-08-23 10:37: Train Epoch 14: 1340/1641 Loss: 0.112790
2026-08-23 10:37: Train Epoch 14: 1360/1641 Loss: 0.120134
2026-08-23 10:37: Train Epoch 14: 1380/1641 Loss: 0.123693
2026-08-23 10:38: Train Epoch 14: 1400/1641 Loss: 0.098416
2026-08-23 10:38: Train Epoch 14: 1420/1641 Loss: 0.063727
2026-08-23 10:38: Train Epoch 14: 1440/1641 Loss: 0.124625
2026-08-23 10:38: Train Epoch 14: 1460/1641 Loss: 0.114514
2026-08-23 10:38: Train Epoch 14: 1480/1641 Loss: 0.083647
2026-08-23 10:38: Train Epoch 14: 1500/1641 Loss: 0.071352
2026-08-23 10:38: Train Epoch 14: 1520/1641 Loss: 0.130345
2026-08-23 10:38: Train Epoch 14: 1540/1641 Loss: 0.061693
2026-08-23 10:38: Train Epoch 14: 1560/1641 Loss: 0.083066
2026-08-23 10:38: Train Epoch 14: 1580/1641 Loss: 0.070794
2026-08-23 10:38: Train Epoch 14: 1600/1641 Loss: 0.087852
2026-08-23 10:38: Train Epoch 14: 1620/1641 Loss: 0.095523
2026-08-23 10:38: Train Epoch 14: 1640/1641 Loss: 0.141804
2026-08-23 10:38: **********Train Epoch 14: averaged Loss: 0.102080, tf_ratio: 1.000000
2026-08-23 10:38: **********Val Epoch 14: average Loss: 0.137938
2026-08-23 10:38: Train Epoch 15: 0/1641 Loss: 0.084029
2026-08-23 10:38: Train Epoch 15: 20/1641 Loss: 0.090330
2026-08-23 10:38: Train Epoch 15: 40/1641 Loss: 0.081719
2026-08-23 10:38: Train Epoch 15: 60/1641 Loss: 0.095509
2026-08-23 10:39: Train Epoch 15: 80/1641 Loss: 0.086845
2026-08-23 10:39: Train Epoch 15: 100/1641 Loss: 0.108033
2026-08-23 10:39: Train Epoch 15: 120/1641 Loss: 0.124405
2026-08-23 10:39: Train Epoch 15: 140/1641 Loss: 0.116003
2026-08-23 10:39: Train Epoch 15: 160/1641 Loss: 0.104962
2026-08-23 10:39: Train Epoch 15: 180/1641 Loss: 0.135496
2026-08-23 10:39: Train Epoch 15: 200/1641 Loss: 0.094464
2026-08-23 10:39: Train Epoch 15: 220/1641 Loss: 0.126696
2026-08-23 10:39: Train Epoch 15: 240/1641 Loss: 0.118016
2026-08-23 10:39: Train Epoch 15: 260/1641 Loss: 0.147395
2026-08-23 10:39: Train Epoch 15: 280/1641 Loss: 0.085379
2026-08-23 10:39: Train Epoch 15: 300/1641 Loss: 0.101015
2026-08-23 10:39: Train Epoch 15: 320/1641 Loss: 0.078605
2026-08-23 10:39: Train Epoch 15: 340/1641 Loss: 0.101571
2026-08-23 10:39: Train Epoch 15: 360/1641 Loss: 0.098919
2026-08-23 10:39: Train Epoch 15: 380/1641 Loss: 0.091383
2026-08-23 10:39: Train Epoch 15: 400/1641 Loss: 0.078137
2026-08-23 10:39: Train Epoch 15: 420/1641 Loss: 0.120330
2026-08-23 10:39: Train Epoch 15: 440/1641 Loss: 0.083786
2026-08-23 10:39: Train Epoch 15: 460/1641 Loss: 0.159923
2026-08-23 10:39: Train Epoch 15: 480/1641 Loss: 0.093758
2026-08-23 10:39: Train Epoch 15: 500/1641 Loss: 0.072610
2026-08-23 10:39: Train Epoch 15: 520/1641 Loss: 0.102630
2026-08-23 10:40: Train Epoch 15: 540/1641 Loss: 0.086084
2026-08-23 10:40: Train Epoch 15: 560/1641 Loss: 0.082577
2026-08-23 10:40: Train Epoch 15: 580/1641 Loss: 0.115149
2026-08-23 10:40: Train Epoch 15: 600/1641 Loss: 0.076758
2026-08-23 10:40: Train Epoch 15: 620/1641 Loss: 0.119455
2026-08-23 10:40: Train Epoch 15: 640/1641 Loss: 0.140584
2026-08-23 10:40: Train Epoch 15: 660/1641 Loss: 0.109318
2026-08-23 10:40: Train Epoch 15: 680/1641 Loss: 0.105648
2026-08-23 10:40: Train Epoch 15: 700/1641 Loss: 0.112679
2026-08-23 10:40: Train Epoch 15: 720/1641 Loss: 0.116541
2026-08-23 10:40: Train Epoch 15: 740/1641 Loss: 0.088320
2026-08-23 10:40: Train Epoch 15: 760/1641 Loss: 0.069959
2026-08-23 10:40: Train Epoch 15: 780/1641 Loss: 0.106924
2026-08-23 10:40: Train Epoch 15: 800/1641 Loss: 0.072096
2026-08-23 10:40: Train Epoch 15: 820/1641 Loss: 0.113022
2026-08-23 10:40: Train Epoch 15: 840/1641 Loss: 0.124868
2026-08-23 10:40: Train Epoch 15: 860/1641 Loss: 0.091691
2026-08-23 10:40: Train Epoch 15: 880/1641 Loss: 0.167785
2026-08-23 10:40: Train Epoch 15: 900/1641 Loss: 0.111907
2026-08-23 10:40: Train Epoch 15: 920/1641 Loss: 0.070846
2026-08-23 10:40: Train Epoch 15: 940/1641 Loss: 0.085813
2026-08-23 10:40: Train Epoch 15: 960/1641 Loss: 0.100456
2026-08-23 10:40: Train Epoch 15: 980/1641 Loss: 0.098419
2026-08-23 10:41: Train Epoch 15: 1000/1641 Loss: 0.069196
2026-08-23 10:41: Train Epoch 15: 1020/1641 Loss: 0.071980
2026-08-23 10:41: Train Epoch 15: 1040/1641 Loss: 0.114736
2026-08-23 10:41: Train Epoch 15: 1060/1641 Loss: 0.073807
2026-08-23 10:41: Train Epoch 15: 1080/1641 Loss: 0.113557
2026-08-23 10:41: Train Epoch 15: 1100/1641 Loss: 0.160679
2026-08-23 10:41: Train Epoch 15: 1120/1641 Loss: 0.052090
2026-08-23 10:41: Train Epoch 15: 1140/1641 Loss: 0.101048
2026-08-23 10:41: Train Epoch 15: 1160/1641 Loss: 0.075054
2026-08-23 10:41: Train Epoch 15: 1180/1641 Loss: 0.086805
2026-08-23 10:41: Train Epoch 15: 1200/1641 Loss: 0.140669
2026-08-23 10:41: Train Epoch 15: 1220/1641 Loss: 0.164562
2026-08-23 10:41: Train Epoch 15: 1240/1641 Loss: 0.105421
2026-08-23 10:41: Train Epoch 15: 1260/1641 Loss: 0.066338
2026-08-23 10:41: Train Epoch 15: 1280/1641 Loss: 0.094042
2026-08-23 10:41: Train Epoch 15: 1300/1641 Loss: 0.076302
2026-08-23 10:41: Train Epoch 15: 1320/1641 Loss: 0.145261
2026-08-23 10:41: Train Epoch 15: 1340/1641 Loss: 0.065206
2026-08-23 10:41: Train Epoch 15: 1360/1641 Loss: 0.064146
2026-08-23 10:41: Train Epoch 15: 1380/1641 Loss: 0.150527
2026-08-23 10:41: Train Epoch 15: 1400/1641 Loss: 0.156582
2026-08-23 10:41: Train Epoch 15: 1420/1641 Loss: 0.101152
2026-08-23 10:42: Train Epoch 15: 1440/1641 Loss: 0.093252
2026-08-23 10:42: Train Epoch 15: 1460/1641 Loss: 0.074583
2026-08-23 10:42: Train Epoch 15: 1480/1641 Loss: 0.125539
2026-08-23 10:42: Train Epoch 15: 1500/1641 Loss: 0.069174
2026-08-23 10:42: Train Epoch 15: 1520/1641 Loss: 0.076912
2026-08-23 10:42: Train Epoch 15: 1540/1641 Loss: 0.082871
2026-08-23 10:42: Train Epoch 15: 1560/1641 Loss: 0.158370
2026-08-23 10:42: Train Epoch 15: 1580/1641 Loss: 0.094113
2026-08-23 10:42: Train Epoch 15: 1600/1641 Loss: 0.114023
2026-08-23 10:42: Train Epoch 15: 1620/1641 Loss: 0.075389
2026-08-23 10:42: Train Epoch 15: 1640/1641 Loss: 0.068280
2026-08-23 10:42: **********Train Epoch 15: averaged Loss: 0.102091, tf_ratio: 1.000000
2026-08-23 10:42: **********Val Epoch 15: average Loss: 0.137934
2026-08-23 10:42: Train Epoch 16: 0/1641 Loss: 0.127326
2026-08-23 10:42: Train Epoch 16: 20/1641 Loss: 0.097333
2026-08-23 10:42: Train Epoch 16: 40/1641 Loss: 0.085429
2026-08-23 10:42: Train Epoch 16: 60/1641 Loss: 0.103659
2026-08-23 10:43: Train Epoch 16: 80/1641 Loss: 0.081366
2026-08-23 10:43: Train Epoch 16: 100/1641 Loss: 0.083897
2026-08-23 10:43: Train Epoch 16: 120/1641 Loss: 0.111917
2026-08-23 10:43: Train Epoch 16: 140/1641 Loss: 0.066244
2026-08-23 10:43: Train Epoch 16: 160/1641 Loss: 0.086678
2026-08-23 10:43: Train Epoch 16: 180/1641 Loss: 0.095718
2026-08-23 10:43: Train Epoch 16: 200/1641 Loss: 0.127537
2026-08-23 10:43: Train Epoch 16: 220/1641 Loss: 0.121190
2026-08-23 10:43: Train Epoch 16: 240/1641 Loss: 0.077452
2026-08-23 10:43: Train Epoch 16: 260/1641 Loss: 0.151279
2026-08-23 10:43: Train Epoch 16: 280/1641 Loss: 0.089916
2026-08-23 10:43: Train Epoch 16: 300/1641 Loss: 0.112001
2026-08-23 10:43: Train Epoch 16: 320/1641 Loss: 0.112904
2026-08-23 10:43: Train Epoch 16: 340/1641 Loss: 0.104775
2026-08-23 10:43: Train Epoch 16: 360/1641 Loss: 0.070578
2026-08-23 10:43: Train Epoch 16: 380/1641 Loss: 0.147878
2026-08-23 10:43: Train Epoch 16: 400/1641 Loss: 0.095142
2026-08-23 10:43: Train Epoch 16: 420/1641 Loss: 0.085092
2026-08-23 10:43: Train Epoch 16: 440/1641 Loss: 0.086282
2026-08-23 10:43: Train Epoch 16: 460/1641 Loss: 0.078219
2026-08-23 10:43: Train Epoch 16: 480/1641 Loss: 0.089761
2026-08-23 10:43: Train Epoch 16: 500/1641 Loss: 0.119870
2026-08-23 10:43: Train Epoch 16: 520/1641 Loss: 0.068693
2026-08-23 10:44: Train Epoch 16: 540/1641 Loss: 0.067081
2026-08-23 10:44: Train Epoch 16: 560/1641 Loss: 0.098660
2026-08-23 10:44: Train Epoch 16: 580/1641 Loss: 0.106090
2026-08-23 10:44: Train Epoch 16: 600/1641 Loss: 0.129747
2026-08-23 10:44: Train Epoch 16: 620/1641 Loss: 0.147650
2026-08-23 10:44: Train Epoch 16: 640/1641 Loss: 0.155932
2026-08-23 10:44: Train Epoch 16: 660/1641 Loss: 0.116784
2026-08-23 10:44: Train Epoch 16: 680/1641 Loss: 0.076582
2026-08-23 10:44: Train Epoch 16: 700/1641 Loss: 0.100844
2026-08-23 10:44: Train Epoch 16: 720/1641 Loss: 0.109899
2026-08-23 10:44: Train Epoch 16: 740/1641 Loss: 0.124660
2026-08-23 10:44: Train Epoch 16: 760/1641 Loss: 0.095180
2026-08-23 10:44: Train Epoch 16: 780/1641 Loss: 0.065452
2026-08-23 10:44: Train Epoch 16: 800/1641 Loss: 0.102441
2026-08-23 10:44: Train Epoch 16: 820/1641 Loss: 0.071495
2026-08-23 10:44: Train Epoch 16: 840/1641 Loss: 0.078645
2026-08-23 10:44: Train Epoch 16: 860/1641 Loss: 0.107154
2026-08-23 10:44: Train Epoch 16: 880/1641 Loss: 0.106131
2026-08-23 10:44: Train Epoch 16: 900/1641 Loss: 0.048019
2026-08-23 10:44: Train Epoch 16: 920/1641 Loss: 0.058909
2026-08-23 10:44: Train Epoch 16: 940/1641 Loss: 0.120338
2026-08-23 10:44: Train Epoch 16: 960/1641 Loss: 0.083420
2026-08-23 10:45: Train Epoch 16: 980/1641 Loss: 0.058399
2026-08-23 10:45: Train Epoch 16: 1000/1641 Loss: 0.139688
2026-08-23 10:45: Train Epoch 16: 1020/1641 Loss: 0.086711
2026-08-23 10:45: Train Epoch 16: 1040/1641 Loss: 0.134720
2026-08-23 10:45: Train Epoch 16: 1060/1641 Loss: 0.109049
2026-08-23 10:45: Train Epoch 16: 1080/1641 Loss: 0.080029
2026-08-23 10:45: Train Epoch 16: 1100/1641 Loss: 0.060934
2026-08-23 10:45: Train Epoch 16: 1120/1641 Loss: 0.130713
2026-08-23 10:45: Train Epoch 16: 1140/1641 Loss: 0.074570
2026-08-23 10:45: Train Epoch 16: 1160/1641 Loss: 0.079916
2026-08-23 10:45: Train Epoch 16: 1180/1641 Loss: 0.077172
2026-08-23 10:45: Train Epoch 16: 1200/1641 Loss: 0.064179
2026-08-23 10:45: Train Epoch 16: 1220/1641 Loss: 0.082587
2026-08-23 10:45: Train Epoch 16: 1240/1641 Loss: 0.100007
2026-08-23 10:45: Train Epoch 16: 1260/1641 Loss: 0.140739
2026-08-23 10:45: Train Epoch 16: 1280/1641 Loss: 0.112075
2026-08-23 10:45: Train Epoch 16: 1300/1641 Loss: 0.087528
2026-08-23 10:45: Train Epoch 16: 1320/1641 Loss: 0.086120
2026-08-23 10:45: Train Epoch 16: 1340/1641 Loss: 0.092802
2026-08-23 10:45: Train Epoch 16: 1360/1641 Loss: 0.127130
2026-08-23 10:45: Train Epoch 16: 1380/1641 Loss: 0.072045
2026-08-23 10:45: Train Epoch 16: 1400/1641 Loss: 0.150627
2026-08-23 10:46: Train Epoch 16: 1420/1641 Loss: 0.099421
2026-08-23 10:46: Train Epoch 16: 1440/1641 Loss: 0.112990
2026-08-23 10:46: Train Epoch 16: 1460/1641 Loss: 0.084982
2026-08-23 10:46: Train Epoch 16: 1480/1641 Loss: 0.139370
2026-08-23 10:46: Train Epoch 16: 1500/1641 Loss: 0.107548
2026-08-23 10:46: Train Epoch 16: 1520/1641 Loss: 0.116936
2026-08-23 10:46: Train Epoch 16: 1540/1641 Loss: 0.085115
2026-08-23 10:46: Train Epoch 16: 1560/1641 Loss: 0.109127
2026-08-23 10:46: Train Epoch 16: 1580/1641 Loss: 0.119411
2026-08-23 10:46: Train Epoch 16: 1600/1641 Loss: 0.104304
2026-08-23 10:46: Train Epoch 16: 1620/1641 Loss: 0.057219
2026-08-23 10:46: Train Epoch 16: 1640/1641 Loss: 0.056872
2026-08-23 10:46: **********Train Epoch 16: averaged Loss: 0.102056, tf_ratio: 1.000000
2026-08-23 10:46: **********Val Epoch 16: average Loss: 0.137834
2026-08-23 10:46: Validation performance didn't improve for 15 epochs. Training stops.
2026-08-23 10:46: Total training time: 65.1956min, best loss: 0.137357
2026-08-23 10:46: Saving current best model to /scratch/chkkar002/Diffusion_Based_STGNNs/RealValue/AGCRN/model/experiments/SAWS/20260823094137/best_model.pth
2026-08-23 10:47: Horizon 01, MAE: 0.12, RMSE: 1.03, MAPE: 193.1357%
2026-08-23 10:47: Horizon 02, MAE: 0.12, RMSE: 1.03, MAPE: 193.3795%
2026-08-23 10:47: Horizon 03, MAE: 0.12, RMSE: 1.03, MAPE: 194.7012%
2026-08-23 10:47: Horizon 04, MAE: 0.12, RMSE: 1.03, MAPE: 194.7440%
2026-08-23 10:47: Horizon 05, MAE: 0.12, RMSE: 1.03, MAPE: 193.4641%
2026-08-23 10:47: Horizon 06, MAE: 0.12, RMSE: 1.03, MAPE: 195.7207%
2026-08-23 10:47: Horizon 07, MAE: 0.12, RMSE: 1.03, MAPE: 193.5033%
2026-08-23 10:47: Horizon 08, MAE: 0.12, RMSE: 1.03, MAPE: 194.0650%
2026-08-23 10:47: Horizon 09, MAE: 0.12, RMSE: 1.03, MAPE: 192.9245%
2026-08-23 10:47: Horizon 10, MAE: 0.12, RMSE: 1.03, MAPE: 193.5166%
2026-08-23 10:47: Horizon 11, MAE: 0.12, RMSE: 1.03, MAPE: 193.7228%
2026-08-23 10:47: Horizon 12, MAE: 0.12, RMSE: 1.03, MAPE: 193.6716%
2026-08-23 10:47: Horizon 13, MAE: 0.12, RMSE: 1.03, MAPE: 193.0323%
2026-08-23 10:47: Horizon 14, MAE: 0.12, RMSE: 1.03, MAPE: 192.4538%
2026-08-23 10:47: Horizon 15, MAE: 0.12, RMSE: 1.03, MAPE: 194.0963%
2026-08-23 10:47: Horizon 16, MAE: 0.12, RMSE: 1.03, MAPE: 197.4109%
2026-08-23 10:47: Horizon 17, MAE: 0.12, RMSE: 1.03, MAPE: 194.8459%
2026-08-23 10:47: Horizon 18, MAE: 0.12, RMSE: 1.03, MAPE: 193.2461%
2026-08-23 10:47: Horizon 19, MAE: 0.12, RMSE: 1.03, MAPE: 194.0939%
2026-08-23 10:47: Horizon 20, MAE: 0.12, RMSE: 1.03, MAPE: 196.0656%
2026-08-23 10:47: Horizon 21, MAE: 0.12, RMSE: 1.03, MAPE: 193.2231%
2026-08-23 10:47: Horizon 22, MAE: 0.12, RMSE: 1.03, MAPE: 193.7201%
2026-08-23 10:47: Horizon 23, MAE: 0.12, RMSE: 1.03, MAPE: 190.0993%
2026-08-23 10:47: Horizon 24, MAE: 0.12, RMSE: 1.03, MAPE: 193.6987%
2026-08-23 10:47: Horizon 25, MAE: 0.12, RMSE: 1.03, MAPE: 192.2824%
2026-08-23 10:47: Horizon 26, MAE: 0.12, RMSE: 1.03, MAPE: 193.6484%
2026-08-23 10:47: Horizon 27, MAE: 0.12, RMSE: 1.03, MAPE: 195.2890%
2026-08-23 10:47: Horizon 28, MAE: 0.12, RMSE: 1.03, MAPE: 191.4368%
2026-08-23 10:47: Horizon 29, MAE: 0.12, RMSE: 1.03, MAPE: 192.1330%
2026-08-23 10:47: Horizon 30, MAE: 0.12, RMSE: 1.03, MAPE: 195.0878%
2026-08-23 10:47: Horizon 31, MAE: 0.12, RMSE: 1.03, MAPE: 193.5611%
2026-08-23 10:47: Horizon 32, MAE: 0.12, RMSE: 1.03, MAPE: 194.6982%
2026-08-23 10:47: Horizon 33, MAE: 0.12, RMSE: 1.03, MAPE: 192.2961%
2026-08-23 10:47: Horizon 34, MAE: 0.12, RMSE: 1.03, MAPE: 194.7977%
2026-08-23 10:47: Horizon 35, MAE: 0.12, RMSE: 1.03, MAPE: 194.5854%
2026-08-23 10:47: Horizon 36, MAE: 0.12, RMSE: 1.03, MAPE: 194.3551%
2026-08-23 10:47: Horizon 37, MAE: 0.12, RMSE: 1.03, MAPE: 193.3623%
2026-08-23 10:47: Horizon 38, MAE: 0.12, RMSE: 1.03, MAPE: 193.1478%
2026-08-23 10:47: Horizon 39, MAE: 0.12, RMSE: 1.03, MAPE: 192.6556%
2026-08-23 10:47: Horizon 40, MAE: 0.12, RMSE: 1.03, MAPE: 194.4207%
2026-08-23 10:47: Horizon 41, MAE: 0.12, RMSE: 1.03, MAPE: 194.6712%
2026-08-23 10:47: Horizon 42, MAE: 0.12, RMSE: 1.03, MAPE: 193.8009%
2026-08-23 10:47: Horizon 43, MAE: 0.12, RMSE: 1.03, MAPE: 193.4091%
2026-08-23 10:47: Horizon 44, MAE: 0.12, RMSE: 1.03, MAPE: 194.6247%
2026-08-23 10:47: Horizon 45, MAE: 0.12, RMSE: 1.03, MAPE: 191.7223%
2026-08-23 10:47: Horizon 46, MAE: 0.12, RMSE: 1.03, MAPE: 192.5721%
2026-08-23 10:47: Horizon 47, MAE: 0.12, RMSE: 1.03, MAPE: 194.8206%
2026-08-23 10:47: Horizon 48, MAE: 0.12, RMSE: 1.03, MAPE: 195.0974%
2026-08-23 10:47: Average Horizon, MAE: 0.12, RMSE: 1.03, MAPE: 193.7710%
2026-08-23 10:47: Horizon 01, MAE: 0.09, RMSE: 0.74, MAPE: 102.8949%
2026-08-23 10:47: Horizon 02, MAE: 0.09, RMSE: 0.74, MAPE: 101.2767%
2026-08-23 10:47: Horizon 03, MAE: 0.09, RMSE: 0.74, MAPE: 107.8767%
2026-08-23 10:47: Horizon 04, MAE: 0.09, RMSE: 0.74, MAPE: 107.7842%
2026-08-23 10:47: Horizon 05, MAE: 0.09, RMSE: 0.74, MAPE: 100.4101%
2026-08-23 10:47: Horizon 06, MAE: 0.09, RMSE: 0.74, MAPE: 117.1329%
2026-08-23 10:47: Horizon 07, MAE: 0.09, RMSE: 0.74, MAPE: 100.8289%
2026-08-23 10:47: Horizon 08, MAE: 0.09, RMSE: 0.74, MAPE: 100.3583%
2026-08-23 10:47: Horizon 09, MAE: 0.09, RMSE: 0.74, MAPE: 104.5434%
2026-08-23 10:47: Horizon 10, MAE: 0.09, RMSE: 0.74, MAPE: 101.3167%
2026-08-23 10:47: Horizon 11, MAE: 0.09, RMSE: 0.74, MAPE: 100.8713%
2026-08-23 10:47: Horizon 12, MAE: 0.09, RMSE: 0.74, MAPE: 101.3776%
2026-08-23 10:47: Horizon 13, MAE: 0.09, RMSE: 0.74, MAPE: 102.7549%
2026-08-23 10:47: Horizon 14, MAE: 0.09, RMSE: 0.74, MAPE: 106.3652%
2026-08-23 10:47: Horizon 15, MAE: 0.09, RMSE: 0.74, MAPE: 100.5943%
2026-08-23 10:47: Horizon 16, MAE: 0.09, RMSE: 0.74, MAPE: 135.2077%
2026-08-23 10:47: Horizon 17, MAE: 0.09, RMSE: 0.74, MAPE: 107.2146%
2026-08-23 10:47: Horizon 18, MAE: 0.09, RMSE: 0.74, MAPE: 102.7932%
2026-08-23 10:47: Horizon 19, MAE: 0.09, RMSE: 0.74, MAPE: 100.4135%
2026-08-23 10:47: Horizon 20, MAE: 0.09, RMSE: 0.74, MAPE: 121.7009%
2026-08-23 10:47: Horizon 21, MAE: 0.09, RMSE: 0.74, MAPE: 102.5220%
2026-08-23 10:47: Horizon 22, MAE: 0.09, RMSE: 0.74, MAPE: 100.7194%
2026-08-23 10:47: Horizon 23, MAE: 0.09, RMSE: 0.74, MAPE: 123.7588%
2026-08-23 10:47: Horizon 24, MAE: 0.09, RMSE: 0.74, MAPE: 100.2378%
2026-08-23 10:47: Horizon 25, MAE: 0.09, RMSE: 0.74, MAPE: 107.6394%
2026-08-23 10:47: Horizon 26, MAE: 0.09, RMSE: 0.74, MAPE: 100.2200%
2026-08-23 10:47: Horizon 27, MAE: 0.09, RMSE: 0.74, MAPE: 111.9074%
2026-08-23 10:47: Horizon 28, MAE: 0.09, RMSE: 0.74, MAPE: 113.2039%
2026-08-23 10:47: Horizon 29, MAE: 0.09, RMSE: 0.74, MAPE: 108.7058%
2026-08-23 10:47: Horizon 30, MAE: 0.09, RMSE: 0.74, MAPE: 109.3099%
2026-08-23 10:47: Horizon 31, MAE: 0.09, RMSE: 0.74, MAPE: 100.7117%
2026-08-23 10:47: Horizon 32, MAE: 0.09, RMSE: 0.74, MAPE: 104.1180%
2026-08-23 10:47: Horizon 33, MAE: 0.09, RMSE: 0.74, MAPE: 107.6554%
2026-08-23 10:47: Horizon 34, MAE: 0.09, RMSE: 0.74, MAPE: 105.2295%
2026-08-23 10:47: Horizon 35, MAE: 0.09, RMSE: 0.74, MAPE: 102.8773%
2026-08-23 10:47: Horizon 36, MAE: 0.09, RMSE: 0.74, MAPE: 100.8177%
2026-08-23 10:47: Horizon 37, MAE: 0.09, RMSE: 0.74, MAPE: 101.8505%
2026-08-23 10:47: Horizon 38, MAE: 0.09, RMSE: 0.74, MAPE: 103.7889%
2026-08-23 10:47: Horizon 39, MAE: 0.09, RMSE: 0.74, MAPE: 107.0281%
2026-08-23 10:47: Horizon 40, MAE: 0.09, RMSE: 0.74, MAPE: 100.9717%
2026-08-23 10:47: Horizon 41, MAE: 0.09, RMSE: 0.74, MAPE: 104.0011%
2026-08-23 10:47: Horizon 42, MAE: 0.09, RMSE: 0.74, MAPE: 101.1893%
2026-08-23 10:47: Horizon 43, MAE: 0.09, RMSE: 0.74, MAPE: 102.5027%
2026-08-23 10:47: Horizon 44, MAE: 0.09, RMSE: 0.74, MAPE: 105.4027%
2026-08-23 10:47: Horizon 45, MAE: 0.09, RMSE: 0.74, MAPE: 112.6893%
2026-08-23 10:47: Horizon 46, MAE: 0.09, RMSE: 0.74, MAPE: 105.7655%
2026-08-23 10:47: Horizon 47, MAE: 0.09, RMSE: 0.74, MAPE: 105.6882%
2026-08-23 10:47: Horizon 48, MAE: 0.09, RMSE: 0.74, MAPE: 107.9724%
2026-08-23 10:47: Average Horizon, MAE: 0.09, RMSE: 0.74, MAPE: 105.8796%
2026-08-23 10:47: VPT (threshold=0.50): mean=0.99 steps, median=1.00, std=1.75, range=[0, 39]
