2026-08-16 21:43: Experiment log path in: /scratch/chkkar002/Diffusion_Based_STGNNs/AGCRN/model/experiments/SAWS/trial10_20260816214332
2026-08-16 21:43: Train Epoch 1: 0/821 Loss: 17.525188
2026-08-16 21:43: Train Epoch 1: 20/821 Loss: 6.386588
2026-08-16 21:43: Train Epoch 1: 40/821 Loss: 4.943011
2026-08-16 21:43: Train Epoch 1: 60/821 Loss: 4.323237
2026-08-16 21:43: Train Epoch 1: 80/821 Loss: 4.108603
2026-08-16 21:43: Train Epoch 1: 100/821 Loss: 4.047252
2026-08-16 21:43: Train Epoch 1: 120/821 Loss: 3.817880
2026-08-16 21:43: Train Epoch 1: 140/821 Loss: 3.578304
2026-08-16 21:43: Train Epoch 1: 160/821 Loss: 3.214191
2026-08-16 21:43: Train Epoch 1: 180/821 Loss: 2.999820
2026-08-16 21:43: Train Epoch 1: 200/821 Loss: 2.985385
2026-08-16 21:43: Train Epoch 1: 220/821 Loss: 2.737860
2026-08-16 21:43: Train Epoch 1: 240/821 Loss: 2.634723
2026-08-16 21:43: Train Epoch 1: 260/821 Loss: 2.598677
2026-08-16 21:43: Train Epoch 1: 280/821 Loss: 2.443552
2026-08-16 21:43: Train Epoch 1: 300/821 Loss: 2.322604
2026-08-16 21:43: Train Epoch 1: 320/821 Loss: 2.398334
2026-08-16 21:43: Train Epoch 1: 340/821 Loss: 2.441818
2026-08-16 21:44: Train Epoch 1: 360/821 Loss: 2.313001
2026-08-16 21:44: Train Epoch 1: 380/821 Loss: 2.297016
2026-08-16 21:44: Train Epoch 1: 400/821 Loss: 2.485773
2026-08-16 21:44: Train Epoch 1: 420/821 Loss: 2.343661
2026-08-16 21:44: Train Epoch 1: 440/821 Loss: 2.340635
2026-08-16 21:44: Train Epoch 1: 460/821 Loss: 2.358469
2026-08-16 21:44: Train Epoch 1: 480/821 Loss: 2.335174
2026-08-16 21:44: Train Epoch 1: 500/821 Loss: 2.251948
2026-08-16 21:44: Train Epoch 1: 520/821 Loss: 2.103913
2026-08-16 21:44: Train Epoch 1: 540/821 Loss: 2.090815
2026-08-16 21:44: Train Epoch 1: 560/821 Loss: 2.268467
2026-08-16 21:44: Train Epoch 1: 580/821 Loss: 2.256057
2026-08-16 21:44: Train Epoch 1: 600/821 Loss: 2.266896
2026-08-16 21:44: Train Epoch 1: 620/821 Loss: 2.104374
2026-08-16 21:44: Train Epoch 1: 640/821 Loss: 2.195122
2026-08-16 21:44: Train Epoch 1: 660/821 Loss: 2.203308
2026-08-16 21:44: Train Epoch 1: 680/821 Loss: 2.148829
2026-08-16 21:44: Train Epoch 1: 700/821 Loss: 2.186846
2026-08-16 21:44: Train Epoch 1: 720/821 Loss: 2.209195
2026-08-16 21:44: Train Epoch 1: 740/821 Loss: 2.086631
2026-08-16 21:44: Train Epoch 1: 760/821 Loss: 2.222677
2026-08-16 21:44: Train Epoch 1: 780/821 Loss: 2.130816
2026-08-16 21:44: Train Epoch 1: 800/821 Loss: 2.023781
2026-08-16 21:44: Train Epoch 1: 820/821 Loss: 2.066462
2026-08-16 21:44: **********Train Epoch 1: averaged Loss: 2.849196, tf_ratio: 1.000000
2026-08-16 21:44: **********Val Epoch 1: average Loss: 2.078473
2026-08-16 21:44: *********************************Current best model saved!
2026-08-16 21:44: Train Epoch 2: 0/821 Loss: 2.000116
2026-08-16 21:44: Train Epoch 2: 20/821 Loss: 2.054797
2026-08-16 21:44: Train Epoch 2: 40/821 Loss: 2.097346
2026-08-16 21:44: Train Epoch 2: 60/821 Loss: 2.245781
2026-08-16 21:44: Train Epoch 2: 80/821 Loss: 2.101634
2026-08-16 21:44: Train Epoch 2: 100/821 Loss: 2.012263
2026-08-16 21:44: Train Epoch 2: 120/821 Loss: 2.139124
2026-08-16 21:44: Train Epoch 2: 140/821 Loss: 2.171391
2026-08-16 21:44: Train Epoch 2: 160/821 Loss: 2.050164
2026-08-16 21:44: Train Epoch 2: 180/821 Loss: 2.063624
2026-08-16 21:44: Train Epoch 2: 200/821 Loss: 2.116027
2026-08-16 21:44: Train Epoch 2: 220/821 Loss: 2.049462
2026-08-16 21:44: Train Epoch 2: 240/821 Loss: 2.172407
2026-08-16 21:44: Train Epoch 2: 260/821 Loss: 2.119921
2026-08-16 21:44: Train Epoch 2: 280/821 Loss: 1.887338
2026-08-16 21:45: Train Epoch 2: 300/821 Loss: 2.195058
2026-08-16 21:45: Train Epoch 2: 320/821 Loss: 2.154614
2026-08-16 21:45: Train Epoch 2: 340/821 Loss: 2.084055
2026-08-16 21:45: Train Epoch 2: 360/821 Loss: 2.056351
2026-08-16 21:45: Train Epoch 2: 380/821 Loss: 1.997178
2026-08-16 21:45: Train Epoch 2: 400/821 Loss: 2.017860
2026-08-16 21:45: Train Epoch 2: 420/821 Loss: 1.958071
2026-08-16 21:45: Train Epoch 2: 440/821 Loss: 1.947014
2026-08-16 21:45: Train Epoch 2: 460/821 Loss: 2.032590
2026-08-16 21:45: Train Epoch 2: 480/821 Loss: 2.062386
2026-08-16 21:45: Train Epoch 2: 500/821 Loss: 2.055365
2026-08-16 21:45: Train Epoch 2: 520/821 Loss: 2.111900
2026-08-16 21:45: Train Epoch 2: 540/821 Loss: 1.958574
2026-08-16 21:45: Train Epoch 2: 560/821 Loss: 1.931521
2026-08-16 21:45: Train Epoch 2: 580/821 Loss: 1.932566
2026-08-16 21:45: Train Epoch 2: 600/821 Loss: 2.016162
2026-08-16 21:45: Train Epoch 2: 620/821 Loss: 1.957499
2026-08-16 21:45: Train Epoch 2: 640/821 Loss: 1.993499
2026-08-16 21:45: Train Epoch 2: 660/821 Loss: 2.006936
2026-08-16 21:45: Train Epoch 2: 680/821 Loss: 2.087023
2026-08-16 21:45: Train Epoch 2: 700/821 Loss: 1.984323
2026-08-16 21:45: Train Epoch 2: 720/821 Loss: 2.014821
2026-08-16 21:45: Train Epoch 2: 740/821 Loss: 2.048061
2026-08-16 21:45: Train Epoch 2: 760/821 Loss: 2.045440
2026-08-16 21:45: Train Epoch 2: 780/821 Loss: 2.000455
2026-08-16 21:45: Train Epoch 2: 800/821 Loss: 1.879918
2026-08-16 21:45: Train Epoch 2: 820/821 Loss: 1.922201
2026-08-16 21:45: **********Train Epoch 2: averaged Loss: 2.047077, tf_ratio: 1.000000
2026-08-16 21:45: **********Val Epoch 2: average Loss: 1.934220
2026-08-16 21:45: *********************************Current best model saved!
2026-08-16 21:45: Train Epoch 3: 0/821 Loss: 1.895894
2026-08-16 21:45: Train Epoch 3: 20/821 Loss: 2.050607
2026-08-16 21:45: Train Epoch 3: 40/821 Loss: 1.902578
2026-08-16 21:45: Train Epoch 3: 60/821 Loss: 1.970034
2026-08-16 21:45: Train Epoch 3: 80/821 Loss: 2.050761
2026-08-16 21:45: Train Epoch 3: 100/821 Loss: 2.060116
2026-08-16 21:45: Train Epoch 3: 120/821 Loss: 1.928111
2026-08-16 21:45: Train Epoch 3: 140/821 Loss: 1.883101
2026-08-16 21:45: Train Epoch 3: 160/821 Loss: 1.983654
2026-08-16 21:45: Train Epoch 3: 180/821 Loss: 2.037357
2026-08-16 21:45: Train Epoch 3: 200/821 Loss: 1.875491
2026-08-16 21:45: Train Epoch 3: 220/821 Loss: 1.841971
2026-08-16 21:45: Train Epoch 3: 240/821 Loss: 1.976973
2026-08-16 21:46: Train Epoch 3: 260/821 Loss: 1.811012
2026-08-16 21:46: Train Epoch 3: 280/821 Loss: 1.976888
2026-08-16 21:46: Train Epoch 3: 300/821 Loss: 1.967041
2026-08-16 21:46: Train Epoch 3: 320/821 Loss: 1.884282
2026-08-16 21:46: Train Epoch 3: 340/821 Loss: 1.895716
2026-08-16 21:46: Train Epoch 3: 360/821 Loss: 1.958173
2026-08-16 21:46: Train Epoch 3: 380/821 Loss: 1.951011
2026-08-16 21:46: Train Epoch 3: 400/821 Loss: 1.828652
2026-08-16 21:46: Train Epoch 3: 420/821 Loss: 1.964034
2026-08-16 21:46: Train Epoch 3: 440/821 Loss: 2.098047
2026-08-16 21:46: Train Epoch 3: 460/821 Loss: 1.869809
2026-08-16 21:46: Train Epoch 3: 480/821 Loss: 1.880843
2026-08-16 21:46: Train Epoch 3: 500/821 Loss: 1.914454
2026-08-16 21:46: Train Epoch 3: 520/821 Loss: 1.848330
2026-08-16 21:46: Train Epoch 3: 540/821 Loss: 2.037178
2026-08-16 21:46: Train Epoch 3: 560/821 Loss: 1.895902
2026-08-16 21:46: Train Epoch 3: 580/821 Loss: 1.910300
2026-08-16 21:46: Train Epoch 3: 600/821 Loss: 1.996158
2026-08-16 21:46: Train Epoch 3: 620/821 Loss: 1.861876
2026-08-16 21:46: Train Epoch 3: 640/821 Loss: 1.773527
2026-08-16 21:46: Train Epoch 3: 660/821 Loss: 1.905837
2026-08-16 21:46: Train Epoch 3: 680/821 Loss: 1.957687
2026-08-16 21:46: Train Epoch 3: 700/821 Loss: 1.926476
2026-08-16 21:46: Train Epoch 3: 720/821 Loss: 1.871357
2026-08-16 21:46: Train Epoch 3: 740/821 Loss: 1.908492
2026-08-16 21:46: Train Epoch 3: 760/821 Loss: 1.864464
2026-08-16 21:46: Train Epoch 3: 780/821 Loss: 1.985443
2026-08-16 21:46: Train Epoch 3: 800/821 Loss: 1.933494
2026-08-16 21:46: Train Epoch 3: 820/821 Loss: 1.939039
2026-08-16 21:46: **********Train Epoch 3: averaged Loss: 1.941205, tf_ratio: 1.000000
2026-08-16 21:46: **********Val Epoch 3: average Loss: 1.902599
2026-08-16 21:46: *********************************Current best model saved!
2026-08-16 21:46: Train Epoch 4: 0/821 Loss: 1.888405
2026-08-16 21:46: Train Epoch 4: 20/821 Loss: 1.984429
2026-08-16 21:46: Train Epoch 4: 40/821 Loss: 1.844957
2026-08-16 21:46: Train Epoch 4: 60/821 Loss: 1.968165
2026-08-16 21:46: Train Epoch 4: 80/821 Loss: 1.811643
2026-08-16 21:46: Train Epoch 4: 100/821 Loss: 1.935106
2026-08-16 21:46: Train Epoch 4: 120/821 Loss: 1.917881
2026-08-16 21:46: Train Epoch 4: 140/821 Loss: 1.876825
2026-08-16 21:46: Train Epoch 4: 160/821 Loss: 1.901716
2026-08-16 21:46: Train Epoch 4: 180/821 Loss: 1.929551
2026-08-16 21:47: Train Epoch 4: 200/821 Loss: 1.980579
2026-08-16 21:47: Train Epoch 4: 220/821 Loss: 1.840656
2026-08-16 21:47: Train Epoch 4: 240/821 Loss: 1.833884
2026-08-16 21:47: Train Epoch 4: 260/821 Loss: 1.954445
2026-08-16 21:47: Train Epoch 4: 280/821 Loss: 1.791313
2026-08-16 21:47: Train Epoch 4: 300/821 Loss: 1.755407
2026-08-16 21:47: Train Epoch 4: 320/821 Loss: 1.902988
2026-08-16 21:47: Train Epoch 4: 340/821 Loss: 1.898255
2026-08-16 21:47: Train Epoch 4: 360/821 Loss: 1.849491
2026-08-16 21:47: Train Epoch 4: 380/821 Loss: 1.895420
2026-08-16 21:47: Train Epoch 4: 400/821 Loss: 1.825312
2026-08-16 21:47: Train Epoch 4: 420/821 Loss: 2.005065
2026-08-16 21:47: Train Epoch 4: 440/821 Loss: 1.821402
2026-08-16 21:47: Train Epoch 4: 460/821 Loss: 1.912741
2026-08-16 21:47: Train Epoch 4: 480/821 Loss: 1.869328
2026-08-16 21:47: Train Epoch 4: 500/821 Loss: 1.850880
2026-08-16 21:47: Train Epoch 4: 520/821 Loss: 1.915540
2026-08-16 21:47: Train Epoch 4: 540/821 Loss: 1.909473
2026-08-16 21:47: Train Epoch 4: 560/821 Loss: 1.983452
2026-08-16 21:47: Train Epoch 4: 580/821 Loss: 2.018910
2026-08-16 21:47: Train Epoch 4: 600/821 Loss: 1.856206
2026-08-16 21:47: Train Epoch 4: 620/821 Loss: 1.856552
2026-08-16 21:47: Train Epoch 4: 640/821 Loss: 1.906378
2026-08-16 21:47: Train Epoch 4: 660/821 Loss: 1.904648
2026-08-16 21:47: Train Epoch 4: 680/821 Loss: 1.851740
2026-08-16 21:47: Train Epoch 4: 700/821 Loss: 1.889243
2026-08-16 21:47: Train Epoch 4: 720/821 Loss: 1.922060
2026-08-16 21:47: Train Epoch 4: 740/821 Loss: 1.857155
2026-08-16 21:47: Train Epoch 4: 760/821 Loss: 1.881406
2026-08-16 21:47: Train Epoch 4: 780/821 Loss: 1.941046
2026-08-16 21:47: Train Epoch 4: 800/821 Loss: 1.881404
2026-08-16 21:47: Train Epoch 4: 820/821 Loss: 1.890023
2026-08-16 21:47: **********Train Epoch 4: averaged Loss: 1.891546, tf_ratio: 1.000000
2026-08-16 21:47: **********Val Epoch 4: average Loss: 1.853319
2026-08-16 21:47: *********************************Current best model saved!
2026-08-16 21:47: Train Epoch 5: 0/821 Loss: 1.868187
2026-08-16 21:47: Train Epoch 5: 20/821 Loss: 1.835569
2026-08-16 21:47: Train Epoch 5: 40/821 Loss: 1.835643
2026-08-16 21:47: Train Epoch 5: 60/821 Loss: 1.906944
2026-08-16 21:47: Train Epoch 5: 80/821 Loss: 1.880353
2026-08-16 21:47: Train Epoch 5: 100/821 Loss: 1.846736
2026-08-16 21:47: Train Epoch 5: 120/821 Loss: 1.858066
2026-08-16 21:48: Train Epoch 5: 140/821 Loss: 1.844629
2026-08-16 21:48: Train Epoch 5: 160/821 Loss: 1.887112
2026-08-16 21:48: Train Epoch 5: 180/821 Loss: 1.938130
2026-08-16 21:48: Train Epoch 5: 200/821 Loss: 1.968450
2026-08-16 21:48: Train Epoch 5: 220/821 Loss: 1.717820
2026-08-16 21:48: Train Epoch 5: 240/821 Loss: 1.953707
2026-08-16 21:48: Train Epoch 5: 260/821 Loss: 1.878955
2026-08-16 21:48: Train Epoch 5: 280/821 Loss: 1.832487
2026-08-16 21:48: Train Epoch 5: 300/821 Loss: 1.789353
2026-08-16 21:48: Train Epoch 5: 320/821 Loss: 1.907243
2026-08-16 21:48: Train Epoch 5: 340/821 Loss: 1.710530
2026-08-16 21:48: Train Epoch 5: 360/821 Loss: 1.844844
2026-08-16 21:48: Train Epoch 5: 380/821 Loss: 1.787795
2026-08-16 21:48: Train Epoch 5: 400/821 Loss: 1.863505
2026-08-16 21:48: Train Epoch 5: 420/821 Loss: 1.892706
2026-08-16 21:48: Train Epoch 5: 440/821 Loss: 1.826912
2026-08-16 21:48: Train Epoch 5: 460/821 Loss: 1.850674
2026-08-16 21:48: Train Epoch 5: 480/821 Loss: 1.747911
2026-08-16 21:48: Train Epoch 5: 500/821 Loss: 1.862308
2026-08-16 21:48: Train Epoch 5: 520/821 Loss: 1.859952
2026-08-16 21:48: Train Epoch 5: 540/821 Loss: 1.840652
2026-08-16 21:48: Train Epoch 5: 560/821 Loss: 1.852952
2026-08-16 21:48: Train Epoch 5: 580/821 Loss: 1.837133
2026-08-16 21:48: Train Epoch 5: 600/821 Loss: 1.906417
2026-08-16 21:48: Train Epoch 5: 620/821 Loss: 1.880823
2026-08-16 21:48: Train Epoch 5: 640/821 Loss: 1.783347
2026-08-16 21:48: Train Epoch 5: 660/821 Loss: 1.799961
2026-08-16 21:48: Train Epoch 5: 680/821 Loss: 1.882227
2026-08-16 21:48: Train Epoch 5: 700/821 Loss: 1.842185
2026-08-16 21:48: Train Epoch 5: 720/821 Loss: 1.798433
2026-08-16 21:48: Train Epoch 5: 740/821 Loss: 1.886513
2026-08-16 21:48: Train Epoch 5: 760/821 Loss: 1.855007
2026-08-16 21:48: Train Epoch 5: 780/821 Loss: 1.808413
2026-08-16 21:48: Train Epoch 5: 800/821 Loss: 1.894978
2026-08-16 21:48: Train Epoch 5: 820/821 Loss: 1.829790
2026-08-16 21:48: **********Train Epoch 5: averaged Loss: 1.857406, tf_ratio: 1.000000
2026-08-16 21:48: **********Val Epoch 5: average Loss: 1.877452
2026-08-16 21:48: Train Epoch 6: 0/821 Loss: 1.851397
2026-08-16 21:48: Train Epoch 6: 20/821 Loss: 1.840544
2026-08-16 21:48: Train Epoch 6: 40/821 Loss: 1.830205
2026-08-16 21:48: Train Epoch 6: 60/821 Loss: 1.861428
2026-08-16 21:48: Train Epoch 6: 80/821 Loss: 1.839569
2026-08-16 21:49: Train Epoch 6: 100/821 Loss: 1.775528
2026-08-16 21:49: Train Epoch 6: 120/821 Loss: 1.812696
2026-08-16 21:49: Train Epoch 6: 140/821 Loss: 1.780594
2026-08-16 21:49: Train Epoch 6: 160/821 Loss: 1.816998
2026-08-16 21:49: Train Epoch 6: 180/821 Loss: 1.867777
2026-08-16 21:49: Train Epoch 6: 200/821 Loss: 1.780689
2026-08-16 21:49: Train Epoch 6: 220/821 Loss: 1.864360
2026-08-16 21:49: Train Epoch 6: 240/821 Loss: 1.735891
2026-08-16 21:49: Train Epoch 6: 260/821 Loss: 1.846405
2026-08-16 21:49: Train Epoch 6: 280/821 Loss: 1.830347
2026-08-16 21:49: Train Epoch 6: 300/821 Loss: 1.743730
2026-08-16 21:49: Train Epoch 6: 320/821 Loss: 1.826141
2026-08-16 21:49: Train Epoch 6: 340/821 Loss: 1.766762
2026-08-16 21:49: Train Epoch 6: 360/821 Loss: 1.820227
2026-08-16 21:49: Train Epoch 6: 380/821 Loss: 1.818689
2026-08-16 21:49: Train Epoch 6: 400/821 Loss: 1.800669
2026-08-16 21:49: Train Epoch 6: 420/821 Loss: 1.856214
2026-08-16 21:49: Train Epoch 6: 440/821 Loss: 1.805893
2026-08-16 21:49: Train Epoch 6: 460/821 Loss: 1.841021
2026-08-16 21:49: Train Epoch 6: 480/821 Loss: 1.883408
2026-08-16 21:49: Train Epoch 6: 500/821 Loss: 1.733016
2026-08-16 21:49: Train Epoch 6: 520/821 Loss: 1.815562
2026-08-16 21:49: Train Epoch 6: 540/821 Loss: 1.846868
2026-08-16 21:49: Train Epoch 6: 560/821 Loss: 1.859915
2026-08-16 21:49: Train Epoch 6: 580/821 Loss: 1.825610
2026-08-16 21:49: Train Epoch 6: 600/821 Loss: 1.875951
2026-08-16 21:49: Train Epoch 6: 620/821 Loss: 1.837046
2026-08-16 21:49: Train Epoch 6: 640/821 Loss: 1.787081
2026-08-16 21:49: Train Epoch 6: 660/821 Loss: 1.693987
2026-08-16 21:49: Train Epoch 6: 680/821 Loss: 1.889528
2026-08-16 21:49: Train Epoch 6: 700/821 Loss: 1.816006
2026-08-16 21:49: Train Epoch 6: 720/821 Loss: 1.909472
2026-08-16 21:49: Train Epoch 6: 740/821 Loss: 1.821749
2026-08-16 21:49: Train Epoch 6: 760/821 Loss: 1.906366
2026-08-16 21:49: Train Epoch 6: 780/821 Loss: 1.850740
2026-08-16 21:49: Train Epoch 6: 800/821 Loss: 1.848377
2026-08-16 21:49: Train Epoch 6: 820/821 Loss: 1.857371
2026-08-16 21:49: **********Train Epoch 6: averaged Loss: 1.832329, tf_ratio: 1.000000
2026-08-16 21:49: **********Val Epoch 6: average Loss: 1.829372
2026-08-16 21:49: *********************************Current best model saved!
2026-08-16 21:49: Train Epoch 7: 0/821 Loss: 1.762109
2026-08-16 21:49: Train Epoch 7: 20/821 Loss: 1.886894
2026-08-16 21:50: Train Epoch 7: 40/821 Loss: 1.764652
2026-08-16 21:50: Train Epoch 7: 60/821 Loss: 1.819704
2026-08-16 21:50: Train Epoch 7: 80/821 Loss: 1.868393
2026-08-16 21:50: Train Epoch 7: 100/821 Loss: 1.855549
2026-08-16 21:50: Train Epoch 7: 120/821 Loss: 1.856478
2026-08-16 21:50: Train Epoch 7: 140/821 Loss: 1.849140
2026-08-16 21:50: Train Epoch 7: 160/821 Loss: 1.821385
2026-08-16 21:50: Train Epoch 7: 180/821 Loss: 1.862368
2026-08-16 21:50: Train Epoch 7: 200/821 Loss: 1.962387
2026-08-16 21:50: Train Epoch 7: 220/821 Loss: 1.713074
2026-08-16 21:50: Train Epoch 7: 240/821 Loss: 1.815339
2026-08-16 21:50: Train Epoch 7: 260/821 Loss: 1.781461
2026-08-16 21:50: Train Epoch 7: 280/821 Loss: 1.743547
2026-08-16 21:50: Train Epoch 7: 300/821 Loss: 1.858416
2026-08-16 21:50: Train Epoch 7: 320/821 Loss: 1.770488
2026-08-16 21:50: Train Epoch 7: 340/821 Loss: 1.939779
2026-08-16 21:50: Train Epoch 7: 360/821 Loss: 1.798726
2026-08-16 21:50: Train Epoch 7: 380/821 Loss: 1.736866
2026-08-16 21:50: Train Epoch 7: 400/821 Loss: 1.787889
2026-08-16 21:50: Train Epoch 7: 420/821 Loss: 1.708148
2026-08-16 21:50: Train Epoch 7: 440/821 Loss: 1.729480
2026-08-16 21:50: Train Epoch 7: 460/821 Loss: 1.882366
2026-08-16 21:50: Train Epoch 7: 480/821 Loss: 1.784344
2026-08-16 21:50: Train Epoch 7: 500/821 Loss: 1.772434
2026-08-16 21:50: Train Epoch 7: 520/821 Loss: 1.820173
2026-08-16 21:50: Train Epoch 7: 540/821 Loss: 1.840731
2026-08-16 21:50: Train Epoch 7: 560/821 Loss: 1.773794
2026-08-16 21:50: Train Epoch 7: 580/821 Loss: 1.854104
2026-08-16 21:50: Train Epoch 7: 600/821 Loss: 1.864177
2026-08-16 21:50: Train Epoch 7: 620/821 Loss: 1.759137
2026-08-16 21:50: Train Epoch 7: 640/821 Loss: 1.751331
2026-08-16 21:50: Train Epoch 7: 660/821 Loss: 1.835777
2026-08-16 21:50: Train Epoch 7: 680/821 Loss: 1.872360
2026-08-16 21:50: Train Epoch 7: 700/821 Loss: 1.695646
2026-08-16 21:50: Train Epoch 7: 720/821 Loss: 1.865737
2026-08-16 21:50: Train Epoch 7: 740/821 Loss: 1.761427
2026-08-16 21:50: Train Epoch 7: 760/821 Loss: 1.758203
2026-08-16 21:50: Train Epoch 7: 780/821 Loss: 1.757023
2026-08-16 21:50: Train Epoch 7: 800/821 Loss: 1.792745
2026-08-16 21:50: Train Epoch 7: 820/821 Loss: 1.720936
2026-08-16 21:50: **********Train Epoch 7: averaged Loss: 1.809820, tf_ratio: 1.000000
2026-08-16 21:51: **********Val Epoch 7: average Loss: 1.823337
2026-08-16 21:51: *********************************Current best model saved!
2026-08-16 21:51: Train Epoch 8: 0/821 Loss: 1.736063
2026-08-16 21:51: Train Epoch 8: 20/821 Loss: 1.771508
2026-08-16 21:51: Train Epoch 8: 40/821 Loss: 1.858416
2026-08-16 21:51: Train Epoch 8: 60/821 Loss: 1.837894
2026-08-16 21:51: Train Epoch 8: 80/821 Loss: 1.761815
2026-08-16 21:51: Train Epoch 8: 100/821 Loss: 1.795903
2026-08-16 21:51: Train Epoch 8: 120/821 Loss: 1.746832
2026-08-16 21:51: Train Epoch 8: 140/821 Loss: 1.865973
2026-08-16 21:51: Train Epoch 8: 160/821 Loss: 1.855912
2026-08-16 21:51: Train Epoch 8: 180/821 Loss: 1.815732
2026-08-16 21:51: Train Epoch 8: 200/821 Loss: 1.753294
2026-08-16 21:51: Train Epoch 8: 220/821 Loss: 1.851023
2026-08-16 21:51: Train Epoch 8: 240/821 Loss: 1.784847
2026-08-16 21:51: Train Epoch 8: 260/821 Loss: 1.742085
2026-08-16 21:51: Train Epoch 8: 280/821 Loss: 1.817623
2026-08-16 21:51: Train Epoch 8: 300/821 Loss: 1.900754
2026-08-16 21:51: Train Epoch 8: 320/821 Loss: 1.899536
2026-08-16 21:51: Train Epoch 8: 340/821 Loss: 1.722184
2026-08-16 21:51: Train Epoch 8: 360/821 Loss: 1.787213
2026-08-16 21:51: Train Epoch 8: 380/821 Loss: 1.854619
2026-08-16 21:51: Train Epoch 8: 400/821 Loss: 1.764958
2026-08-16 21:51: Train Epoch 8: 420/821 Loss: 1.783998
2026-08-16 21:51: Train Epoch 8: 440/821 Loss: 1.805705
2026-08-16 21:51: Train Epoch 8: 460/821 Loss: 1.794934
2026-08-16 21:51: Train Epoch 8: 480/821 Loss: 1.794432
2026-08-16 21:51: Train Epoch 8: 500/821 Loss: 1.820238
2026-08-16 21:51: Train Epoch 8: 520/821 Loss: 1.831259
2026-08-16 21:51: Train Epoch 8: 540/821 Loss: 1.795551
2026-08-16 21:51: Train Epoch 8: 560/821 Loss: 1.915945
2026-08-16 21:51: Train Epoch 8: 580/821 Loss: 1.805253
2026-08-16 21:51: Train Epoch 8: 600/821 Loss: 1.796546
2026-08-16 21:51: Train Epoch 8: 620/821 Loss: 1.829676
2026-08-16 21:51: Train Epoch 8: 640/821 Loss: 1.891779
2026-08-16 21:51: Train Epoch 8: 660/821 Loss: 1.734595
2026-08-16 21:51: Train Epoch 8: 680/821 Loss: 1.758729
2026-08-16 21:51: Train Epoch 8: 700/821 Loss: 1.829480
2026-08-16 21:51: Train Epoch 8: 720/821 Loss: 1.676600
2026-08-16 21:51: Train Epoch 8: 740/821 Loss: 1.861838
2026-08-16 21:51: Train Epoch 8: 760/821 Loss: 1.758349
2026-08-16 21:51: Train Epoch 8: 780/821 Loss: 1.834565
2026-08-16 21:51: Train Epoch 8: 800/821 Loss: 1.794847
2026-08-16 21:52: Train Epoch 8: 820/821 Loss: 1.728524
2026-08-16 21:52: **********Train Epoch 8: averaged Loss: 1.798277, tf_ratio: 1.000000
2026-08-16 21:52: **********Val Epoch 8: average Loss: 1.824548
2026-08-16 21:52: Train Epoch 9: 0/821 Loss: 1.829100
2026-08-16 21:52: Train Epoch 9: 20/821 Loss: 1.789496
2026-08-16 21:52: Train Epoch 9: 40/821 Loss: 1.809926
2026-08-16 21:52: Train Epoch 9: 60/821 Loss: 1.781838
2026-08-16 21:52: Train Epoch 9: 80/821 Loss: 1.705405
2026-08-16 21:52: Train Epoch 9: 100/821 Loss: 1.827626
2026-08-16 21:52: Train Epoch 9: 120/821 Loss: 1.787392
2026-08-16 21:52: Train Epoch 9: 140/821 Loss: 1.794084
2026-08-16 21:52: Train Epoch 9: 160/821 Loss: 1.772902
2026-08-16 21:52: Train Epoch 9: 180/821 Loss: 1.823657
2026-08-16 21:52: Train Epoch 9: 200/821 Loss: 1.802023
2026-08-16 21:52: Train Epoch 9: 220/821 Loss: 1.798131
2026-08-16 21:52: Train Epoch 9: 240/821 Loss: 1.806050
2026-08-16 21:52: Train Epoch 9: 260/821 Loss: 1.813549
2026-08-16 21:52: Train Epoch 9: 280/821 Loss: 1.758668
2026-08-16 21:52: Train Epoch 9: 300/821 Loss: 1.814384
2026-08-16 21:52: Train Epoch 9: 320/821 Loss: 1.774705
2026-08-16 21:52: Train Epoch 9: 340/821 Loss: 1.769603
2026-08-16 21:52: Train Epoch 9: 360/821 Loss: 1.825496
2026-08-16 21:52: Train Epoch 9: 380/821 Loss: 1.756372
2026-08-16 21:52: Train Epoch 9: 400/821 Loss: 1.780615
2026-08-16 21:52: Train Epoch 9: 420/821 Loss: 1.777612
2026-08-16 21:52: Train Epoch 9: 440/821 Loss: 1.836645
2026-08-16 21:52: Train Epoch 9: 460/821 Loss: 1.774702
2026-08-16 21:52: Train Epoch 9: 480/821 Loss: 1.777717
2026-08-16 21:52: Train Epoch 9: 500/821 Loss: 1.729358
2026-08-16 21:52: Train Epoch 9: 520/821 Loss: 1.825640
2026-08-16 21:52: Train Epoch 9: 540/821 Loss: 1.795629
2026-08-16 21:52: Train Epoch 9: 560/821 Loss: 1.766741
2026-08-16 21:52: Train Epoch 9: 580/821 Loss: 1.750819
2026-08-16 21:52: Train Epoch 9: 600/821 Loss: 1.719240
2026-08-16 21:52: Train Epoch 9: 620/821 Loss: 1.687281
2026-08-16 21:52: Train Epoch 9: 640/821 Loss: 1.764947
2026-08-16 21:52: Train Epoch 9: 660/821 Loss: 1.811790
2026-08-16 21:52: Train Epoch 9: 680/821 Loss: 1.736290
2026-08-16 21:52: Train Epoch 9: 700/821 Loss: 1.789962
2026-08-16 21:52: Train Epoch 9: 720/821 Loss: 1.794986
2026-08-16 21:52: Train Epoch 9: 740/821 Loss: 1.749931
2026-08-16 21:53: Train Epoch 9: 760/821 Loss: 1.904517
2026-08-16 21:53: Train Epoch 9: 780/821 Loss: 1.767746
2026-08-16 21:53: Train Epoch 9: 800/821 Loss: 1.781224
2026-08-16 21:53: Train Epoch 9: 820/821 Loss: 1.840195
2026-08-16 21:53: **********Train Epoch 9: averaged Loss: 1.783685, tf_ratio: 1.000000
2026-08-16 21:53: **********Val Epoch 9: average Loss: 1.821721
2026-08-16 21:53: *********************************Current best model saved!
2026-08-16 21:53: Train Epoch 10: 0/821 Loss: 1.797082
2026-08-16 21:53: Train Epoch 10: 20/821 Loss: 1.789143
2026-08-16 21:53: Train Epoch 10: 40/821 Loss: 1.824139
2026-08-16 21:53: Train Epoch 10: 60/821 Loss: 1.760854
2026-08-16 21:53: Train Epoch 10: 80/821 Loss: 1.762497
2026-08-16 21:53: Train Epoch 10: 100/821 Loss: 1.818472
2026-08-16 21:53: Train Epoch 10: 120/821 Loss: 1.827851
2026-08-16 21:53: Train Epoch 10: 140/821 Loss: 1.736017
2026-08-16 21:53: Train Epoch 10: 160/821 Loss: 1.771287
2026-08-16 21:53: Train Epoch 10: 180/821 Loss: 1.712584
2026-08-16 21:53: Train Epoch 10: 200/821 Loss: 1.700835
2026-08-16 21:53: Train Epoch 10: 220/821 Loss: 1.757565
2026-08-16 21:53: Train Epoch 10: 240/821 Loss: 1.652378
2026-08-16 21:53: Train Epoch 10: 260/821 Loss: 1.844725
2026-08-16 21:53: Train Epoch 10: 280/821 Loss: 1.721176
2026-08-16 21:53: Train Epoch 10: 300/821 Loss: 1.761078
2026-08-16 21:53: Train Epoch 10: 320/821 Loss: 1.931062
2026-08-16 21:53: Train Epoch 10: 340/821 Loss: 1.798408
2026-08-16 21:53: Train Epoch 10: 360/821 Loss: 1.684305
2026-08-16 21:53: Train Epoch 10: 380/821 Loss: 1.764549
2026-08-16 21:53: Train Epoch 10: 400/821 Loss: 1.840234
2026-08-16 21:53: Train Epoch 10: 420/821 Loss: 1.801518
2026-08-16 21:53: Train Epoch 10: 440/821 Loss: 1.838904
2026-08-16 21:53: Train Epoch 10: 460/821 Loss: 1.789516
2026-08-16 21:53: Train Epoch 10: 480/821 Loss: 1.792779
2026-08-16 21:53: Train Epoch 10: 500/821 Loss: 1.800704
2026-08-16 21:53: Train Epoch 10: 520/821 Loss: 1.653737
2026-08-16 21:53: Train Epoch 10: 540/821 Loss: 1.851064
2026-08-16 21:53: Train Epoch 10: 560/821 Loss: 1.770026
2026-08-16 21:53: Train Epoch 10: 580/821 Loss: 1.724393
2026-08-16 21:53: Train Epoch 10: 600/821 Loss: 1.689237
2026-08-16 21:53: Train Epoch 10: 620/821 Loss: 1.723748
2026-08-16 21:53: Train Epoch 10: 640/821 Loss: 1.783225
2026-08-16 21:53: Train Epoch 10: 660/821 Loss: 1.779517
2026-08-16 21:53: Train Epoch 10: 680/821 Loss: 1.721901
2026-08-16 21:54: Train Epoch 10: 700/821 Loss: 1.721257
2026-08-16 21:54: Train Epoch 10: 720/821 Loss: 1.782061
2026-08-16 21:54: Train Epoch 10: 740/821 Loss: 1.763864
2026-08-16 21:54: Train Epoch 10: 760/821 Loss: 1.727479
2026-08-16 21:54: Train Epoch 10: 780/821 Loss: 1.786077
2026-08-16 21:54: Train Epoch 10: 800/821 Loss: 1.719726
2026-08-16 21:54: Train Epoch 10: 820/821 Loss: 1.788381
2026-08-16 21:54: **********Train Epoch 10: averaged Loss: 1.770987, tf_ratio: 1.000000
2026-08-16 21:54: **********Val Epoch 10: average Loss: 1.798864
2026-08-16 21:54: *********************************Current best model saved!
2026-08-16 21:54: Train Epoch 11: 0/821 Loss: 1.688403
2026-08-16 21:54: Train Epoch 11: 20/821 Loss: 1.671080
2026-08-16 21:54: Train Epoch 11: 40/821 Loss: 1.825770
2026-08-16 21:54: Train Epoch 11: 60/821 Loss: 1.780099
2026-08-16 21:54: Train Epoch 11: 80/821 Loss: 1.821416
2026-08-16 21:54: Train Epoch 11: 100/821 Loss: 1.709759
2026-08-16 21:54: Train Epoch 11: 120/821 Loss: 1.686623
2026-08-16 21:54: Train Epoch 11: 140/821 Loss: 1.683644
2026-08-16 21:54: Train Epoch 11: 160/821 Loss: 1.702188
2026-08-16 21:54: Train Epoch 11: 180/821 Loss: 1.817631
2026-08-16 21:54: Train Epoch 11: 200/821 Loss: 1.806262
2026-08-16 21:54: Train Epoch 11: 220/821 Loss: 1.727395
2026-08-16 21:54: Train Epoch 11: 240/821 Loss: 1.735672
2026-08-16 21:54: Train Epoch 11: 260/821 Loss: 1.829975
2026-08-16 21:54: Train Epoch 11: 280/821 Loss: 1.773987
2026-08-16 21:54: Train Epoch 11: 300/821 Loss: 1.748758
2026-08-16 21:54: Train Epoch 11: 320/821 Loss: 1.735114
2026-08-16 21:54: Train Epoch 11: 340/821 Loss: 1.839689
2026-08-16 21:54: Train Epoch 11: 360/821 Loss: 1.682382
2026-08-16 21:54: Train Epoch 11: 380/821 Loss: 1.865661
2026-08-16 21:54: Train Epoch 11: 400/821 Loss: 1.775740
2026-08-16 21:54: Train Epoch 11: 420/821 Loss: 1.815598
2026-08-16 21:54: Train Epoch 11: 440/821 Loss: 1.735036
2026-08-16 21:54: Train Epoch 11: 460/821 Loss: 1.794271
2026-08-16 21:54: Train Epoch 11: 480/821 Loss: 1.695151
2026-08-16 21:54: Train Epoch 11: 500/821 Loss: 1.919424
2026-08-16 21:54: Train Epoch 11: 520/821 Loss: 1.778251
2026-08-16 21:54: Train Epoch 11: 540/821 Loss: 1.818802
2026-08-16 21:54: Train Epoch 11: 560/821 Loss: 1.807743
2026-08-16 21:54: Train Epoch 11: 580/821 Loss: 1.725175
2026-08-16 21:54: Train Epoch 11: 600/821 Loss: 1.800868
2026-08-16 21:54: Train Epoch 11: 620/821 Loss: 1.821925
2026-08-16 21:54: Train Epoch 11: 640/821 Loss: 1.777361
2026-08-16 21:55: Train Epoch 11: 660/821 Loss: 1.746549
2026-08-16 21:55: Train Epoch 11: 680/821 Loss: 1.757796
2026-08-16 21:55: Train Epoch 11: 700/821 Loss: 1.743346
2026-08-16 21:55: Train Epoch 11: 720/821 Loss: 1.738273
2026-08-16 21:55: Train Epoch 11: 740/821 Loss: 1.711003
2026-08-16 21:55: Train Epoch 11: 760/821 Loss: 1.762488
2026-08-16 21:55: Train Epoch 11: 780/821 Loss: 1.769309
2026-08-16 21:55: Train Epoch 11: 800/821 Loss: 1.791509
2026-08-16 21:55: Train Epoch 11: 820/821 Loss: 1.768795
2026-08-16 21:55: **********Train Epoch 11: averaged Loss: 1.758937, tf_ratio: 1.000000
2026-08-16 21:55: **********Val Epoch 11: average Loss: 1.798887
2026-08-16 21:55: Train Epoch 12: 0/821 Loss: 1.752627
2026-08-16 21:55: Train Epoch 12: 20/821 Loss: 1.707202
2026-08-16 21:55: Train Epoch 12: 40/821 Loss: 1.863994
2026-08-16 21:55: Train Epoch 12: 60/821 Loss: 1.725701
2026-08-16 21:55: Train Epoch 12: 80/821 Loss: 1.748132
2026-08-16 21:55: Train Epoch 12: 100/821 Loss: 1.851390
2026-08-16 21:55: Train Epoch 12: 120/821 Loss: 1.885026
2026-08-16 21:55: Train Epoch 12: 140/821 Loss: 1.747078
2026-08-16 21:55: Train Epoch 12: 160/821 Loss: 1.764027
2026-08-16 21:55: Train Epoch 12: 180/821 Loss: 1.784016
2026-08-16 21:55: Train Epoch 12: 200/821 Loss: 1.677144
2026-08-16 21:55: Train Epoch 12: 220/821 Loss: 1.793662
2026-08-16 21:55: Train Epoch 12: 240/821 Loss: 1.715785
2026-08-16 21:55: Train Epoch 12: 260/821 Loss: 1.694633
2026-08-16 21:55: Train Epoch 12: 280/821 Loss: 1.818848
2026-08-16 21:55: Train Epoch 12: 300/821 Loss: 1.796232
2026-08-16 21:55: Train Epoch 12: 320/821 Loss: 1.866794
2026-08-16 21:55: Train Epoch 12: 340/821 Loss: 1.751710
2026-08-16 21:55: Train Epoch 12: 360/821 Loss: 1.790813
2026-08-16 21:55: Train Epoch 12: 380/821 Loss: 1.652762
2026-08-16 21:55: Train Epoch 12: 400/821 Loss: 1.718944
2026-08-16 21:55: Train Epoch 12: 420/821 Loss: 1.719897
2026-08-16 21:55: Train Epoch 12: 440/821 Loss: 1.794930
2026-08-16 21:55: Train Epoch 12: 460/821 Loss: 1.738485
2026-08-16 21:55: Train Epoch 12: 480/821 Loss: 1.684038
2026-08-16 21:55: Train Epoch 12: 500/821 Loss: 1.756667
2026-08-16 21:55: Train Epoch 12: 520/821 Loss: 1.701866
2026-08-16 21:55: Train Epoch 12: 540/821 Loss: 1.816117
2026-08-16 21:55: Train Epoch 12: 560/821 Loss: 1.860749
2026-08-16 21:55: Train Epoch 12: 580/821 Loss: 1.703885
2026-08-16 21:56: Train Epoch 12: 600/821 Loss: 1.753375
2026-08-16 21:56: Train Epoch 12: 620/821 Loss: 1.817563
2026-08-16 21:56: Train Epoch 12: 640/821 Loss: 1.753408
2026-08-16 21:56: Train Epoch 12: 660/821 Loss: 1.668939
2026-08-16 21:56: Train Epoch 12: 680/821 Loss: 1.706414
2026-08-16 21:56: Train Epoch 12: 700/821 Loss: 1.772697
2026-08-16 21:56: Train Epoch 12: 720/821 Loss: 1.715949
2026-08-16 21:56: Train Epoch 12: 740/821 Loss: 1.703381
2026-08-16 21:56: Train Epoch 12: 760/821 Loss: 1.802577
2026-08-16 21:56: Train Epoch 12: 780/821 Loss: 1.865422
2026-08-16 21:56: Train Epoch 12: 800/821 Loss: 1.684469
2026-08-16 21:56: Train Epoch 12: 820/821 Loss: 1.685624
2026-08-16 21:56: **********Train Epoch 12: averaged Loss: 1.747251, tf_ratio: 1.000000
2026-08-16 21:56: **********Val Epoch 12: average Loss: 1.796765
2026-08-16 21:56: *********************************Current best model saved!
2026-08-16 21:56: Train Epoch 13: 0/821 Loss: 1.792630
2026-08-16 21:56: Train Epoch 13: 20/821 Loss: 1.700456
2026-08-16 21:56: Train Epoch 13: 40/821 Loss: 1.796110
2026-08-16 21:56: Train Epoch 13: 60/821 Loss: 1.672400
2026-08-16 21:56: Train Epoch 13: 80/821 Loss: 1.717728
2026-08-16 21:56: Train Epoch 13: 100/821 Loss: 1.679665
2026-08-16 21:56: Train Epoch 13: 120/821 Loss: 1.734851
2026-08-16 21:56: Train Epoch 13: 140/821 Loss: 1.700822
2026-08-16 21:56: Train Epoch 13: 160/821 Loss: 1.646665
2026-08-16 21:56: Train Epoch 13: 180/821 Loss: 1.740173
2026-08-16 21:56: Train Epoch 13: 200/821 Loss: 1.622607
2026-08-16 21:56: Train Epoch 13: 220/821 Loss: 1.775638
2026-08-16 21:56: Train Epoch 13: 240/821 Loss: 1.768899
2026-08-16 21:56: Train Epoch 13: 260/821 Loss: 1.739391
2026-08-16 21:56: Train Epoch 13: 280/821 Loss: 1.822807
2026-08-16 21:56: Train Epoch 13: 300/821 Loss: 1.724421
2026-08-16 21:56: Train Epoch 13: 320/821 Loss: 1.752896
2026-08-16 21:56: Train Epoch 13: 340/821 Loss: 1.740541
2026-08-16 21:56: Train Epoch 13: 360/821 Loss: 1.764225
2026-08-16 21:56: Train Epoch 13: 380/821 Loss: 1.784686
2026-08-16 21:56: Train Epoch 13: 400/821 Loss: 1.805754
2026-08-16 21:56: Train Epoch 13: 420/821 Loss: 1.705572
2026-08-16 21:56: Train Epoch 13: 440/821 Loss: 1.788500
2026-08-16 21:56: Train Epoch 13: 460/821 Loss: 1.832407
2026-08-16 21:56: Train Epoch 13: 480/821 Loss: 1.759976
2026-08-16 21:56: Train Epoch 13: 500/821 Loss: 1.745543
2026-08-16 21:56: Train Epoch 13: 520/821 Loss: 1.751641
2026-08-16 21:57: Train Epoch 13: 540/821 Loss: 1.702032
2026-08-16 21:57: Train Epoch 13: 560/821 Loss: 1.654487
2026-08-16 21:57: Train Epoch 13: 580/821 Loss: 1.713567
2026-08-16 21:57: Train Epoch 13: 600/821 Loss: 1.724766
2026-08-16 21:57: Train Epoch 13: 620/821 Loss: 1.674830
2026-08-16 21:57: Train Epoch 13: 640/821 Loss: 1.703834
2026-08-16 21:57: Train Epoch 13: 660/821 Loss: 1.682136
2026-08-16 21:57: Train Epoch 13: 680/821 Loss: 1.712025
2026-08-16 21:57: Train Epoch 13: 700/821 Loss: 1.699432
2026-08-16 21:57: Train Epoch 13: 720/821 Loss: 1.702359
2026-08-16 21:57: Train Epoch 13: 740/821 Loss: 1.687665
2026-08-16 21:57: Train Epoch 13: 760/821 Loss: 1.701283
2026-08-16 21:57: Train Epoch 13: 780/821 Loss: 1.670626
2026-08-16 21:57: Train Epoch 13: 800/821 Loss: 1.665370
2026-08-16 21:57: Train Epoch 13: 820/821 Loss: 1.741803
2026-08-16 21:57: **********Train Epoch 13: averaged Loss: 1.742071, tf_ratio: 1.000000
2026-08-16 21:57: **********Val Epoch 13: average Loss: 1.775695
2026-08-16 21:57: *********************************Current best model saved!
2026-08-16 21:57: Train Epoch 14: 0/821 Loss: 1.809846
2026-08-16 21:57: Train Epoch 14: 20/821 Loss: 1.751680
2026-08-16 21:57: Train Epoch 14: 40/821 Loss: 1.711100
2026-08-16 21:57: Train Epoch 14: 60/821 Loss: 1.702324
2026-08-16 21:57: Train Epoch 14: 80/821 Loss: 1.688508
2026-08-16 21:57: Train Epoch 14: 100/821 Loss: 1.774700
2026-08-16 21:57: Train Epoch 14: 120/821 Loss: 1.814430
2026-08-16 21:57: Train Epoch 14: 140/821 Loss: 1.721450
2026-08-16 21:57: Train Epoch 14: 160/821 Loss: 1.774120
2026-08-16 21:57: Train Epoch 14: 180/821 Loss: 1.605390
2026-08-16 21:57: Train Epoch 14: 200/821 Loss: 1.676229
2026-08-16 21:57: Train Epoch 14: 220/821 Loss: 1.717310
2026-08-16 21:57: Train Epoch 14: 240/821 Loss: 1.687370
2026-08-16 21:57: Train Epoch 14: 260/821 Loss: 1.766897
2026-08-16 21:57: Train Epoch 14: 280/821 Loss: 1.729618
2026-08-16 21:57: Train Epoch 14: 300/821 Loss: 1.807842
2026-08-16 21:57: Train Epoch 14: 320/821 Loss: 1.729874
2026-08-16 21:57: Train Epoch 14: 340/821 Loss: 1.813845
2026-08-16 21:57: Train Epoch 14: 360/821 Loss: 1.702792
2026-08-16 21:57: Train Epoch 14: 380/821 Loss: 1.800870
2026-08-16 21:57: Train Epoch 14: 400/821 Loss: 1.818069
2026-08-16 21:57: Train Epoch 14: 420/821 Loss: 1.722539
2026-08-16 21:57: Train Epoch 14: 440/821 Loss: 1.767803
2026-08-16 21:57: Train Epoch 14: 460/821 Loss: 1.770869
2026-08-16 21:58: Train Epoch 14: 480/821 Loss: 1.683963
2026-08-16 21:58: Train Epoch 14: 500/821 Loss: 1.745937
2026-08-16 21:58: Train Epoch 14: 520/821 Loss: 1.738829
2026-08-16 21:58: Train Epoch 14: 540/821 Loss: 1.641931
2026-08-16 21:58: Train Epoch 14: 560/821 Loss: 1.763331
2026-08-16 21:58: Train Epoch 14: 580/821 Loss: 1.795791
2026-08-16 21:58: Train Epoch 14: 600/821 Loss: 1.652582
2026-08-16 21:58: Train Epoch 14: 620/821 Loss: 1.702873
2026-08-16 21:58: Train Epoch 14: 640/821 Loss: 1.739067
2026-08-16 21:58: Train Epoch 14: 660/821 Loss: 1.710481
2026-08-16 21:58: Train Epoch 14: 680/821 Loss: 1.809415
2026-08-16 21:58: Train Epoch 14: 700/821 Loss: 1.687901
2026-08-16 21:58: Train Epoch 14: 720/821 Loss: 1.702806
2026-08-16 21:58: Train Epoch 14: 740/821 Loss: 1.767109
2026-08-16 21:58: Train Epoch 14: 760/821 Loss: 1.696717
2026-08-16 21:58: Train Epoch 14: 780/821 Loss: 1.657208
2026-08-16 21:58: Train Epoch 14: 800/821 Loss: 1.712116
2026-08-16 21:58: Train Epoch 14: 820/821 Loss: 1.812405
2026-08-16 21:58: **********Train Epoch 14: averaged Loss: 1.735033, tf_ratio: 1.000000
2026-08-16 21:58: **********Val Epoch 14: average Loss: 1.787290
2026-08-16 21:58: Train Epoch 15: 0/821 Loss: 1.675108
2026-08-16 21:58: Train Epoch 15: 20/821 Loss: 1.751646
2026-08-16 21:58: Train Epoch 15: 40/821 Loss: 1.668798
2026-08-16 21:58: Train Epoch 15: 60/821 Loss: 1.713079
2026-08-16 21:58: Train Epoch 15: 80/821 Loss: 1.740529
2026-08-16 21:58: Train Epoch 15: 100/821 Loss: 1.646738
2026-08-16 21:58: Train Epoch 15: 120/821 Loss: 1.730663
2026-08-16 21:58: Train Epoch 15: 140/821 Loss: 1.673505
2026-08-16 21:58: Train Epoch 15: 160/821 Loss: 1.695600
2026-08-16 21:58: Train Epoch 15: 180/821 Loss: 1.702886
2026-08-16 21:58: Train Epoch 15: 200/821 Loss: 1.796151
2026-08-16 21:58: Train Epoch 15: 220/821 Loss: 1.688642
2026-08-16 21:58: Train Epoch 15: 240/821 Loss: 1.777492
2026-08-16 21:58: Train Epoch 15: 260/821 Loss: 1.741243
2026-08-16 21:58: Train Epoch 15: 280/821 Loss: 1.776617
2026-08-16 21:58: Train Epoch 15: 300/821 Loss: 1.695961
2026-08-16 21:58: Train Epoch 15: 320/821 Loss: 1.771813
2026-08-16 21:58: Train Epoch 15: 340/821 Loss: 1.617201
2026-08-16 21:58: Train Epoch 15: 360/821 Loss: 1.696115
2026-08-16 21:58: Train Epoch 15: 380/821 Loss: 1.661833
2026-08-16 21:58: Train Epoch 15: 400/821 Loss: 1.802967
2026-08-16 21:58: Train Epoch 15: 420/821 Loss: 1.713504
2026-08-16 21:59: Train Epoch 15: 440/821 Loss: 1.788875
2026-08-16 21:59: Train Epoch 15: 460/821 Loss: 1.818000
2026-08-16 21:59: Train Epoch 15: 480/821 Loss: 1.796595
2026-08-16 21:59: Train Epoch 15: 500/821 Loss: 1.655850
2026-08-16 21:59: Train Epoch 15: 520/821 Loss: 1.629295
2026-08-16 21:59: Train Epoch 15: 540/821 Loss: 1.761967
2026-08-16 21:59: Train Epoch 15: 560/821 Loss: 1.745421
2026-08-16 21:59: Train Epoch 15: 580/821 Loss: 1.795641
2026-08-16 21:59: Train Epoch 15: 600/821 Loss: 1.726052
2026-08-16 21:59: Train Epoch 15: 620/821 Loss: 1.610942
2026-08-16 21:59: Train Epoch 15: 640/821 Loss: 1.747157
2026-08-16 21:59: Train Epoch 15: 660/821 Loss: 1.750842
2026-08-16 21:59: Train Epoch 15: 680/821 Loss: 1.644002
2026-08-16 21:59: Train Epoch 15: 700/821 Loss: 1.722530
2026-08-16 21:59: Train Epoch 15: 720/821 Loss: 1.674477
2026-08-16 21:59: Train Epoch 15: 740/821 Loss: 1.679906
2026-08-16 21:59: Train Epoch 15: 760/821 Loss: 1.651993
2026-08-16 21:59: Train Epoch 15: 780/821 Loss: 1.695491
2026-08-16 21:59: Train Epoch 15: 800/821 Loss: 1.752151
2026-08-16 21:59: Train Epoch 15: 820/821 Loss: 1.674688
2026-08-16 21:59: **********Train Epoch 15: averaged Loss: 1.726080, tf_ratio: 1.000000
2026-08-16 21:59: **********Val Epoch 15: average Loss: 1.800270
2026-08-16 21:59: Train Epoch 16: 0/821 Loss: 1.682611
2026-08-16 21:59: Train Epoch 16: 20/821 Loss: 1.725328
2026-08-16 21:59: Train Epoch 16: 40/821 Loss: 1.773467
2026-08-16 21:59: Train Epoch 16: 60/821 Loss: 1.726519
2026-08-16 21:59: Train Epoch 16: 80/821 Loss: 1.748099
2026-08-16 21:59: Train Epoch 16: 100/821 Loss: 1.662338
2026-08-16 21:59: Train Epoch 16: 120/821 Loss: 1.655591
2026-08-16 21:59: Train Epoch 16: 140/821 Loss: 1.689315
2026-08-16 21:59: Train Epoch 16: 160/821 Loss: 1.692488
2026-08-16 21:59: Train Epoch 16: 180/821 Loss: 1.722551
2026-08-16 21:59: Train Epoch 16: 200/821 Loss: 1.776906
2026-08-16 21:59: Train Epoch 16: 220/821 Loss: 1.726473
2026-08-16 21:59: Train Epoch 16: 240/821 Loss: 1.657686
2026-08-16 21:59: Train Epoch 16: 260/821 Loss: 1.823448
2026-08-16 21:59: Train Epoch 16: 280/821 Loss: 1.741699
2026-08-16 21:59: Train Epoch 16: 300/821 Loss: 1.745013
2026-08-16 21:59: Train Epoch 16: 320/821 Loss: 1.732976
2026-08-16 21:59: Train Epoch 16: 340/821 Loss: 1.840883
2026-08-16 21:59: Train Epoch 16: 360/821 Loss: 1.761682
2026-08-16 22:00: Train Epoch 16: 380/821 Loss: 1.734762
2026-08-16 22:00: Train Epoch 16: 400/821 Loss: 1.734034
2026-08-16 22:00: Train Epoch 16: 420/821 Loss: 1.681427
2026-08-16 22:00: Train Epoch 16: 440/821 Loss: 1.768125
2026-08-16 22:00: Train Epoch 16: 460/821 Loss: 1.616210
2026-08-16 22:00: Train Epoch 16: 480/821 Loss: 1.690048
2026-08-16 22:00: Train Epoch 16: 500/821 Loss: 1.708941
2026-08-16 22:00: Train Epoch 16: 520/821 Loss: 1.771305
2026-08-16 22:00: Train Epoch 16: 540/821 Loss: 1.772550
2026-08-16 22:00: Train Epoch 16: 560/821 Loss: 1.677252
2026-08-16 22:00: Train Epoch 16: 580/821 Loss: 1.666039
2026-08-16 22:00: Train Epoch 16: 600/821 Loss: 1.743755
2026-08-16 22:00: Train Epoch 16: 620/821 Loss: 1.688485
2026-08-16 22:00: Train Epoch 16: 640/821 Loss: 1.688193
2026-08-16 22:00: Train Epoch 16: 660/821 Loss: 1.777147
2026-08-16 22:00: Train Epoch 16: 680/821 Loss: 1.711401
2026-08-16 22:00: Train Epoch 16: 700/821 Loss: 1.667191
2026-08-16 22:00: Train Epoch 16: 720/821 Loss: 1.688233
2026-08-16 22:00: Train Epoch 16: 740/821 Loss: 1.667775
2026-08-16 22:00: Train Epoch 16: 760/821 Loss: 1.709705
2026-08-16 22:00: Train Epoch 16: 780/821 Loss: 1.674922
2026-08-16 22:00: Train Epoch 16: 800/821 Loss: 1.673192
2026-08-16 22:00: Train Epoch 16: 820/821 Loss: 1.741153
2026-08-16 22:00: **********Train Epoch 16: averaged Loss: 1.718466, tf_ratio: 1.000000
2026-08-16 22:00: **********Val Epoch 16: average Loss: 1.781900
2026-08-16 22:00: Train Epoch 17: 0/821 Loss: 1.693981
2026-08-16 22:00: Train Epoch 17: 20/821 Loss: 1.702412
2026-08-16 22:00: Train Epoch 17: 40/821 Loss: 1.733757
2026-08-16 22:00: Train Epoch 17: 60/821 Loss: 1.720081
2026-08-16 22:00: Train Epoch 17: 80/821 Loss: 1.665037
2026-08-16 22:00: Train Epoch 17: 100/821 Loss: 1.751284
2026-08-16 22:00: Train Epoch 17: 120/821 Loss: 1.681586
2026-08-16 22:00: Train Epoch 17: 140/821 Loss: 1.651891
2026-08-16 22:00: Train Epoch 17: 160/821 Loss: 1.717490
2026-08-16 22:00: Train Epoch 17: 180/821 Loss: 1.710876
2026-08-16 22:00: Train Epoch 17: 200/821 Loss: 1.656821
2026-08-16 22:00: Train Epoch 17: 220/821 Loss: 1.699057
2026-08-16 22:00: Train Epoch 17: 240/821 Loss: 1.744473
2026-08-16 22:00: Train Epoch 17: 260/821 Loss: 1.616755
2026-08-16 22:00: Train Epoch 17: 280/821 Loss: 1.690476
2026-08-16 22:00: Train Epoch 17: 300/821 Loss: 1.708085
2026-08-16 22:01: Train Epoch 17: 320/821 Loss: 1.782004
2026-08-16 22:01: Train Epoch 17: 340/821 Loss: 1.731276
2026-08-16 22:01: Train Epoch 17: 360/821 Loss: 1.735858
2026-08-16 22:01: Train Epoch 17: 380/821 Loss: 1.729821
2026-08-16 22:01: Train Epoch 17: 400/821 Loss: 1.795161
2026-08-16 22:01: Train Epoch 17: 420/821 Loss: 1.750762
2026-08-16 22:01: Train Epoch 17: 440/821 Loss: 1.596335
2026-08-16 22:01: Train Epoch 17: 460/821 Loss: 1.652591
2026-08-16 22:01: Train Epoch 17: 480/821 Loss: 1.765918
2026-08-16 22:01: Train Epoch 17: 500/821 Loss: 1.656164
2026-08-16 22:01: Train Epoch 17: 520/821 Loss: 1.716250
2026-08-16 22:01: Train Epoch 17: 540/821 Loss: 1.799545
2026-08-16 22:01: Train Epoch 17: 560/821 Loss: 1.762553
2026-08-16 22:01: Train Epoch 17: 580/821 Loss: 1.650501
2026-08-16 22:01: Train Epoch 17: 600/821 Loss: 1.716289
2026-08-16 22:01: Train Epoch 17: 620/821 Loss: 1.717707
2026-08-16 22:01: Train Epoch 17: 640/821 Loss: 1.676043
2026-08-16 22:01: Train Epoch 17: 660/821 Loss: 1.719998
2026-08-16 22:01: Train Epoch 17: 680/821 Loss: 1.691580
2026-08-16 22:01: Train Epoch 17: 700/821 Loss: 1.717493
2026-08-16 22:01: Train Epoch 17: 720/821 Loss: 1.739134
2026-08-16 22:01: Train Epoch 17: 740/821 Loss: 1.707694
2026-08-16 22:01: Train Epoch 17: 760/821 Loss: 1.680983
2026-08-16 22:01: Train Epoch 17: 780/821 Loss: 1.671860
2026-08-16 22:01: Train Epoch 17: 800/821 Loss: 1.678946
2026-08-16 22:01: Train Epoch 17: 820/821 Loss: 1.808204
2026-08-16 22:01: **********Train Epoch 17: averaged Loss: 1.713898, tf_ratio: 1.000000
2026-08-16 22:01: **********Val Epoch 17: average Loss: 1.823777
2026-08-16 22:01: Train Epoch 18: 0/821 Loss: 1.696477
2026-08-16 22:01: Train Epoch 18: 20/821 Loss: 1.716981
2026-08-16 22:01: Train Epoch 18: 40/821 Loss: 1.747764
2026-08-16 22:01: Train Epoch 18: 60/821 Loss: 1.727798
2026-08-16 22:01: Train Epoch 18: 80/821 Loss: 1.714118
2026-08-16 22:01: Train Epoch 18: 100/821 Loss: 1.653297
2026-08-16 22:01: Train Epoch 18: 120/821 Loss: 1.622240
2026-08-16 22:01: Train Epoch 18: 140/821 Loss: 1.737373
2026-08-16 22:01: Train Epoch 18: 160/821 Loss: 1.698575
2026-08-16 22:01: Train Epoch 18: 180/821 Loss: 1.746091
2026-08-16 22:01: Train Epoch 18: 200/821 Loss: 1.696896
2026-08-16 22:01: Train Epoch 18: 220/821 Loss: 1.642700
2026-08-16 22:02: Train Epoch 18: 240/821 Loss: 1.833115
2026-08-16 22:02: Train Epoch 18: 260/821 Loss: 1.694612
2026-08-16 22:02: Train Epoch 18: 280/821 Loss: 1.660121
2026-08-16 22:02: Train Epoch 18: 300/821 Loss: 1.632756
2026-08-16 22:02: Train Epoch 18: 320/821 Loss: 1.624508
2026-08-16 22:02: Train Epoch 18: 340/821 Loss: 1.645529
2026-08-16 22:02: Train Epoch 18: 360/821 Loss: 1.644544
2026-08-16 22:02: Train Epoch 18: 380/821 Loss: 1.657684
2026-08-16 22:02: Train Epoch 18: 400/821 Loss: 1.664582
2026-08-16 22:02: Train Epoch 18: 420/821 Loss: 1.687117
2026-08-16 22:02: Train Epoch 18: 440/821 Loss: 1.815716
2026-08-16 22:02: Train Epoch 18: 460/821 Loss: 1.672044
2026-08-16 22:02: Train Epoch 18: 480/821 Loss: 1.697771
2026-08-16 22:02: Train Epoch 18: 500/821 Loss: 1.709484
2026-08-16 22:02: Train Epoch 18: 520/821 Loss: 1.794900
2026-08-16 22:02: Train Epoch 18: 540/821 Loss: 1.736729
2026-08-16 22:02: Train Epoch 18: 560/821 Loss: 1.761892
2026-08-16 22:02: Train Epoch 18: 580/821 Loss: 1.687897
2026-08-16 22:02: Train Epoch 18: 600/821 Loss: 1.748664
2026-08-16 22:02: Train Epoch 18: 620/821 Loss: 1.653273
2026-08-16 22:02: Train Epoch 18: 640/821 Loss: 1.647082
2026-08-16 22:02: Train Epoch 18: 660/821 Loss: 1.693563
2026-08-16 22:02: Train Epoch 18: 680/821 Loss: 1.751758
2026-08-16 22:02: Train Epoch 18: 700/821 Loss: 1.661263
2026-08-16 22:02: Train Epoch 18: 720/821 Loss: 1.650071
2026-08-16 22:02: Train Epoch 18: 740/821 Loss: 1.693017
2026-08-16 22:02: Train Epoch 18: 760/821 Loss: 1.662497
2026-08-16 22:02: Train Epoch 18: 780/821 Loss: 1.728566
2026-08-16 22:02: Train Epoch 18: 800/821 Loss: 1.710282
2026-08-16 22:02: Train Epoch 18: 820/821 Loss: 1.668079
2026-08-16 22:02: **********Train Epoch 18: averaged Loss: 1.705231, tf_ratio: 1.000000
2026-08-16 22:02: **********Val Epoch 18: average Loss: 1.807943
2026-08-16 22:02: Train Epoch 19: 0/821 Loss: 1.674726
2026-08-16 22:02: Train Epoch 19: 20/821 Loss: 1.712119
2026-08-16 22:02: Train Epoch 19: 40/821 Loss: 1.662092
2026-08-16 22:02: Train Epoch 19: 60/821 Loss: 1.637944
2026-08-16 22:02: Train Epoch 19: 80/821 Loss: 1.761717
2026-08-16 22:02: Train Epoch 19: 100/821 Loss: 1.678702
2026-08-16 22:02: Train Epoch 19: 120/821 Loss: 1.688329
2026-08-16 22:02: Train Epoch 19: 140/821 Loss: 1.708831
2026-08-16 22:02: Train Epoch 19: 160/821 Loss: 1.717493
2026-08-16 22:03: Train Epoch 19: 180/821 Loss: 1.663094
2026-08-16 22:03: Train Epoch 19: 200/821 Loss: 1.829527
2026-08-16 22:03: Train Epoch 19: 220/821 Loss: 1.674366
2026-08-16 22:03: Train Epoch 19: 240/821 Loss: 1.631746
2026-08-16 22:03: Train Epoch 19: 260/821 Loss: 1.751042
2026-08-16 22:03: Train Epoch 19: 280/821 Loss: 1.693625
2026-08-16 22:03: Train Epoch 19: 300/821 Loss: 1.729955
2026-08-16 22:03: Train Epoch 19: 320/821 Loss: 1.705091
2026-08-16 22:03: Train Epoch 19: 340/821 Loss: 1.682347
2026-08-16 22:03: Train Epoch 19: 360/821 Loss: 1.645310
2026-08-16 22:03: Train Epoch 19: 380/821 Loss: 1.682637
2026-08-16 22:03: Train Epoch 19: 400/821 Loss: 1.665225
2026-08-16 22:03: Train Epoch 19: 420/821 Loss: 1.631220
2026-08-16 22:03: Train Epoch 19: 440/821 Loss: 1.710247
2026-08-16 22:03: Train Epoch 19: 460/821 Loss: 1.687415
2026-08-16 22:03: Train Epoch 19: 480/821 Loss: 1.668805
2026-08-16 22:03: Train Epoch 19: 500/821 Loss: 1.735198
2026-08-16 22:03: Train Epoch 19: 520/821 Loss: 1.783084
2026-08-16 22:03: Train Epoch 19: 540/821 Loss: 1.790765
2026-08-16 22:03: Train Epoch 19: 560/821 Loss: 1.676290
2026-08-16 22:03: Train Epoch 19: 580/821 Loss: 1.712348
2026-08-16 22:03: Train Epoch 19: 600/821 Loss: 1.707941
2026-08-16 22:03: Train Epoch 19: 620/821 Loss: 1.734486
2026-08-16 22:03: Train Epoch 19: 640/821 Loss: 1.741529
2026-08-16 22:03: Train Epoch 19: 660/821 Loss: 1.750015
2026-08-16 22:03: Train Epoch 19: 680/821 Loss: 1.635464
2026-08-16 22:03: Train Epoch 19: 700/821 Loss: 1.667531
2026-08-16 22:03: Train Epoch 19: 720/821 Loss: 1.726902
2026-08-16 22:03: Train Epoch 19: 740/821 Loss: 1.772240
2026-08-16 22:03: Train Epoch 19: 760/821 Loss: 1.677047
2026-08-16 22:03: Train Epoch 19: 780/821 Loss: 1.781914
2026-08-16 22:03: Train Epoch 19: 800/821 Loss: 1.641663
2026-08-16 22:03: Train Epoch 19: 820/821 Loss: 1.664138
2026-08-16 22:03: **********Train Epoch 19: averaged Loss: 1.702638, tf_ratio: 1.000000
2026-08-16 22:03: **********Val Epoch 19: average Loss: 1.793372
2026-08-16 22:03: Train Epoch 20: 0/821 Loss: 1.657723
2026-08-16 22:03: Train Epoch 20: 20/821 Loss: 1.639039
2026-08-16 22:03: Train Epoch 20: 40/821 Loss: 1.715823
2026-08-16 22:03: Train Epoch 20: 60/821 Loss: 1.757257
2026-08-16 22:03: Train Epoch 20: 80/821 Loss: 1.719490
2026-08-16 22:03: Train Epoch 20: 100/821 Loss: 1.760052
2026-08-16 22:03: Train Epoch 20: 120/821 Loss: 1.664213
2026-08-16 22:04: Train Epoch 20: 140/821 Loss: 1.719177
2026-08-16 22:04: Train Epoch 20: 160/821 Loss: 1.670629
2026-08-16 22:04: Train Epoch 20: 180/821 Loss: 1.672023
2026-08-16 22:04: Train Epoch 20: 200/821 Loss: 1.753566
2026-08-16 22:04: Train Epoch 20: 220/821 Loss: 1.859927
2026-08-16 22:04: Train Epoch 20: 240/821 Loss: 1.645002
2026-08-16 22:04: Train Epoch 20: 260/821 Loss: 1.636690
2026-08-16 22:04: Train Epoch 20: 280/821 Loss: 1.704615
2026-08-16 22:04: Train Epoch 20: 300/821 Loss: 1.817740
2026-08-16 22:04: Train Epoch 20: 320/821 Loss: 1.763591
2026-08-16 22:04: Train Epoch 20: 340/821 Loss: 1.651988
2026-08-16 22:04: Train Epoch 20: 360/821 Loss: 1.686817
2026-08-16 22:04: Train Epoch 20: 380/821 Loss: 1.695589
2026-08-16 22:04: Train Epoch 20: 400/821 Loss: 1.782758
2026-08-16 22:04: Train Epoch 20: 420/821 Loss: 1.698925
2026-08-16 22:04: Train Epoch 20: 440/821 Loss: 1.671943
2026-08-16 22:04: Train Epoch 20: 460/821 Loss: 1.639886
2026-08-16 22:04: Train Epoch 20: 480/821 Loss: 1.575891
2026-08-16 22:04: Train Epoch 20: 500/821 Loss: 1.706846
2026-08-16 22:04: Train Epoch 20: 520/821 Loss: 1.734354
2026-08-16 22:04: Train Epoch 20: 540/821 Loss: 1.619343
2026-08-16 22:04: Train Epoch 20: 560/821 Loss: 1.661532
2026-08-16 22:04: Train Epoch 20: 580/821 Loss: 1.664005
2026-08-16 22:04: Train Epoch 20: 600/821 Loss: 1.659713
2026-08-16 22:04: Train Epoch 20: 620/821 Loss: 1.684330
2026-08-16 22:04: Train Epoch 20: 640/821 Loss: 1.752014
2026-08-16 22:04: Train Epoch 20: 660/821 Loss: 1.616463
2026-08-16 22:04: Train Epoch 20: 680/821 Loss: 1.680341
2026-08-16 22:04: Train Epoch 20: 700/821 Loss: 1.674091
2026-08-16 22:04: Train Epoch 20: 720/821 Loss: 1.687599
2026-08-16 22:04: Train Epoch 20: 740/821 Loss: 1.748716
2026-08-16 22:04: Train Epoch 20: 760/821 Loss: 1.658538
2026-08-16 22:04: Train Epoch 20: 780/821 Loss: 1.731285
2026-08-16 22:04: Train Epoch 20: 800/821 Loss: 1.751441
2026-08-16 22:04: Train Epoch 20: 820/821 Loss: 1.701047
2026-08-16 22:04: **********Train Epoch 20: averaged Loss: 1.692942, tf_ratio: 1.000000
2026-08-16 22:04: **********Val Epoch 20: average Loss: 1.796900
2026-08-16 22:04: Train Epoch 21: 0/821 Loss: 1.676744
2026-08-16 22:04: Train Epoch 21: 20/821 Loss: 1.629137
2026-08-16 22:05: Train Epoch 21: 40/821 Loss: 1.669921
2026-08-16 22:05: Train Epoch 21: 60/821 Loss: 1.721559
2026-08-16 22:05: Train Epoch 21: 80/821 Loss: 1.787788
2026-08-16 22:05: Train Epoch 21: 100/821 Loss: 1.728250
2026-08-16 22:05: Train Epoch 21: 120/821 Loss: 1.716339
2026-08-16 22:05: Train Epoch 21: 140/821 Loss: 1.609972
2026-08-16 22:05: Train Epoch 21: 160/821 Loss: 1.693430
2026-08-16 22:05: Train Epoch 21: 180/821 Loss: 1.698471
2026-08-16 22:05: Train Epoch 21: 200/821 Loss: 1.670183
2026-08-16 22:05: Train Epoch 21: 220/821 Loss: 1.684992
2026-08-16 22:05: Train Epoch 21: 240/821 Loss: 1.643453
2026-08-16 22:05: Train Epoch 21: 260/821 Loss: 1.618796
2026-08-16 22:05: Train Epoch 21: 280/821 Loss: 1.637459
2026-08-16 22:05: Train Epoch 21: 300/821 Loss: 1.635552
2026-08-16 22:05: Train Epoch 21: 320/821 Loss: 1.727572
2026-08-16 22:05: Train Epoch 21: 340/821 Loss: 1.722155
2026-08-16 22:05: Train Epoch 21: 360/821 Loss: 1.749322
2026-08-16 22:05: Train Epoch 21: 380/821 Loss: 1.672810
2026-08-16 22:05: Train Epoch 21: 400/821 Loss: 1.733967
2026-08-16 22:05: Train Epoch 21: 420/821 Loss: 1.694582
2026-08-16 22:05: Train Epoch 21: 440/821 Loss: 1.736574
2026-08-16 22:05: Train Epoch 21: 460/821 Loss: 1.672078
2026-08-16 22:05: Train Epoch 21: 480/821 Loss: 1.792563
2026-08-16 22:05: Train Epoch 21: 500/821 Loss: 1.682097
2026-08-16 22:05: Train Epoch 21: 520/821 Loss: 1.710715
2026-08-16 22:05: Train Epoch 21: 540/821 Loss: 1.657491
2026-08-16 22:05: Train Epoch 21: 560/821 Loss: 1.733823
2026-08-16 22:05: Train Epoch 21: 580/821 Loss: 1.640663
2026-08-16 22:05: Train Epoch 21: 600/821 Loss: 1.679934
2026-08-16 22:05: Train Epoch 21: 620/821 Loss: 1.650513
2026-08-16 22:05: Train Epoch 21: 640/821 Loss: 1.770398
2026-08-16 22:05: Train Epoch 21: 660/821 Loss: 1.636380
2026-08-16 22:05: Train Epoch 21: 680/821 Loss: 1.654455
2026-08-16 22:05: Train Epoch 21: 700/821 Loss: 1.737698
2026-08-16 22:05: Train Epoch 21: 720/821 Loss: 1.607377
2026-08-16 22:05: Train Epoch 21: 740/821 Loss: 1.637616
2026-08-16 22:05: Train Epoch 21: 760/821 Loss: 1.699365
2026-08-16 22:05: Train Epoch 21: 780/821 Loss: 1.666892
2026-08-16 22:05: Train Epoch 21: 800/821 Loss: 1.620042
2026-08-16 22:05: Train Epoch 21: 820/821 Loss: 1.725804
2026-08-16 22:05: **********Train Epoch 21: averaged Loss: 1.686253, tf_ratio: 1.000000
2026-08-16 22:06: **********Val Epoch 21: average Loss: 1.790475
2026-08-16 22:06: Train Epoch 22: 0/821 Loss: 1.694187
2026-08-16 22:06: Train Epoch 22: 20/821 Loss: 1.672735
2026-08-16 22:06: Train Epoch 22: 40/821 Loss: 1.686514
2026-08-16 22:06: Train Epoch 22: 60/821 Loss: 1.677324
2026-08-16 22:06: Train Epoch 22: 80/821 Loss: 1.709951
2026-08-16 22:06: Train Epoch 22: 100/821 Loss: 1.665636
2026-08-16 22:06: Train Epoch 22: 120/821 Loss: 1.749703
2026-08-16 22:06: Train Epoch 22: 140/821 Loss: 1.532730
2026-08-16 22:06: Train Epoch 22: 160/821 Loss: 1.631663
2026-08-16 22:06: Train Epoch 22: 180/821 Loss: 1.700652
2026-08-16 22:06: Train Epoch 22: 200/821 Loss: 1.749719
2026-08-16 22:06: Train Epoch 22: 220/821 Loss: 1.616269
2026-08-16 22:06: Train Epoch 22: 240/821 Loss: 1.694535
2026-08-16 22:06: Train Epoch 22: 260/821 Loss: 1.713117
2026-08-16 22:06: Train Epoch 22: 280/821 Loss: 1.699266
2026-08-16 22:06: Train Epoch 22: 300/821 Loss: 1.637766
2026-08-16 22:06: Train Epoch 22: 320/821 Loss: 1.698496
2026-08-16 22:06: Train Epoch 22: 340/821 Loss: 1.687582
2026-08-16 22:06: Train Epoch 22: 360/821 Loss: 1.666565
2026-08-16 22:06: Train Epoch 22: 380/821 Loss: 1.780207
2026-08-16 22:06: Train Epoch 22: 400/821 Loss: 1.681561
2026-08-16 22:06: Train Epoch 22: 420/821 Loss: 1.735298
2026-08-16 22:06: Train Epoch 22: 440/821 Loss: 1.606357
2026-08-16 22:06: Train Epoch 22: 460/821 Loss: 1.819141
2026-08-16 22:06: Train Epoch 22: 480/821 Loss: 1.654010
2026-08-16 22:06: Train Epoch 22: 500/821 Loss: 1.614188
2026-08-16 22:06: Train Epoch 22: 520/821 Loss: 1.651623
2026-08-16 22:06: Train Epoch 22: 540/821 Loss: 1.606063
2026-08-16 22:06: Train Epoch 22: 560/821 Loss: 1.660883
2026-08-16 22:06: Train Epoch 22: 580/821 Loss: 1.645993
2026-08-16 22:06: Train Epoch 22: 600/821 Loss: 1.704716
2026-08-16 22:06: Train Epoch 22: 620/821 Loss: 1.685963
2026-08-16 22:06: Train Epoch 22: 640/821 Loss: 1.784009
2026-08-16 22:06: Train Epoch 22: 660/821 Loss: 1.605029
2026-08-16 22:06: Train Epoch 22: 680/821 Loss: 1.683259
2026-08-16 22:06: Train Epoch 22: 700/821 Loss: 1.674857
2026-08-16 22:06: Train Epoch 22: 720/821 Loss: 1.645142
2026-08-16 22:06: Train Epoch 22: 740/821 Loss: 1.704180
2026-08-16 22:06: Train Epoch 22: 760/821 Loss: 1.714404
2026-08-16 22:06: Train Epoch 22: 780/821 Loss: 1.555838
2026-08-16 22:07: Train Epoch 22: 800/821 Loss: 1.755125
2026-08-16 22:07: Train Epoch 22: 820/821 Loss: 1.639389
2026-08-16 22:07: **********Train Epoch 22: averaged Loss: 1.680656, tf_ratio: 1.000000
2026-08-16 22:07: **********Val Epoch 22: average Loss: 1.773360
2026-08-16 22:07: *********************************Current best model saved!
2026-08-16 22:07: Train Epoch 23: 0/821 Loss: 1.664208
2026-08-16 22:07: Train Epoch 23: 20/821 Loss: 1.705653
2026-08-16 22:07: Train Epoch 23: 40/821 Loss: 1.670114
2026-08-16 22:07: Train Epoch 23: 60/821 Loss: 1.722974
2026-08-16 22:07: Train Epoch 23: 80/821 Loss: 1.673836
2026-08-16 22:07: Train Epoch 23: 100/821 Loss: 1.774436
2026-08-16 22:07: Train Epoch 23: 120/821 Loss: 1.656877
2026-08-16 22:07: Train Epoch 23: 140/821 Loss: 1.665353
2026-08-16 22:07: Train Epoch 23: 160/821 Loss: 1.577412
2026-08-16 22:07: Train Epoch 23: 180/821 Loss: 1.591395
2026-08-16 22:07: Train Epoch 23: 200/821 Loss: 1.676647
2026-08-16 22:07: Train Epoch 23: 220/821 Loss: 1.695821
2026-08-16 22:07: Train Epoch 23: 240/821 Loss: 1.753076
2026-08-16 22:07: Train Epoch 23: 260/821 Loss: 1.666977
2026-08-16 22:07: Train Epoch 23: 280/821 Loss: 1.638793
2026-08-16 22:07: Train Epoch 23: 300/821 Loss: 1.739376
2026-08-16 22:07: Train Epoch 23: 320/821 Loss: 1.616177
2026-08-16 22:07: Train Epoch 23: 340/821 Loss: 1.697148
2026-08-16 22:07: Train Epoch 23: 360/821 Loss: 1.667178
2026-08-16 22:07: Train Epoch 23: 380/821 Loss: 1.659220
2026-08-16 22:07: Train Epoch 23: 400/821 Loss: 1.641247
2026-08-16 22:07: Train Epoch 23: 420/821 Loss: 1.660217
2026-08-16 22:07: Train Epoch 23: 440/821 Loss: 1.739061
2026-08-16 22:07: Train Epoch 23: 460/821 Loss: 1.649846
2026-08-16 22:07: Train Epoch 23: 480/821 Loss: 1.684763
2026-08-16 22:07: Train Epoch 23: 500/821 Loss: 1.707820
2026-08-16 22:07: Train Epoch 23: 520/821 Loss: 1.594018
2026-08-16 22:07: Train Epoch 23: 540/821 Loss: 1.658154
2026-08-16 22:07: Train Epoch 23: 560/821 Loss: 1.672626
2026-08-16 22:07: Train Epoch 23: 580/821 Loss: 1.637615
2026-08-16 22:07: Train Epoch 23: 600/821 Loss: 1.690707
2026-08-16 22:07: Train Epoch 23: 620/821 Loss: 1.626626
2026-08-16 22:07: Train Epoch 23: 640/821 Loss: 1.653809
2026-08-16 22:07: Train Epoch 23: 660/821 Loss: 1.706968
2026-08-16 22:07: Train Epoch 23: 680/821 Loss: 1.677182
2026-08-16 22:07: Train Epoch 23: 700/821 Loss: 1.691972
2026-08-16 22:07: Train Epoch 23: 720/821 Loss: 1.658411
2026-08-16 22:08: Train Epoch 23: 740/821 Loss: 1.615216
2026-08-16 22:08: Train Epoch 23: 760/821 Loss: 1.646318
2026-08-16 22:08: Train Epoch 23: 780/821 Loss: 1.698467
2026-08-16 22:08: Train Epoch 23: 800/821 Loss: 1.735985
2026-08-16 22:08: Train Epoch 23: 820/821 Loss: 1.662556
2026-08-16 22:08: **********Train Epoch 23: averaged Loss: 1.677634, tf_ratio: 1.000000
2026-08-16 22:08: **********Val Epoch 23: average Loss: 1.786472
2026-08-16 22:08: Train Epoch 24: 0/821 Loss: 1.668117
2026-08-16 22:08: Train Epoch 24: 20/821 Loss: 1.724743
2026-08-16 22:08: Train Epoch 24: 40/821 Loss: 1.610100
2026-08-16 22:08: Train Epoch 24: 60/821 Loss: 1.720239
2026-08-16 22:08: Train Epoch 24: 80/821 Loss: 1.699311
2026-08-16 22:08: Train Epoch 24: 100/821 Loss: 1.650491
2026-08-16 22:08: Train Epoch 24: 120/821 Loss: 1.648845
2026-08-16 22:08: Train Epoch 24: 140/821 Loss: 1.697390
2026-08-16 22:08: Train Epoch 24: 160/821 Loss: 1.619005
2026-08-16 22:08: Train Epoch 24: 180/821 Loss: 1.660531
2026-08-16 22:08: Train Epoch 24: 200/821 Loss: 1.664592
2026-08-16 22:08: Train Epoch 24: 220/821 Loss: 1.700416
2026-08-16 22:08: Train Epoch 24: 240/821 Loss: 1.714933
2026-08-16 22:08: Train Epoch 24: 260/821 Loss: 1.665530
2026-08-16 22:08: Train Epoch 24: 280/821 Loss: 1.579595
2026-08-16 22:08: Train Epoch 24: 300/821 Loss: 1.692179
2026-08-16 22:08: Train Epoch 24: 320/821 Loss: 1.636820
2026-08-16 22:08: Train Epoch 24: 340/821 Loss: 1.635376
2026-08-16 22:08: Train Epoch 24: 360/821 Loss: 1.651134
2026-08-16 22:08: Train Epoch 24: 380/821 Loss: 1.701282
2026-08-16 22:08: Train Epoch 24: 400/821 Loss: 1.734713
2026-08-16 22:08: Train Epoch 24: 420/821 Loss: 5.082564
2026-08-16 22:08: Train Epoch 24: 440/821 Loss: 7.681648
2026-08-16 22:08: Train Epoch 24: 460/821 Loss: 9.626401
2026-08-16 22:08: Train Epoch 24: 480/821 Loss: 7.887390
2026-08-16 22:08: Train Epoch 24: 500/821 Loss: 7.412937
2026-08-16 22:08: Train Epoch 24: 520/821 Loss: 6.904951
2026-08-16 22:08: Train Epoch 24: 540/821 Loss: 6.842877
2026-08-16 22:08: Train Epoch 24: 560/821 Loss: 6.456209
2026-08-16 22:08: Train Epoch 24: 580/821 Loss: 6.389845
2026-08-16 22:08: Train Epoch 24: 600/821 Loss: 5.632005
2026-08-16 22:08: Train Epoch 24: 620/821 Loss: 5.880655
2026-08-16 22:08: Train Epoch 24: 640/821 Loss: 5.667702
2026-08-16 22:08: Train Epoch 24: 660/821 Loss: 5.713499
2026-08-16 22:08: Train Epoch 24: 680/821 Loss: 5.429230
2026-08-16 22:09: Train Epoch 24: 700/821 Loss: 5.373687
2026-08-16 22:09: Train Epoch 24: 720/821 Loss: 5.215655
2026-08-16 22:09: Train Epoch 24: 740/821 Loss: 5.518816
2026-08-16 22:09: Train Epoch 24: 760/821 Loss: 5.236032
2026-08-16 22:09: Train Epoch 24: 780/821 Loss: 5.362026
2026-08-16 22:09: Train Epoch 24: 800/821 Loss: 5.328929
2026-08-16 22:09: Train Epoch 24: 820/821 Loss: 5.102110
2026-08-16 22:09: **********Train Epoch 24: averaged Loss: 3.916961, tf_ratio: 1.000000
2026-08-16 22:09: **********Val Epoch 24: average Loss: 5.106279
2026-08-16 22:09: Train Epoch 25: 0/821 Loss: 5.473575
2026-08-16 22:09: Train Epoch 25: 20/821 Loss: 5.074126
2026-08-16 22:09: Train Epoch 25: 40/821 Loss: 5.085506
2026-08-16 22:09: Train Epoch 25: 60/821 Loss: 4.912863
2026-08-16 22:09: Train Epoch 25: 80/821 Loss: 5.410131
2026-08-16 22:09: Train Epoch 25: 100/821 Loss: 5.458371
2026-08-16 22:09: Train Epoch 25: 120/821 Loss: 5.090284
2026-08-16 22:09: Train Epoch 25: 140/821 Loss: 4.970617
2026-08-16 22:09: Train Epoch 25: 160/821 Loss: 5.004488
2026-08-16 22:09: Train Epoch 25: 180/821 Loss: 5.098436
2026-08-16 22:09: Train Epoch 25: 200/821 Loss: 5.186691
2026-08-16 22:09: Train Epoch 25: 220/821 Loss: 5.116537
2026-08-16 22:09: Train Epoch 25: 240/821 Loss: 5.047242
2026-08-16 22:09: Train Epoch 25: 260/821 Loss: 5.352000
2026-08-16 22:09: Train Epoch 25: 280/821 Loss: 5.215719
2026-08-16 22:09: Train Epoch 25: 300/821 Loss: 5.082671
2026-08-16 22:09: Train Epoch 25: 320/821 Loss: 5.338006
2026-08-16 22:09: Train Epoch 25: 340/821 Loss: 5.242281
2026-08-16 22:09: Train Epoch 25: 360/821 Loss: 5.091110
2026-08-16 22:09: Train Epoch 25: 380/821 Loss: 5.235151
2026-08-16 22:09: Train Epoch 25: 400/821 Loss: 5.283781
2026-08-16 22:09: Train Epoch 25: 420/821 Loss: 5.295796
2026-08-16 22:09: Train Epoch 25: 440/821 Loss: 5.198243
2026-08-16 22:09: Train Epoch 25: 460/821 Loss: 5.370656
2026-08-16 22:09: Train Epoch 25: 480/821 Loss: 5.320902
2026-08-16 22:09: Train Epoch 25: 500/821 Loss: 5.187375
2026-08-16 22:09: Train Epoch 25: 520/821 Loss: 5.053366
2026-08-16 22:09: Train Epoch 25: 540/821 Loss: 5.281446
2026-08-16 22:09: Train Epoch 25: 560/821 Loss: 4.988247
2026-08-16 22:09: Train Epoch 25: 580/821 Loss: 5.156034
2026-08-16 22:09: Train Epoch 25: 600/821 Loss: 5.068945
2026-08-16 22:09: Train Epoch 25: 620/821 Loss: 5.193494
2026-08-16 22:10: Train Epoch 25: 640/821 Loss: 4.980190
2026-08-16 22:10: Train Epoch 25: 660/821 Loss: 5.087808
2026-08-16 22:10: Train Epoch 25: 680/821 Loss: 5.241684
2026-08-16 22:10: Train Epoch 25: 700/821 Loss: 4.854578
2026-08-16 22:10: Train Epoch 25: 720/821 Loss: 5.031219
2026-08-16 22:10: Train Epoch 25: 740/821 Loss: 5.104520
2026-08-16 22:10: Train Epoch 25: 760/821 Loss: 5.178344
2026-08-16 22:10: Train Epoch 25: 780/821 Loss: 5.311176
2026-08-16 22:10: Train Epoch 25: 800/821 Loss: 5.293720
2026-08-16 22:10: Train Epoch 25: 820/821 Loss: 5.228203
2026-08-16 22:10: **********Train Epoch 25: averaged Loss: 5.162325, tf_ratio: 1.000000
2026-08-16 22:10: **********Val Epoch 25: average Loss: 5.066612
2026-08-16 22:10: Train Epoch 26: 0/821 Loss: 5.147078
2026-08-16 22:10: Train Epoch 26: 20/821 Loss: 5.345234
2026-08-16 22:10: Train Epoch 26: 40/821 Loss: 5.342973
2026-08-16 22:10: Train Epoch 26: 60/821 Loss: 5.536911
2026-08-16 22:10: Train Epoch 26: 80/821 Loss: 5.578362
2026-08-16 22:10: Train Epoch 26: 100/821 Loss: 5.217133
2026-08-16 22:10: Train Epoch 26: 120/821 Loss: 5.405965
2026-08-16 22:10: Train Epoch 26: 140/821 Loss: 5.275763
2026-08-16 22:10: Train Epoch 26: 160/821 Loss: 5.067706
2026-08-16 22:10: Train Epoch 26: 180/821 Loss: 5.331907
2026-08-16 22:10: Train Epoch 26: 200/821 Loss: 5.434202
2026-08-16 22:10: Train Epoch 26: 220/821 Loss: 5.420024
2026-08-16 22:10: Train Epoch 26: 240/821 Loss: 5.153671
2026-08-16 22:10: Train Epoch 26: 260/821 Loss: 4.974070
2026-08-16 22:10: Train Epoch 26: 280/821 Loss: 5.233659
2026-08-16 22:10: Train Epoch 26: 300/821 Loss: 5.176047
2026-08-16 22:10: Train Epoch 26: 320/821 Loss: 5.191843
2026-08-16 22:10: Train Epoch 26: 340/821 Loss: 5.176549
2026-08-16 22:10: Train Epoch 26: 360/821 Loss: 5.095091
2026-08-16 22:10: Train Epoch 26: 380/821 Loss: 5.240315
2026-08-16 22:10: Train Epoch 26: 400/821 Loss: 5.313135
2026-08-16 22:10: Train Epoch 26: 420/821 Loss: 5.215744
2026-08-16 22:10: Train Epoch 26: 440/821 Loss: 4.913185
2026-08-16 22:10: Train Epoch 26: 460/821 Loss: 5.277794
2026-08-16 22:10: Train Epoch 26: 480/821 Loss: 5.178725
2026-08-16 22:10: Train Epoch 26: 500/821 Loss: 5.559827
2026-08-16 22:10: Train Epoch 26: 520/821 Loss: 5.235782
2026-08-16 22:10: Train Epoch 26: 540/821 Loss: 4.958445
2026-08-16 22:10: Train Epoch 26: 560/821 Loss: 5.261371
2026-08-16 22:11: Train Epoch 26: 580/821 Loss: 5.281774
2026-08-16 22:11: Train Epoch 26: 600/821 Loss: 5.181717
2026-08-16 22:11: Train Epoch 26: 620/821 Loss: 5.007510
2026-08-16 22:11: Train Epoch 26: 640/821 Loss: 5.120224
2026-08-16 22:11: Train Epoch 26: 660/821 Loss: 5.187941
2026-08-16 22:11: Train Epoch 26: 680/821 Loss: 5.111807
2026-08-16 22:11: Train Epoch 26: 700/821 Loss: 5.344388
2026-08-16 22:11: Train Epoch 26: 720/821 Loss: 5.381850
2026-08-16 22:11: Train Epoch 26: 740/821 Loss: 5.312387
2026-08-16 22:11: Train Epoch 26: 760/821 Loss: 5.265774
2026-08-16 22:11: Train Epoch 26: 780/821 Loss: 5.226624
2026-08-16 22:11: Train Epoch 26: 800/821 Loss: 5.532657
2026-08-16 22:11: Train Epoch 26: 820/821 Loss: 5.121322
2026-08-16 22:11: **********Train Epoch 26: averaged Loss: 5.178769, tf_ratio: 1.000000
2026-08-16 22:11: **********Val Epoch 26: average Loss: 5.045157
2026-08-16 22:11: Train Epoch 27: 0/821 Loss: 5.403802
2026-08-16 22:11: Train Epoch 27: 20/821 Loss: 4.851967
2026-08-16 22:11: Train Epoch 27: 40/821 Loss: 5.267185
2026-08-16 22:11: Train Epoch 27: 60/821 Loss: 5.116151
2026-08-16 22:11: Train Epoch 27: 80/821 Loss: 5.298094
2026-08-16 22:11: Train Epoch 27: 100/821 Loss: 5.373816
2026-08-16 22:11: Train Epoch 27: 120/821 Loss: 5.245800
2026-08-16 22:11: Train Epoch 27: 140/821 Loss: 4.905484
2026-08-16 22:11: Train Epoch 27: 160/821 Loss: 5.182739
2026-08-16 22:11: Train Epoch 27: 180/821 Loss: 5.204650
2026-08-16 22:11: Train Epoch 27: 200/821 Loss: 4.996075
2026-08-16 22:11: Train Epoch 27: 220/821 Loss: 5.088697
2026-08-16 22:11: Train Epoch 27: 240/821 Loss: 5.320615
2026-08-16 22:11: Train Epoch 27: 260/821 Loss: 5.025539
2026-08-16 22:11: Train Epoch 27: 280/821 Loss: 5.174674
2026-08-16 22:11: Train Epoch 27: 300/821 Loss: 5.077603
2026-08-16 22:11: Train Epoch 27: 320/821 Loss: 5.085378
2026-08-16 22:11: Train Epoch 27: 340/821 Loss: 5.504526
2026-08-16 22:11: Train Epoch 27: 360/821 Loss: 5.143643
2026-08-16 22:11: Train Epoch 27: 380/821 Loss: 5.212502
2026-08-16 22:11: Train Epoch 27: 400/821 Loss: 5.169718
2026-08-16 22:11: Train Epoch 27: 420/821 Loss: 5.275911
2026-08-16 22:11: Train Epoch 27: 440/821 Loss: 5.362764
2026-08-16 22:11: Train Epoch 27: 460/821 Loss: 5.103940
2026-08-16 22:11: Train Epoch 27: 480/821 Loss: 5.176938
2026-08-16 22:11: Train Epoch 27: 500/821 Loss: 5.217103
2026-08-16 22:12: Train Epoch 27: 520/821 Loss: 5.255741
2026-08-16 22:12: Train Epoch 27: 540/821 Loss: 5.237809
2026-08-16 22:12: Train Epoch 27: 560/821 Loss: 5.233251
2026-08-16 22:12: Train Epoch 27: 580/821 Loss: 5.454153
2026-08-16 22:12: Train Epoch 27: 600/821 Loss: 5.380543
2026-08-16 22:12: Train Epoch 27: 620/821 Loss: 5.038454
2026-08-16 22:12: Train Epoch 27: 640/821 Loss: 5.310549
2026-08-16 22:12: Train Epoch 27: 660/821 Loss: 4.891909
2026-08-16 22:12: Train Epoch 27: 680/821 Loss: 5.188192
2026-08-16 22:12: Train Epoch 27: 700/821 Loss: 5.276140
2026-08-16 22:12: Train Epoch 27: 720/821 Loss: 5.172767
2026-08-16 22:12: Train Epoch 27: 740/821 Loss: 5.159667
2026-08-16 22:12: Train Epoch 27: 760/821 Loss: 5.180545
2026-08-16 22:12: Train Epoch 27: 780/821 Loss: 5.123752
2026-08-16 22:12: Train Epoch 27: 800/821 Loss: 5.077129
2026-08-16 22:12: Train Epoch 27: 820/821 Loss: 5.253802
2026-08-16 22:12: **********Train Epoch 27: averaged Loss: 5.160253, tf_ratio: 1.000000
2026-08-16 22:12: **********Val Epoch 27: average Loss: 5.056811
2026-08-16 22:12: Train Epoch 28: 0/821 Loss: 5.141896
2026-08-16 22:12: Train Epoch 28: 20/821 Loss: 5.165861
2026-08-16 22:12: Train Epoch 28: 40/821 Loss: 5.234784
2026-08-16 22:12: Train Epoch 28: 60/821 Loss: 5.126341
2026-08-16 22:12: Train Epoch 28: 80/821 Loss: 5.150429
2026-08-16 22:12: Train Epoch 28: 100/821 Loss: 5.237536
2026-08-16 22:12: Train Epoch 28: 120/821 Loss: 5.358583
2026-08-16 22:12: Train Epoch 28: 140/821 Loss: 5.092508
2026-08-16 22:12: Train Epoch 28: 160/821 Loss: 5.081733
2026-08-16 22:12: Train Epoch 28: 180/821 Loss: 5.190028
2026-08-16 22:12: Train Epoch 28: 200/821 Loss: 4.902209
2026-08-16 22:12: Train Epoch 28: 220/821 Loss: 5.186148
2026-08-16 22:12: Train Epoch 28: 240/821 Loss: 5.228018
2026-08-16 22:12: Train Epoch 28: 260/821 Loss: 5.018666
2026-08-16 22:12: Train Epoch 28: 280/821 Loss: 5.280751
2026-08-16 22:12: Train Epoch 28: 300/821 Loss: 5.379815
2026-08-16 22:12: Train Epoch 28: 320/821 Loss: 5.297330
2026-08-16 22:12: Train Epoch 28: 340/821 Loss: 5.120671
2026-08-16 22:12: Train Epoch 28: 360/821 Loss: 5.168882
2026-08-16 22:12: Train Epoch 28: 380/821 Loss: 5.250249
2026-08-16 22:12: Train Epoch 28: 400/821 Loss: 5.256155
2026-08-16 22:12: Train Epoch 28: 420/821 Loss: 5.160618
2026-08-16 22:13: Train Epoch 28: 440/821 Loss: 5.401626
2026-08-16 22:13: Train Epoch 28: 460/821 Loss: 5.067641
2026-08-16 22:13: Train Epoch 28: 480/821 Loss: 5.098208
2026-08-16 22:13: Train Epoch 28: 500/821 Loss: 5.250980
2026-08-16 22:13: Train Epoch 28: 520/821 Loss: 5.342248
2026-08-16 22:13: Train Epoch 28: 540/821 Loss: 5.068546
2026-08-16 22:13: Train Epoch 28: 560/821 Loss: 4.994312
2026-08-16 22:13: Train Epoch 28: 580/821 Loss: 5.192102
2026-08-16 22:13: Train Epoch 28: 600/821 Loss: 5.038452
2026-08-16 22:13: Train Epoch 28: 620/821 Loss: 4.930919
2026-08-16 22:13: Train Epoch 28: 640/821 Loss: 4.992873
2026-08-16 22:13: Train Epoch 28: 660/821 Loss: 5.294137
2026-08-16 22:13: Train Epoch 28: 680/821 Loss: 4.833022
2026-08-16 22:13: Train Epoch 28: 700/821 Loss: 5.071753
2026-08-16 22:13: Train Epoch 28: 720/821 Loss: 5.193211
2026-08-16 22:13: Train Epoch 28: 740/821 Loss: 5.103198
2026-08-16 22:13: Train Epoch 28: 760/821 Loss: 5.204580
2026-08-16 22:13: Train Epoch 28: 780/821 Loss: 5.203107
2026-08-16 22:13: Train Epoch 28: 800/821 Loss: 4.938103
2026-08-16 22:13: Train Epoch 28: 820/821 Loss: 5.261474
2026-08-16 22:13: **********Train Epoch 28: averaged Loss: 5.163070, tf_ratio: 1.000000
2026-08-16 22:13: **********Val Epoch 28: average Loss: 5.042847
2026-08-16 22:13: Train Epoch 29: 0/821 Loss: 5.373003
2026-08-16 22:13: Train Epoch 29: 20/821 Loss: 5.184442
2026-08-16 22:13: Train Epoch 29: 40/821 Loss: 5.089684
2026-08-16 22:13: Train Epoch 29: 60/821 Loss: 5.216165
2026-08-16 22:13: Train Epoch 29: 80/821 Loss: 4.887568
2026-08-16 22:13: Train Epoch 29: 100/821 Loss: 5.301650
2026-08-16 22:13: Train Epoch 29: 120/821 Loss: 5.176265
2026-08-16 22:13: Train Epoch 29: 140/821 Loss: 5.291509
2026-08-16 22:13: Train Epoch 29: 160/821 Loss: 5.286193
2026-08-16 22:13: Train Epoch 29: 180/821 Loss: 5.271316
2026-08-16 22:13: Train Epoch 29: 200/821 Loss: 5.106786
2026-08-16 22:13: Train Epoch 29: 220/821 Loss: 5.024807
2026-08-16 22:13: Train Epoch 29: 240/821 Loss: 5.120006
2026-08-16 22:13: Train Epoch 29: 260/821 Loss: 5.366563
2026-08-16 22:13: Train Epoch 29: 280/821 Loss: 5.098425
2026-08-16 22:13: Train Epoch 29: 300/821 Loss: 4.838298
2026-08-16 22:13: Train Epoch 29: 320/821 Loss: 5.051555
2026-08-16 22:13: Train Epoch 29: 340/821 Loss: 4.868026
2026-08-16 22:13: Train Epoch 29: 360/821 Loss: 5.090510
2026-08-16 22:13: Train Epoch 29: 380/821 Loss: 5.536703
2026-08-16 22:14: Train Epoch 29: 400/821 Loss: 4.925588
2026-08-16 22:14: Train Epoch 29: 420/821 Loss: 5.187954
2026-08-16 22:14: Train Epoch 29: 440/821 Loss: 5.383188
2026-08-16 22:14: Train Epoch 29: 460/821 Loss: 5.124119
2026-08-16 22:14: Train Epoch 29: 480/821 Loss: 5.155981
2026-08-16 22:14: Train Epoch 29: 500/821 Loss: 5.267889
2026-08-16 22:14: Train Epoch 29: 520/821 Loss: 5.013999
2026-08-16 22:14: Train Epoch 29: 540/821 Loss: 4.840224
2026-08-16 22:14: Train Epoch 29: 560/821 Loss: 5.217521
2026-08-16 22:14: Train Epoch 29: 580/821 Loss: 5.293139
2026-08-16 22:14: Train Epoch 29: 600/821 Loss: 5.308764
2026-08-16 22:14: Train Epoch 29: 620/821 Loss: 5.101106
2026-08-16 22:14: Train Epoch 29: 640/821 Loss: 5.181865
2026-08-16 22:14: Train Epoch 29: 660/821 Loss: 5.276014
2026-08-16 22:14: Train Epoch 29: 680/821 Loss: 5.242398
2026-08-16 22:14: Train Epoch 29: 700/821 Loss: 4.892677
2026-08-16 22:14: Train Epoch 29: 720/821 Loss: 5.324380
2026-08-16 22:14: Train Epoch 29: 740/821 Loss: 5.297471
2026-08-16 22:14: Train Epoch 29: 760/821 Loss: 5.369759
2026-08-16 22:14: Train Epoch 29: 780/821 Loss: 5.370245
2026-08-16 22:14: Train Epoch 29: 800/821 Loss: 5.455827
2026-08-16 22:14: Train Epoch 29: 820/821 Loss: 5.225506
2026-08-16 22:14: **********Train Epoch 29: averaged Loss: 5.190960, tf_ratio: 1.000000
2026-08-16 22:14: **********Val Epoch 29: average Loss: 5.084223
2026-08-16 22:14: Train Epoch 30: 0/821 Loss: 5.340389
2026-08-16 22:14: Train Epoch 30: 20/821 Loss: 5.252739
2026-08-16 22:14: Train Epoch 30: 40/821 Loss: 5.111533
2026-08-16 22:14: Train Epoch 30: 60/821 Loss: 5.190777
2026-08-16 22:14: Train Epoch 30: 80/821 Loss: 5.125622
2026-08-16 22:14: Train Epoch 30: 100/821 Loss: 5.368799
2026-08-16 22:14: Train Epoch 30: 120/821 Loss: 4.877593
2026-08-16 22:14: Train Epoch 30: 140/821 Loss: 5.146340
2026-08-16 22:14: Train Epoch 30: 160/821 Loss: 5.251874
2026-08-16 22:14: Train Epoch 30: 180/821 Loss: 5.107357
2026-08-16 22:14: Train Epoch 30: 200/821 Loss: 5.099012
2026-08-16 22:14: Train Epoch 30: 220/821 Loss: 5.574217
2026-08-16 22:14: Train Epoch 30: 240/821 Loss: 5.215775
2026-08-16 22:14: Train Epoch 30: 260/821 Loss: 5.271574
2026-08-16 22:14: Train Epoch 30: 280/821 Loss: 5.332344
2026-08-16 22:14: Train Epoch 30: 300/821 Loss: 5.399620
2026-08-16 22:15: Train Epoch 30: 320/821 Loss: 5.498976
2026-08-16 22:15: Train Epoch 30: 340/821 Loss: 5.129516
2026-08-16 22:15: Train Epoch 30: 360/821 Loss: 4.967624
2026-08-16 22:15: Train Epoch 30: 380/821 Loss: 5.110929
2026-08-16 22:15: Train Epoch 30: 400/821 Loss: 5.228172
2026-08-16 22:15: Train Epoch 30: 420/821 Loss: 5.160463
2026-08-16 22:15: Train Epoch 30: 440/821 Loss: 5.401390
2026-08-16 22:15: Train Epoch 30: 460/821 Loss: 5.530569
2026-08-16 22:15: Train Epoch 30: 480/821 Loss: 5.057247
2026-08-16 22:15: Train Epoch 30: 500/821 Loss: 4.985363
2026-08-16 22:15: Train Epoch 30: 520/821 Loss: 5.147976
2026-08-16 22:15: Train Epoch 30: 540/821 Loss: 5.740396
2026-08-16 22:15: Train Epoch 30: 560/821 Loss: 5.309031
2026-08-16 22:15: Train Epoch 30: 580/821 Loss: 5.410232
2026-08-16 22:15: Train Epoch 30: 600/821 Loss: 5.096085
2026-08-16 22:15: Train Epoch 30: 620/821 Loss: 5.229952
2026-08-16 22:15: Train Epoch 30: 640/821 Loss: 5.710457
2026-08-16 22:15: Train Epoch 30: 660/821 Loss: 5.275941
2026-08-16 22:15: Train Epoch 30: 680/821 Loss: 5.048756
2026-08-16 22:15: Train Epoch 30: 700/821 Loss: 5.275846
2026-08-16 22:15: Train Epoch 30: 720/821 Loss: 5.274096
2026-08-16 22:15: Train Epoch 30: 740/821 Loss: 5.250912
2026-08-16 22:15: Train Epoch 30: 760/821 Loss: 5.004443
2026-08-16 22:15: Train Epoch 30: 780/821 Loss: 5.095466
2026-08-16 22:15: Train Epoch 30: 800/821 Loss: 5.278893
2026-08-16 22:15: Train Epoch 30: 820/821 Loss: 5.298378
2026-08-16 22:15: **********Train Epoch 30: averaged Loss: 5.190818, tf_ratio: 1.000000
2026-08-16 22:15: **********Val Epoch 30: average Loss: 5.086089
2026-08-16 22:15: Train Epoch 31: 0/821 Loss: 5.271134
2026-08-16 22:15: Train Epoch 31: 20/821 Loss: 5.163218
2026-08-16 22:15: Train Epoch 31: 40/821 Loss: 5.157613
2026-08-16 22:15: Train Epoch 31: 60/821 Loss: 5.397541
2026-08-16 22:15: Train Epoch 31: 80/821 Loss: 5.217812
2026-08-16 22:15: Train Epoch 31: 100/821 Loss: 5.502058
2026-08-16 22:15: Train Epoch 31: 120/821 Loss: 5.155058
2026-08-16 22:15: Train Epoch 31: 140/821 Loss: 5.082485
2026-08-16 22:15: Train Epoch 31: 160/821 Loss: 4.995072
2026-08-16 22:15: Train Epoch 31: 180/821 Loss: 5.263387
2026-08-16 22:15: Train Epoch 31: 200/821 Loss: 4.885218
2026-08-16 22:15: Train Epoch 31: 220/821 Loss: 5.111003
2026-08-16 22:16: Train Epoch 31: 240/821 Loss: 5.213760
2026-08-16 22:16: Train Epoch 31: 260/821 Loss: 5.108289
2026-08-16 22:16: Train Epoch 31: 280/821 Loss: 5.380696
2026-08-16 22:16: Train Epoch 31: 300/821 Loss: 5.104981
2026-08-16 22:16: Train Epoch 31: 320/821 Loss: 4.961628
2026-08-16 22:16: Train Epoch 31: 340/821 Loss: 5.004701
2026-08-16 22:16: Train Epoch 31: 360/821 Loss: 5.050020
2026-08-16 22:16: Train Epoch 31: 380/821 Loss: 5.233921
2026-08-16 22:16: Train Epoch 31: 400/821 Loss: 5.115788
2026-08-16 22:16: Train Epoch 31: 420/821 Loss: 5.319754
2026-08-16 22:16: Train Epoch 31: 440/821 Loss: 5.178697
2026-08-16 22:16: Train Epoch 31: 460/821 Loss: 5.274971
2026-08-16 22:16: Train Epoch 31: 480/821 Loss: 5.200697
2026-08-16 22:16: Train Epoch 31: 500/821 Loss: 5.026577
2026-08-16 22:16: Train Epoch 31: 520/821 Loss: 4.993806
2026-08-16 22:16: Train Epoch 31: 540/821 Loss: 5.183486
2026-08-16 22:16: Train Epoch 31: 560/821 Loss: 5.216571
2026-08-16 22:16: Train Epoch 31: 580/821 Loss: 5.047117
2026-08-16 22:16: Train Epoch 31: 600/821 Loss: 5.382902
2026-08-16 22:16: Train Epoch 31: 620/821 Loss: 5.312099
2026-08-16 22:16: Train Epoch 31: 640/821 Loss: 5.371910
2026-08-16 22:16: Train Epoch 31: 660/821 Loss: 5.450466
2026-08-16 22:16: Train Epoch 31: 680/821 Loss: 5.037867
2026-08-16 22:16: Train Epoch 31: 700/821 Loss: 5.141983
2026-08-16 22:16: Train Epoch 31: 720/821 Loss: 5.314569
2026-08-16 22:16: Train Epoch 31: 740/821 Loss: 4.954420
2026-08-16 22:16: Train Epoch 31: 760/821 Loss: 5.241564
2026-08-16 22:16: Train Epoch 31: 780/821 Loss: 5.346521
2026-08-16 22:16: Train Epoch 31: 800/821 Loss: 5.363330
2026-08-16 22:16: Train Epoch 31: 820/821 Loss: 5.517566
2026-08-16 22:16: **********Train Epoch 31: averaged Loss: 5.192558, tf_ratio: 1.000000
2026-08-16 22:16: **********Val Epoch 31: average Loss: 5.083823
2026-08-16 22:16: Train Epoch 32: 0/821 Loss: 5.242247
2026-08-16 22:16: Train Epoch 32: 20/821 Loss: 5.106355
2026-08-16 22:16: Train Epoch 32: 40/821 Loss: 5.217229
2026-08-16 22:16: Train Epoch 32: 60/821 Loss: 5.169578
2026-08-16 22:16: Train Epoch 32: 80/821 Loss: 5.135606
2026-08-16 22:16: Train Epoch 32: 100/821 Loss: 5.004098
2026-08-16 22:16: Train Epoch 32: 120/821 Loss: 5.247353
2026-08-16 22:16: Train Epoch 32: 140/821 Loss: 5.312430
2026-08-16 22:16: Train Epoch 32: 160/821 Loss: 5.421974
2026-08-16 22:17: Train Epoch 32: 180/821 Loss: 5.317077
2026-08-16 22:17: Train Epoch 32: 200/821 Loss: 5.166645
2026-08-16 22:17: Train Epoch 32: 220/821 Loss: 5.221962
2026-08-16 22:17: Train Epoch 32: 240/821 Loss: 4.946564
2026-08-16 22:17: Train Epoch 32: 260/821 Loss: 5.006439
2026-08-16 22:17: Train Epoch 32: 280/821 Loss: 5.034008
2026-08-16 22:17: Train Epoch 32: 300/821 Loss: 5.177373
2026-08-16 22:17: Train Epoch 32: 320/821 Loss: 5.347898
2026-08-16 22:17: Train Epoch 32: 340/821 Loss: 5.105228
2026-08-16 22:17: Train Epoch 32: 360/821 Loss: 4.971126
2026-08-16 22:17: Train Epoch 32: 380/821 Loss: 5.153556
2026-08-16 22:17: Train Epoch 32: 400/821 Loss: 5.289962
2026-08-16 22:17: Train Epoch 32: 420/821 Loss: 5.183638
2026-08-16 22:17: Train Epoch 32: 440/821 Loss: 4.975838
2026-08-16 22:17: Train Epoch 32: 460/821 Loss: 5.393983
2026-08-16 22:17: Train Epoch 32: 480/821 Loss: 5.402093
2026-08-16 22:17: Train Epoch 32: 500/821 Loss: 5.249725
2026-08-16 22:17: Train Epoch 32: 520/821 Loss: 5.293079
2026-08-16 22:17: Train Epoch 32: 540/821 Loss: 5.100495
2026-08-16 22:17: Train Epoch 32: 560/821 Loss: 5.326694
2026-08-16 22:17: Train Epoch 32: 580/821 Loss: 5.129674
2026-08-16 22:17: Train Epoch 32: 600/821 Loss: 4.944745
2026-08-16 22:17: Train Epoch 32: 620/821 Loss: 5.265303
2026-08-16 22:17: Train Epoch 32: 640/821 Loss: 5.232097
2026-08-16 22:17: Train Epoch 32: 660/821 Loss: 5.022290
2026-08-16 22:17: Train Epoch 32: 680/821 Loss: 5.177450
2026-08-16 22:17: Train Epoch 32: 700/821 Loss: 5.155529
2026-08-16 22:17: Train Epoch 32: 720/821 Loss: 5.071471
2026-08-16 22:17: Train Epoch 32: 740/821 Loss: 5.240713
2026-08-16 22:17: Train Epoch 32: 760/821 Loss: 5.314508
2026-08-16 22:17: Train Epoch 32: 780/821 Loss: 5.011918
2026-08-16 22:17: Train Epoch 32: 800/821 Loss: 5.269989
2026-08-16 22:17: Train Epoch 32: 820/821 Loss: 5.259339
2026-08-16 22:17: **********Train Epoch 32: averaged Loss: 5.212174, tf_ratio: 1.000000
2026-08-16 22:17: **********Val Epoch 32: average Loss: 5.109992
2026-08-16 22:17: Train Epoch 33: 0/821 Loss: 5.066304
2026-08-16 22:17: Train Epoch 33: 20/821 Loss: 4.979155
2026-08-16 22:17: Train Epoch 33: 40/821 Loss: 5.074264
2026-08-16 22:17: Train Epoch 33: 60/821 Loss: 5.289857
2026-08-16 22:17: Train Epoch 33: 80/821 Loss: 5.118135
2026-08-16 22:17: Train Epoch 33: 100/821 Loss: 5.407845
2026-08-16 22:17: Train Epoch 33: 120/821 Loss: 5.168401
2026-08-16 22:18: Train Epoch 33: 140/821 Loss: 5.205120
2026-08-16 22:18: Train Epoch 33: 160/821 Loss: 5.272972
2026-08-16 22:18: Train Epoch 33: 180/821 Loss: 5.220504
2026-08-16 22:18: Train Epoch 33: 200/821 Loss: 5.468634
2026-08-16 22:18: Train Epoch 33: 220/821 Loss: 5.339454
2026-08-16 22:18: Train Epoch 33: 240/821 Loss: 5.180958
2026-08-16 22:18: Train Epoch 33: 260/821 Loss: 4.992053
2026-08-16 22:18: Train Epoch 33: 280/821 Loss: 5.448798
2026-08-16 22:18: Train Epoch 33: 300/821 Loss: 5.258893
2026-08-16 22:18: Train Epoch 33: 320/821 Loss: 5.347988
2026-08-16 22:18: Train Epoch 33: 340/821 Loss: 5.340425
2026-08-16 22:18: Train Epoch 33: 360/821 Loss: 4.946367
2026-08-16 22:18: Train Epoch 33: 380/821 Loss: 5.378389
2026-08-16 22:18: Train Epoch 33: 400/821 Loss: 5.074229
2026-08-16 22:18: Train Epoch 33: 420/821 Loss: 5.008527
2026-08-16 22:18: Train Epoch 33: 440/821 Loss: 5.131108
2026-08-16 22:18: Train Epoch 33: 460/821 Loss: 5.219926
2026-08-16 22:18: Train Epoch 33: 480/821 Loss: 5.120115
2026-08-16 22:18: Train Epoch 33: 500/821 Loss: 5.319345
2026-08-16 22:18: Train Epoch 33: 520/821 Loss: 5.352073
2026-08-16 22:18: Train Epoch 33: 540/821 Loss: 5.480662
2026-08-16 22:18: Train Epoch 33: 560/821 Loss: 5.297004
2026-08-16 22:18: Train Epoch 33: 580/821 Loss: 5.139648
2026-08-16 22:18: Train Epoch 33: 600/821 Loss: 5.274763
2026-08-16 22:18: Train Epoch 33: 620/821 Loss: 4.924417
2026-08-16 22:18: Train Epoch 33: 640/821 Loss: 5.167989
2026-08-16 22:18: Train Epoch 33: 660/821 Loss: 4.997430
2026-08-16 22:18: Train Epoch 33: 680/821 Loss: 4.970982
2026-08-16 22:18: Train Epoch 33: 700/821 Loss: 5.265506
2026-08-16 22:18: Train Epoch 33: 720/821 Loss: 5.352584
2026-08-16 22:18: Train Epoch 33: 740/821 Loss: 5.332020
2026-08-16 22:18: Train Epoch 33: 760/821 Loss: 5.160253
2026-08-16 22:18: Train Epoch 33: 780/821 Loss: 5.258854
2026-08-16 22:18: Train Epoch 33: 800/821 Loss: 5.207190
2026-08-16 22:18: Train Epoch 33: 820/821 Loss: 5.225128
2026-08-16 22:18: **********Train Epoch 33: averaged Loss: 5.227807, tf_ratio: 1.000000
2026-08-16 22:18: **********Val Epoch 33: average Loss: 5.104090
2026-08-16 22:18: Train Epoch 34: 0/821 Loss: 5.429661
2026-08-16 22:18: Train Epoch 34: 20/821 Loss: 5.297807
2026-08-16 22:18: Train Epoch 34: 40/821 Loss: 5.057369
2026-08-16 22:18: Train Epoch 34: 60/821 Loss: 5.255011
2026-08-16 22:19: Train Epoch 34: 80/821 Loss: 5.241364
2026-08-16 22:19: Train Epoch 34: 100/821 Loss: 5.057254
2026-08-16 22:19: Train Epoch 34: 120/821 Loss: 5.030896
2026-08-16 22:19: Train Epoch 34: 140/821 Loss: 5.128875
2026-08-16 22:19: Train Epoch 34: 160/821 Loss: 5.556473
2026-08-16 22:19: Train Epoch 34: 180/821 Loss: 5.261282
2026-08-16 22:19: Train Epoch 34: 200/821 Loss: 5.289107
2026-08-16 22:19: Train Epoch 34: 220/821 Loss: 5.383066
2026-08-16 22:19: Train Epoch 34: 240/821 Loss: 5.107778
2026-08-16 22:19: Train Epoch 34: 260/821 Loss: 5.080867
2026-08-16 22:19: Train Epoch 34: 280/821 Loss: 5.526969
2026-08-16 22:19: Train Epoch 34: 300/821 Loss: 5.190967
2026-08-16 22:19: Train Epoch 34: 320/821 Loss: 5.117206
2026-08-16 22:19: Train Epoch 34: 340/821 Loss: 5.135704
2026-08-16 22:19: Train Epoch 34: 360/821 Loss: 5.139916
2026-08-16 22:19: Train Epoch 34: 380/821 Loss: 5.386219
2026-08-16 22:19: Train Epoch 34: 400/821 Loss: 5.388999
2026-08-16 22:19: Train Epoch 34: 420/821 Loss: 5.141125
2026-08-16 22:19: Train Epoch 34: 440/821 Loss: 5.395544
2026-08-16 22:19: Train Epoch 34: 460/821 Loss: 5.266463
2026-08-16 22:19: Train Epoch 34: 480/821 Loss: 5.248381
2026-08-16 22:19: Train Epoch 34: 500/821 Loss: 5.476966
2026-08-16 22:19: Train Epoch 34: 520/821 Loss: 5.103664
2026-08-16 22:19: Train Epoch 34: 540/821 Loss: 5.454256
2026-08-16 22:19: Train Epoch 34: 560/821 Loss: 5.383059
2026-08-16 22:19: Train Epoch 34: 580/821 Loss: 5.136071
2026-08-16 22:19: Train Epoch 34: 600/821 Loss: 5.335979
2026-08-16 22:19: Train Epoch 34: 620/821 Loss: 5.452026
2026-08-16 22:19: Train Epoch 34: 640/821 Loss: 5.329528
2026-08-16 22:19: Train Epoch 34: 660/821 Loss: 5.312341
2026-08-16 22:19: Train Epoch 34: 680/821 Loss: 5.064252
2026-08-16 22:19: Train Epoch 34: 700/821 Loss: 5.223825
2026-08-16 22:19: Train Epoch 34: 720/821 Loss: 5.208379
2026-08-16 22:19: Train Epoch 34: 740/821 Loss: 5.596516
2026-08-16 22:19: Train Epoch 34: 760/821 Loss: 5.008427
2026-08-16 22:19: Train Epoch 34: 780/821 Loss: 5.062440
2026-08-16 22:19: Train Epoch 34: 800/821 Loss: 5.396972
2026-08-16 22:19: Train Epoch 34: 820/821 Loss: 5.188354
2026-08-16 22:19: **********Train Epoch 34: averaged Loss: 5.227504, tf_ratio: 1.000000
2026-08-16 22:19: **********Val Epoch 34: average Loss: 5.110724
2026-08-16 22:19: Train Epoch 35: 0/821 Loss: 5.287263
2026-08-16 22:19: Train Epoch 35: 20/821 Loss: 5.321958
2026-08-16 22:20: Train Epoch 35: 40/821 Loss: 5.048603
2026-08-16 22:20: Train Epoch 35: 60/821 Loss: 5.482759
2026-08-16 22:20: Train Epoch 35: 80/821 Loss: 5.228502
2026-08-16 22:20: Train Epoch 35: 100/821 Loss: 5.195669
2026-08-16 22:20: Train Epoch 35: 120/821 Loss: 5.156019
2026-08-16 22:20: Train Epoch 35: 140/821 Loss: 5.361609
2026-08-16 22:20: Train Epoch 35: 160/821 Loss: 5.186339
2026-08-16 22:20: Train Epoch 35: 180/821 Loss: 5.325159
2026-08-16 22:20: Train Epoch 35: 200/821 Loss: 5.313712
2026-08-16 22:20: Train Epoch 35: 220/821 Loss: 5.114039
2026-08-16 22:20: Train Epoch 35: 240/821 Loss: 5.062950
2026-08-16 22:20: Train Epoch 35: 260/821 Loss: 5.377765
2026-08-16 22:20: Train Epoch 35: 280/821 Loss: 5.308973
2026-08-16 22:20: Train Epoch 35: 300/821 Loss: 5.017899
2026-08-16 22:20: Train Epoch 35: 320/821 Loss: 5.305332
2026-08-16 22:20: Train Epoch 35: 340/821 Loss: 4.879133
2026-08-16 22:20: Train Epoch 35: 360/821 Loss: 4.856639
2026-08-16 22:20: Train Epoch 35: 380/821 Loss: 5.211551
2026-08-16 22:20: Train Epoch 35: 400/821 Loss: 5.264518
2026-08-16 22:20: Train Epoch 35: 420/821 Loss: 5.125661
2026-08-16 22:20: Train Epoch 35: 440/821 Loss: 5.246244
2026-08-16 22:20: Train Epoch 35: 460/821 Loss: 5.416836
2026-08-16 22:20: Train Epoch 35: 480/821 Loss: 5.299486
2026-08-16 22:20: Train Epoch 35: 500/821 Loss: 5.214584
2026-08-16 22:20: Train Epoch 35: 520/821 Loss: 5.278172
2026-08-16 22:20: Train Epoch 35: 540/821 Loss: 4.989515
2026-08-16 22:20: Train Epoch 35: 560/821 Loss: 5.234510
2026-08-16 22:20: Train Epoch 35: 580/821 Loss: 5.189489
2026-08-16 22:20: Train Epoch 35: 600/821 Loss: 5.158920
2026-08-16 22:20: Train Epoch 35: 620/821 Loss: 5.505144
2026-08-16 22:20: Train Epoch 35: 640/821 Loss: 5.205254
2026-08-16 22:20: Train Epoch 35: 660/821 Loss: 4.973294
2026-08-16 22:20: Train Epoch 35: 680/821 Loss: 5.326457
2026-08-16 22:20: Train Epoch 35: 700/821 Loss: 5.396526
2026-08-16 22:20: Train Epoch 35: 720/821 Loss: 5.146801
2026-08-16 22:20: Train Epoch 35: 740/821 Loss: 5.304984
2026-08-16 22:20: Train Epoch 35: 760/821 Loss: 5.072080
2026-08-16 22:20: Train Epoch 35: 780/821 Loss: 5.362167
2026-08-16 22:20: Train Epoch 35: 800/821 Loss: 5.273026
2026-08-16 22:20: Train Epoch 35: 820/821 Loss: 5.385108
2026-08-16 22:20: **********Train Epoch 35: averaged Loss: 5.229277, tf_ratio: 1.000000
2026-08-16 22:21: **********Val Epoch 35: average Loss: 5.115210
2026-08-16 22:21: Train Epoch 36: 0/821 Loss: 5.116460
2026-08-16 22:21: Train Epoch 36: 20/821 Loss: 5.138659
2026-08-16 22:21: Train Epoch 36: 40/821 Loss: 5.015736
2026-08-16 22:21: Train Epoch 36: 60/821 Loss: 5.026206
2026-08-16 22:21: Train Epoch 36: 80/821 Loss: 5.184970
2026-08-16 22:21: Train Epoch 36: 100/821 Loss: 5.227935
2026-08-16 22:21: Train Epoch 36: 120/821 Loss: 5.346128
2026-08-16 22:21: Train Epoch 36: 140/821 Loss: 4.959044
2026-08-16 22:21: Train Epoch 36: 160/821 Loss: 5.378844
2026-08-16 22:21: Train Epoch 36: 180/821 Loss: 5.294454
2026-08-16 22:21: Train Epoch 36: 200/821 Loss: 5.383357
2026-08-16 22:21: Train Epoch 36: 220/821 Loss: 5.768909
2026-08-16 22:21: Train Epoch 36: 240/821 Loss: 5.291995
2026-08-16 22:21: Train Epoch 36: 260/821 Loss: 5.043263
2026-08-16 22:21: Train Epoch 36: 280/821 Loss: 5.097077
2026-08-16 22:21: Train Epoch 36: 300/821 Loss: 5.297663
2026-08-16 22:21: Train Epoch 36: 320/821 Loss: 5.126665
2026-08-16 22:21: Train Epoch 36: 340/821 Loss: 5.272120
2026-08-16 22:21: Train Epoch 36: 360/821 Loss: 5.221109
2026-08-16 22:21: Train Epoch 36: 380/821 Loss: 5.448974
2026-08-16 22:21: Train Epoch 36: 400/821 Loss: 5.574290
2026-08-16 22:21: Train Epoch 36: 420/821 Loss: 5.163925
2026-08-16 22:21: Train Epoch 36: 440/821 Loss: 5.116241
2026-08-16 22:21: Train Epoch 36: 460/821 Loss: 5.089015
2026-08-16 22:21: Train Epoch 36: 480/821 Loss: 5.347333
2026-08-16 22:21: Train Epoch 36: 500/821 Loss: 5.412425
2026-08-16 22:21: Train Epoch 36: 520/821 Loss: 5.474824
2026-08-16 22:21: Train Epoch 36: 540/821 Loss: 5.359134
2026-08-16 22:21: Train Epoch 36: 560/821 Loss: 5.193399
2026-08-16 22:21: Train Epoch 36: 580/821 Loss: 5.086824
2026-08-16 22:21: Train Epoch 36: 600/821 Loss: 4.909671
2026-08-16 22:21: Train Epoch 36: 620/821 Loss: 5.300272
2026-08-16 22:21: Train Epoch 36: 640/821 Loss: 5.283067
2026-08-16 22:21: Train Epoch 36: 660/821 Loss: 5.119790
2026-08-16 22:21: Train Epoch 36: 680/821 Loss: 5.113430
2026-08-16 22:21: Train Epoch 36: 700/821 Loss: 5.017396
2026-08-16 22:21: Train Epoch 36: 720/821 Loss: 5.181990
2026-08-16 22:21: Train Epoch 36: 740/821 Loss: 5.164411
2026-08-16 22:21: Train Epoch 36: 760/821 Loss: 5.322811
2026-08-16 22:21: Train Epoch 36: 780/821 Loss: 5.367697
2026-08-16 22:21: Train Epoch 36: 800/821 Loss: 5.255378
2026-08-16 22:22: Train Epoch 36: 820/821 Loss: 5.287493
2026-08-16 22:22: **********Train Epoch 36: averaged Loss: 5.233606, tf_ratio: 1.000000
2026-08-16 22:22: **********Val Epoch 36: average Loss: 5.108484
2026-08-16 22:22: Train Epoch 37: 0/821 Loss: 5.202283
2026-08-16 22:22: Train Epoch 37: 20/821 Loss: 5.164634
2026-08-16 22:22: Train Epoch 37: 40/821 Loss: 5.125632
2026-08-16 22:22: Train Epoch 37: 60/821 Loss: 5.463796
2026-08-16 22:22: Train Epoch 37: 80/821 Loss: 5.111028
2026-08-16 22:22: Train Epoch 37: 100/821 Loss: 5.246074
2026-08-16 22:22: Train Epoch 37: 120/821 Loss: 5.104964
2026-08-16 22:22: Train Epoch 37: 140/821 Loss: 5.239840
2026-08-16 22:22: Train Epoch 37: 160/821 Loss: 5.408938
2026-08-16 22:22: Train Epoch 37: 180/821 Loss: 5.321829
2026-08-16 22:22: Train Epoch 37: 200/821 Loss: 5.199560
2026-08-16 22:22: Train Epoch 37: 220/821 Loss: 5.393448
2026-08-16 22:22: Train Epoch 37: 240/821 Loss: 5.420663
2026-08-16 22:22: Train Epoch 37: 260/821 Loss: 5.318337
2026-08-16 22:22: Train Epoch 37: 280/821 Loss: 5.138042
2026-08-16 22:22: Train Epoch 37: 300/821 Loss: 5.189397
2026-08-16 22:22: Train Epoch 37: 320/821 Loss: 5.212693
2026-08-16 22:22: Train Epoch 37: 340/821 Loss: 5.477771
2026-08-16 22:22: Train Epoch 37: 360/821 Loss: 5.195203
2026-08-16 22:22: Train Epoch 37: 380/821 Loss: 4.953425
2026-08-16 22:22: Train Epoch 37: 400/821 Loss: 5.286382
2026-08-16 22:22: Train Epoch 37: 420/821 Loss: 4.956012
2026-08-16 22:22: Train Epoch 37: 440/821 Loss: 5.259645
2026-08-16 22:22: Train Epoch 37: 460/821 Loss: 5.375718
2026-08-16 22:22: Train Epoch 37: 480/821 Loss: 5.244964
2026-08-16 22:22: Train Epoch 37: 500/821 Loss: 5.190204
2026-08-16 22:22: Train Epoch 37: 520/821 Loss: 5.393993
2026-08-16 22:22: Train Epoch 37: 540/821 Loss: 5.054974
2026-08-16 22:22: Train Epoch 37: 560/821 Loss: 5.416734
2026-08-16 22:22: Train Epoch 37: 580/821 Loss: 5.336327
2026-08-16 22:22: Train Epoch 37: 600/821 Loss: 5.113783
2026-08-16 22:22: Train Epoch 37: 620/821 Loss: 4.944840
2026-08-16 22:22: Train Epoch 37: 640/821 Loss: 5.188061
2026-08-16 22:22: Train Epoch 37: 660/821 Loss: 5.398496
2026-08-16 22:22: Train Epoch 37: 680/821 Loss: 5.351131
2026-08-16 22:22: Train Epoch 37: 700/821 Loss: 5.227402
2026-08-16 22:22: Train Epoch 37: 720/821 Loss: 5.202960
2026-08-16 22:22: Train Epoch 37: 740/821 Loss: 5.328208
2026-08-16 22:23: Train Epoch 37: 760/821 Loss: 5.363864
2026-08-16 22:23: Train Epoch 37: 780/821 Loss: 5.236065
2026-08-16 22:23: Train Epoch 37: 800/821 Loss: 5.109143
2026-08-16 22:23: Train Epoch 37: 820/821 Loss: 5.514661
2026-08-16 22:23: **********Train Epoch 37: averaged Loss: 5.226934, tf_ratio: 1.000000
2026-08-16 22:23: **********Val Epoch 37: average Loss: 5.104020
2026-08-16 22:23: Validation performance didn't improve for 15 epochs. Training stops.
2026-08-16 22:23: Total training time: 39.5996min, best loss: 1.773360
2026-08-16 22:23: Saving current best model to /scratch/chkkar002/Diffusion_Based_STGNNs/AGCRN/model/experiments/SAWS/trial10_20260816214332/best_model.pth
2026-08-16 22:23: Horizon 01, MAE: 0.80, RMSE: 1.15, MAPE: 6.9400%
2026-08-16 22:23: Horizon 02, MAE: 1.06, RMSE: 1.49, MAPE: 8.9343%
2026-08-16 22:23: Horizon 03, MAE: 1.25, RMSE: 1.75, MAPE: 10.4492%
2026-08-16 22:23: Horizon 04, MAE: 1.41, RMSE: 1.94, MAPE: 11.7648%
2026-08-16 22:23: Horizon 05, MAE: 1.54, RMSE: 2.11, MAPE: 13.0415%
2026-08-16 22:23: Horizon 06, MAE: 1.63, RMSE: 2.24, MAPE: 13.8775%
2026-08-16 22:23: Horizon 07, MAE: 1.71, RMSE: 2.35, MAPE: 14.4786%
2026-08-16 22:23: Horizon 08, MAE: 1.78, RMSE: 2.44, MAPE: 14.8786%
2026-08-16 22:23: Horizon 09, MAE: 1.84, RMSE: 2.52, MAPE: 15.5183%
2026-08-16 22:23: Horizon 10, MAE: 1.89, RMSE: 2.58, MAPE: 15.9319%
2026-08-16 22:23: Horizon 11, MAE: 1.93, RMSE: 2.61, MAPE: 16.1096%
2026-08-16 22:23: Horizon 12, MAE: 1.95, RMSE: 2.65, MAPE: 16.4510%
2026-08-16 22:23: Horizon 13, MAE: 1.99, RMSE: 2.69, MAPE: 16.7479%
2026-08-16 22:23: Horizon 14, MAE: 2.02, RMSE: 2.72, MAPE: 17.0000%
2026-08-16 22:23: Horizon 15, MAE: 2.03, RMSE: 2.74, MAPE: 17.2831%
2026-08-16 22:23: Horizon 16, MAE: 2.05, RMSE: 2.76, MAPE: 17.6048%
2026-08-16 22:23: Horizon 17, MAE: 2.06, RMSE: 2.79, MAPE: 17.9754%
2026-08-16 22:23: Horizon 18, MAE: 2.08, RMSE: 2.81, MAPE: 18.2674%
2026-08-16 22:23: Horizon 19, MAE: 2.10, RMSE: 2.84, MAPE: 18.6342%
2026-08-16 22:23: Horizon 20, MAE: 2.12, RMSE: 2.87, MAPE: 18.8604%
2026-08-16 22:23: Horizon 21, MAE: 2.14, RMSE: 2.90, MAPE: 18.9506%
2026-08-16 22:23: Horizon 22, MAE: 2.15, RMSE: 2.93, MAPE: 19.1529%
2026-08-16 22:23: Horizon 23, MAE: 2.17, RMSE: 2.95, MAPE: 19.3360%
2026-08-16 22:23: Horizon 24, MAE: 2.20, RMSE: 2.98, MAPE: 19.4372%
2026-08-16 22:23: Average Horizon, MAE: 1.83, RMSE: 2.54, MAPE: 15.7344%
