2026-08-17 05:38: Experiment log path in: /scratch/chkkar002/Diffusion_Based_STGNNs/AGCRN/model/experiments/SAWS/20260817053820
2026-08-17 05:38: Train Epoch 1: 0/821 Loss: 0.934406
2026-08-17 05:38: Train Epoch 1: 20/821 Loss: 0.671129
2026-08-17 05:38: Train Epoch 1: 40/821 Loss: 0.586818
2026-08-17 05:38: Train Epoch 1: 60/821 Loss: 0.493181
2026-08-17 05:38: Train Epoch 1: 80/821 Loss: 0.433534
2026-08-17 05:38: Train Epoch 1: 100/821 Loss: 0.398334
2026-08-17 05:38: Train Epoch 1: 120/821 Loss: 0.369804
2026-08-17 05:38: Train Epoch 1: 140/821 Loss: 0.381230
2026-08-17 05:38: Train Epoch 1: 160/821 Loss: 0.358653
2026-08-17 05:38: Train Epoch 1: 180/821 Loss: 0.359208
2026-08-17 05:38: Train Epoch 1: 200/821 Loss: 0.336815
2026-08-17 05:38: Train Epoch 1: 220/821 Loss: 0.332500
2026-08-17 05:38: Train Epoch 1: 240/821 Loss: 0.356191
2026-08-17 05:38: Train Epoch 1: 260/821 Loss: 0.339434
2026-08-17 05:38: Train Epoch 1: 280/821 Loss: 0.351455
2026-08-17 05:38: Train Epoch 1: 300/821 Loss: 0.332449
2026-08-17 05:38: Train Epoch 1: 320/821 Loss: 0.366908
2026-08-17 05:38: Train Epoch 1: 340/821 Loss: 0.357338
2026-08-17 05:38: Train Epoch 1: 360/821 Loss: 0.359546
2026-08-17 05:38: Train Epoch 1: 380/821 Loss: 0.336987
2026-08-17 05:38: Train Epoch 1: 400/821 Loss: 0.313810
2026-08-17 05:38: Train Epoch 1: 420/821 Loss: 0.321702
2026-08-17 05:38: Train Epoch 1: 440/821 Loss: 0.324237
2026-08-17 05:38: Train Epoch 1: 460/821 Loss: 0.318012
2026-08-17 05:38: Train Epoch 1: 480/821 Loss: 0.330729
2026-08-17 05:39: Train Epoch 1: 500/821 Loss: 0.328454
2026-08-17 05:39: Train Epoch 1: 520/821 Loss: 0.317498
2026-08-17 05:39: Train Epoch 1: 540/821 Loss: 0.328201
2026-08-17 05:39: Train Epoch 1: 560/821 Loss: 0.352123
2026-08-17 05:39: Train Epoch 1: 580/821 Loss: 0.314968
2026-08-17 05:39: Train Epoch 1: 600/821 Loss: 0.318819
2026-08-17 05:39: Train Epoch 1: 620/821 Loss: 0.316040
2026-08-17 05:39: Train Epoch 1: 640/821 Loss: 0.324247
2026-08-17 05:39: Train Epoch 1: 660/821 Loss: 0.314277
2026-08-17 05:39: Train Epoch 1: 680/821 Loss: 0.319581
2026-08-17 05:39: Train Epoch 1: 700/821 Loss: 0.314468
2026-08-17 05:39: Train Epoch 1: 720/821 Loss: 0.318852
2026-08-17 05:39: Train Epoch 1: 740/821 Loss: 0.310812
2026-08-17 05:39: Train Epoch 1: 760/821 Loss: 0.316431
2026-08-17 05:39: Train Epoch 1: 780/821 Loss: 0.309736
2026-08-17 05:39: Train Epoch 1: 800/821 Loss: 0.301722
2026-08-17 05:39: Train Epoch 1: 820/821 Loss: 0.310650
2026-08-17 05:39: **********Train Epoch 1: averaged Loss: 0.360832, tf_ratio: 1.000000
2026-08-17 05:39: **********Val Epoch 1: average Loss: 0.307464
2026-08-17 05:39: *********************************Current best model saved!
2026-08-17 05:39: Train Epoch 2: 0/821 Loss: 0.316785
2026-08-17 05:39: Train Epoch 2: 20/821 Loss: 0.308486
2026-08-17 05:39: Train Epoch 2: 40/821 Loss: 0.320880
2026-08-17 05:39: Train Epoch 2: 60/821 Loss: 0.298917
2026-08-17 05:39: Train Epoch 2: 80/821 Loss: 0.322498
2026-08-17 05:39: Train Epoch 2: 100/821 Loss: 0.302976
2026-08-17 05:39: Train Epoch 2: 120/821 Loss: 0.300199
2026-08-17 05:39: Train Epoch 2: 140/821 Loss: 0.319588
2026-08-17 05:39: Train Epoch 2: 160/821 Loss: 0.311661
2026-08-17 05:39: Train Epoch 2: 180/821 Loss: 0.302960
2026-08-17 05:39: Train Epoch 2: 200/821 Loss: 0.289056
2026-08-17 05:39: Train Epoch 2: 220/821 Loss: 0.299921
2026-08-17 05:39: Train Epoch 2: 240/821 Loss: 0.296741
2026-08-17 05:39: Train Epoch 2: 260/821 Loss: 0.310513
2026-08-17 05:39: Train Epoch 2: 280/821 Loss: 0.313201
2026-08-17 05:39: Train Epoch 2: 300/821 Loss: 0.308323
2026-08-17 05:39: Train Epoch 2: 320/821 Loss: 0.293824
2026-08-17 05:39: Train Epoch 2: 340/821 Loss: 0.284486
2026-08-17 05:39: Train Epoch 2: 360/821 Loss: 0.328298
2026-08-17 05:39: Train Epoch 2: 380/821 Loss: 0.301733
2026-08-17 05:39: Train Epoch 2: 400/821 Loss: 0.298476
2026-08-17 05:39: Train Epoch 2: 420/821 Loss: 0.294172
2026-08-17 05:40: Train Epoch 2: 440/821 Loss: 0.310057
2026-08-17 05:40: Train Epoch 2: 460/821 Loss: 0.285605
2026-08-17 05:40: Train Epoch 2: 480/821 Loss: 0.308460
2026-08-17 05:40: Train Epoch 2: 500/821 Loss: 0.297905
2026-08-17 05:40: Train Epoch 2: 520/821 Loss: 0.300863
2026-08-17 05:40: Train Epoch 2: 540/821 Loss: 0.311835
2026-08-17 05:40: Train Epoch 2: 560/821 Loss: 0.309175
2026-08-17 05:40: Train Epoch 2: 580/821 Loss: 0.286268
2026-08-17 05:40: Train Epoch 2: 600/821 Loss: 0.294662
2026-08-17 05:40: Train Epoch 2: 620/821 Loss: 0.311304
2026-08-17 05:40: Train Epoch 2: 640/821 Loss: 0.294287
2026-08-17 05:40: Train Epoch 2: 660/821 Loss: 0.293823
2026-08-17 05:40: Train Epoch 2: 680/821 Loss: 0.302665
2026-08-17 05:40: Train Epoch 2: 700/821 Loss: 0.297156
2026-08-17 05:40: Train Epoch 2: 720/821 Loss: 0.296167
2026-08-17 05:40: Train Epoch 2: 740/821 Loss: 0.267926
2026-08-17 05:40: Train Epoch 2: 760/821 Loss: 0.291366
2026-08-17 05:40: Train Epoch 2: 780/821 Loss: 0.276981
2026-08-17 05:40: Train Epoch 2: 800/821 Loss: 0.286306
2026-08-17 05:40: Train Epoch 2: 820/821 Loss: 0.289885
2026-08-17 05:40: **********Train Epoch 2: averaged Loss: 0.302031, tf_ratio: 1.000000
2026-08-17 05:40: **********Val Epoch 2: average Loss: 0.293654
2026-08-17 05:40: *********************************Current best model saved!
2026-08-17 05:40: Train Epoch 3: 0/821 Loss: 0.294635
2026-08-17 05:40: Train Epoch 3: 20/821 Loss: 0.285547
2026-08-17 05:40: Train Epoch 3: 40/821 Loss: 0.316262
2026-08-17 05:40: Train Epoch 3: 60/821 Loss: 0.295580
2026-08-17 05:40: Train Epoch 3: 80/821 Loss: 0.295272
2026-08-17 05:40: Train Epoch 3: 100/821 Loss: 0.304059
2026-08-17 05:40: Train Epoch 3: 120/821 Loss: 0.290265
2026-08-17 05:40: Train Epoch 3: 140/821 Loss: 0.291872
2026-08-17 05:40: Train Epoch 3: 160/821 Loss: 0.300342
2026-08-17 05:40: Train Epoch 3: 180/821 Loss: 0.308867
2026-08-17 05:40: Train Epoch 3: 200/821 Loss: 0.280264
2026-08-17 05:40: Train Epoch 3: 220/821 Loss: 0.298874
2026-08-17 05:40: Train Epoch 3: 240/821 Loss: 0.307553
2026-08-17 05:40: Train Epoch 3: 260/821 Loss: 0.289326
2026-08-17 05:40: Train Epoch 3: 280/821 Loss: 0.294040
2026-08-17 05:40: Train Epoch 3: 300/821 Loss: 0.290329
2026-08-17 05:40: Train Epoch 3: 320/821 Loss: 0.276993
2026-08-17 05:40: Train Epoch 3: 340/821 Loss: 0.285984
2026-08-17 05:40: Train Epoch 3: 360/821 Loss: 0.288045
2026-08-17 05:41: Train Epoch 3: 380/821 Loss: 0.273429
2026-08-17 05:41: Train Epoch 3: 400/821 Loss: 0.301533
2026-08-17 05:41: Train Epoch 3: 420/821 Loss: 0.283155
2026-08-17 05:41: Train Epoch 3: 440/821 Loss: 0.278699
2026-08-17 05:41: Train Epoch 3: 460/821 Loss: 0.283939
2026-08-17 05:41: Train Epoch 3: 480/821 Loss: 0.286944
2026-08-17 05:41: Train Epoch 3: 500/821 Loss: 0.291356
2026-08-17 05:41: Train Epoch 3: 520/821 Loss: 0.260941
2026-08-17 05:41: Train Epoch 3: 540/821 Loss: 0.294831
2026-08-17 05:41: Train Epoch 3: 560/821 Loss: 0.277320
2026-08-17 05:41: Train Epoch 3: 580/821 Loss: 0.267366
2026-08-17 05:41: Train Epoch 3: 600/821 Loss: 0.287462
2026-08-17 05:41: Train Epoch 3: 620/821 Loss: 0.293746
2026-08-17 05:41: Train Epoch 3: 640/821 Loss: 0.295577
2026-08-17 05:41: Train Epoch 3: 660/821 Loss: 0.288007
2026-08-17 05:41: Train Epoch 3: 680/821 Loss: 0.283674
2026-08-17 05:41: Train Epoch 3: 700/821 Loss: 0.286785
2026-08-17 05:41: Train Epoch 3: 720/821 Loss: 0.284585
2026-08-17 05:41: Train Epoch 3: 740/821 Loss: 0.268414
2026-08-17 05:41: Train Epoch 3: 760/821 Loss: 0.296077
2026-08-17 05:41: Train Epoch 3: 780/821 Loss: 0.286553
2026-08-17 05:41: Train Epoch 3: 800/821 Loss: 0.286358
2026-08-17 05:41: Train Epoch 3: 820/821 Loss: 0.286842
2026-08-17 05:41: **********Train Epoch 3: averaged Loss: 0.288116, tf_ratio: 1.000000
2026-08-17 05:41: **********Val Epoch 3: average Loss: 0.283662
2026-08-17 05:41: *********************************Current best model saved!
2026-08-17 05:41: Train Epoch 4: 0/821 Loss: 0.288568
2026-08-17 05:41: Train Epoch 4: 20/821 Loss: 0.284559
2026-08-17 05:41: Train Epoch 4: 40/821 Loss: 0.281177
2026-08-17 05:41: Train Epoch 4: 60/821 Loss: 0.288087
2026-08-17 05:41: Train Epoch 4: 80/821 Loss: 0.277644
2026-08-17 05:41: Train Epoch 4: 100/821 Loss: 0.301133
2026-08-17 05:41: Train Epoch 4: 120/821 Loss: 0.294154
2026-08-17 05:41: Train Epoch 4: 140/821 Loss: 0.287041
2026-08-17 05:41: Train Epoch 4: 160/821 Loss: 0.288023
2026-08-17 05:41: Train Epoch 4: 180/821 Loss: 0.271008
2026-08-17 05:41: Train Epoch 4: 200/821 Loss: 0.282669
2026-08-17 05:41: Train Epoch 4: 220/821 Loss: 0.273198
2026-08-17 05:41: Train Epoch 4: 240/821 Loss: 0.274090
2026-08-17 05:41: Train Epoch 4: 260/821 Loss: 0.277197
2026-08-17 05:41: Train Epoch 4: 280/821 Loss: 0.282875
2026-08-17 05:42: Train Epoch 4: 300/821 Loss: 0.264290
2026-08-17 05:42: Train Epoch 4: 320/821 Loss: 0.273096
2026-08-17 05:42: Train Epoch 4: 340/821 Loss: 0.293316
2026-08-17 05:42: Train Epoch 4: 360/821 Loss: 0.283394
2026-08-17 05:42: Train Epoch 4: 380/821 Loss: 0.286608
2026-08-17 05:42: Train Epoch 4: 400/821 Loss: 0.276730
2026-08-17 05:42: Train Epoch 4: 420/821 Loss: 0.286584
2026-08-17 05:42: Train Epoch 4: 440/821 Loss: 0.272956
2026-08-17 05:42: Train Epoch 4: 460/821 Loss: 0.277669
2026-08-17 05:42: Train Epoch 4: 480/821 Loss: 0.274290
2026-08-17 05:42: Train Epoch 4: 500/821 Loss: 0.278565
2026-08-17 05:42: Train Epoch 4: 520/821 Loss: 0.273733
2026-08-17 05:42: Train Epoch 4: 540/821 Loss: 0.280380
2026-08-17 05:42: Train Epoch 4: 560/821 Loss: 0.285535
2026-08-17 05:42: Train Epoch 4: 580/821 Loss: 0.281989
2026-08-17 05:42: Train Epoch 4: 600/821 Loss: 0.283960
2026-08-17 05:42: Train Epoch 4: 620/821 Loss: 0.284732
2026-08-17 05:42: Train Epoch 4: 640/821 Loss: 0.296628
2026-08-17 05:42: Train Epoch 4: 660/821 Loss: 0.277974
2026-08-17 05:42: Train Epoch 4: 680/821 Loss: 0.285899
2026-08-17 05:42: Train Epoch 4: 700/821 Loss: 0.283649
2026-08-17 05:42: Train Epoch 4: 720/821 Loss: 0.280307
2026-08-17 05:42: Train Epoch 4: 740/821 Loss: 0.290889
2026-08-17 05:42: Train Epoch 4: 760/821 Loss: 0.286904
2026-08-17 05:42: Train Epoch 4: 780/821 Loss: 0.287287
2026-08-17 05:42: Train Epoch 4: 800/821 Loss: 0.274649
2026-08-17 05:42: Train Epoch 4: 820/821 Loss: 0.277649
2026-08-17 05:42: **********Train Epoch 4: averaged Loss: 0.279557, tf_ratio: 1.000000
2026-08-17 05:42: **********Val Epoch 4: average Loss: 0.278198
2026-08-17 05:42: *********************************Current best model saved!
2026-08-17 05:42: Train Epoch 5: 0/821 Loss: 0.279493
2026-08-17 05:42: Train Epoch 5: 20/821 Loss: 0.274984
2026-08-17 05:42: Train Epoch 5: 40/821 Loss: 0.277301
2026-08-17 05:42: Train Epoch 5: 60/821 Loss: 0.281382
2026-08-17 05:42: Train Epoch 5: 80/821 Loss: 0.274193
2026-08-17 05:42: Train Epoch 5: 100/821 Loss: 0.261229
2026-08-17 05:42: Train Epoch 5: 120/821 Loss: 0.279785
2026-08-17 05:42: Train Epoch 5: 140/821 Loss: 0.273394
2026-08-17 05:42: Train Epoch 5: 160/821 Loss: 0.277237
2026-08-17 05:42: Train Epoch 5: 180/821 Loss: 0.277845
2026-08-17 05:42: Train Epoch 5: 200/821 Loss: 0.264885
2026-08-17 05:43: Train Epoch 5: 220/821 Loss: 0.268999
2026-08-17 05:43: Train Epoch 5: 240/821 Loss: 0.277602
2026-08-17 05:43: Train Epoch 5: 260/821 Loss: 0.293846
2026-08-17 05:43: Train Epoch 5: 280/821 Loss: 0.271370
2026-08-17 05:43: Train Epoch 5: 300/821 Loss: 0.274938
2026-08-17 05:43: Train Epoch 5: 320/821 Loss: 0.258260
2026-08-17 05:43: Train Epoch 5: 340/821 Loss: 0.277473
2026-08-17 05:43: Train Epoch 5: 360/821 Loss: 0.276844
2026-08-17 05:43: Train Epoch 5: 380/821 Loss: 0.279682
2026-08-17 05:43: Train Epoch 5: 400/821 Loss: 0.280957
2026-08-17 05:43: Train Epoch 5: 420/821 Loss: 0.263493
2026-08-17 05:43: Train Epoch 5: 440/821 Loss: 0.286167
2026-08-17 05:43: Train Epoch 5: 460/821 Loss: 0.271937
2026-08-17 05:43: Train Epoch 5: 480/821 Loss: 0.268722
2026-08-17 05:43: Train Epoch 5: 500/821 Loss: 0.266076
2026-08-17 05:43: Train Epoch 5: 520/821 Loss: 0.277323
2026-08-17 05:43: Train Epoch 5: 540/821 Loss: 0.274811
2026-08-17 05:43: Train Epoch 5: 560/821 Loss: 0.263227
2026-08-17 05:43: Train Epoch 5: 580/821 Loss: 0.267142
2026-08-17 05:43: Train Epoch 5: 600/821 Loss: 0.256759
2026-08-17 05:43: Train Epoch 5: 620/821 Loss: 0.269796
2026-08-17 05:43: Train Epoch 5: 640/821 Loss: 0.264598
2026-08-17 05:43: Train Epoch 5: 660/821 Loss: 0.262547
2026-08-17 05:43: Train Epoch 5: 680/821 Loss: 0.270622
2026-08-17 05:43: Train Epoch 5: 700/821 Loss: 0.263426
2026-08-17 05:43: Train Epoch 5: 720/821 Loss: 0.291464
2026-08-17 05:43: Train Epoch 5: 740/821 Loss: 0.272099
2026-08-17 05:43: Train Epoch 5: 760/821 Loss: 0.278307
2026-08-17 05:43: Train Epoch 5: 780/821 Loss: 0.261856
2026-08-17 05:43: Train Epoch 5: 800/821 Loss: 0.280244
2026-08-17 05:43: Train Epoch 5: 820/821 Loss: 0.275503
2026-08-17 05:43: **********Train Epoch 5: averaged Loss: 0.273294, tf_ratio: 1.000000
2026-08-17 05:43: **********Val Epoch 5: average Loss: 0.276520
2026-08-17 05:43: *********************************Current best model saved!
2026-08-17 05:43: Train Epoch 6: 0/821 Loss: 0.270231
2026-08-17 05:43: Train Epoch 6: 20/821 Loss: 0.276489
2026-08-17 05:43: Train Epoch 6: 40/821 Loss: 0.265946
2026-08-17 05:43: Train Epoch 6: 60/821 Loss: 0.268839
2026-08-17 05:43: Train Epoch 6: 80/821 Loss: 0.261165
2026-08-17 05:43: Train Epoch 6: 100/821 Loss: 0.269995
2026-08-17 05:43: Train Epoch 6: 120/821 Loss: 0.265780
2026-08-17 05:43: Train Epoch 6: 140/821 Loss: 0.267432
2026-08-17 05:44: Train Epoch 6: 160/821 Loss: 0.271384
2026-08-17 05:44: Train Epoch 6: 180/821 Loss: 0.276506
2026-08-17 05:44: Train Epoch 6: 200/821 Loss: 0.264434
2026-08-17 05:44: Train Epoch 6: 220/821 Loss: 0.268958
2026-08-17 05:44: Train Epoch 6: 240/821 Loss: 0.278610
2026-08-17 05:44: Train Epoch 6: 260/821 Loss: 0.257287
2026-08-17 05:44: Train Epoch 6: 280/821 Loss: 0.268420
2026-08-17 05:44: Train Epoch 6: 300/821 Loss: 0.274518
2026-08-17 05:44: Train Epoch 6: 320/821 Loss: 0.262535
2026-08-17 05:44: Train Epoch 6: 340/821 Loss: 0.271365
2026-08-17 05:44: Train Epoch 6: 360/821 Loss: 0.272155
2026-08-17 05:44: Train Epoch 6: 380/821 Loss: 0.266564
2026-08-17 05:44: Train Epoch 6: 400/821 Loss: 0.277476
2026-08-17 05:44: Train Epoch 6: 420/821 Loss: 0.266439
2026-08-17 05:44: Train Epoch 6: 440/821 Loss: 0.260805
2026-08-17 05:44: Train Epoch 6: 460/821 Loss: 0.273609
2026-08-17 05:44: Train Epoch 6: 480/821 Loss: 0.278407
2026-08-17 05:44: Train Epoch 6: 500/821 Loss: 0.279287
2026-08-17 05:44: Train Epoch 6: 520/821 Loss: 0.265573
2026-08-17 05:44: Train Epoch 6: 540/821 Loss: 0.262192
2026-08-17 05:44: Train Epoch 6: 560/821 Loss: 0.266048
2026-08-17 05:44: Train Epoch 6: 580/821 Loss: 0.285633
2026-08-17 05:44: Train Epoch 6: 600/821 Loss: 0.269887
2026-08-17 05:44: Train Epoch 6: 620/821 Loss: 0.261085
2026-08-17 05:44: Train Epoch 6: 640/821 Loss: 0.290186
2026-08-17 05:44: Train Epoch 6: 660/821 Loss: 0.266950
2026-08-17 05:44: Train Epoch 6: 680/821 Loss: 0.262906
2026-08-17 05:44: Train Epoch 6: 700/821 Loss: 0.258432
2026-08-17 05:44: Train Epoch 6: 720/821 Loss: 0.259496
2026-08-17 05:44: Train Epoch 6: 740/821 Loss: 0.266180
2026-08-17 05:44: Train Epoch 6: 760/821 Loss: 0.282153
2026-08-17 05:44: Train Epoch 6: 780/821 Loss: 0.264844
2026-08-17 05:44: Train Epoch 6: 800/821 Loss: 0.251896
2026-08-17 05:44: Train Epoch 6: 820/821 Loss: 0.255394
2026-08-17 05:44: **********Train Epoch 6: averaged Loss: 0.269290, tf_ratio: 1.000000
2026-08-17 05:44: **********Val Epoch 6: average Loss: 0.270498
2026-08-17 05:44: *********************************Current best model saved!
2026-08-17 05:44: Train Epoch 7: 0/821 Loss: 0.248607
2026-08-17 05:44: Train Epoch 7: 20/821 Loss: 0.265424
2026-08-17 05:44: Train Epoch 7: 40/821 Loss: 0.269563
2026-08-17 05:44: Train Epoch 7: 60/821 Loss: 0.277767
2026-08-17 05:44: Train Epoch 7: 80/821 Loss: 0.264007
2026-08-17 05:45: Train Epoch 7: 100/821 Loss: 0.275252
2026-08-17 05:45: Train Epoch 7: 120/821 Loss: 0.266501
2026-08-17 05:45: Train Epoch 7: 140/821 Loss: 0.262427
2026-08-17 05:45: Train Epoch 7: 160/821 Loss: 0.280270
2026-08-17 05:45: Train Epoch 7: 180/821 Loss: 0.265845
2026-08-17 05:45: Train Epoch 7: 200/821 Loss: 0.259410
2026-08-17 05:45: Train Epoch 7: 220/821 Loss: 0.277533
2026-08-17 05:45: Train Epoch 7: 240/821 Loss: 0.275828
2026-08-17 05:45: Train Epoch 7: 260/821 Loss: 0.258810
2026-08-17 05:45: Train Epoch 7: 280/821 Loss: 0.259302
2026-08-17 05:45: Train Epoch 7: 300/821 Loss: 0.259024
2026-08-17 05:45: Train Epoch 7: 320/821 Loss: 0.274548
2026-08-17 05:45: Train Epoch 7: 340/821 Loss: 0.263238
2026-08-17 05:45: Train Epoch 7: 360/821 Loss: 0.270780
2026-08-17 05:45: Train Epoch 7: 380/821 Loss: 0.281739
2026-08-17 05:45: Train Epoch 7: 400/821 Loss: 0.265478
2026-08-17 05:45: Train Epoch 7: 420/821 Loss: 0.261351
2026-08-17 05:45: Train Epoch 7: 440/821 Loss: 0.260794
2026-08-17 05:45: Train Epoch 7: 460/821 Loss: 0.276177
2026-08-17 05:45: Train Epoch 7: 480/821 Loss: 0.263400
2026-08-17 05:45: Train Epoch 7: 500/821 Loss: 0.269800
2026-08-17 05:45: Train Epoch 7: 520/821 Loss: 0.265500
2026-08-17 05:45: Train Epoch 7: 540/821 Loss: 0.255538
2026-08-17 05:45: Train Epoch 7: 560/821 Loss: 0.264541
2026-08-17 05:45: Train Epoch 7: 580/821 Loss: 0.261122
2026-08-17 05:45: Train Epoch 7: 600/821 Loss: 0.244203
2026-08-17 05:45: Train Epoch 7: 620/821 Loss: 0.248834
2026-08-17 05:45: Train Epoch 7: 640/821 Loss: 0.255514
2026-08-17 05:45: Train Epoch 7: 660/821 Loss: 0.272778
2026-08-17 05:45: Train Epoch 7: 680/821 Loss: 0.270230
2026-08-17 05:45: Train Epoch 7: 700/821 Loss: 0.262384
2026-08-17 05:45: Train Epoch 7: 720/821 Loss: 0.266563
2026-08-17 05:45: Train Epoch 7: 740/821 Loss: 0.262113
2026-08-17 05:45: Train Epoch 7: 760/821 Loss: 0.256998
2026-08-17 05:45: Train Epoch 7: 780/821 Loss: 0.261316
2026-08-17 05:45: Train Epoch 7: 800/821 Loss: 0.272528
2026-08-17 05:45: Train Epoch 7: 820/821 Loss: 0.252306
2026-08-17 05:45: **********Train Epoch 7: averaged Loss: 0.265193, tf_ratio: 1.000000
2026-08-17 05:45: **********Val Epoch 7: average Loss: 0.269493
2026-08-17 05:45: *********************************Current best model saved!
2026-08-17 05:45: Train Epoch 8: 0/821 Loss: 0.264420
2026-08-17 05:45: Train Epoch 8: 20/821 Loss: 0.254839
2026-08-17 05:46: Train Epoch 8: 40/821 Loss: 0.259817
2026-08-17 05:46: Train Epoch 8: 60/821 Loss: 0.248928
2026-08-17 05:46: Train Epoch 8: 80/821 Loss: 0.257305
2026-08-17 05:46: Train Epoch 8: 100/821 Loss: 0.268068
2026-08-17 05:46: Train Epoch 8: 120/821 Loss: 0.262848
2026-08-17 05:46: Train Epoch 8: 140/821 Loss: 0.258198
2026-08-17 05:46: Train Epoch 8: 160/821 Loss: 0.281282
2026-08-17 05:46: Train Epoch 8: 180/821 Loss: 0.265840
2026-08-17 05:46: Train Epoch 8: 200/821 Loss: 0.252894
2026-08-17 05:46: Train Epoch 8: 220/821 Loss: 0.249091
2026-08-17 05:46: Train Epoch 8: 240/821 Loss: 0.265729
2026-08-17 05:46: Train Epoch 8: 260/821 Loss: 0.249770
2026-08-17 05:46: Train Epoch 8: 280/821 Loss: 0.264863
2026-08-17 05:46: Train Epoch 8: 300/821 Loss: 0.266353
2026-08-17 05:46: Train Epoch 8: 320/821 Loss: 0.257814
2026-08-17 05:46: Train Epoch 8: 340/821 Loss: 0.265085
2026-08-17 05:46: Train Epoch 8: 360/821 Loss: 0.249665
2026-08-17 05:46: Train Epoch 8: 380/821 Loss: 0.267366
2026-08-17 05:46: Train Epoch 8: 400/821 Loss: 0.253674
2026-08-17 05:46: Train Epoch 8: 420/821 Loss: 0.260173
2026-08-17 05:46: Train Epoch 8: 440/821 Loss: 0.271587
2026-08-17 05:46: Train Epoch 8: 460/821 Loss: 0.266214
2026-08-17 05:46: Train Epoch 8: 480/821 Loss: 0.271298
2026-08-17 05:46: Train Epoch 8: 500/821 Loss: 0.262575
2026-08-17 05:46: Train Epoch 8: 520/821 Loss: 0.272440
2026-08-17 05:46: Train Epoch 8: 540/821 Loss: 0.263001
2026-08-17 05:46: Train Epoch 8: 560/821 Loss: 0.262302
2026-08-17 05:46: Train Epoch 8: 580/821 Loss: 0.265459
2026-08-17 05:46: Train Epoch 8: 600/821 Loss: 0.260360
2026-08-17 05:46: Train Epoch 8: 620/821 Loss: 0.268105
2026-08-17 05:46: Train Epoch 8: 640/821 Loss: 0.266521
2026-08-17 05:46: Train Epoch 8: 660/821 Loss: 0.259699
2026-08-17 05:46: Train Epoch 8: 680/821 Loss: 0.268843
2026-08-17 05:46: Train Epoch 8: 700/821 Loss: 0.259776
2026-08-17 05:46: Train Epoch 8: 720/821 Loss: 0.263317
2026-08-17 05:46: Train Epoch 8: 740/821 Loss: 0.249279
2026-08-17 05:46: Train Epoch 8: 760/821 Loss: 0.258282
2026-08-17 05:46: Train Epoch 8: 780/821 Loss: 0.265191
2026-08-17 05:46: Train Epoch 8: 800/821 Loss: 0.257775
2026-08-17 05:46: Train Epoch 8: 820/821 Loss: 0.257764
2026-08-17 05:46: **********Train Epoch 8: averaged Loss: 0.261746, tf_ratio: 1.000000
2026-08-17 05:47: **********Val Epoch 8: average Loss: 0.272162
2026-08-17 05:47: Train Epoch 9: 0/821 Loss: 0.272787
2026-08-17 05:47: Train Epoch 9: 20/821 Loss: 0.255534
2026-08-17 05:47: Train Epoch 9: 40/821 Loss: 0.253234
2026-08-17 05:47: Train Epoch 9: 60/821 Loss: 0.266178
2026-08-17 05:47: Train Epoch 9: 80/821 Loss: 0.264010
2026-08-17 05:47: Train Epoch 9: 100/821 Loss: 0.252268
2026-08-17 05:47: Train Epoch 9: 120/821 Loss: 0.270681
2026-08-17 05:47: Train Epoch 9: 140/821 Loss: 0.265211
2026-08-17 05:47: Train Epoch 9: 160/821 Loss: 0.258041
2026-08-17 05:47: Train Epoch 9: 180/821 Loss: 0.274751
2026-08-17 05:47: Train Epoch 9: 200/821 Loss: 0.258674
2026-08-17 05:47: Train Epoch 9: 220/821 Loss: 0.267852
2026-08-17 05:47: Train Epoch 9: 240/821 Loss: 0.253156
2026-08-17 05:47: Train Epoch 9: 260/821 Loss: 0.258610
2026-08-17 05:47: Train Epoch 9: 280/821 Loss: 0.274014
2026-08-17 05:47: Train Epoch 9: 300/821 Loss: 0.253110
2026-08-17 05:47: Train Epoch 9: 320/821 Loss: 0.260396
2026-08-17 05:47: Train Epoch 9: 340/821 Loss: 0.254845
2026-08-17 05:47: Train Epoch 9: 360/821 Loss: 0.264812
2026-08-17 05:47: Train Epoch 9: 380/821 Loss: 0.249505
2026-08-17 05:47: Train Epoch 9: 400/821 Loss: 0.256765
2026-08-17 05:47: Train Epoch 9: 420/821 Loss: 0.254263
2026-08-17 05:47: Train Epoch 9: 440/821 Loss: 0.263816
2026-08-17 05:47: Train Epoch 9: 460/821 Loss: 0.260312
2026-08-17 05:47: Train Epoch 9: 480/821 Loss: 0.255967
2026-08-17 05:47: Train Epoch 9: 500/821 Loss: 0.258048
2026-08-17 05:47: Train Epoch 9: 520/821 Loss: 0.248558
2026-08-17 05:47: Train Epoch 9: 540/821 Loss: 0.266292
2026-08-17 05:47: Train Epoch 9: 560/821 Loss: 0.241543
2026-08-17 05:47: Train Epoch 9: 580/821 Loss: 0.260764
2026-08-17 05:47: Train Epoch 9: 600/821 Loss: 0.253096
2026-08-17 05:47: Train Epoch 9: 620/821 Loss: 0.257497
2026-08-17 05:47: Train Epoch 9: 640/821 Loss: 0.255276
2026-08-17 05:47: Train Epoch 9: 660/821 Loss: 0.246326
2026-08-17 05:47: Train Epoch 9: 680/821 Loss: 0.254210
2026-08-17 05:47: Train Epoch 9: 700/821 Loss: 0.255898
2026-08-17 05:47: Train Epoch 9: 720/821 Loss: 0.259946
2026-08-17 05:47: Train Epoch 9: 740/821 Loss: 0.260075
2026-08-17 05:47: Train Epoch 9: 760/821 Loss: 0.257943
2026-08-17 05:47: Train Epoch 9: 780/821 Loss: 0.265479
2026-08-17 05:48: Train Epoch 9: 800/821 Loss: 0.263699
2026-08-17 05:48: Train Epoch 9: 820/821 Loss: 0.258319
2026-08-17 05:48: **********Train Epoch 9: averaged Loss: 0.258538, tf_ratio: 1.000000
2026-08-17 05:48: **********Val Epoch 9: average Loss: 0.271730
2026-08-17 05:48: Train Epoch 10: 0/821 Loss: 0.247625
2026-08-17 05:48: Train Epoch 10: 20/821 Loss: 0.248109
2026-08-17 05:48: Train Epoch 10: 40/821 Loss: 0.261943
2026-08-17 05:48: Train Epoch 10: 60/821 Loss: 0.271082
2026-08-17 05:48: Train Epoch 10: 80/821 Loss: 0.253838
2026-08-17 05:48: Train Epoch 10: 100/821 Loss: 0.251095
2026-08-17 05:48: Train Epoch 10: 120/821 Loss: 0.266625
2026-08-17 05:48: Train Epoch 10: 140/821 Loss: 0.266507
2026-08-17 05:48: Train Epoch 10: 160/821 Loss: 0.250947
2026-08-17 05:48: Train Epoch 10: 180/821 Loss: 0.254004
2026-08-17 05:48: Train Epoch 10: 200/821 Loss: 0.253316
2026-08-17 05:48: Train Epoch 10: 220/821 Loss: 0.254136
2026-08-17 05:48: Train Epoch 10: 240/821 Loss: 0.256155
2026-08-17 05:48: Train Epoch 10: 260/821 Loss: 0.245872
2026-08-17 05:48: Train Epoch 10: 280/821 Loss: 0.253272
2026-08-17 05:48: Train Epoch 10: 300/821 Loss: 0.236755
2026-08-17 05:48: Train Epoch 10: 320/821 Loss: 0.258794
2026-08-17 05:48: Train Epoch 10: 340/821 Loss: 0.250152
2026-08-17 05:48: Train Epoch 10: 360/821 Loss: 0.251147
2026-08-17 05:48: Train Epoch 10: 380/821 Loss: 0.256016
2026-08-17 05:48: Train Epoch 10: 400/821 Loss: 0.252401
2026-08-17 05:48: Train Epoch 10: 420/821 Loss: 0.252068
2026-08-17 05:48: Train Epoch 10: 440/821 Loss: 0.257807
2026-08-17 05:48: Train Epoch 10: 460/821 Loss: 0.253221
2026-08-17 05:48: Train Epoch 10: 480/821 Loss: 0.242453
2026-08-17 05:48: Train Epoch 10: 500/821 Loss: 0.249979
2026-08-17 05:48: Train Epoch 10: 520/821 Loss: 0.247010
2026-08-17 05:48: Train Epoch 10: 540/821 Loss: 0.249560
2026-08-17 05:48: Train Epoch 10: 560/821 Loss: 0.261039
2026-08-17 05:48: Train Epoch 10: 580/821 Loss: 0.251571
2026-08-17 05:48: Train Epoch 10: 600/821 Loss: 0.267212
2026-08-17 05:48: Train Epoch 10: 620/821 Loss: 0.258310
2026-08-17 05:48: Train Epoch 10: 640/821 Loss: 0.254928
2026-08-17 05:48: Train Epoch 10: 660/821 Loss: 0.261683
2026-08-17 05:48: Train Epoch 10: 680/821 Loss: 0.250723
2026-08-17 05:48: Train Epoch 10: 700/821 Loss: 0.241994
2026-08-17 05:48: Train Epoch 10: 720/821 Loss: 0.271533
2026-08-17 05:49: Train Epoch 10: 740/821 Loss: 0.255439
2026-08-17 05:49: Train Epoch 10: 760/821 Loss: 0.249685
2026-08-17 05:49: Train Epoch 10: 780/821 Loss: 0.248255
2026-08-17 05:49: Train Epoch 10: 800/821 Loss: 0.255226
2026-08-17 05:49: Train Epoch 10: 820/821 Loss: 0.251901
2026-08-17 05:49: **********Train Epoch 10: averaged Loss: 0.255538, tf_ratio: 1.000000
2026-08-17 05:49: **********Val Epoch 10: average Loss: 0.268047
2026-08-17 05:49: *********************************Current best model saved!
2026-08-17 05:49: Train Epoch 11: 0/821 Loss: 0.252615
2026-08-17 05:49: Train Epoch 11: 20/821 Loss: 0.259608
2026-08-17 05:49: Train Epoch 11: 40/821 Loss: 0.259759
2026-08-17 05:49: Train Epoch 11: 60/821 Loss: 0.245131
2026-08-17 05:49: Train Epoch 11: 80/821 Loss: 0.238546
2026-08-17 05:49: Train Epoch 11: 100/821 Loss: 0.257160
2026-08-17 05:49: Train Epoch 11: 120/821 Loss: 0.257124
2026-08-17 05:49: Train Epoch 11: 140/821 Loss: 0.246286
2026-08-17 05:49: Train Epoch 11: 160/821 Loss: 0.262586
2026-08-17 05:49: Train Epoch 11: 180/821 Loss: 0.256974
2026-08-17 05:49: Train Epoch 11: 200/821 Loss: 0.245152
2026-08-17 05:49: Train Epoch 11: 220/821 Loss: 0.258269
2026-08-17 05:49: Train Epoch 11: 240/821 Loss: 0.252220
2026-08-17 05:49: Train Epoch 11: 260/821 Loss: 0.254871
2026-08-17 05:49: Train Epoch 11: 280/821 Loss: 0.253741
2026-08-17 05:49: Train Epoch 11: 300/821 Loss: 0.258013
2026-08-17 05:49: Train Epoch 11: 320/821 Loss: 0.252147
2026-08-17 05:49: Train Epoch 11: 340/821 Loss: 0.241767
2026-08-17 05:49: Train Epoch 11: 360/821 Loss: 0.246445
2026-08-17 05:49: Train Epoch 11: 380/821 Loss: 0.254621
2026-08-17 05:49: Train Epoch 11: 400/821 Loss: 0.252507
2026-08-17 05:49: Train Epoch 11: 420/821 Loss: 0.269276
2026-08-17 05:49: Train Epoch 11: 440/821 Loss: 0.243221
2026-08-17 05:49: Train Epoch 11: 460/821 Loss: 0.241354
2026-08-17 05:49: Train Epoch 11: 480/821 Loss: 0.250489
2026-08-17 05:49: Train Epoch 11: 500/821 Loss: 0.252218
2026-08-17 05:49: Train Epoch 11: 520/821 Loss: 0.246058
2026-08-17 05:49: Train Epoch 11: 540/821 Loss: 0.252620
2026-08-17 05:49: Train Epoch 11: 560/821 Loss: 0.260040
2026-08-17 05:49: Train Epoch 11: 580/821 Loss: 0.240086
2026-08-17 05:49: Train Epoch 11: 600/821 Loss: 0.268369
2026-08-17 05:49: Train Epoch 11: 620/821 Loss: 0.245782
2026-08-17 05:49: Train Epoch 11: 640/821 Loss: 0.249928
2026-08-17 05:49: Train Epoch 11: 660/821 Loss: 0.244840
2026-08-17 05:50: Train Epoch 11: 680/821 Loss: 0.250056
2026-08-17 05:50: Train Epoch 11: 700/821 Loss: 0.252688
2026-08-17 05:50: Train Epoch 11: 720/821 Loss: 0.261034
2026-08-17 05:50: Train Epoch 11: 740/821 Loss: 0.266512
2026-08-17 05:50: Train Epoch 11: 760/821 Loss: 0.243292
2026-08-17 05:50: Train Epoch 11: 780/821 Loss: 0.246824
2026-08-17 05:50: Train Epoch 11: 800/821 Loss: 0.262598
2026-08-17 05:50: Train Epoch 11: 820/821 Loss: 0.263249
2026-08-17 05:50: **********Train Epoch 11: averaged Loss: 0.253328, tf_ratio: 1.000000
2026-08-17 05:50: **********Val Epoch 11: average Loss: 0.269489
2026-08-17 05:50: Train Epoch 12: 0/821 Loss: 0.255629
2026-08-17 05:50: Train Epoch 12: 20/821 Loss: 0.236026
2026-08-17 05:50: Train Epoch 12: 40/821 Loss: 0.258325
2026-08-17 05:50: Train Epoch 12: 60/821 Loss: 0.258917
2026-08-17 05:50: Train Epoch 12: 80/821 Loss: 0.261578
2026-08-17 05:50: Train Epoch 12: 100/821 Loss: 0.251260
2026-08-17 05:50: Train Epoch 12: 120/821 Loss: 0.246798
2026-08-17 05:50: Train Epoch 12: 140/821 Loss: 0.238761
2026-08-17 05:50: Train Epoch 12: 160/821 Loss: 0.239458
2026-08-17 05:50: Train Epoch 12: 180/821 Loss: 0.258936
2026-08-17 05:50: Train Epoch 12: 200/821 Loss: 0.247305
2026-08-17 05:50: Train Epoch 12: 220/821 Loss: 0.246258
2026-08-17 05:50: Train Epoch 12: 240/821 Loss: 0.251554
2026-08-17 05:50: Train Epoch 12: 260/821 Loss: 0.254949
2026-08-17 05:50: Train Epoch 12: 280/821 Loss: 0.240006
2026-08-17 05:50: Train Epoch 12: 300/821 Loss: 0.259388
2026-08-17 05:50: Train Epoch 12: 320/821 Loss: 0.262919
2026-08-17 05:50: Train Epoch 12: 340/821 Loss: 0.257035
2026-08-17 05:50: Train Epoch 12: 360/821 Loss: 0.249969
2026-08-17 05:50: Train Epoch 12: 380/821 Loss: 0.249326
2026-08-17 05:50: Train Epoch 12: 400/821 Loss: 0.250266
2026-08-17 05:50: Train Epoch 12: 420/821 Loss: 0.250843
2026-08-17 05:50: Train Epoch 12: 440/821 Loss: 0.243255
2026-08-17 05:50: Train Epoch 12: 460/821 Loss: 0.263415
2026-08-17 05:50: Train Epoch 12: 480/821 Loss: 0.242306
2026-08-17 05:50: Train Epoch 12: 500/821 Loss: 0.252338
2026-08-17 05:50: Train Epoch 12: 520/821 Loss: 0.246881
2026-08-17 05:50: Train Epoch 12: 540/821 Loss: 0.247900
2026-08-17 05:50: Train Epoch 12: 560/821 Loss: 0.253820
2026-08-17 05:50: Train Epoch 12: 580/821 Loss: 0.248045
2026-08-17 05:50: Train Epoch 12: 600/821 Loss: 0.242811
2026-08-17 05:51: Train Epoch 12: 620/821 Loss: 0.251931
2026-08-17 05:51: Train Epoch 12: 640/821 Loss: 0.257498
2026-08-17 05:51: Train Epoch 12: 660/821 Loss: 0.262854
2026-08-17 05:51: Train Epoch 12: 680/821 Loss: 0.257026
2026-08-17 05:51: Train Epoch 12: 700/821 Loss: 0.263389
2026-08-17 05:51: Train Epoch 12: 720/821 Loss: 0.267385
2026-08-17 05:51: Train Epoch 12: 740/821 Loss: 0.253974
2026-08-17 05:51: Train Epoch 12: 760/821 Loss: 0.263293
2026-08-17 05:51: Train Epoch 12: 780/821 Loss: 0.245144
2026-08-17 05:51: Train Epoch 12: 800/821 Loss: 0.256800
2026-08-17 05:51: Train Epoch 12: 820/821 Loss: 0.240199
2026-08-17 05:51: **********Train Epoch 12: averaged Loss: 0.250796, tf_ratio: 1.000000
2026-08-17 05:51: **********Val Epoch 12: average Loss: 0.270923
2026-08-17 05:51: Train Epoch 13: 0/821 Loss: 0.257308
2026-08-17 05:51: Train Epoch 13: 20/821 Loss: 0.246530
2026-08-17 05:51: Train Epoch 13: 40/821 Loss: 0.250212
2026-08-17 05:51: Train Epoch 13: 60/821 Loss: 0.238762
2026-08-17 05:51: Train Epoch 13: 80/821 Loss: 0.252490
2026-08-17 05:51: Train Epoch 13: 100/821 Loss: 0.240879
2026-08-17 05:51: Train Epoch 13: 120/821 Loss: 0.258241
2026-08-17 05:51: Train Epoch 13: 140/821 Loss: 0.249810
2026-08-17 05:51: Train Epoch 13: 160/821 Loss: 0.248500
2026-08-17 05:51: Train Epoch 13: 180/821 Loss: 0.250868
2026-08-17 05:51: Train Epoch 13: 200/821 Loss: 0.265690
2026-08-17 05:51: Train Epoch 13: 220/821 Loss: 0.252491
2026-08-17 05:51: Train Epoch 13: 240/821 Loss: 0.252744
2026-08-17 05:51: Train Epoch 13: 260/821 Loss: 0.254218
2026-08-17 05:51: Train Epoch 13: 280/821 Loss: 0.237845
2026-08-17 05:51: Train Epoch 13: 300/821 Loss: 0.245662
2026-08-17 05:51: Train Epoch 13: 320/821 Loss: 0.239558
2026-08-17 05:51: Train Epoch 13: 340/821 Loss: 0.244344
2026-08-17 05:51: Train Epoch 13: 360/821 Loss: 0.243744
2026-08-17 05:51: Train Epoch 13: 380/821 Loss: 0.241126
2026-08-17 05:51: Train Epoch 13: 400/821 Loss: 0.257439
2026-08-17 05:51: Train Epoch 13: 420/821 Loss: 0.242464
2026-08-17 05:51: Train Epoch 13: 440/821 Loss: 0.257656
2026-08-17 05:51: Train Epoch 13: 460/821 Loss: 0.252329
2026-08-17 05:51: Train Epoch 13: 480/821 Loss: 0.252758
2026-08-17 05:51: Train Epoch 13: 500/821 Loss: 0.246467
2026-08-17 05:51: Train Epoch 13: 520/821 Loss: 0.251962
2026-08-17 05:51: Train Epoch 13: 540/821 Loss: 0.246658
2026-08-17 05:52: Train Epoch 13: 560/821 Loss: 0.245535
2026-08-17 05:52: Train Epoch 13: 580/821 Loss: 0.243390
2026-08-17 05:52: Train Epoch 13: 600/821 Loss: 0.247413
2026-08-17 05:52: Train Epoch 13: 620/821 Loss: 0.255151
2026-08-17 05:52: Train Epoch 13: 640/821 Loss: 0.244766
2026-08-17 05:52: Train Epoch 13: 660/821 Loss: 0.242512
2026-08-17 05:52: Train Epoch 13: 680/821 Loss: 0.239613
2026-08-17 05:52: Train Epoch 13: 700/821 Loss: 0.249248
2026-08-17 05:52: Train Epoch 13: 720/821 Loss: 0.243952
2026-08-17 05:52: Train Epoch 13: 740/821 Loss: 0.244949
2026-08-17 05:52: Train Epoch 13: 760/821 Loss: 0.253765
2026-08-17 05:52: Train Epoch 13: 780/821 Loss: 0.242858
2026-08-17 05:52: Train Epoch 13: 800/821 Loss: 0.232420
2026-08-17 05:52: Train Epoch 13: 820/821 Loss: 0.242780
2026-08-17 05:52: **********Train Epoch 13: averaged Loss: 0.248414, tf_ratio: 1.000000
2026-08-17 05:52: **********Val Epoch 13: average Loss: 0.268296
2026-08-17 05:52: Train Epoch 14: 0/821 Loss: 0.238138
2026-08-17 05:52: Train Epoch 14: 20/821 Loss: 0.242383
2026-08-17 05:52: Train Epoch 14: 40/821 Loss: 0.252032
2026-08-17 05:52: Train Epoch 14: 60/821 Loss: 0.241509
2026-08-17 05:52: Train Epoch 14: 80/821 Loss: 0.251044
2026-08-17 05:52: Train Epoch 14: 100/821 Loss: 0.242988
2026-08-17 05:52: Train Epoch 14: 120/821 Loss: 0.230516
2026-08-17 05:52: Train Epoch 14: 140/821 Loss: 0.250968
2026-08-17 05:52: Train Epoch 14: 160/821 Loss: 0.251953
2026-08-17 05:52: Train Epoch 14: 180/821 Loss: 0.257698
2026-08-17 05:52: Train Epoch 14: 200/821 Loss: 0.258102
2026-08-17 05:52: Train Epoch 14: 220/821 Loss: 0.261568
2026-08-17 05:52: Train Epoch 14: 240/821 Loss: 0.247520
2026-08-17 05:52: Train Epoch 14: 260/821 Loss: 0.238788
2026-08-17 05:52: Train Epoch 14: 280/821 Loss: 0.250263
2026-08-17 05:52: Train Epoch 14: 300/821 Loss: 0.248736
2026-08-17 05:52: Train Epoch 14: 320/821 Loss: 0.245200
2026-08-17 05:52: Train Epoch 14: 340/821 Loss: 0.248440
2026-08-17 05:52: Train Epoch 14: 360/821 Loss: 0.247390
2026-08-17 05:52: Train Epoch 14: 380/821 Loss: 0.258469
2026-08-17 05:52: Train Epoch 14: 400/821 Loss: 0.248883
2026-08-17 05:52: Train Epoch 14: 420/821 Loss: 0.253062
2026-08-17 05:52: Train Epoch 14: 440/821 Loss: 0.243896
2026-08-17 05:52: Train Epoch 14: 460/821 Loss: 0.243555
2026-08-17 05:52: Train Epoch 14: 480/821 Loss: 0.258852
2026-08-17 05:52: Train Epoch 14: 500/821 Loss: 0.247222
2026-08-17 05:53: Train Epoch 14: 520/821 Loss: 0.241869
2026-08-17 05:53: Train Epoch 14: 540/821 Loss: 0.245537
2026-08-17 05:53: Train Epoch 14: 560/821 Loss: 0.242514
2026-08-17 05:53: Train Epoch 14: 580/821 Loss: 0.260991
2026-08-17 05:53: Train Epoch 14: 600/821 Loss: 0.244947
2026-08-17 05:53: Train Epoch 14: 620/821 Loss: 0.239338
2026-08-17 05:53: Train Epoch 14: 640/821 Loss: 0.232825
2026-08-17 05:53: Train Epoch 14: 660/821 Loss: 0.240269
2026-08-17 05:53: Train Epoch 14: 680/821 Loss: 0.245886
2026-08-17 05:53: Train Epoch 14: 700/821 Loss: 0.252246
2026-08-17 05:53: Train Epoch 14: 720/821 Loss: 0.239870
2026-08-17 05:53: Train Epoch 14: 740/821 Loss: 0.247355
2026-08-17 05:53: Train Epoch 14: 760/821 Loss: 0.244256
2026-08-17 05:53: Train Epoch 14: 780/821 Loss: 0.235221
2026-08-17 05:53: Train Epoch 14: 800/821 Loss: 0.258717
2026-08-17 05:53: Train Epoch 14: 820/821 Loss: 0.258298
2026-08-17 05:53: **********Train Epoch 14: averaged Loss: 0.246517, tf_ratio: 1.000000
2026-08-17 05:53: **********Val Epoch 14: average Loss: 0.267941
2026-08-17 05:53: *********************************Current best model saved!
2026-08-17 05:53: Train Epoch 15: 0/821 Loss: 0.246172
2026-08-17 05:53: Train Epoch 15: 20/821 Loss: 0.235866
2026-08-17 05:53: Train Epoch 15: 40/821 Loss: 0.233611
2026-08-17 05:53: Train Epoch 15: 60/821 Loss: 0.239942
2026-08-17 05:53: Train Epoch 15: 80/821 Loss: 0.240341
2026-08-17 05:53: Train Epoch 15: 100/821 Loss: 0.252738
2026-08-17 05:53: Train Epoch 15: 120/821 Loss: 0.250904
2026-08-17 05:53: Train Epoch 15: 140/821 Loss: 0.238183
2026-08-17 05:53: Train Epoch 15: 160/821 Loss: 0.247147
2026-08-17 05:53: Train Epoch 15: 180/821 Loss: 0.267805
2026-08-17 05:53: Train Epoch 15: 200/821 Loss: 0.248147
2026-08-17 05:53: Train Epoch 15: 220/821 Loss: 0.242150
2026-08-17 05:53: Train Epoch 15: 240/821 Loss: 0.236219
2026-08-17 05:53: Train Epoch 15: 260/821 Loss: 0.245552
2026-08-17 05:53: Train Epoch 15: 280/821 Loss: 0.241193
2026-08-17 05:53: Train Epoch 15: 300/821 Loss: 0.243168
2026-08-17 05:53: Train Epoch 15: 320/821 Loss: 0.235403
2026-08-17 05:53: Train Epoch 15: 340/821 Loss: 0.255253
2026-08-17 05:53: Train Epoch 15: 360/821 Loss: 0.248996
2026-08-17 05:53: Train Epoch 15: 380/821 Loss: 0.253076
2026-08-17 05:53: Train Epoch 15: 400/821 Loss: 0.252852
2026-08-17 05:53: Train Epoch 15: 420/821 Loss: 0.240994
2026-08-17 05:53: Train Epoch 15: 440/821 Loss: 0.239717
2026-08-17 05:54: Train Epoch 15: 460/821 Loss: 0.233773
2026-08-17 05:54: Train Epoch 15: 480/821 Loss: 0.250477
2026-08-17 05:54: Train Epoch 15: 500/821 Loss: 0.244600
2026-08-17 05:54: Train Epoch 15: 520/821 Loss: 0.238327
2026-08-17 05:54: Train Epoch 15: 540/821 Loss: 0.246799
2026-08-17 05:54: Train Epoch 15: 560/821 Loss: 0.245961
2026-08-17 05:54: Train Epoch 15: 580/821 Loss: 0.241604
2026-08-17 05:54: Train Epoch 15: 600/821 Loss: 0.239331
2026-08-17 05:54: Train Epoch 15: 620/821 Loss: 0.239120
2026-08-17 05:54: Train Epoch 15: 640/821 Loss: 0.248685
2026-08-17 05:54: Train Epoch 15: 660/821 Loss: 0.236474
2026-08-17 05:54: Train Epoch 15: 680/821 Loss: 0.242014
2026-08-17 05:54: Train Epoch 15: 700/821 Loss: 0.241629
2026-08-17 05:54: Train Epoch 15: 720/821 Loss: 0.244763
2026-08-17 05:54: Train Epoch 15: 740/821 Loss: 0.237970
2026-08-17 05:54: Train Epoch 15: 760/821 Loss: 0.238259
2026-08-17 05:54: Train Epoch 15: 780/821 Loss: 0.242894
2026-08-17 05:54: Train Epoch 15: 800/821 Loss: 0.244021
2026-08-17 05:54: Train Epoch 15: 820/821 Loss: 0.239556
2026-08-17 05:54: **********Train Epoch 15: averaged Loss: 0.244669, tf_ratio: 1.000000
2026-08-17 05:54: **********Val Epoch 15: average Loss: 0.268513
2026-08-17 05:54: Train Epoch 16: 0/821 Loss: 0.242266
2026-08-17 05:54: Train Epoch 16: 20/821 Loss: 0.240894
2026-08-17 05:54: Train Epoch 16: 40/821 Loss: 0.242791
2026-08-17 05:54: Train Epoch 16: 60/821 Loss: 0.260589
2026-08-17 05:54: Train Epoch 16: 80/821 Loss: 0.247032
2026-08-17 05:54: Train Epoch 16: 100/821 Loss: 0.242285
2026-08-17 05:54: Train Epoch 16: 120/821 Loss: 0.243908
2026-08-17 05:54: Train Epoch 16: 140/821 Loss: 0.241157
2026-08-17 05:54: Train Epoch 16: 160/821 Loss: 0.248600
2026-08-17 05:54: Train Epoch 16: 180/821 Loss: 0.242043
2026-08-17 05:54: Train Epoch 16: 200/821 Loss: 0.243832
2026-08-17 05:54: Train Epoch 16: 220/821 Loss: 0.252400
2026-08-17 05:54: Train Epoch 16: 240/821 Loss: 0.241807
2026-08-17 05:54: Train Epoch 16: 260/821 Loss: 0.244769
2026-08-17 05:54: Train Epoch 16: 280/821 Loss: 0.243690
2026-08-17 05:54: Train Epoch 16: 300/821 Loss: 0.260673
2026-08-17 05:54: Train Epoch 16: 320/821 Loss: 0.248840
2026-08-17 05:54: Train Epoch 16: 340/821 Loss: 0.248908
2026-08-17 05:54: Train Epoch 16: 360/821 Loss: 0.237536
2026-08-17 05:54: Train Epoch 16: 380/821 Loss: 0.241421
2026-08-17 05:54: Train Epoch 16: 400/821 Loss: 0.245366
2026-08-17 05:55: Train Epoch 16: 420/821 Loss: 0.249840
2026-08-17 05:55: Train Epoch 16: 440/821 Loss: 0.242890
2026-08-17 05:55: Train Epoch 16: 460/821 Loss: 0.235763
2026-08-17 05:55: Train Epoch 16: 480/821 Loss: 0.240894
2026-08-17 05:55: Train Epoch 16: 500/821 Loss: 0.249938
2026-08-17 05:55: Train Epoch 16: 520/821 Loss: 0.239980
2026-08-17 05:55: Train Epoch 16: 540/821 Loss: 0.250046
2026-08-17 05:55: Train Epoch 16: 560/821 Loss: 0.247307
2026-08-17 05:55: Train Epoch 16: 580/821 Loss: 0.241402
2026-08-17 05:55: Train Epoch 16: 600/821 Loss: 0.224767
2026-08-17 05:55: Train Epoch 16: 620/821 Loss: 0.237355
2026-08-17 05:55: Train Epoch 16: 640/821 Loss: 0.244144
2026-08-17 05:55: Train Epoch 16: 660/821 Loss: 0.246721
2026-08-17 05:55: Train Epoch 16: 680/821 Loss: 0.242796
2026-08-17 05:55: Train Epoch 16: 700/821 Loss: 0.238453
2026-08-17 05:55: Train Epoch 16: 720/821 Loss: 0.245987
2026-08-17 05:55: Train Epoch 16: 740/821 Loss: 0.240218
2026-08-17 05:55: Train Epoch 16: 760/821 Loss: 0.234313
2026-08-17 05:55: Train Epoch 16: 780/821 Loss: 0.242493
2026-08-17 05:55: Train Epoch 16: 800/821 Loss: 0.242581
2026-08-17 05:55: Train Epoch 16: 820/821 Loss: 0.246543
2026-08-17 05:55: **********Train Epoch 16: averaged Loss: 0.242662, tf_ratio: 1.000000
2026-08-17 05:55: **********Val Epoch 16: average Loss: 0.271131
2026-08-17 05:55: Train Epoch 17: 0/821 Loss: 0.250737
2026-08-17 05:55: Train Epoch 17: 20/821 Loss: 0.228490
2026-08-17 05:55: Train Epoch 17: 40/821 Loss: 0.248222
2026-08-17 05:55: Train Epoch 17: 60/821 Loss: 0.248749
2026-08-17 05:55: Train Epoch 17: 80/821 Loss: 0.241283
2026-08-17 05:55: Train Epoch 17: 100/821 Loss: 0.238959
2026-08-17 05:55: Train Epoch 17: 120/821 Loss: 0.246317
2026-08-17 05:55: Train Epoch 17: 140/821 Loss: 0.254696
2026-08-17 05:55: Train Epoch 17: 160/821 Loss: 0.242089
2026-08-17 05:55: Train Epoch 17: 180/821 Loss: 0.255154
2026-08-17 05:55: Train Epoch 17: 200/821 Loss: 0.250542
2026-08-17 05:55: Train Epoch 17: 220/821 Loss: 0.241543
2026-08-17 05:55: Train Epoch 17: 240/821 Loss: 0.241115
2026-08-17 05:55: Train Epoch 17: 260/821 Loss: 0.233477
2026-08-17 05:55: Train Epoch 17: 280/821 Loss: 0.243116
2026-08-17 05:55: Train Epoch 17: 300/821 Loss: 0.240035
2026-08-17 05:55: Train Epoch 17: 320/821 Loss: 0.238228
2026-08-17 05:55: Train Epoch 17: 340/821 Loss: 0.242576
2026-08-17 05:55: Train Epoch 17: 360/821 Loss: 0.247609
2026-08-17 05:56: Train Epoch 17: 380/821 Loss: 0.244898
2026-08-17 05:56: Train Epoch 17: 400/821 Loss: 0.258283
2026-08-17 05:56: Train Epoch 17: 420/821 Loss: 0.240326
2026-08-17 05:56: Train Epoch 17: 440/821 Loss: 0.234802
2026-08-17 05:56: Train Epoch 17: 460/821 Loss: 0.235400
2026-08-17 05:56: Train Epoch 17: 480/821 Loss: 0.244853
2026-08-17 05:56: Train Epoch 17: 500/821 Loss: 0.240961
2026-08-17 05:56: Train Epoch 17: 520/821 Loss: 0.257105
2026-08-17 05:56: Train Epoch 17: 540/821 Loss: 0.241365
2026-08-17 05:56: Train Epoch 17: 560/821 Loss: 0.253296
2026-08-17 05:56: Train Epoch 17: 580/821 Loss: 0.233759
2026-08-17 05:56: Train Epoch 17: 600/821 Loss: 0.238113
2026-08-17 05:56: Train Epoch 17: 620/821 Loss: 0.239136
2026-08-17 05:56: Train Epoch 17: 640/821 Loss: 0.232118
2026-08-17 05:56: Train Epoch 17: 660/821 Loss: 0.246529
2026-08-17 05:56: Train Epoch 17: 680/821 Loss: 0.251144
2026-08-17 05:56: Train Epoch 17: 700/821 Loss: 0.245293
2026-08-17 05:56: Train Epoch 17: 720/821 Loss: 0.234524
2026-08-17 05:56: Train Epoch 17: 740/821 Loss: 0.257544
2026-08-17 05:56: Train Epoch 17: 760/821 Loss: 0.242522
2026-08-17 05:56: Train Epoch 17: 780/821 Loss: 0.251854
2026-08-17 05:56: Train Epoch 17: 800/821 Loss: 0.241300
2026-08-17 05:56: Train Epoch 17: 820/821 Loss: 0.244349
2026-08-17 05:56: **********Train Epoch 17: averaged Loss: 0.241487, tf_ratio: 1.000000
2026-08-17 05:56: **********Val Epoch 17: average Loss: 0.271619
2026-08-17 05:56: Train Epoch 18: 0/821 Loss: 0.230440
2026-08-17 05:56: Train Epoch 18: 20/821 Loss: 0.236539
2026-08-17 05:56: Train Epoch 18: 40/821 Loss: 0.236559
2026-08-17 05:56: Train Epoch 18: 60/821 Loss: 0.241236
2026-08-17 05:56: Train Epoch 18: 80/821 Loss: 0.237995
2026-08-17 05:56: Train Epoch 18: 100/821 Loss: 0.244974
2026-08-17 05:56: Train Epoch 18: 120/821 Loss: 0.247723
2026-08-17 05:56: Train Epoch 18: 140/821 Loss: 0.228375
2026-08-17 05:56: Train Epoch 18: 160/821 Loss: 0.249262
2026-08-17 05:56: Train Epoch 18: 180/821 Loss: 0.226288
2026-08-17 05:56: Train Epoch 18: 200/821 Loss: 0.238345
2026-08-17 05:56: Train Epoch 18: 220/821 Loss: 0.241477
2026-08-17 05:56: Train Epoch 18: 240/821 Loss: 0.240800
2026-08-17 05:56: Train Epoch 18: 260/821 Loss: 0.241956
2026-08-17 05:56: Train Epoch 18: 280/821 Loss: 0.242216
2026-08-17 05:56: Train Epoch 18: 300/821 Loss: 0.239629
2026-08-17 05:56: Train Epoch 18: 320/821 Loss: 0.242665
2026-08-17 05:57: Train Epoch 18: 340/821 Loss: 0.239659
2026-08-17 05:57: Train Epoch 18: 360/821 Loss: 0.237714
2026-08-17 05:57: Train Epoch 18: 380/821 Loss: 0.245514
2026-08-17 05:57: Train Epoch 18: 400/821 Loss: 0.238885
2026-08-17 05:57: Train Epoch 18: 420/821 Loss: 0.247673
2026-08-17 05:57: Train Epoch 18: 440/821 Loss: 0.241528
2026-08-17 05:57: Train Epoch 18: 460/821 Loss: 0.232582
2026-08-17 05:57: Train Epoch 18: 480/821 Loss: 0.251257
2026-08-17 05:57: Train Epoch 18: 500/821 Loss: 0.237526
2026-08-17 05:57: Train Epoch 18: 520/821 Loss: 0.239020
2026-08-17 05:57: Train Epoch 18: 540/821 Loss: 0.244010
2026-08-17 05:57: Train Epoch 18: 560/821 Loss: 0.250191
2026-08-17 05:57: Train Epoch 18: 580/821 Loss: 0.242264
2026-08-17 05:57: Train Epoch 18: 600/821 Loss: 0.229623
2026-08-17 05:57: Train Epoch 18: 620/821 Loss: 0.241219
2026-08-17 05:57: Train Epoch 18: 640/821 Loss: 0.246992
2026-08-17 05:57: Train Epoch 18: 660/821 Loss: 0.237070
2026-08-17 05:57: Train Epoch 18: 680/821 Loss: 0.243638
2026-08-17 05:57: Train Epoch 18: 700/821 Loss: 0.246131
2026-08-17 05:57: Train Epoch 18: 720/821 Loss: 0.228144
2026-08-17 05:57: Train Epoch 18: 740/821 Loss: 0.243510
2026-08-17 05:57: Train Epoch 18: 760/821 Loss: 0.238639
2026-08-17 05:57: Train Epoch 18: 780/821 Loss: 0.237118
2026-08-17 05:57: Train Epoch 18: 800/821 Loss: 0.232873
2026-08-17 05:57: Train Epoch 18: 820/821 Loss: 0.248683
2026-08-17 05:57: **********Train Epoch 18: averaged Loss: 0.239794, tf_ratio: 1.000000
2026-08-17 05:57: **********Val Epoch 18: average Loss: 0.269815
2026-08-17 05:57: Train Epoch 19: 0/821 Loss: 0.252532
2026-08-17 05:57: Train Epoch 19: 20/821 Loss: 0.240599
2026-08-17 05:57: Train Epoch 19: 40/821 Loss: 0.232387
2026-08-17 05:57: Train Epoch 19: 60/821 Loss: 0.235191
2026-08-17 05:57: Train Epoch 19: 80/821 Loss: 0.242345
2026-08-17 05:57: Train Epoch 19: 100/821 Loss: 0.239164
2026-08-17 05:57: Train Epoch 19: 120/821 Loss: 0.238566
2026-08-17 05:57: Train Epoch 19: 140/821 Loss: 0.232856
2026-08-17 05:57: Train Epoch 19: 160/821 Loss: 0.236858
2026-08-17 05:57: Train Epoch 19: 180/821 Loss: 0.247519
2026-08-17 05:57: Train Epoch 19: 200/821 Loss: 0.246402
2026-08-17 05:57: Train Epoch 19: 220/821 Loss: 0.237515
2026-08-17 05:57: Train Epoch 19: 240/821 Loss: 0.235814
2026-08-17 05:57: Train Epoch 19: 260/821 Loss: 0.249319
2026-08-17 05:57: Train Epoch 19: 280/821 Loss: 0.250899
2026-08-17 05:58: Train Epoch 19: 300/821 Loss: 0.243575
2026-08-17 05:58: Train Epoch 19: 320/821 Loss: 0.235489
2026-08-17 05:58: Train Epoch 19: 340/821 Loss: 0.241180
2026-08-17 05:58: Train Epoch 19: 360/821 Loss: 0.245310
2026-08-17 05:58: Train Epoch 19: 380/821 Loss: 0.243841
2026-08-17 05:58: Train Epoch 19: 400/821 Loss: 0.236922
2026-08-17 05:58: Train Epoch 19: 420/821 Loss: 0.240314
2026-08-17 05:58: Train Epoch 19: 440/821 Loss: 0.237848
2026-08-17 05:58: Train Epoch 19: 460/821 Loss: 0.238257
2026-08-17 05:58: Train Epoch 19: 480/821 Loss: 0.251218
2026-08-17 05:58: Train Epoch 19: 500/821 Loss: 0.237682
2026-08-17 05:58: Train Epoch 19: 520/821 Loss: 0.239680
2026-08-17 05:58: Train Epoch 19: 540/821 Loss: 0.248510
2026-08-17 05:58: Train Epoch 19: 560/821 Loss: 0.256840
2026-08-17 05:58: Train Epoch 19: 580/821 Loss: 0.232317
2026-08-17 05:58: Train Epoch 19: 600/821 Loss: 0.248637
2026-08-17 05:58: Train Epoch 19: 620/821 Loss: 0.246245
2026-08-17 05:58: Train Epoch 19: 640/821 Loss: 0.227586
2026-08-17 05:58: Train Epoch 19: 660/821 Loss: 0.230350
2026-08-17 05:58: Train Epoch 19: 680/821 Loss: 0.249252
2026-08-17 05:58: Train Epoch 19: 700/821 Loss: 0.238629
2026-08-17 05:58: Train Epoch 19: 720/821 Loss: 0.250851
2026-08-17 05:58: Train Epoch 19: 740/821 Loss: 0.249604
2026-08-17 05:58: Train Epoch 19: 760/821 Loss: 0.228851
2026-08-17 05:58: Train Epoch 19: 780/821 Loss: 0.236699
2026-08-17 05:58: Train Epoch 19: 800/821 Loss: 0.237679
2026-08-17 05:58: Train Epoch 19: 820/821 Loss: 0.236894
2026-08-17 05:58: **********Train Epoch 19: averaged Loss: 0.238343, tf_ratio: 1.000000
2026-08-17 05:58: **********Val Epoch 19: average Loss: 0.272039
2026-08-17 05:58: Train Epoch 20: 0/821 Loss: 0.236068
2026-08-17 05:58: Train Epoch 20: 20/821 Loss: 0.234044
2026-08-17 05:58: Train Epoch 20: 40/821 Loss: 0.242214
2026-08-17 05:58: Train Epoch 20: 60/821 Loss: 0.245092
2026-08-17 05:58: Train Epoch 20: 80/821 Loss: 0.226625
2026-08-17 05:58: Train Epoch 20: 100/821 Loss: 0.228734
2026-08-17 05:58: Train Epoch 20: 120/821 Loss: 0.232682
2026-08-17 05:58: Train Epoch 20: 140/821 Loss: 0.241194
2026-08-17 05:58: Train Epoch 20: 160/821 Loss: 0.239152
2026-08-17 05:58: Train Epoch 20: 180/821 Loss: 0.241326
2026-08-17 05:58: Train Epoch 20: 200/821 Loss: 0.232868
2026-08-17 05:58: Train Epoch 20: 220/821 Loss: 0.239001
2026-08-17 05:58: Train Epoch 20: 240/821 Loss: 0.238819
2026-08-17 05:59: Train Epoch 20: 260/821 Loss: 0.238480
2026-08-17 05:59: Train Epoch 20: 280/821 Loss: 0.231749
2026-08-17 05:59: Train Epoch 20: 300/821 Loss: 0.227298
2026-08-17 05:59: Train Epoch 20: 320/821 Loss: 0.234378
2026-08-17 05:59: Train Epoch 20: 340/821 Loss: 0.238502
2026-08-17 05:59: Train Epoch 20: 360/821 Loss: 0.237934
2026-08-17 05:59: Train Epoch 20: 380/821 Loss: 0.244424
2026-08-17 05:59: Train Epoch 20: 400/821 Loss: 0.245211
2026-08-17 05:59: Train Epoch 20: 420/821 Loss: 0.239968
2026-08-17 05:59: Train Epoch 20: 440/821 Loss: 0.238389
2026-08-17 05:59: Train Epoch 20: 460/821 Loss: 0.237606
2026-08-17 05:59: Train Epoch 20: 480/821 Loss: 0.234343
2026-08-17 05:59: Train Epoch 20: 500/821 Loss: 0.232506
2026-08-17 05:59: Train Epoch 20: 520/821 Loss: 0.237613
2026-08-17 05:59: Train Epoch 20: 540/821 Loss: 0.241065
2026-08-17 05:59: Train Epoch 20: 560/821 Loss: 0.238880
2026-08-17 05:59: Train Epoch 20: 580/821 Loss: 0.236492
2026-08-17 05:59: Train Epoch 20: 600/821 Loss: 0.228503
2026-08-17 05:59: Train Epoch 20: 620/821 Loss: 0.237432
2026-08-17 05:59: Train Epoch 20: 640/821 Loss: 0.229881
2026-08-17 05:59: Train Epoch 20: 660/821 Loss: 0.228444
2026-08-17 05:59: Train Epoch 20: 680/821 Loss: 0.237219
2026-08-17 05:59: Train Epoch 20: 700/821 Loss: 0.236955
2026-08-17 05:59: Train Epoch 20: 720/821 Loss: 0.234168
2026-08-17 05:59: Train Epoch 20: 740/821 Loss: 0.240527
2026-08-17 05:59: Train Epoch 20: 760/821 Loss: 0.242562
2026-08-17 05:59: Train Epoch 20: 780/821 Loss: 0.232818
2026-08-17 05:59: Train Epoch 20: 800/821 Loss: 0.242666
2026-08-17 05:59: Train Epoch 20: 820/821 Loss: 0.235193
2026-08-17 05:59: **********Train Epoch 20: averaged Loss: 0.237086, tf_ratio: 1.000000
2026-08-17 05:59: **********Val Epoch 20: average Loss: 0.272924
2026-08-17 05:59: Train Epoch 21: 0/821 Loss: 0.231802
2026-08-17 05:59: Train Epoch 21: 20/821 Loss: 0.239908
2026-08-17 05:59: Train Epoch 21: 40/821 Loss: 0.228934
2026-08-17 05:59: Train Epoch 21: 60/821 Loss: 0.232418
2026-08-17 05:59: Train Epoch 21: 80/821 Loss: 0.244228
2026-08-17 05:59: Train Epoch 21: 100/821 Loss: 0.230244
2026-08-17 05:59: Train Epoch 21: 120/821 Loss: 0.238051
2026-08-17 05:59: Train Epoch 21: 140/821 Loss: 0.232683
2026-08-17 05:59: Train Epoch 21: 160/821 Loss: 0.237461
2026-08-17 05:59: Train Epoch 21: 180/821 Loss: 0.235562
2026-08-17 05:59: Train Epoch 21: 200/821 Loss: 0.235116
2026-08-17 06:00: Train Epoch 21: 220/821 Loss: 0.239150
2026-08-17 06:00: Train Epoch 21: 240/821 Loss: 0.233162
2026-08-17 06:00: Train Epoch 21: 260/821 Loss: 0.232127
2026-08-17 06:00: Train Epoch 21: 280/821 Loss: 0.233430
2026-08-17 06:00: Train Epoch 21: 300/821 Loss: 0.229897
2026-08-17 06:00: Train Epoch 21: 320/821 Loss: 0.244244
2026-08-17 06:00: Train Epoch 21: 340/821 Loss: 0.231552
2026-08-17 06:00: Train Epoch 21: 360/821 Loss: 0.239932
2026-08-17 06:00: Train Epoch 21: 380/821 Loss: 0.244407
2026-08-17 06:00: Train Epoch 21: 400/821 Loss: 0.237092
2026-08-17 06:00: Train Epoch 21: 420/821 Loss: 0.234164
2026-08-17 06:00: Train Epoch 21: 440/821 Loss: 0.236820
2026-08-17 06:00: Train Epoch 21: 460/821 Loss: 0.232800
2026-08-17 06:00: Train Epoch 21: 480/821 Loss: 0.237851
2026-08-17 06:00: Train Epoch 21: 500/821 Loss: 0.248414
2026-08-17 06:00: Train Epoch 21: 520/821 Loss: 0.230373
2026-08-17 06:00: Train Epoch 21: 540/821 Loss: 0.234882
2026-08-17 06:00: Train Epoch 21: 560/821 Loss: 0.234936
2026-08-17 06:00: Train Epoch 21: 580/821 Loss: 0.228976
2026-08-17 06:00: Train Epoch 21: 600/821 Loss: 0.231803
2026-08-17 06:00: Train Epoch 21: 620/821 Loss: 0.235663
2026-08-17 06:00: Train Epoch 21: 640/821 Loss: 0.227232
2026-08-17 06:00: Train Epoch 21: 660/821 Loss: 0.235712
2026-08-17 06:00: Train Epoch 21: 680/821 Loss: 0.238549
2026-08-17 06:00: Train Epoch 21: 700/821 Loss: 0.238820
2026-08-17 06:00: Train Epoch 21: 720/821 Loss: 0.231133
2026-08-17 06:00: Train Epoch 21: 740/821 Loss: 0.231711
2026-08-17 06:00: Train Epoch 21: 760/821 Loss: 0.235587
2026-08-17 06:00: Train Epoch 21: 780/821 Loss: 0.236693
2026-08-17 06:00: Train Epoch 21: 800/821 Loss: 0.230660
2026-08-17 06:00: Train Epoch 21: 820/821 Loss: 0.234370
2026-08-17 06:00: **********Train Epoch 21: averaged Loss: 0.235618, tf_ratio: 1.000000
2026-08-17 06:00: **********Val Epoch 21: average Loss: 0.273921
2026-08-17 06:00: Train Epoch 22: 0/821 Loss: 0.234217
2026-08-17 06:00: Train Epoch 22: 20/821 Loss: 0.239483
2026-08-17 06:00: Train Epoch 22: 40/821 Loss: 0.229093
2026-08-17 06:00: Train Epoch 22: 60/821 Loss: 0.235919
2026-08-17 06:00: Train Epoch 22: 80/821 Loss: 0.230607
2026-08-17 06:00: Train Epoch 22: 100/821 Loss: 0.238489
2026-08-17 06:00: Train Epoch 22: 120/821 Loss: 0.234070
2026-08-17 06:00: Train Epoch 22: 140/821 Loss: 0.239220
2026-08-17 06:00: Train Epoch 22: 160/821 Loss: 0.234028
2026-08-17 06:01: Train Epoch 22: 180/821 Loss: 0.225589
2026-08-17 06:01: Train Epoch 22: 200/821 Loss: 0.230773
2026-08-17 06:01: Train Epoch 22: 220/821 Loss: 0.231888
2026-08-17 06:01: Train Epoch 22: 240/821 Loss: 0.248562
2026-08-17 06:01: Train Epoch 22: 260/821 Loss: 0.232360
2026-08-17 06:01: Train Epoch 22: 280/821 Loss: 0.232150
2026-08-17 06:01: Train Epoch 22: 300/821 Loss: 0.239214
2026-08-17 06:01: Train Epoch 22: 320/821 Loss: 0.233753
2026-08-17 06:01: Train Epoch 22: 340/821 Loss: 0.238728
2026-08-17 06:01: Train Epoch 22: 360/821 Loss: 0.226265
2026-08-17 06:01: Train Epoch 22: 380/821 Loss: 0.230813
2026-08-17 06:01: Train Epoch 22: 400/821 Loss: 0.226770
2026-08-17 06:01: Train Epoch 22: 420/821 Loss: 0.228873
2026-08-17 06:01: Train Epoch 22: 440/821 Loss: 0.236009
2026-08-17 06:01: Train Epoch 22: 460/821 Loss: 0.235639
2026-08-17 06:01: Train Epoch 22: 480/821 Loss: 0.233662
2026-08-17 06:01: Train Epoch 22: 500/821 Loss: 0.229870
2026-08-17 06:01: Train Epoch 22: 520/821 Loss: 0.235676
2026-08-17 06:01: Train Epoch 22: 540/821 Loss: 0.237555
2026-08-17 06:01: Train Epoch 22: 560/821 Loss: 0.238690
2026-08-17 06:01: Train Epoch 22: 580/821 Loss: 0.237484
2026-08-17 06:01: Train Epoch 22: 600/821 Loss: 0.243350
2026-08-17 06:01: Train Epoch 22: 620/821 Loss: 0.247057
2026-08-17 06:01: Train Epoch 22: 640/821 Loss: 0.240158
2026-08-17 06:01: Train Epoch 22: 660/821 Loss: 0.234594
2026-08-17 06:01: Train Epoch 22: 680/821 Loss: 0.238346
2026-08-17 06:01: Train Epoch 22: 700/821 Loss: 0.228564
2026-08-17 06:01: Train Epoch 22: 720/821 Loss: 0.233658
2026-08-17 06:01: Train Epoch 22: 740/821 Loss: 0.235895
2026-08-17 06:01: Train Epoch 22: 760/821 Loss: 0.232577
2026-08-17 06:01: Train Epoch 22: 780/821 Loss: 0.234603
2026-08-17 06:01: Train Epoch 22: 800/821 Loss: 0.239212
2026-08-17 06:01: Train Epoch 22: 820/821 Loss: 0.225349
2026-08-17 06:01: **********Train Epoch 22: averaged Loss: 0.234194, tf_ratio: 1.000000
2026-08-17 06:01: **********Val Epoch 22: average Loss: 0.270496
2026-08-17 06:01: Train Epoch 23: 0/821 Loss: 0.223082
2026-08-17 06:01: Train Epoch 23: 20/821 Loss: 0.239687
2026-08-17 06:01: Train Epoch 23: 40/821 Loss: 0.237798
2026-08-17 06:01: Train Epoch 23: 60/821 Loss: 0.237790
2026-08-17 06:01: Train Epoch 23: 80/821 Loss: 0.238482
2026-08-17 06:01: Train Epoch 23: 100/821 Loss: 0.232183
2026-08-17 06:02: Train Epoch 23: 120/821 Loss: 0.230336
2026-08-17 06:02: Train Epoch 23: 140/821 Loss: 0.232158
2026-08-17 06:02: Train Epoch 23: 160/821 Loss: 0.254426
2026-08-17 06:02: Train Epoch 23: 180/821 Loss: 0.242949
2026-08-17 06:02: Train Epoch 23: 200/821 Loss: 0.231141
2026-08-17 06:02: Train Epoch 23: 220/821 Loss: 0.239345
2026-08-17 06:02: Train Epoch 23: 240/821 Loss: 0.229419
2026-08-17 06:02: Train Epoch 23: 260/821 Loss: 0.233278
2026-08-17 06:02: Train Epoch 23: 280/821 Loss: 0.240730
2026-08-17 06:02: Train Epoch 23: 300/821 Loss: 0.230116
2026-08-17 06:02: Train Epoch 23: 320/821 Loss: 0.235586
2026-08-17 06:02: Train Epoch 23: 340/821 Loss: 0.236965
2026-08-17 06:02: Train Epoch 23: 360/821 Loss: 0.233566
2026-08-17 06:02: Train Epoch 23: 380/821 Loss: 0.240875
2026-08-17 06:02: Train Epoch 23: 400/821 Loss: 0.230160
2026-08-17 06:02: Train Epoch 23: 420/821 Loss: 0.225864
2026-08-17 06:02: Train Epoch 23: 440/821 Loss: 0.236990
2026-08-17 06:02: Train Epoch 23: 460/821 Loss: 0.242240
2026-08-17 06:02: Train Epoch 23: 480/821 Loss: 0.226684
2026-08-17 06:02: Train Epoch 23: 500/821 Loss: 0.226797
2026-08-17 06:02: Train Epoch 23: 520/821 Loss: 0.237510
2026-08-17 06:02: Train Epoch 23: 540/821 Loss: 0.242378
2026-08-17 06:02: Train Epoch 23: 560/821 Loss: 0.227763
2026-08-17 06:02: Train Epoch 23: 580/821 Loss: 0.229511
2026-08-17 06:02: Train Epoch 23: 600/821 Loss: 0.238116
2026-08-17 06:02: Train Epoch 23: 620/821 Loss: 0.231926
2026-08-17 06:02: Train Epoch 23: 640/821 Loss: 0.235518
2026-08-17 06:02: Train Epoch 23: 660/821 Loss: 0.240394
2026-08-17 06:02: Train Epoch 23: 680/821 Loss: 0.235260
2026-08-17 06:02: Train Epoch 23: 700/821 Loss: 0.229553
2026-08-17 06:02: Train Epoch 23: 720/821 Loss: 0.224217
2026-08-17 06:02: Train Epoch 23: 740/821 Loss: 0.240178
2026-08-17 06:02: Train Epoch 23: 760/821 Loss: 0.231237
2026-08-17 06:02: Train Epoch 23: 780/821 Loss: 0.224793
2026-08-17 06:02: Train Epoch 23: 800/821 Loss: 0.233755
2026-08-17 06:02: Train Epoch 23: 820/821 Loss: 0.232123
2026-08-17 06:02: **********Train Epoch 23: averaged Loss: 0.233359, tf_ratio: 1.000000
2026-08-17 06:02: **********Val Epoch 23: average Loss: 0.270647
2026-08-17 06:02: Train Epoch 24: 0/821 Loss: 0.231885
2026-08-17 06:02: Train Epoch 24: 20/821 Loss: 0.229358
2026-08-17 06:02: Train Epoch 24: 40/821 Loss: 0.225754
2026-08-17 06:02: Train Epoch 24: 60/821 Loss: 0.240078
2026-08-17 06:03: Train Epoch 24: 80/821 Loss: 0.235066
2026-08-17 06:03: Train Epoch 24: 100/821 Loss: 0.232986
2026-08-17 06:03: Train Epoch 24: 120/821 Loss: 0.229081
2026-08-17 06:03: Train Epoch 24: 140/821 Loss: 0.235855
2026-08-17 06:03: Train Epoch 24: 160/821 Loss: 0.223761
2026-08-17 06:03: Train Epoch 24: 180/821 Loss: 0.223697
2026-08-17 06:03: Train Epoch 24: 200/821 Loss: 0.233681
2026-08-17 06:03: Train Epoch 24: 220/821 Loss: 0.236295
2026-08-17 06:03: Train Epoch 24: 240/821 Loss: 0.235625
2026-08-17 06:03: Train Epoch 24: 260/821 Loss: 0.227801
2026-08-17 06:03: Train Epoch 24: 280/821 Loss: 0.224077
2026-08-17 06:03: Train Epoch 24: 300/821 Loss: 0.231507
2026-08-17 06:03: Train Epoch 24: 320/821 Loss: 0.241162
2026-08-17 06:03: Train Epoch 24: 340/821 Loss: 0.230984
2026-08-17 06:03: Train Epoch 24: 360/821 Loss: 0.232084
2026-08-17 06:03: Train Epoch 24: 380/821 Loss: 0.239700
2026-08-17 06:03: Train Epoch 24: 400/821 Loss: 0.244276
2026-08-17 06:03: Train Epoch 24: 420/821 Loss: 0.239544
2026-08-17 06:03: Train Epoch 24: 440/821 Loss: 0.236097
2026-08-17 06:03: Train Epoch 24: 460/821 Loss: 0.232647
2026-08-17 06:03: Train Epoch 24: 480/821 Loss: 0.232580
2026-08-17 06:03: Train Epoch 24: 500/821 Loss: 0.233450
2026-08-17 06:03: Train Epoch 24: 520/821 Loss: 0.229987
2026-08-17 06:03: Train Epoch 24: 540/821 Loss: 0.246812
2026-08-17 06:03: Train Epoch 24: 560/821 Loss: 0.230455
2026-08-17 06:03: Train Epoch 24: 580/821 Loss: 0.231878
2026-08-17 06:03: Train Epoch 24: 600/821 Loss: 0.234760
2026-08-17 06:03: Train Epoch 24: 620/821 Loss: 0.229443
2026-08-17 06:03: Train Epoch 24: 640/821 Loss: 0.231921
2026-08-17 06:03: Train Epoch 24: 660/821 Loss: 0.238618
2026-08-17 06:03: Train Epoch 24: 680/821 Loss: 0.233166
2026-08-17 06:03: Train Epoch 24: 700/821 Loss: 0.233060
2026-08-17 06:03: Train Epoch 24: 720/821 Loss: 0.234416
2026-08-17 06:03: Train Epoch 24: 740/821 Loss: 0.226889
2026-08-17 06:03: Train Epoch 24: 760/821 Loss: 0.237539
2026-08-17 06:03: Train Epoch 24: 780/821 Loss: 0.229352
2026-08-17 06:03: Train Epoch 24: 800/821 Loss: 0.233578
2026-08-17 06:03: Train Epoch 24: 820/821 Loss: 0.226939
2026-08-17 06:03: **********Train Epoch 24: averaged Loss: 0.232461, tf_ratio: 1.000000
2026-08-17 06:03: **********Val Epoch 24: average Loss: 0.269303
2026-08-17 06:03: Train Epoch 25: 0/821 Loss: 0.250030
2026-08-17 06:03: Train Epoch 25: 20/821 Loss: 0.231633
2026-08-17 06:04: Train Epoch 25: 40/821 Loss: 0.229757
2026-08-17 06:04: Train Epoch 25: 60/821 Loss: 0.226278
2026-08-17 06:04: Train Epoch 25: 80/821 Loss: 0.244097
2026-08-17 06:04: Train Epoch 25: 100/821 Loss: 0.232563
2026-08-17 06:04: Train Epoch 25: 120/821 Loss: 0.232173
2026-08-17 06:04: Train Epoch 25: 140/821 Loss: 0.230106
2026-08-17 06:04: Train Epoch 25: 160/821 Loss: 0.222012
2026-08-17 06:04: Train Epoch 25: 180/821 Loss: 0.230537
2026-08-17 06:04: Train Epoch 25: 200/821 Loss: 0.221675
2026-08-17 06:04: Train Epoch 25: 220/821 Loss: 0.224574
2026-08-17 06:04: Train Epoch 25: 240/821 Loss: 0.234074
2026-08-17 06:04: Train Epoch 25: 260/821 Loss: 0.238386
2026-08-17 06:04: Train Epoch 25: 280/821 Loss: 0.231815
2026-08-17 06:04: Train Epoch 25: 300/821 Loss: 0.228298
2026-08-17 06:04: Train Epoch 25: 320/821 Loss: 0.224782
2026-08-17 06:04: Train Epoch 25: 340/821 Loss: 0.232053
2026-08-17 06:04: Train Epoch 25: 360/821 Loss: 0.238131
2026-08-17 06:04: Train Epoch 25: 380/821 Loss: 0.232338
2026-08-17 06:04: Train Epoch 25: 400/821 Loss: 0.234268
2026-08-17 06:04: Train Epoch 25: 420/821 Loss: 0.241288
2026-08-17 06:04: Train Epoch 25: 440/821 Loss: 0.234583
2026-08-17 06:04: Train Epoch 25: 460/821 Loss: 0.229519
2026-08-17 06:04: Train Epoch 25: 480/821 Loss: 0.224675
2026-08-17 06:04: Train Epoch 25: 500/821 Loss: 0.225560
2026-08-17 06:04: Train Epoch 25: 520/821 Loss: 0.224442
2026-08-17 06:04: Train Epoch 25: 540/821 Loss: 0.229527
2026-08-17 06:04: Train Epoch 25: 560/821 Loss: 0.225780
2026-08-17 06:04: Train Epoch 25: 580/821 Loss: 0.230403
2026-08-17 06:04: Train Epoch 25: 600/821 Loss: 0.228831
2026-08-17 06:04: Train Epoch 25: 620/821 Loss: 0.233780
2026-08-17 06:04: Train Epoch 25: 640/821 Loss: 0.239258
2026-08-17 06:04: Train Epoch 25: 660/821 Loss: 0.230696
2026-08-17 06:04: Train Epoch 25: 680/821 Loss: 0.225128
2026-08-17 06:04: Train Epoch 25: 700/821 Loss: 0.238122
2026-08-17 06:04: Train Epoch 25: 720/821 Loss: 0.235049
2026-08-17 06:04: Train Epoch 25: 740/821 Loss: 0.231761
2026-08-17 06:04: Train Epoch 25: 760/821 Loss: 0.228323
2026-08-17 06:04: Train Epoch 25: 780/821 Loss: 0.234354
2026-08-17 06:04: Train Epoch 25: 800/821 Loss: 0.229876
2026-08-17 06:04: Train Epoch 25: 820/821 Loss: 0.230406
2026-08-17 06:04: **********Train Epoch 25: averaged Loss: 0.231326, tf_ratio: 1.000000
2026-08-17 06:05: **********Val Epoch 25: average Loss: 0.273580
2026-08-17 06:05: Train Epoch 26: 0/821 Loss: 0.231619
2026-08-17 06:05: Train Epoch 26: 20/821 Loss: 0.225150
2026-08-17 06:05: Train Epoch 26: 40/821 Loss: 0.234764
2026-08-17 06:05: Train Epoch 26: 60/821 Loss: 0.239559
2026-08-17 06:05: Train Epoch 26: 80/821 Loss: 0.228592
2026-08-17 06:05: Train Epoch 26: 100/821 Loss: 0.230755
2026-08-17 06:05: Train Epoch 26: 120/821 Loss: 0.227438
2026-08-17 06:05: Train Epoch 26: 140/821 Loss: 0.220643
2026-08-17 06:05: Train Epoch 26: 160/821 Loss: 0.232197
2026-08-17 06:05: Train Epoch 26: 180/821 Loss: 0.223006
2026-08-17 06:05: Train Epoch 26: 200/821 Loss: 0.229898
2026-08-17 06:05: Train Epoch 26: 220/821 Loss: 0.232040
2026-08-17 06:05: Train Epoch 26: 240/821 Loss: 0.228135
2026-08-17 06:05: Train Epoch 26: 260/821 Loss: 0.228914
2026-08-17 06:05: Train Epoch 26: 280/821 Loss: 0.237569
2026-08-17 06:05: Train Epoch 26: 300/821 Loss: 0.231871
2026-08-17 06:05: Train Epoch 26: 320/821 Loss: 0.233378
2026-08-17 06:05: Train Epoch 26: 340/821 Loss: 0.230722
2026-08-17 06:05: Train Epoch 26: 360/821 Loss: 0.225614
2026-08-17 06:05: Train Epoch 26: 380/821 Loss: 0.235418
2026-08-17 06:05: Train Epoch 26: 400/821 Loss: 0.222061
2026-08-17 06:05: Train Epoch 26: 420/821 Loss: 0.221545
2026-08-17 06:05: Train Epoch 26: 440/821 Loss: 0.235973
2026-08-17 06:05: Train Epoch 26: 460/821 Loss: 0.236124
2026-08-17 06:05: Train Epoch 26: 480/821 Loss: 0.238255
2026-08-17 06:05: Train Epoch 26: 500/821 Loss: 0.238039
2026-08-17 06:05: Train Epoch 26: 520/821 Loss: 0.227439
2026-08-17 06:05: Train Epoch 26: 540/821 Loss: 0.232597
2026-08-17 06:05: Train Epoch 26: 560/821 Loss: 0.237108
2026-08-17 06:05: Train Epoch 26: 580/821 Loss: 0.244285
2026-08-17 06:05: Train Epoch 26: 600/821 Loss: 0.227809
2026-08-17 06:05: Train Epoch 26: 620/821 Loss: 0.230515
2026-08-17 06:05: Train Epoch 26: 640/821 Loss: 0.220045
2026-08-17 06:05: Train Epoch 26: 660/821 Loss: 0.230597
2026-08-17 06:05: Train Epoch 26: 680/821 Loss: 0.227245
2026-08-17 06:05: Train Epoch 26: 700/821 Loss: 0.240388
2026-08-17 06:05: Train Epoch 26: 720/821 Loss: 0.219480
2026-08-17 06:05: Train Epoch 26: 740/821 Loss: 0.223280
2026-08-17 06:05: Train Epoch 26: 760/821 Loss: 0.231278
2026-08-17 06:05: Train Epoch 26: 780/821 Loss: 0.227457
2026-08-17 06:05: Train Epoch 26: 800/821 Loss: 0.230061
2026-08-17 06:05: Train Epoch 26: 820/821 Loss: 0.246808
2026-08-17 06:05: **********Train Epoch 26: averaged Loss: 0.230859, tf_ratio: 1.000000
2026-08-17 06:06: **********Val Epoch 26: average Loss: 0.272483
2026-08-17 06:06: Train Epoch 27: 0/821 Loss: 0.221958
2026-08-17 06:06: Train Epoch 27: 20/821 Loss: 0.232649
2026-08-17 06:06: Train Epoch 27: 40/821 Loss: 0.230795
2026-08-17 06:06: Train Epoch 27: 60/821 Loss: 0.216400
2026-08-17 06:06: Train Epoch 27: 80/821 Loss: 0.226852
2026-08-17 06:06: Train Epoch 27: 100/821 Loss: 0.231791
2026-08-17 06:06: Train Epoch 27: 120/821 Loss: 0.236115
2026-08-17 06:06: Train Epoch 27: 140/821 Loss: 0.229957
2026-08-17 06:06: Train Epoch 27: 160/821 Loss: 0.226480
2026-08-17 06:06: Train Epoch 27: 180/821 Loss: 0.221894
2026-08-17 06:06: Train Epoch 27: 200/821 Loss: 0.233820
2026-08-17 06:06: Train Epoch 27: 220/821 Loss: 0.218909
2026-08-17 06:06: Train Epoch 27: 240/821 Loss: 0.236291
2026-08-17 06:06: Train Epoch 27: 260/821 Loss: 0.236368
2026-08-17 06:06: Train Epoch 27: 280/821 Loss: 0.228801
2026-08-17 06:06: Train Epoch 27: 300/821 Loss: 0.227796
2026-08-17 06:06: Train Epoch 27: 320/821 Loss: 0.241157
2026-08-17 06:06: Train Epoch 27: 340/821 Loss: 0.225815
2026-08-17 06:06: Train Epoch 27: 360/821 Loss: 0.221695
2026-08-17 06:06: Train Epoch 27: 380/821 Loss: 0.221976
2026-08-17 06:06: Train Epoch 27: 400/821 Loss: 0.222340
2026-08-17 06:06: Train Epoch 27: 420/821 Loss: 0.233073
2026-08-17 06:06: Train Epoch 27: 440/821 Loss: 0.225988
2026-08-17 06:06: Train Epoch 27: 460/821 Loss: 0.221880
2026-08-17 06:06: Train Epoch 27: 480/821 Loss: 0.227623
2026-08-17 06:06: Train Epoch 27: 500/821 Loss: 0.218787
2026-08-17 06:06: Train Epoch 27: 520/821 Loss: 0.225681
2026-08-17 06:06: Train Epoch 27: 540/821 Loss: 0.221781
2026-08-17 06:06: Train Epoch 27: 560/821 Loss: 0.225994
2026-08-17 06:06: Train Epoch 27: 580/821 Loss: 0.221994
2026-08-17 06:06: Train Epoch 27: 600/821 Loss: 0.237531
2026-08-17 06:06: Train Epoch 27: 620/821 Loss: 0.240729
2026-08-17 06:06: Train Epoch 27: 640/821 Loss: 0.231598
2026-08-17 06:06: Train Epoch 27: 660/821 Loss: 0.228889
2026-08-17 06:06: Train Epoch 27: 680/821 Loss: 0.231488
2026-08-17 06:06: Train Epoch 27: 700/821 Loss: 0.230255
2026-08-17 06:06: Train Epoch 27: 720/821 Loss: 0.222410
2026-08-17 06:06: Train Epoch 27: 740/821 Loss: 0.227237
2026-08-17 06:06: Train Epoch 27: 760/821 Loss: 0.228309
2026-08-17 06:07: Train Epoch 27: 780/821 Loss: 0.229056
2026-08-17 06:07: Train Epoch 27: 800/821 Loss: 0.229819
2026-08-17 06:07: Train Epoch 27: 820/821 Loss: 0.234927
2026-08-17 06:07: **********Train Epoch 27: averaged Loss: 0.229523, tf_ratio: 1.000000
2026-08-17 06:07: **********Val Epoch 27: average Loss: 0.271906
2026-08-17 06:07: Train Epoch 28: 0/821 Loss: 0.230787
2026-08-17 06:07: Train Epoch 28: 20/821 Loss: 0.218419
2026-08-17 06:07: Train Epoch 28: 40/821 Loss: 0.236212
2026-08-17 06:07: Train Epoch 28: 60/821 Loss: 0.236171
2026-08-17 06:07: Train Epoch 28: 80/821 Loss: 0.220486
2026-08-17 06:07: Train Epoch 28: 100/821 Loss: 0.219486
2026-08-17 06:07: Train Epoch 28: 120/821 Loss: 0.217179
2026-08-17 06:07: Train Epoch 28: 140/821 Loss: 0.226494
2026-08-17 06:07: Train Epoch 28: 160/821 Loss: 0.229241
2026-08-17 06:07: Train Epoch 28: 180/821 Loss: 0.236752
2026-08-17 06:07: Train Epoch 28: 200/821 Loss: 0.217866
2026-08-17 06:07: Train Epoch 28: 220/821 Loss: 0.229024
2026-08-17 06:07: Train Epoch 28: 240/821 Loss: 0.221972
2026-08-17 06:07: Train Epoch 28: 260/821 Loss: 0.221707
2026-08-17 06:07: Train Epoch 28: 280/821 Loss: 0.224636
2026-08-17 06:07: Train Epoch 28: 300/821 Loss: 0.227404
2026-08-17 06:07: Train Epoch 28: 320/821 Loss: 0.231148
2026-08-17 06:07: Train Epoch 28: 340/821 Loss: 0.227349
2026-08-17 06:07: Train Epoch 28: 360/821 Loss: 0.229130
2026-08-17 06:07: Train Epoch 28: 380/821 Loss: 0.231744
2026-08-17 06:07: Train Epoch 28: 400/821 Loss: 0.232455
2026-08-17 06:07: Train Epoch 28: 420/821 Loss: 0.231341
2026-08-17 06:07: Train Epoch 28: 440/821 Loss: 0.224461
2026-08-17 06:07: Train Epoch 28: 460/821 Loss: 0.226728
2026-08-17 06:07: Train Epoch 28: 480/821 Loss: 0.224364
2026-08-17 06:07: Train Epoch 28: 500/821 Loss: 0.229062
2026-08-17 06:07: Train Epoch 28: 520/821 Loss: 0.219940
2026-08-17 06:07: Train Epoch 28: 540/821 Loss: 0.227576
2026-08-17 06:07: Train Epoch 28: 560/821 Loss: 0.227067
2026-08-17 06:07: Train Epoch 28: 580/821 Loss: 0.225165
2026-08-17 06:07: Train Epoch 28: 600/821 Loss: 0.230332
2026-08-17 06:07: Train Epoch 28: 620/821 Loss: 0.211868
2026-08-17 06:07: Train Epoch 28: 640/821 Loss: 0.230102
2026-08-17 06:07: Train Epoch 28: 660/821 Loss: 0.226164
2026-08-17 06:07: Train Epoch 28: 680/821 Loss: 0.230988
2026-08-17 06:07: Train Epoch 28: 700/821 Loss: 0.221667
2026-08-17 06:07: Train Epoch 28: 720/821 Loss: 0.226712
2026-08-17 06:08: Train Epoch 28: 740/821 Loss: 0.235309
2026-08-17 06:08: Train Epoch 28: 760/821 Loss: 0.224348
2026-08-17 06:08: Train Epoch 28: 780/821 Loss: 0.233192
2026-08-17 06:08: Train Epoch 28: 800/821 Loss: 0.224505
2026-08-17 06:08: Train Epoch 28: 820/821 Loss: 0.226705
2026-08-17 06:08: **********Train Epoch 28: averaged Loss: 0.228610, tf_ratio: 1.000000
2026-08-17 06:08: **********Val Epoch 28: average Loss: 0.270570
2026-08-17 06:08: Train Epoch 29: 0/821 Loss: 0.236341
2026-08-17 06:08: Train Epoch 29: 20/821 Loss: 0.222449
2026-08-17 06:08: Train Epoch 29: 40/821 Loss: 0.226514
2026-08-17 06:08: Train Epoch 29: 60/821 Loss: 0.227882
2026-08-17 06:08: Train Epoch 29: 80/821 Loss: 0.223940
2026-08-17 06:08: Train Epoch 29: 100/821 Loss: 0.226962
2026-08-17 06:08: Train Epoch 29: 120/821 Loss: 0.229718
2026-08-17 06:08: Train Epoch 29: 140/821 Loss: 0.232175
2026-08-17 06:08: Train Epoch 29: 160/821 Loss: 0.224751
2026-08-17 06:08: Train Epoch 29: 180/821 Loss: 0.228373
2026-08-17 06:08: Train Epoch 29: 200/821 Loss: 0.227007
2026-08-17 06:08: Train Epoch 29: 220/821 Loss: 0.228515
2026-08-17 06:08: Train Epoch 29: 240/821 Loss: 0.229295
2026-08-17 06:08: Train Epoch 29: 260/821 Loss: 0.222280
2026-08-17 06:08: Train Epoch 29: 280/821 Loss: 0.225715
2026-08-17 06:08: Train Epoch 29: 300/821 Loss: 0.236399
2026-08-17 06:08: Train Epoch 29: 320/821 Loss: 0.228076
2026-08-17 06:08: Train Epoch 29: 340/821 Loss: 0.215480
2026-08-17 06:08: Train Epoch 29: 360/821 Loss: 0.228108
2026-08-17 06:08: Train Epoch 29: 380/821 Loss: 0.233804
2026-08-17 06:08: Train Epoch 29: 400/821 Loss: 0.237731
2026-08-17 06:08: Train Epoch 29: 420/821 Loss: 0.228017
2026-08-17 06:08: Train Epoch 29: 440/821 Loss: 0.234944
2026-08-17 06:08: Train Epoch 29: 460/821 Loss: 0.220930
2026-08-17 06:08: Train Epoch 29: 480/821 Loss: 0.219733
2026-08-17 06:08: Train Epoch 29: 500/821 Loss: 0.218709
2026-08-17 06:08: Train Epoch 29: 520/821 Loss: 0.215632
2026-08-17 06:08: Train Epoch 29: 540/821 Loss: 0.243456
2026-08-17 06:08: Train Epoch 29: 560/821 Loss: 0.237327
2026-08-17 06:08: Train Epoch 29: 580/821 Loss: 0.229579
2026-08-17 06:08: Train Epoch 29: 600/821 Loss: 0.220873
2026-08-17 06:08: Train Epoch 29: 620/821 Loss: 0.233120
2026-08-17 06:08: Train Epoch 29: 640/821 Loss: 0.231992
2026-08-17 06:08: Train Epoch 29: 660/821 Loss: 0.223112
2026-08-17 06:09: Train Epoch 29: 680/821 Loss: 0.219175
2026-08-17 06:09: Train Epoch 29: 700/821 Loss: 0.221532
2026-08-17 06:09: Train Epoch 29: 720/821 Loss: 0.225046
2026-08-17 06:09: Train Epoch 29: 740/821 Loss: 0.224987
2026-08-17 06:09: Train Epoch 29: 760/821 Loss: 0.223373
2026-08-17 06:09: Train Epoch 29: 780/821 Loss: 0.230315
2026-08-17 06:09: Train Epoch 29: 800/821 Loss: 0.223946
2026-08-17 06:09: Train Epoch 29: 820/821 Loss: 0.224904
2026-08-17 06:09: **********Train Epoch 29: averaged Loss: 0.228094, tf_ratio: 1.000000
2026-08-17 06:09: **********Val Epoch 29: average Loss: 0.272762
2026-08-17 06:09: Validation performance didn't improve for 15 epochs. Training stops.
2026-08-17 06:09: Total training time: 30.8727min, best loss: 0.267941
2026-08-17 06:09: Saving current best model to /scratch/chkkar002/Diffusion_Based_STGNNs/AGCRN/model/experiments/SAWS/20260817053820/best_model.pth
2026-08-17 06:09: Horizon 01, MAE: 0.85, RMSE: 1.21, MAPE: 7.5005%
2026-08-17 06:09: Horizon 02, MAE: 1.15, RMSE: 1.62, MAPE: 9.9217%
2026-08-17 06:09: Horizon 03, MAE: 1.38, RMSE: 1.92, MAPE: 11.6447%
2026-08-17 06:09: Horizon 04, MAE: 1.56, RMSE: 2.14, MAPE: 13.1016%
2026-08-17 06:09: Horizon 05, MAE: 1.68, RMSE: 2.28, MAPE: 14.1229%
2026-08-17 06:09: Horizon 06, MAE: 1.78, RMSE: 2.40, MAPE: 15.0481%
2026-08-17 06:09: Horizon 07, MAE: 1.85, RMSE: 2.48, MAPE: 15.8001%
2026-08-17 06:09: Horizon 08, MAE: 1.90, RMSE: 2.55, MAPE: 16.2260%
2026-08-17 06:09: Horizon 09, MAE: 1.95, RMSE: 2.62, MAPE: 16.9375%
2026-08-17 06:09: Horizon 10, MAE: 1.97, RMSE: 2.66, MAPE: 17.1671%
2026-08-17 06:09: Horizon 11, MAE: 1.99, RMSE: 2.68, MAPE: 17.1776%
2026-08-17 06:09: Horizon 12, MAE: 2.01, RMSE: 2.72, MAPE: 17.4685%
2026-08-17 06:09: Horizon 13, MAE: 2.03, RMSE: 2.75, MAPE: 17.6831%
2026-08-17 06:09: Horizon 14, MAE: 2.05, RMSE: 2.77, MAPE: 18.0990%
2026-08-17 06:09: Horizon 15, MAE: 2.07, RMSE: 2.79, MAPE: 18.2542%
2026-08-17 06:09: Horizon 16, MAE: 2.09, RMSE: 2.82, MAPE: 18.1541%
2026-08-17 06:09: Horizon 17, MAE: 2.10, RMSE: 2.84, MAPE: 18.1952%
2026-08-17 06:09: Horizon 18, MAE: 2.11, RMSE: 2.85, MAPE: 18.2184%
2026-08-17 06:09: Horizon 19, MAE: 2.12, RMSE: 2.87, MAPE: 18.3707%
2026-08-17 06:09: Horizon 20, MAE: 2.14, RMSE: 2.90, MAPE: 18.5877%
2026-08-17 06:09: Horizon 21, MAE: 2.15, RMSE: 2.92, MAPE: 18.6506%
2026-08-17 06:09: Horizon 22, MAE: 2.17, RMSE: 2.95, MAPE: 18.6947%
2026-08-17 06:09: Horizon 23, MAE: 2.20, RMSE: 2.98, MAPE: 18.9214%
2026-08-17 06:09: Horizon 24, MAE: 2.23, RMSE: 3.02, MAPE: 19.3125%
2026-08-17 06:09: Average Horizon, MAE: 1.90, RMSE: 2.61, MAPE: 16.3857%
