wandb: [wandb.login()] Loaded credentials for https://api.wandb.ai from /home/chkkar002/.netrc.
wandb: Currently logged in as: chkkar002 (chkkar002-university-of-cape-town) to https://api.wandb.ai. Use `wandb login --relogin` to force relogin
wandb: WARNING Using a boolean value for 'reinit' is deprecated. Use 'return_previous' or 'finish_previous' instead.
wandb: Tracking run with wandb version 0.26.1
wandb: Run data is saved locally in /scratch/chkkar002/Diffusion_Based_STGNNs/USTD/wandb/run-20260815_212736-f3og18jj
wandb: Run `wandb offline` to turn off syncing.
wandb: Syncing run 20260815T212735
wandb: ⭐️ View project at https://wandb.ai/chkkar002-university-of-cape-town/stdiffusionfore-stgnn-weather
wandb: 🚀 View run at https://wandb.ai/chkkar002-university-of-cape-town/stdiffusionfore-stgnn-weather/runs/f3og18jj
Traceback (most recent call last):
  File "/scratch/chkkar002/Diffusion_Based_STGNNs/USTD/train.py", line 40, in <module>
    model = create_model(opt, model_config)      # create a model given opt.model and other options
  File "/scratch/chkkar002/Diffusion_Based_STGNNs/USTD/models/__init__.py", line 70, in create_model
    instance = model(opt, model_config)
  File "/scratch/chkkar002/Diffusion_Based_STGNNs/USTD/models/stdiffusion/stdiffusionfore_model.py", line 78, in __init__
    self.load_networks()  # only load pre-trained model
  File "/scratch/chkkar002/Diffusion_Based_STGNNs/USTD/models/stdiffusion/stdiffusionfore_model.py", line 283, in load_networks
    state_dict = torch.load(load_path, map_location=self.device)
  File "/home/chkkar002/envs/diffstg/lib64/python3.9/site-packages/torch/serialization.py", line 1484, in load
    with _open_file_like(f, "rb") as opened_file:
  File "/home/chkkar002/envs/diffstg/lib64/python3.9/site-packages/torch/serialization.py", line 759, in _open_file_like
    return _open_file(name_or_buffer, mode)
  File "/home/chkkar002/envs/diffstg/lib64/python3.9/site-packages/torch/serialization.py", line 740, in __init__
    super().__init__(open(name, mode))
FileNotFoundError: [Errno 2] No such file or directory: './checkpoints/SAWS/gwavenet_NA_20260815T200107/best_net_Encoder.pth'
