{'PATH_MOD': '/scratch/chkkar002/Diffusion_Based_STGNNs/DiffSTG/output/model/', 'PATH_LOG': '/scratch/chkkar002/Diffusion_Based_STGNNs/DiffSTG/output/log/', 'PATH_FORECAST': '/scratch/chkkar002/Diffusion_Based_STGNNs/DiffSTG/output/forecast/', 'data': {'name': 'SAWS', 'path': '/scratch/chkkar002/Diffusion_Based_STGNNs/DiffSTG/data/dataset/', 'feature_file': '/scratch/chkkar002/Diffusion_Based_STGNNs/DiffSTG/data/dataset/SAWS/flow.npy', 'spatial': '/scratch/chkkar002/Diffusion_Based_STGNNs/DiffSTG/data/dataset/SAWS/adj.npy', 'num_recent': 1, 'num_features': 1, 'num_vertices': 8, 'points_per_hour': 1, 'val_start_idx': 52603, 'test_start_idx': 70137}, 'gpu_id': None, 'model': {'T_p': 12, 'T_h': 12, 'V': 8, 'F': 1, 'week_len': 7, 'day_len': 24, 'device': device(type='cuda'), 'd_h': 32, 'N': 200, 'sample_steps': 200, 'epsilon_theta': 'UGnet', 'is_label_condition': True, 'beta_end': 0.1, 'beta_schedule': 'quad', 'sample_strategy': 'ddpm', 'channel_multipliers': [1, 2], 'supports_len': 2, 'C': 32, 'n_channels': 32}, 'n_samples': 8, 'model_name': 'DiffSTG', 'is_test': True, 'epoch': 300, 'optimizer': 'adam', 'lr': 0.002, 'batch_size': 8, 'wd': 1e-05, 'early_stop': 10, 'start_epoch': 0, 'device': device(type='cuda'), 'logger': <utils.common_utils.Logger object at 0x7fa9d0ab7f70>, 'nni': False, 'mask_ratio': 0.0, 'T_h': 12, 'T_p': 12, 'trial_name': 'UGnet+32+200+quad+0.1+200+ddpm+12+8+True+SAWS+0.0+True+False+0.002+8', 'log_path': '/scratch/chkkar002/Diffusion_Based_STGNNs/DiffSTG/output/log//UGnet+32+200+quad+0.1+200+ddpm+12+8+True+SAWS+0.0+True+False+0.002+8.log'}
model path:/scratch/chkkar002/Diffusion_Based_STGNNs/DiffSTG/output/model/UGnet+32+200+quad+0.1+200+ddpm+12+8+True+SAWS+0.0+True+False+0.002+8N-200+T_h-12+T_p-12+epsilon_theta-UGnet.dm4stg
forecast_path:/scratch/chkkar002/Diffusion_Based_STGNNs/DiffSTG/output/model/UGnet+32+200+quad+0.1+200+ddpm+12+8+True+SAWS+0.0+True+False+0.002+8N-200+T_h-12+T_p-12+epsilon_theta-UGnet.dm4stg
DiffSTG(
  (eps_model): UGnet(
    (down): ModuleList(
      (0-1): 2 x DownBlock(
        (res): ResidualBlock(
          (tcn1): TcnBlock(
            (conv): Conv2d(32, 32, kernel_size=(3, 3), stride=(1, 1), padding=(1, 2))
            (chomp): Chomp()
            (drop): Dropout(p=0.0, inplace=False)
            (net): Sequential(
              (0): Conv2d(32, 32, kernel_size=(3, 3), stride=(1, 1), padding=(1, 2))
              (1): Chomp()
              (2): Dropout(p=0.0, inplace=False)
            )
          )
          (tcn2): TcnBlock(
            (conv): Conv2d(32, 32, kernel_size=(3, 3), stride=(1, 1), padding=(1, 2))
            (chomp): Chomp()
            (drop): Dropout(p=0.0, inplace=False)
            (net): Sequential(
              (0): Conv2d(32, 32, kernel_size=(3, 3), stride=(1, 1), padding=(1, 2))
              (1): Chomp()
              (2): Dropout(p=0.0, inplace=False)
            )
          )
          (shortcut): Identity()
          (t_conv): Conv2d(32, 32, kernel_size=(1, 1), stride=(1, 1))
          (spatial): SpatialBlock()
          (norm): LayerNorm((8, 32), eps=1e-05, elementwise_affine=True)
        )
      )
      (2): Downsample(
        (conv): Conv2d(32, 32, kernel_size=(1, 3), stride=(1, 2), padding=(0, 1))
      )
      (3): DownBlock(
        (res): ResidualBlock(
          (tcn1): TcnBlock(
            (conv): Conv2d(32, 64, kernel_size=(3, 3), stride=(1, 1), padding=(1, 2))
            (chomp): Chomp()
            (drop): Dropout(p=0.0, inplace=False)
            (net): Sequential(
              (0): Conv2d(32, 64, kernel_size=(3, 3), stride=(1, 1), padding=(1, 2))
              (1): Chomp()
              (2): Dropout(p=0.0, inplace=False)
            )
            (shortcut): Conv2d(32, 64, kernel_size=(1, 1), stride=(1, 1))
          )
          (tcn2): TcnBlock(
            (conv): Conv2d(64, 64, kernel_size=(3, 3), stride=(1, 1), padding=(1, 2))
            (chomp): Chomp()
            (drop): Dropout(p=0.0, inplace=False)
            (net): Sequential(
              (0): Conv2d(64, 64, kernel_size=(3, 3), stride=(1, 1), padding=(1, 2))
              (1): Chomp()
              (2): Dropout(p=0.0, inplace=False)
            )
          )
          (shortcut): Conv2d(32, 64, kernel_size=(1, 1), stride=(1, 1))
          (t_conv): Conv2d(32, 64, kernel_size=(1, 1), stride=(1, 1))
          (spatial): SpatialBlock()
          (norm): LayerNorm((8, 64), eps=1e-05, elementwise_affine=True)
        )
      )
      (4): DownBlock(
        (res): ResidualBlock(
          (tcn1): TcnBlock(
            (conv): Conv2d(64, 64, kernel_size=(3, 3), stride=(1, 1), padding=(1, 2))
            (chomp): Chomp()
            (drop): Dropout(p=0.0, inplace=False)
            (net): Sequential(
              (0): Conv2d(64, 64, kernel_size=(3, 3), stride=(1, 1), padding=(1, 2))
              (1): Chomp()
              (2): Dropout(p=0.0, inplace=False)
            )
          )
          (tcn2): TcnBlock(
            (conv): Conv2d(64, 64, kernel_size=(3, 3), stride=(1, 1), padding=(1, 2))
            (chomp): Chomp()
            (drop): Dropout(p=0.0, inplace=False)
            (net): Sequential(
              (0): Conv2d(64, 64, kernel_size=(3, 3), stride=(1, 1), padding=(1, 2))
              (1): Chomp()
              (2): Dropout(p=0.0, inplace=False)
            )
          )
          (shortcut): Identity()
          (t_conv): Conv2d(32, 64, kernel_size=(1, 1), stride=(1, 1))
          (spatial): SpatialBlock()
          (norm): LayerNorm((8, 64), eps=1e-05, elementwise_affine=True)
        )
      )
    )
    (middle): MiddleBlock(
      (res1): ResidualBlock(
        (tcn1): TcnBlock(
          (conv): Conv2d(64, 64, kernel_size=(3, 3), stride=(1, 1), padding=(1, 2))
          (chomp): Chomp()
          (drop): Dropout(p=0.0, inplace=False)
          (net): Sequential(
            (0): Conv2d(64, 64, kernel_size=(3, 3), stride=(1, 1), padding=(1, 2))
            (1): Chomp()
            (2): Dropout(p=0.0, inplace=False)
          )
        )
        (tcn2): TcnBlock(
          (conv): Conv2d(64, 64, kernel_size=(3, 3), stride=(1, 1), padding=(1, 2))
          (chomp): Chomp()
          (drop): Dropout(p=0.0, inplace=False)
          (net): Sequential(
            (0): Conv2d(64, 64, kernel_size=(3, 3), stride=(1, 1), padding=(1, 2))
            (1): Chomp()
            (2): Dropout(p=0.0, inplace=False)
          )
        )
        (shortcut): Identity()
        (t_conv): Conv2d(32, 64, kernel_size=(1, 1), stride=(1, 1))
        (spatial): SpatialBlock()
        (norm): LayerNorm((8, 64), eps=1e-05, elementwise_affine=True)
      )
      (res2): ResidualBlock(
        (tcn1): TcnBlock(
          (conv): Conv2d(64, 64, kernel_size=(3, 3), stride=(1, 1), padding=(1, 2))
          (chomp): Chomp()
          (drop): Dropout(p=0.0, inplace=False)
          (net): Sequential(
            (0): Conv2d(64, 64, kernel_size=(3, 3), stride=(1, 1), padding=(1, 2))
            (1): Chomp()
            (2): Dropout(p=0.0, inplace=False)
          )
        )
        (tcn2): TcnBlock(
          (conv): Conv2d(64, 64, kernel_size=(3, 3), stride=(1, 1), padding=(1, 2))
          (chomp): Chomp()
          (drop): Dropout(p=0.0, inplace=False)
          (net): Sequential(
            (0): Conv2d(64, 64, kernel_size=(3, 3), stride=(1, 1), padding=(1, 2))
            (1): Chomp()
            (2): Dropout(p=0.0, inplace=False)
          )
        )
        (shortcut): Identity()
        (t_conv): Conv2d(32, 64, kernel_size=(1, 1), stride=(1, 1))
        (spatial): SpatialBlock()
        (norm): LayerNorm((8, 64), eps=1e-05, elementwise_affine=True)
      )
    )
    (up): ModuleList(
      (0-1): 2 x UpBlock(
        (res): ResidualBlock(
          (tcn1): TcnBlock(
            (conv): Conv2d(128, 64, kernel_size=(3, 3), stride=(1, 1), padding=(1, 2))
            (chomp): Chomp()
            (drop): Dropout(p=0.0, inplace=False)
            (net): Sequential(
              (0): Conv2d(128, 64, kernel_size=(3, 3), stride=(1, 1), padding=(1, 2))
              (1): Chomp()
              (2): Dropout(p=0.0, inplace=False)
            )
            (shortcut): Conv2d(128, 64, kernel_size=(1, 1), stride=(1, 1))
          )
          (tcn2): TcnBlock(
            (conv): Conv2d(64, 64, kernel_size=(3, 3), stride=(1, 1), padding=(1, 2))
            (chomp): Chomp()
            (drop): Dropout(p=0.0, inplace=False)
            (net): Sequential(
              (0): Conv2d(64, 64, kernel_size=(3, 3), stride=(1, 1), padding=(1, 2))
              (1): Chomp()
              (2): Dropout(p=0.0, inplace=False)
            )
          )
          (shortcut): Conv2d(128, 64, kernel_size=(1, 1), stride=(1, 1))
          (t_conv): Conv2d(32, 64, kernel_size=(1, 1), stride=(1, 1))
          (spatial): SpatialBlock()
          (norm): LayerNorm((8, 64), eps=1e-05, elementwise_affine=True)
        )
      )
      (2): UpBlock(
        (res): ResidualBlock(
          (tcn1): TcnBlock(
            (conv): Conv2d(96, 32, kernel_size=(3, 3), stride=(1, 1), padding=(1, 2))
            (chomp): Chomp()
            (drop): Dropout(p=0.0, inplace=False)
            (net): Sequential(
              (0): Conv2d(96, 32, kernel_size=(3, 3), stride=(1, 1), padding=(1, 2))
              (1): Chomp()
              (2): Dropout(p=0.0, inplace=False)
            )
            (shortcut): Conv2d(96, 32, kernel_size=(1, 1), stride=(1, 1))
          )
          (tcn2): TcnBlock(
            (conv): Conv2d(32, 32, kernel_size=(3, 3), stride=(1, 1), padding=(1, 2))
            (chomp): Chomp()
            (drop): Dropout(p=0.0, inplace=False)
            (net): Sequential(
              (0): Conv2d(32, 32, kernel_size=(3, 3), stride=(1, 1), padding=(1, 2))
              (1): Chomp()
              (2): Dropout(p=0.0, inplace=False)
            )
          )
          (shortcut): Conv2d(96, 32, kernel_size=(1, 1), stride=(1, 1))
          (t_conv): Conv2d(32, 32, kernel_size=(1, 1), stride=(1, 1))
          (spatial): SpatialBlock()
          (norm): LayerNorm((8, 32), eps=1e-05, elementwise_affine=True)
        )
      )
      (3): Upsample(
        (conv): ConvTranspose2d(32, 32, kernel_size=(1, 4), stride=(1, 2), padding=(0, 1))
      )
      (4-6): 3 x UpBlock(
        (res): ResidualBlock(
          (tcn1): TcnBlock(
            (conv): Conv2d(64, 32, kernel_size=(3, 3), stride=(1, 1), padding=(1, 2))
            (chomp): Chomp()
            (drop): Dropout(p=0.0, inplace=False)
            (net): Sequential(
              (0): Conv2d(64, 32, kernel_size=(3, 3), stride=(1, 1), padding=(1, 2))
              (1): Chomp()
              (2): Dropout(p=0.0, inplace=False)
            )
            (shortcut): Conv2d(64, 32, kernel_size=(1, 1), stride=(1, 1))
          )
          (tcn2): TcnBlock(
            (conv): Conv2d(32, 32, kernel_size=(3, 3), stride=(1, 1), padding=(1, 2))
            (chomp): Chomp()
            (drop): Dropout(p=0.0, inplace=False)
            (net): Sequential(
              (0): Conv2d(32, 32, kernel_size=(3, 3), stride=(1, 1), padding=(1, 2))
              (1): Chomp()
              (2): Dropout(p=0.0, inplace=False)
            )
          )
          (shortcut): Conv2d(64, 32, kernel_size=(1, 1), stride=(1, 1))
          (t_conv): Conv2d(32, 32, kernel_size=(1, 1), stride=(1, 1))
          (spatial): SpatialBlock()
          (norm): LayerNorm((8, 32), eps=1e-05, elementwise_affine=True)
        )
      )
    )
    (x_proj): Conv2d(1, 32, kernel_size=(1, 1), stride=(1, 1))
    (out): Sequential(
      (0): Conv2d(32, 1, kernel_size=(1, 1), stride=(1, 1))
      (1): Linear(in_features=48, out_features=24, bias=True)
    )
  )
)Num_of_parameters:810169
      |---Train--- |---Val Future-- -|-----Val History----|
Epoch | Loss  Time | MAE     RMSE     MAPE     SMAPE      VPT      CRPS     MIS    |  MAE    RMSE    MAPE    SMAPE    VPT     CRPS     MIS     Time|
   0.0| 12.975 1.8s |[151.95 252.94 764.09 175.01 0.00   7.14   6078.17] | 170.73 281.34 873.80 175.46 0.00   8.13   6829.291.71 s
   1.0| 10.572 0.1s | 153.67 253.28 773.63 174.69 0.00   7.22   6146.66 | 144.05 242.66 737.53 175.56 0.00   6.86   5762.001.64 s
predict_path = '/scratch/chkkar002/Diffusion_Based_STGNNs/DiffSTG/output/forecast/UGnet+32+200+quad+0.1+200+ddpm+12+8+True+SAWS+0.0+True+False+0.002+8.pkl'
 |[16.56  21.26  82.22  56.28  0.00   0.63   102.73 ] | 21.54  28.43  108.14 67.75  0.00   0.78   137.36 0.86 s
sample_strategy:ddim_multi, sample_steps:40 Final results in test:16.56  21.26  82.22  56.28  0.00   0.63    102.73  | 3    
