2026-08-18 22:59: Experiment log path in: /scratch/chkkar002/Diffusion_Based_STGNNs/AGCRN/model/experiments/SAWS/trial28_20260818225933
2026-08-18 22:59: Train Epoch 1: 0/820 Loss: 0.951607
2026-08-18 22:59: Train Epoch 1: 20/820 Loss: 0.817285
2026-08-18 22:59: Train Epoch 1: 40/820 Loss: 0.719390
2026-08-18 22:59: Train Epoch 1: 60/820 Loss: 0.687661
2026-08-18 22:59: Train Epoch 1: 80/820 Loss: 0.642219
2026-08-18 22:59: Train Epoch 1: 100/820 Loss: 0.644730
2026-08-18 22:59: Train Epoch 1: 120/820 Loss: 0.598374
2026-08-18 22:59: Train Epoch 1: 140/820 Loss: 0.530561
2026-08-18 22:59: Train Epoch 1: 160/820 Loss: 0.474635
2026-08-18 22:59: Train Epoch 1: 180/820 Loss: 0.411510
2026-08-18 22:59: Train Epoch 1: 200/820 Loss: 0.452598
2026-08-18 22:59: Train Epoch 1: 220/820 Loss: 0.417596
2026-08-18 22:59: Train Epoch 1: 240/820 Loss: 0.434965
2026-08-18 22:59: Train Epoch 1: 260/820 Loss: 0.390125
2026-08-18 22:59: Train Epoch 1: 280/820 Loss: 0.428553
2026-08-18 22:59: Train Epoch 1: 300/820 Loss: 0.425284
2026-08-18 23:00: Train Epoch 1: 320/820 Loss: 0.385931
2026-08-18 23:00: Train Epoch 1: 340/820 Loss: 0.394601
2026-08-18 23:00: Train Epoch 1: 360/820 Loss: 0.372289
2026-08-18 23:00: Train Epoch 1: 380/820 Loss: 0.389939
2026-08-18 23:00: Train Epoch 1: 400/820 Loss: 0.408127
2026-08-18 23:00: Train Epoch 1: 420/820 Loss: 0.385647
2026-08-18 23:00: Train Epoch 1: 440/820 Loss: 0.359793
2026-08-18 23:00: Train Epoch 1: 460/820 Loss: 0.349078
2026-08-18 23:00: Train Epoch 1: 480/820 Loss: 0.363001
2026-08-18 23:00: Train Epoch 1: 500/820 Loss: 0.374324
2026-08-18 23:00: Train Epoch 1: 520/820 Loss: 0.365783
2026-08-18 23:00: Train Epoch 1: 540/820 Loss: 0.349691
2026-08-18 23:00: Train Epoch 1: 560/820 Loss: 0.351729
2026-08-18 23:00: Train Epoch 1: 580/820 Loss: 0.388337
2026-08-18 23:00: Train Epoch 1: 600/820 Loss: 0.340731
2026-08-18 23:00: Train Epoch 1: 620/820 Loss: 0.353987
2026-08-18 23:00: Train Epoch 1: 640/820 Loss: 0.362820
2026-08-18 23:00: Train Epoch 1: 660/820 Loss: 0.347288
2026-08-18 23:00: Train Epoch 1: 680/820 Loss: 0.359571
2026-08-18 23:00: Train Epoch 1: 700/820 Loss: 0.351201
2026-08-18 23:00: Train Epoch 1: 720/820 Loss: 0.336600
2026-08-18 23:00: Train Epoch 1: 740/820 Loss: 0.363104
2026-08-18 23:00: Train Epoch 1: 760/820 Loss: 0.359433
2026-08-18 23:00: Train Epoch 1: 780/820 Loss: 0.346732
2026-08-18 23:00: Train Epoch 1: 800/820 Loss: 0.358711
2026-08-18 23:00: **********Train Epoch 1: averaged Loss: 0.436281, tf_ratio: 1.000000
2026-08-18 23:00: **********Val Epoch 1: average Loss: 0.342463
2026-08-18 23:00: *********************************Current best model saved!
2026-08-18 23:00: Train Epoch 2: 0/820 Loss: 0.341176
2026-08-18 23:00: Train Epoch 2: 20/820 Loss: 0.354995
2026-08-18 23:00: Train Epoch 2: 40/820 Loss: 0.362652
2026-08-18 23:00: Train Epoch 2: 60/820 Loss: 0.345675
2026-08-18 23:00: Train Epoch 2: 80/820 Loss: 0.341150
2026-08-18 23:00: Train Epoch 2: 100/820 Loss: 0.348312
2026-08-18 23:00: Train Epoch 2: 120/820 Loss: 0.346356
2026-08-18 23:00: Train Epoch 2: 140/820 Loss: 0.322142
2026-08-18 23:00: Train Epoch 2: 160/820 Loss: 0.345191
2026-08-18 23:00: Train Epoch 2: 180/820 Loss: 0.350760
2026-08-18 23:00: Train Epoch 2: 200/820 Loss: 0.329322
2026-08-18 23:01: Train Epoch 2: 220/820 Loss: 0.334826
2026-08-18 23:01: Train Epoch 2: 240/820 Loss: 0.354380
2026-08-18 23:01: Train Epoch 2: 260/820 Loss: 0.340849
2026-08-18 23:01: Train Epoch 2: 280/820 Loss: 0.336459
2026-08-18 23:01: Train Epoch 2: 300/820 Loss: 0.332674
2026-08-18 23:01: Train Epoch 2: 320/820 Loss: 0.340914
2026-08-18 23:01: Train Epoch 2: 340/820 Loss: 0.340593
2026-08-18 23:01: Train Epoch 2: 360/820 Loss: 0.333379
2026-08-18 23:01: Train Epoch 2: 380/820 Loss: 0.350214
2026-08-18 23:01: Train Epoch 2: 400/820 Loss: 0.336395
2026-08-18 23:01: Train Epoch 2: 420/820 Loss: 0.319588
2026-08-18 23:01: Train Epoch 2: 440/820 Loss: 0.339119
2026-08-18 23:01: Train Epoch 2: 460/820 Loss: 0.328802
2026-08-18 23:01: Train Epoch 2: 480/820 Loss: 0.326583
2026-08-18 23:01: Train Epoch 2: 500/820 Loss: 0.331672
2026-08-18 23:01: Train Epoch 2: 520/820 Loss: 0.325563
2026-08-18 23:01: Train Epoch 2: 540/820 Loss: 0.333537
2026-08-18 23:01: Train Epoch 2: 560/820 Loss: 0.337648
2026-08-18 23:01: Train Epoch 2: 580/820 Loss: 0.330527
2026-08-18 23:01: Train Epoch 2: 600/820 Loss: 0.350336
2026-08-18 23:01: Train Epoch 2: 620/820 Loss: 0.340826
2026-08-18 23:01: Train Epoch 2: 640/820 Loss: 0.310991
2026-08-18 23:01: Train Epoch 2: 660/820 Loss: 0.324458
2026-08-18 23:01: Train Epoch 2: 680/820 Loss: 0.324160
2026-08-18 23:01: Train Epoch 2: 700/820 Loss: 0.318867
2026-08-18 23:01: Train Epoch 2: 720/820 Loss: 0.325560
2026-08-18 23:01: Train Epoch 2: 740/820 Loss: 0.347176
2026-08-18 23:01: Train Epoch 2: 760/820 Loss: 0.330203
2026-08-18 23:01: Train Epoch 2: 780/820 Loss: 0.345089
2026-08-18 23:01: Train Epoch 2: 800/820 Loss: 0.323007
2026-08-18 23:01: **********Train Epoch 2: averaged Loss: 0.336687, tf_ratio: 1.000000
2026-08-18 23:01: **********Val Epoch 2: average Loss: 0.331163
2026-08-18 23:01: *********************************Current best model saved!
2026-08-18 23:01: Train Epoch 3: 0/820 Loss: 0.326131
2026-08-18 23:01: Train Epoch 3: 20/820 Loss: 0.327531
2026-08-18 23:01: Train Epoch 3: 40/820 Loss: 0.341247
2026-08-18 23:01: Train Epoch 3: 60/820 Loss: 0.327936
2026-08-18 23:01: Train Epoch 3: 80/820 Loss: 0.314233
2026-08-18 23:02: Train Epoch 3: 100/820 Loss: 0.336749
2026-08-18 23:02: Train Epoch 3: 120/820 Loss: 0.328494
2026-08-18 23:02: Train Epoch 3: 140/820 Loss: 0.324313
2026-08-18 23:02: Train Epoch 3: 160/820 Loss: 0.326226
2026-08-18 23:02: Train Epoch 3: 180/820 Loss: 0.318908
2026-08-18 23:02: Train Epoch 3: 200/820 Loss: 0.341976
2026-08-18 23:02: Train Epoch 3: 220/820 Loss: 0.325226
2026-08-18 23:02: Train Epoch 3: 240/820 Loss: 0.322929
2026-08-18 23:02: Train Epoch 3: 260/820 Loss: 0.326404
2026-08-18 23:02: Train Epoch 3: 280/820 Loss: 0.314836
2026-08-18 23:02: Train Epoch 3: 300/820 Loss: 0.310898
2026-08-18 23:02: Train Epoch 3: 320/820 Loss: 0.334122
2026-08-18 23:02: Train Epoch 3: 340/820 Loss: 0.325221
2026-08-18 23:02: Train Epoch 3: 360/820 Loss: 0.332075
2026-08-18 23:02: Train Epoch 3: 380/820 Loss: 0.320319
2026-08-18 23:02: Train Epoch 3: 400/820 Loss: 0.323662
2026-08-18 23:02: Train Epoch 3: 420/820 Loss: 0.327233
2026-08-18 23:02: Train Epoch 3: 440/820 Loss: 0.325884
2026-08-18 23:02: Train Epoch 3: 460/820 Loss: 0.321448
2026-08-18 23:02: Train Epoch 3: 480/820 Loss: 0.336562
2026-08-18 23:02: Train Epoch 3: 500/820 Loss: 0.310433
2026-08-18 23:02: Train Epoch 3: 520/820 Loss: 0.321359
2026-08-18 23:02: Train Epoch 3: 540/820 Loss: 0.334584
2026-08-18 23:02: Train Epoch 3: 560/820 Loss: 0.338174
2026-08-18 23:02: Train Epoch 3: 580/820 Loss: 0.325488
2026-08-18 23:02: Train Epoch 3: 600/820 Loss: 0.328486
2026-08-18 23:02: Train Epoch 3: 620/820 Loss: 0.311629
2026-08-18 23:02: Train Epoch 3: 640/820 Loss: 0.305792
2026-08-18 23:02: Train Epoch 3: 660/820 Loss: 0.309939
2026-08-18 23:02: Train Epoch 3: 680/820 Loss: 0.311885
2026-08-18 23:02: Train Epoch 3: 700/820 Loss: 0.312237
2026-08-18 23:02: Train Epoch 3: 720/820 Loss: 0.315528
2026-08-18 23:02: Train Epoch 3: 740/820 Loss: 0.330780
2026-08-18 23:02: Train Epoch 3: 760/820 Loss: 0.298453
2026-08-18 23:02: Train Epoch 3: 780/820 Loss: 0.330815
2026-08-18 23:02: Train Epoch 3: 800/820 Loss: 0.330353
2026-08-18 23:02: **********Train Epoch 3: averaged Loss: 0.322801, tf_ratio: 1.000000
2026-08-18 23:02: **********Val Epoch 3: average Loss: 0.319862
2026-08-18 23:02: *********************************Current best model saved!
2026-08-18 23:02: Train Epoch 4: 0/820 Loss: 0.304601
2026-08-18 23:03: Train Epoch 4: 20/820 Loss: 0.307837
2026-08-18 23:03: Train Epoch 4: 40/820 Loss: 0.307893
2026-08-18 23:03: Train Epoch 4: 60/820 Loss: 0.303184
2026-08-18 23:03: Train Epoch 4: 80/820 Loss: 0.309698
2026-08-18 23:03: Train Epoch 4: 100/820 Loss: 0.303572
2026-08-18 23:03: Train Epoch 4: 120/820 Loss: 0.315827
2026-08-18 23:03: Train Epoch 4: 140/820 Loss: 0.322817
2026-08-18 23:03: Train Epoch 4: 160/820 Loss: 0.307074
2026-08-18 23:03: Train Epoch 4: 180/820 Loss: 0.305897
2026-08-18 23:03: Train Epoch 4: 200/820 Loss: 0.306978
2026-08-18 23:03: Train Epoch 4: 220/820 Loss: 0.324449
2026-08-18 23:03: Train Epoch 4: 240/820 Loss: 0.327397
2026-08-18 23:03: Train Epoch 4: 260/820 Loss: 0.306723
2026-08-18 23:03: Train Epoch 4: 280/820 Loss: 0.323000
2026-08-18 23:03: Train Epoch 4: 300/820 Loss: 0.316072
2026-08-18 23:03: Train Epoch 4: 320/820 Loss: 0.313275
2026-08-18 23:03: Train Epoch 4: 340/820 Loss: 0.314693
2026-08-18 23:03: Train Epoch 4: 360/820 Loss: 0.315631
2026-08-18 23:03: Train Epoch 4: 380/820 Loss: 0.310364
2026-08-18 23:03: Train Epoch 4: 400/820 Loss: 0.315747
2026-08-18 23:03: Train Epoch 4: 420/820 Loss: 0.312101
2026-08-18 23:03: Train Epoch 4: 440/820 Loss: 0.302606
2026-08-18 23:03: Train Epoch 4: 460/820 Loss: 0.321959
2026-08-18 23:03: Train Epoch 4: 480/820 Loss: 0.299253
2026-08-18 23:03: Train Epoch 4: 500/820 Loss: 0.302993
2026-08-18 23:03: Train Epoch 4: 520/820 Loss: 0.295587
2026-08-18 23:03: Train Epoch 4: 540/820 Loss: 0.300771
2026-08-18 23:03: Train Epoch 4: 560/820 Loss: 0.311531
2026-08-18 23:03: Train Epoch 4: 580/820 Loss: 0.296604
2026-08-18 23:03: Train Epoch 4: 600/820 Loss: 0.290377
2026-08-18 23:03: Train Epoch 4: 620/820 Loss: 0.309599
2026-08-18 23:03: Train Epoch 4: 640/820 Loss: 0.314414
2026-08-18 23:03: Train Epoch 4: 660/820 Loss: 0.302546
2026-08-18 23:03: Train Epoch 4: 680/820 Loss: 0.315558
2026-08-18 23:03: Train Epoch 4: 700/820 Loss: 0.300697
2026-08-18 23:03: Train Epoch 4: 720/820 Loss: 0.311524
2026-08-18 23:03: Train Epoch 4: 740/820 Loss: 0.314784
2026-08-18 23:03: Train Epoch 4: 760/820 Loss: 0.291033
2026-08-18 23:03: Train Epoch 4: 780/820 Loss: 0.306019
2026-08-18 23:03: Train Epoch 4: 800/820 Loss: 0.313774
2026-08-18 23:03: **********Train Epoch 4: averaged Loss: 0.312808, tf_ratio: 1.000000
2026-08-18 23:04: **********Val Epoch 4: average Loss: 0.316531
2026-08-18 23:04: *********************************Current best model saved!
2026-08-18 23:04: Train Epoch 5: 0/820 Loss: 0.308518
2026-08-18 23:04: Train Epoch 5: 20/820 Loss: 0.292994
2026-08-18 23:04: Train Epoch 5: 40/820 Loss: 0.307421
2026-08-18 23:04: Train Epoch 5: 60/820 Loss: 0.314056
2026-08-18 23:04: Train Epoch 5: 80/820 Loss: 0.310015
2026-08-18 23:04: Train Epoch 5: 100/820 Loss: 0.303122
2026-08-18 23:04: Train Epoch 5: 120/820 Loss: 0.308880
2026-08-18 23:04: Train Epoch 5: 140/820 Loss: 0.318205
2026-08-18 23:04: Train Epoch 5: 160/820 Loss: 0.289441
2026-08-18 23:04: Train Epoch 5: 180/820 Loss: 0.309822
2026-08-18 23:04: Train Epoch 5: 200/820 Loss: 0.324961
2026-08-18 23:04: Train Epoch 5: 220/820 Loss: 0.308317
2026-08-18 23:04: Train Epoch 5: 240/820 Loss: 0.298252
2026-08-18 23:04: Train Epoch 5: 260/820 Loss: 0.308591
2026-08-18 23:04: Train Epoch 5: 280/820 Loss: 0.313071
2026-08-18 23:04: Train Epoch 5: 300/820 Loss: 0.301851
2026-08-18 23:04: Train Epoch 5: 320/820 Loss: 0.306706
2026-08-18 23:04: Train Epoch 5: 340/820 Loss: 0.303801
2026-08-18 23:04: Train Epoch 5: 360/820 Loss: 0.293234
2026-08-18 23:04: Train Epoch 5: 380/820 Loss: 0.310034
2026-08-18 23:04: Train Epoch 5: 400/820 Loss: 0.312605
2026-08-18 23:04: Train Epoch 5: 420/820 Loss: 0.305255
2026-08-18 23:04: Train Epoch 5: 440/820 Loss: 0.302009
2026-08-18 23:04: Train Epoch 5: 460/820 Loss: 0.301810
2026-08-18 23:04: Train Epoch 5: 480/820 Loss: 0.311833
2026-08-18 23:04: Train Epoch 5: 500/820 Loss: 0.299269
2026-08-18 23:04: Train Epoch 5: 520/820 Loss: 0.309313
2026-08-18 23:04: Train Epoch 5: 540/820 Loss: 0.292144
2026-08-18 23:04: Train Epoch 5: 560/820 Loss: 0.324725
2026-08-18 23:04: Train Epoch 5: 580/820 Loss: 0.302965
2026-08-18 23:04: Train Epoch 5: 600/820 Loss: 0.311157
2026-08-18 23:04: Train Epoch 5: 620/820 Loss: 0.286735
2026-08-18 23:04: Train Epoch 5: 640/820 Loss: 0.303075
2026-08-18 23:04: Train Epoch 5: 660/820 Loss: 0.317455
2026-08-18 23:04: Train Epoch 5: 680/820 Loss: 0.301883
2026-08-18 23:04: Train Epoch 5: 700/820 Loss: 0.275314
2026-08-18 23:04: Train Epoch 5: 720/820 Loss: 0.294739
2026-08-18 23:04: Train Epoch 5: 740/820 Loss: 0.299230
2026-08-18 23:04: Train Epoch 5: 760/820 Loss: 0.298096
2026-08-18 23:05: Train Epoch 5: 780/820 Loss: 0.311920
2026-08-18 23:05: Train Epoch 5: 800/820 Loss: 0.313374
2026-08-18 23:05: **********Train Epoch 5: averaged Loss: 0.305573, tf_ratio: 1.000000
2026-08-18 23:05: **********Val Epoch 5: average Loss: 0.314897
2026-08-18 23:05: *********************************Current best model saved!
2026-08-18 23:05: Train Epoch 6: 0/820 Loss: 0.319842
2026-08-18 23:05: Train Epoch 6: 20/820 Loss: 0.304854
2026-08-18 23:05: Train Epoch 6: 40/820 Loss: 0.300665
2026-08-18 23:05: Train Epoch 6: 60/820 Loss: 0.289510
2026-08-18 23:05: Train Epoch 6: 80/820 Loss: 0.296909
2026-08-18 23:05: Train Epoch 6: 100/820 Loss: 0.302485
2026-08-18 23:05: Train Epoch 6: 120/820 Loss: 0.292840
2026-08-18 23:05: Train Epoch 6: 140/820 Loss: 0.306155
2026-08-18 23:05: Train Epoch 6: 160/820 Loss: 0.296803
2026-08-18 23:05: Train Epoch 6: 180/820 Loss: 0.288765
2026-08-18 23:05: Train Epoch 6: 200/820 Loss: 0.288541
2026-08-18 23:05: Train Epoch 6: 220/820 Loss: 0.294373
2026-08-18 23:05: Train Epoch 6: 240/820 Loss: 0.299383
2026-08-18 23:05: Train Epoch 6: 260/820 Loss: 0.314288
2026-08-18 23:05: Train Epoch 6: 280/820 Loss: 0.290394
2026-08-18 23:05: Train Epoch 6: 300/820 Loss: 0.305644
2026-08-18 23:05: Train Epoch 6: 320/820 Loss: 0.310393
2026-08-18 23:05: Train Epoch 6: 340/820 Loss: 0.290872
2026-08-18 23:05: Train Epoch 6: 360/820 Loss: 0.302423
2026-08-18 23:05: Train Epoch 6: 380/820 Loss: 0.309984
2026-08-18 23:05: Train Epoch 6: 400/820 Loss: 0.310639
2026-08-18 23:05: Train Epoch 6: 420/820 Loss: 0.308913
2026-08-18 23:05: Train Epoch 6: 440/820 Loss: 0.289649
2026-08-18 23:05: Train Epoch 6: 460/820 Loss: 0.296516
2026-08-18 23:05: Train Epoch 6: 480/820 Loss: 0.313411
2026-08-18 23:05: Train Epoch 6: 500/820 Loss: 0.309884
2026-08-18 23:05: Train Epoch 6: 520/820 Loss: 0.294783
2026-08-18 23:05: Train Epoch 6: 540/820 Loss: 0.311311
2026-08-18 23:05: Train Epoch 6: 560/820 Loss: 0.288321
2026-08-18 23:05: Train Epoch 6: 580/820 Loss: 0.299895
2026-08-18 23:05: Train Epoch 6: 600/820 Loss: 0.298980
2026-08-18 23:05: Train Epoch 6: 620/820 Loss: 0.293571
2026-08-18 23:05: Train Epoch 6: 640/820 Loss: 0.315689
2026-08-18 23:05: Train Epoch 6: 660/820 Loss: 0.295444
2026-08-18 23:05: Train Epoch 6: 680/820 Loss: 0.297207
2026-08-18 23:06: Train Epoch 6: 700/820 Loss: 0.303924
2026-08-18 23:06: Train Epoch 6: 720/820 Loss: 0.292950
2026-08-18 23:06: Train Epoch 6: 740/820 Loss: 0.285187
2026-08-18 23:06: Train Epoch 6: 760/820 Loss: 0.301045
2026-08-18 23:06: Train Epoch 6: 780/820 Loss: 0.292234
2026-08-18 23:06: Train Epoch 6: 800/820 Loss: 0.296996
2026-08-18 23:06: **********Train Epoch 6: averaged Loss: 0.298327, tf_ratio: 1.000000
2026-08-18 23:06: **********Val Epoch 6: average Loss: 0.314482
2026-08-18 23:06: *********************************Current best model saved!
2026-08-18 23:06: Train Epoch 7: 0/820 Loss: 0.285796
2026-08-18 23:06: Train Epoch 7: 20/820 Loss: 0.305573
2026-08-18 23:06: Train Epoch 7: 40/820 Loss: 0.295550
2026-08-18 23:06: Train Epoch 7: 60/820 Loss: 0.288833
2026-08-18 23:06: Train Epoch 7: 80/820 Loss: 0.286621
2026-08-18 23:06: Train Epoch 7: 100/820 Loss: 0.285862
2026-08-18 23:06: Train Epoch 7: 120/820 Loss: 0.305834
2026-08-18 23:06: Train Epoch 7: 140/820 Loss: 0.293138
2026-08-18 23:06: Train Epoch 7: 160/820 Loss: 0.291177
2026-08-18 23:06: Train Epoch 7: 180/820 Loss: 0.307824
2026-08-18 23:06: Train Epoch 7: 200/820 Loss: 0.280238
2026-08-18 23:06: Train Epoch 7: 220/820 Loss: 0.287804
2026-08-18 23:06: Train Epoch 7: 240/820 Loss: 0.281755
2026-08-18 23:06: Train Epoch 7: 260/820 Loss: 0.293091
2026-08-18 23:06: Train Epoch 7: 280/820 Loss: 0.277774
2026-08-18 23:06: Train Epoch 7: 300/820 Loss: 0.299347
2026-08-18 23:06: Train Epoch 7: 320/820 Loss: 0.274991
2026-08-18 23:06: Train Epoch 7: 340/820 Loss: 0.286275
2026-08-18 23:06: Train Epoch 7: 360/820 Loss: 0.277151
2026-08-18 23:06: Train Epoch 7: 380/820 Loss: 0.282629
2026-08-18 23:06: Train Epoch 7: 400/820 Loss: 0.317374
2026-08-18 23:06: Train Epoch 7: 420/820 Loss: 0.292109
2026-08-18 23:06: Train Epoch 7: 440/820 Loss: 0.291879
2026-08-18 23:06: Train Epoch 7: 460/820 Loss: 0.288046
2026-08-18 23:06: Train Epoch 7: 480/820 Loss: 0.297402
2026-08-18 23:06: Train Epoch 7: 500/820 Loss: 0.285021
2026-08-18 23:06: Train Epoch 7: 520/820 Loss: 0.274187
2026-08-18 23:06: Train Epoch 7: 540/820 Loss: 0.280800
2026-08-18 23:06: Train Epoch 7: 560/820 Loss: 0.285086
2026-08-18 23:06: Train Epoch 7: 580/820 Loss: 0.297915
2026-08-18 23:06: Train Epoch 7: 600/820 Loss: 0.285911
2026-08-18 23:07: Train Epoch 7: 620/820 Loss: 0.278195
2026-08-18 23:07: Train Epoch 7: 640/820 Loss: 0.279976
2026-08-18 23:07: Train Epoch 7: 660/820 Loss: 0.293996
2026-08-18 23:07: Train Epoch 7: 680/820 Loss: 0.288177
2026-08-18 23:07: Train Epoch 7: 700/820 Loss: 0.284355
2026-08-18 23:07: Train Epoch 7: 720/820 Loss: 0.293296
2026-08-18 23:07: Train Epoch 7: 740/820 Loss: 0.277215
2026-08-18 23:07: Train Epoch 7: 760/820 Loss: 0.281398
2026-08-18 23:07: Train Epoch 7: 780/820 Loss: 0.297276
2026-08-18 23:07: Train Epoch 7: 800/820 Loss: 0.289056
2026-08-18 23:07: **********Train Epoch 7: averaged Loss: 0.291995, tf_ratio: 1.000000
2026-08-18 23:07: **********Val Epoch 7: average Loss: 0.312566
2026-08-18 23:07: *********************************Current best model saved!
2026-08-18 23:07: Train Epoch 8: 0/820 Loss: 0.274239
2026-08-18 23:07: Train Epoch 8: 20/820 Loss: 0.289991
2026-08-18 23:07: Train Epoch 8: 40/820 Loss: 0.271021
2026-08-18 23:07: Train Epoch 8: 60/820 Loss: 0.276676
2026-08-18 23:07: Train Epoch 8: 80/820 Loss: 0.284537
2026-08-18 23:07: Train Epoch 8: 100/820 Loss: 0.299545
2026-08-18 23:07: Train Epoch 8: 120/820 Loss: 0.282505
2026-08-18 23:07: Train Epoch 8: 140/820 Loss: 0.267050
2026-08-18 23:07: Train Epoch 8: 160/820 Loss: 0.276079
2026-08-18 23:07: Train Epoch 8: 180/820 Loss: 0.297607
2026-08-18 23:07: Train Epoch 8: 200/820 Loss: 0.292823
2026-08-18 23:07: Train Epoch 8: 220/820 Loss: 0.294167
2026-08-18 23:07: Train Epoch 8: 240/820 Loss: 0.293848
2026-08-18 23:07: Train Epoch 8: 260/820 Loss: 0.277014
2026-08-18 23:07: Train Epoch 8: 280/820 Loss: 0.284396
2026-08-18 23:07: Train Epoch 8: 300/820 Loss: 0.275757
2026-08-18 23:07: Train Epoch 8: 320/820 Loss: 0.282250
2026-08-18 23:07: Train Epoch 8: 340/820 Loss: 0.277332
2026-08-18 23:07: Train Epoch 8: 360/820 Loss: 0.288026
2026-08-18 23:07: Train Epoch 8: 380/820 Loss: 0.285938
2026-08-18 23:07: Train Epoch 8: 400/820 Loss: 0.281721
2026-08-18 23:07: Train Epoch 8: 420/820 Loss: 0.275067
2026-08-18 23:07: Train Epoch 8: 440/820 Loss: 0.274802
2026-08-18 23:07: Train Epoch 8: 460/820 Loss: 0.279058
2026-08-18 23:07: Train Epoch 8: 480/820 Loss: 0.282949
2026-08-18 23:07: Train Epoch 8: 500/820 Loss: 0.299871
2026-08-18 23:07: Train Epoch 8: 520/820 Loss: 0.292166
2026-08-18 23:08: Train Epoch 8: 540/820 Loss: 0.280865
2026-08-18 23:08: Train Epoch 8: 560/820 Loss: 0.298242
2026-08-18 23:08: Train Epoch 8: 580/820 Loss: 0.282594
2026-08-18 23:08: Train Epoch 8: 600/820 Loss: 0.301857
2026-08-18 23:08: Train Epoch 8: 620/820 Loss: 0.301624
2026-08-18 23:08: Train Epoch 8: 640/820 Loss: 0.284122
2026-08-18 23:08: Train Epoch 8: 660/820 Loss: 0.286307
2026-08-18 23:08: Train Epoch 8: 680/820 Loss: 0.282069
2026-08-18 23:08: Train Epoch 8: 700/820 Loss: 0.268975
2026-08-18 23:08: Train Epoch 8: 720/820 Loss: 0.297691
2026-08-18 23:08: Train Epoch 8: 740/820 Loss: 0.267305
2026-08-18 23:08: Train Epoch 8: 760/820 Loss: 0.289978
2026-08-18 23:08: Train Epoch 8: 780/820 Loss: 0.281658
2026-08-18 23:08: Train Epoch 8: 800/820 Loss: 0.285432
2026-08-18 23:08: **********Train Epoch 8: averaged Loss: 0.285449, tf_ratio: 1.000000
2026-08-18 23:08: **********Val Epoch 8: average Loss: 0.316271
2026-08-18 23:08: Train Epoch 9: 0/820 Loss: 0.277663
2026-08-18 23:08: Train Epoch 9: 20/820 Loss: 0.286353
2026-08-18 23:08: Train Epoch 9: 40/820 Loss: 0.274308
2026-08-18 23:08: Train Epoch 9: 60/820 Loss: 0.275902
2026-08-18 23:08: Train Epoch 9: 80/820 Loss: 0.291693
2026-08-18 23:08: Train Epoch 9: 100/820 Loss: 0.283157
2026-08-18 23:08: Train Epoch 9: 120/820 Loss: 0.276418
2026-08-18 23:08: Train Epoch 9: 140/820 Loss: 0.274261
2026-08-18 23:08: Train Epoch 9: 160/820 Loss: 0.275073
2026-08-18 23:08: Train Epoch 9: 180/820 Loss: 0.282721
2026-08-18 23:08: Train Epoch 9: 200/820 Loss: 0.269931
2026-08-18 23:08: Train Epoch 9: 220/820 Loss: 0.285026
2026-08-18 23:08: Train Epoch 9: 240/820 Loss: 0.269587
2026-08-18 23:08: Train Epoch 9: 260/820 Loss: 0.273140
2026-08-18 23:08: Train Epoch 9: 280/820 Loss: 0.279690
2026-08-18 23:08: Train Epoch 9: 300/820 Loss: 0.294944
2026-08-18 23:08: Train Epoch 9: 320/820 Loss: 0.273167
2026-08-18 23:08: Train Epoch 9: 340/820 Loss: 0.282410
2026-08-18 23:08: Train Epoch 9: 360/820 Loss: 0.277969
2026-08-18 23:08: Train Epoch 9: 380/820 Loss: 0.285542
2026-08-18 23:08: Train Epoch 9: 400/820 Loss: 0.263237
2026-08-18 23:08: Train Epoch 9: 420/820 Loss: 0.276370
2026-08-18 23:08: Train Epoch 9: 440/820 Loss: 0.279892
2026-08-18 23:09: Train Epoch 9: 460/820 Loss: 0.275615
2026-08-18 23:09: Train Epoch 9: 480/820 Loss: 0.282724
2026-08-18 23:09: Train Epoch 9: 500/820 Loss: 0.288497
2026-08-18 23:09: Train Epoch 9: 520/820 Loss: 0.263707
2026-08-18 23:09: Train Epoch 9: 540/820 Loss: 0.274656
2026-08-18 23:09: Train Epoch 9: 560/820 Loss: 0.279169
2026-08-18 23:09: Train Epoch 9: 580/820 Loss: 0.291280
2026-08-18 23:09: Train Epoch 9: 600/820 Loss: 0.277086
2026-08-18 23:09: Train Epoch 9: 620/820 Loss: 0.284648
2026-08-18 23:09: Train Epoch 9: 640/820 Loss: 0.271806
2026-08-18 23:09: Train Epoch 9: 660/820 Loss: 0.265553
2026-08-18 23:09: Train Epoch 9: 680/820 Loss: 0.291931
2026-08-18 23:09: Train Epoch 9: 700/820 Loss: 0.280373
2026-08-18 23:09: Train Epoch 9: 720/820 Loss: 0.264991
2026-08-18 23:09: Train Epoch 9: 740/820 Loss: 0.287155
2026-08-18 23:09: Train Epoch 9: 760/820 Loss: 0.280975
2026-08-18 23:09: Train Epoch 9: 780/820 Loss: 0.267826
2026-08-18 23:09: Train Epoch 9: 800/820 Loss: 0.275232
2026-08-18 23:09: **********Train Epoch 9: averaged Loss: 0.279188, tf_ratio: 1.000000
2026-08-18 23:09: **********Val Epoch 9: average Loss: 0.314991
2026-08-18 23:09: Train Epoch 10: 0/820 Loss: 0.274855
2026-08-18 23:09: Train Epoch 10: 20/820 Loss: 0.261839
2026-08-18 23:09: Train Epoch 10: 40/820 Loss: 0.267974
2026-08-18 23:09: Train Epoch 10: 60/820 Loss: 0.280235
2026-08-18 23:09: Train Epoch 10: 80/820 Loss: 0.271328
2026-08-18 23:09: Train Epoch 10: 100/820 Loss: 0.297595
2026-08-18 23:09: Train Epoch 10: 120/820 Loss: 0.276951
2026-08-18 23:09: Train Epoch 10: 140/820 Loss: 0.259638
2026-08-18 23:09: Train Epoch 10: 160/820 Loss: 0.277524
2026-08-18 23:09: Train Epoch 10: 180/820 Loss: 0.262808
2026-08-18 23:09: Train Epoch 10: 200/820 Loss: 0.255175
2026-08-18 23:09: Train Epoch 10: 220/820 Loss: 0.289349
2026-08-18 23:09: Train Epoch 10: 240/820 Loss: 0.284352
2026-08-18 23:09: Train Epoch 10: 260/820 Loss: 0.281576
2026-08-18 23:09: Train Epoch 10: 280/820 Loss: 0.291523
2026-08-18 23:09: Train Epoch 10: 300/820 Loss: 0.279572
2026-08-18 23:09: Train Epoch 10: 320/820 Loss: 0.267874
2026-08-18 23:09: Train Epoch 10: 340/820 Loss: 0.273130
2026-08-18 23:09: Train Epoch 10: 360/820 Loss: 0.278462
2026-08-18 23:09: Train Epoch 10: 380/820 Loss: 0.276566
2026-08-18 23:10: Train Epoch 10: 400/820 Loss: 0.268531
2026-08-18 23:10: Train Epoch 10: 420/820 Loss: 0.277272
2026-08-18 23:10: Train Epoch 10: 440/820 Loss: 0.273650
2026-08-18 23:10: Train Epoch 10: 460/820 Loss: 0.267305
2026-08-18 23:10: Train Epoch 10: 480/820 Loss: 0.268074
2026-08-18 23:10: Train Epoch 10: 500/820 Loss: 0.267110
2026-08-18 23:10: Train Epoch 10: 520/820 Loss: 0.276342
2026-08-18 23:10: Train Epoch 10: 540/820 Loss: 0.286129
2026-08-18 23:10: Train Epoch 10: 560/820 Loss: 0.271641
2026-08-18 23:10: Train Epoch 10: 580/820 Loss: 0.274677
2026-08-18 23:10: Train Epoch 10: 600/820 Loss: 0.269780
2026-08-18 23:10: Train Epoch 10: 620/820 Loss: 0.266765
2026-08-18 23:10: Train Epoch 10: 640/820 Loss: 0.270497
2026-08-18 23:10: Train Epoch 10: 660/820 Loss: 0.273852
2026-08-18 23:10: Train Epoch 10: 680/820 Loss: 0.289556
2026-08-18 23:10: Train Epoch 10: 700/820 Loss: 0.277388
2026-08-18 23:10: Train Epoch 10: 720/820 Loss: 0.278695
2026-08-18 23:10: Train Epoch 10: 740/820 Loss: 0.268779
2026-08-18 23:10: Train Epoch 10: 760/820 Loss: 0.274885
2026-08-18 23:10: Train Epoch 10: 780/820 Loss: 0.269500
2026-08-18 23:10: Train Epoch 10: 800/820 Loss: 0.267185
2026-08-18 23:10: **********Train Epoch 10: averaged Loss: 0.273475, tf_ratio: 1.000000
2026-08-18 23:10: **********Val Epoch 10: average Loss: 0.316394
2026-08-18 23:10: Train Epoch 11: 0/820 Loss: 0.284813
2026-08-18 23:10: Train Epoch 11: 20/820 Loss: 0.269580
2026-08-18 23:10: Train Epoch 11: 40/820 Loss: 0.267298
2026-08-18 23:10: Train Epoch 11: 60/820 Loss: 0.281693
2026-08-18 23:10: Train Epoch 11: 80/820 Loss: 0.284869
2026-08-18 23:10: Train Epoch 11: 100/820 Loss: 0.268577
2026-08-18 23:10: Train Epoch 11: 120/820 Loss: 0.264926
2026-08-18 23:10: Train Epoch 11: 140/820 Loss: 0.280926
2026-08-18 23:10: Train Epoch 11: 160/820 Loss: 0.274051
2026-08-18 23:10: Train Epoch 11: 180/820 Loss: 0.264774
2026-08-18 23:10: Train Epoch 11: 200/820 Loss: 0.275658
2026-08-18 23:10: Train Epoch 11: 220/820 Loss: 0.259268
2026-08-18 23:10: Train Epoch 11: 240/820 Loss: 0.262864
2026-08-18 23:10: Train Epoch 11: 260/820 Loss: 0.278327
2026-08-18 23:10: Train Epoch 11: 280/820 Loss: 0.259300
2026-08-18 23:10: Train Epoch 11: 300/820 Loss: 0.272770
2026-08-18 23:11: Train Epoch 11: 320/820 Loss: 0.259110
2026-08-18 23:11: Train Epoch 11: 340/820 Loss: 0.268430
2026-08-18 23:11: Train Epoch 11: 360/820 Loss: 0.263504
2026-08-18 23:11: Train Epoch 11: 380/820 Loss: 0.265734
2026-08-18 23:11: Train Epoch 11: 400/820 Loss: 0.277894
2026-08-18 23:11: Train Epoch 11: 420/820 Loss: 0.277426
2026-08-18 23:11: Train Epoch 11: 440/820 Loss: 0.266380
2026-08-18 23:11: Train Epoch 11: 460/820 Loss: 0.276157
2026-08-18 23:11: Train Epoch 11: 480/820 Loss: 0.270386
2026-08-18 23:11: Train Epoch 11: 500/820 Loss: 0.277287
2026-08-18 23:11: Train Epoch 11: 520/820 Loss: 0.254801
2026-08-18 23:11: Train Epoch 11: 540/820 Loss: 0.265293
2026-08-18 23:11: Train Epoch 11: 560/820 Loss: 0.263593
2026-08-18 23:11: Train Epoch 11: 580/820 Loss: 0.260161
2026-08-18 23:11: Train Epoch 11: 600/820 Loss: 0.267091
2026-08-18 23:11: Train Epoch 11: 620/820 Loss: 0.278740
2026-08-18 23:11: Train Epoch 11: 640/820 Loss: 0.259298
2026-08-18 23:11: Train Epoch 11: 660/820 Loss: 0.275202
2026-08-18 23:11: Train Epoch 11: 680/820 Loss: 0.268748
2026-08-18 23:11: Train Epoch 11: 700/820 Loss: 0.272709
2026-08-18 23:11: Train Epoch 11: 720/820 Loss: 0.285279
2026-08-18 23:11: Train Epoch 11: 740/820 Loss: 0.269129
2026-08-18 23:11: Train Epoch 11: 760/820 Loss: 0.262798
2026-08-18 23:11: Train Epoch 11: 780/820 Loss: 0.271351
2026-08-18 23:11: Train Epoch 11: 800/820 Loss: 0.266597
2026-08-18 23:11: **********Train Epoch 11: averaged Loss: 0.268191, tf_ratio: 1.000000
2026-08-18 23:11: **********Val Epoch 11: average Loss: 0.319189
2026-08-18 23:11: Train Epoch 12: 0/820 Loss: 0.266014
2026-08-18 23:11: Train Epoch 12: 20/820 Loss: 0.265395
2026-08-18 23:11: Train Epoch 12: 40/820 Loss: 0.275708
2026-08-18 23:11: Train Epoch 12: 60/820 Loss: 0.257829
2026-08-18 23:11: Train Epoch 12: 80/820 Loss: 0.263912
2026-08-18 23:11: Train Epoch 12: 100/820 Loss: 0.274570
2026-08-18 23:11: Train Epoch 12: 120/820 Loss: 0.261522
2026-08-18 23:11: Train Epoch 12: 140/820 Loss: 0.267368
2026-08-18 23:11: Train Epoch 12: 160/820 Loss: 0.264129
2026-08-18 23:11: Train Epoch 12: 180/820 Loss: 0.274465
2026-08-18 23:11: Train Epoch 12: 200/820 Loss: 0.264255
2026-08-18 23:11: Train Epoch 12: 220/820 Loss: 0.261833
2026-08-18 23:12: Train Epoch 12: 240/820 Loss: 0.272593
2026-08-18 23:12: Train Epoch 12: 260/820 Loss: 0.262909
2026-08-18 23:12: Train Epoch 12: 280/820 Loss: 0.250501
2026-08-18 23:12: Train Epoch 12: 300/820 Loss: 0.264033
2026-08-18 23:12: Train Epoch 12: 320/820 Loss: 0.262343
2026-08-18 23:12: Train Epoch 12: 340/820 Loss: 0.258919
2026-08-18 23:12: Train Epoch 12: 360/820 Loss: 0.253249
2026-08-18 23:12: Train Epoch 12: 380/820 Loss: 0.259317
2026-08-18 23:12: Train Epoch 12: 400/820 Loss: 0.269812
2026-08-18 23:12: Train Epoch 12: 420/820 Loss: 0.261330
2026-08-18 23:12: Train Epoch 12: 440/820 Loss: 0.260387
2026-08-18 23:12: Train Epoch 12: 460/820 Loss: 0.284075
2026-08-18 23:12: Train Epoch 12: 480/820 Loss: 0.265068
2026-08-18 23:12: Train Epoch 12: 500/820 Loss: 0.271373
2026-08-18 23:12: Train Epoch 12: 520/820 Loss: 0.268636
2026-08-18 23:12: Train Epoch 12: 540/820 Loss: 0.262664
2026-08-18 23:12: Train Epoch 12: 560/820 Loss: 0.258456
2026-08-18 23:12: Train Epoch 12: 580/820 Loss: 0.264354
2026-08-18 23:12: Train Epoch 12: 600/820 Loss: 0.260149
2026-08-18 23:12: Train Epoch 12: 620/820 Loss: 0.258072
2026-08-18 23:12: Train Epoch 12: 640/820 Loss: 0.256034
2026-08-18 23:12: Train Epoch 12: 660/820 Loss: 0.265963
2026-08-18 23:12: Train Epoch 12: 680/820 Loss: 0.267437
2026-08-18 23:12: Train Epoch 12: 700/820 Loss: 0.255755
2026-08-18 23:12: Train Epoch 12: 720/820 Loss: 0.258429
2026-08-18 23:12: Train Epoch 12: 740/820 Loss: 0.276806
2026-08-18 23:12: Train Epoch 12: 760/820 Loss: 0.264996
2026-08-18 23:12: Train Epoch 12: 780/820 Loss: 0.266441
2026-08-18 23:12: Train Epoch 12: 800/820 Loss: 0.269351
2026-08-18 23:12: **********Train Epoch 12: averaged Loss: 0.263534, tf_ratio: 1.000000
2026-08-18 23:12: **********Val Epoch 12: average Loss: 0.316843
2026-08-18 23:12: Train Epoch 13: 0/820 Loss: 0.258352
2026-08-18 23:12: Train Epoch 13: 20/820 Loss: 0.250477
2026-08-18 23:12: Train Epoch 13: 40/820 Loss: 0.244935
2026-08-18 23:12: Train Epoch 13: 60/820 Loss: 0.257888
2026-08-18 23:12: Train Epoch 13: 80/820 Loss: 0.252910
2026-08-18 23:12: Train Epoch 13: 100/820 Loss: 0.259114
2026-08-18 23:12: Train Epoch 13: 120/820 Loss: 0.267992
2026-08-18 23:12: Train Epoch 13: 140/820 Loss: 0.268928
2026-08-18 23:12: Train Epoch 13: 160/820 Loss: 0.255702
2026-08-18 23:13: Train Epoch 13: 180/820 Loss: 0.265026
2026-08-18 23:13: Train Epoch 13: 200/820 Loss: 0.253952
2026-08-18 23:13: Train Epoch 13: 220/820 Loss: 0.263528
2026-08-18 23:13: Train Epoch 13: 240/820 Loss: 0.261850
2026-08-18 23:13: Train Epoch 13: 260/820 Loss: 0.263615
2026-08-18 23:13: Train Epoch 13: 280/820 Loss: 0.261969
2026-08-18 23:13: Train Epoch 13: 300/820 Loss: 0.257233
2026-08-18 23:13: Train Epoch 13: 320/820 Loss: 0.261732
2026-08-18 23:13: Train Epoch 13: 340/820 Loss: 0.262424
2026-08-18 23:13: Train Epoch 13: 360/820 Loss: 0.258520
2026-08-18 23:13: Train Epoch 13: 380/820 Loss: 0.259691
2026-08-18 23:13: Train Epoch 13: 400/820 Loss: 0.264492
2026-08-18 23:13: Train Epoch 13: 420/820 Loss: 0.253417
2026-08-18 23:13: Train Epoch 13: 440/820 Loss: 0.261196
2026-08-18 23:13: Train Epoch 13: 460/820 Loss: 0.267257
2026-08-18 23:13: Train Epoch 13: 480/820 Loss: 0.267822
2026-08-18 23:13: Train Epoch 13: 500/820 Loss: 0.254771
2026-08-18 23:13: Train Epoch 13: 520/820 Loss: 0.259904
2026-08-18 23:13: Train Epoch 13: 540/820 Loss: 0.257641
2026-08-18 23:13: Train Epoch 13: 560/820 Loss: 0.262030
2026-08-18 23:13: Train Epoch 13: 580/820 Loss: 0.246193
2026-08-18 23:13: Train Epoch 13: 600/820 Loss: 0.249275
2026-08-18 23:13: Train Epoch 13: 620/820 Loss: 0.263197
2026-08-18 23:13: Train Epoch 13: 640/820 Loss: 0.259104
2026-08-18 23:13: Train Epoch 13: 660/820 Loss: 0.249031
2026-08-18 23:13: Train Epoch 13: 680/820 Loss: 0.246700
2026-08-18 23:13: Train Epoch 13: 700/820 Loss: 0.260525
2026-08-18 23:13: Train Epoch 13: 720/820 Loss: 0.250137
2026-08-18 23:13: Train Epoch 13: 740/820 Loss: 0.256985
2026-08-18 23:13: Train Epoch 13: 760/820 Loss: 0.252100
2026-08-18 23:13: Train Epoch 13: 780/820 Loss: 0.252898
2026-08-18 23:13: Train Epoch 13: 800/820 Loss: 0.272078
2026-08-18 23:13: **********Train Epoch 13: averaged Loss: 0.258631, tf_ratio: 1.000000
2026-08-18 23:13: **********Val Epoch 13: average Loss: 0.323008
2026-08-18 23:13: Train Epoch 14: 0/820 Loss: 0.257269
2026-08-18 23:13: Train Epoch 14: 20/820 Loss: 0.253823
2026-08-18 23:13: Train Epoch 14: 40/820 Loss: 0.266593
2026-08-18 23:13: Train Epoch 14: 60/820 Loss: 0.253831
2026-08-18 23:13: Train Epoch 14: 80/820 Loss: 0.259108
2026-08-18 23:14: Train Epoch 14: 100/820 Loss: 0.262573
2026-08-18 23:14: Train Epoch 14: 120/820 Loss: 0.254700
2026-08-18 23:14: Train Epoch 14: 140/820 Loss: 0.256934
2026-08-18 23:14: Train Epoch 14: 160/820 Loss: 0.246543
2026-08-18 23:14: Train Epoch 14: 180/820 Loss: 0.254123
2026-08-18 23:14: Train Epoch 14: 200/820 Loss: 0.259502
2026-08-18 23:14: Train Epoch 14: 220/820 Loss: 0.251989
2026-08-18 23:14: Train Epoch 14: 240/820 Loss: 0.256305
2026-08-18 23:14: Train Epoch 14: 260/820 Loss: 0.264953
2026-08-18 23:14: Train Epoch 14: 280/820 Loss: 0.248387
2026-08-18 23:14: Train Epoch 14: 300/820 Loss: 0.256232
2026-08-18 23:14: Train Epoch 14: 320/820 Loss: 0.250002
2026-08-18 23:14: Train Epoch 14: 340/820 Loss: 0.252500
2026-08-18 23:14: Train Epoch 14: 360/820 Loss: 0.244971
2026-08-18 23:14: Train Epoch 14: 380/820 Loss: 0.264303
2026-08-18 23:14: Train Epoch 14: 400/820 Loss: 0.259213
2026-08-18 23:14: Train Epoch 14: 420/820 Loss: 0.260334
2026-08-18 23:14: Train Epoch 14: 440/820 Loss: 0.256035
2026-08-18 23:14: Train Epoch 14: 460/820 Loss: 0.253460
2026-08-18 23:14: Train Epoch 14: 480/820 Loss: 0.256358
2026-08-18 23:14: Train Epoch 14: 500/820 Loss: 0.257937
2026-08-18 23:14: Train Epoch 14: 520/820 Loss: 0.253154
2026-08-18 23:14: Train Epoch 14: 540/820 Loss: 0.259823
2026-08-18 23:14: Train Epoch 14: 560/820 Loss: 0.255544
2026-08-18 23:14: Train Epoch 14: 580/820 Loss: 0.245751
2026-08-18 23:14: Train Epoch 14: 600/820 Loss: 0.252692
2026-08-18 23:14: Train Epoch 14: 620/820 Loss: 0.252583
2026-08-18 23:14: Train Epoch 14: 640/820 Loss: 0.243851
2026-08-18 23:14: Train Epoch 14: 660/820 Loss: 0.242433
2026-08-18 23:14: Train Epoch 14: 680/820 Loss: 0.253409
2026-08-18 23:14: Train Epoch 14: 700/820 Loss: 0.254386
2026-08-18 23:14: Train Epoch 14: 720/820 Loss: 0.254427
2026-08-18 23:14: Train Epoch 14: 740/820 Loss: 0.253930
2026-08-18 23:14: Train Epoch 14: 760/820 Loss: 0.251775
2026-08-18 23:14: Train Epoch 14: 780/820 Loss: 0.267150
2026-08-18 23:14: Train Epoch 14: 800/820 Loss: 0.257614
2026-08-18 23:14: **********Train Epoch 14: averaged Loss: 0.255100, tf_ratio: 1.000000
2026-08-18 23:14: **********Val Epoch 14: average Loss: 0.321951
2026-08-18 23:14: Train Epoch 15: 0/820 Loss: 0.254796
2026-08-18 23:15: Train Epoch 15: 20/820 Loss: 0.258804
2026-08-18 23:15: Train Epoch 15: 40/820 Loss: 0.247017
2026-08-18 23:15: Train Epoch 15: 60/820 Loss: 0.251317
2026-08-18 23:15: Train Epoch 15: 80/820 Loss: 0.251905
2026-08-18 23:15: Train Epoch 15: 100/820 Loss: 0.260815
2026-08-18 23:15: Train Epoch 15: 120/820 Loss: 0.248820
2026-08-18 23:15: Train Epoch 15: 140/820 Loss: 0.243954
2026-08-18 23:15: Train Epoch 15: 160/820 Loss: 0.255274
2026-08-18 23:15: Train Epoch 15: 180/820 Loss: 0.247998
2026-08-18 23:15: Train Epoch 15: 200/820 Loss: 0.259554
2026-08-18 23:15: Train Epoch 15: 220/820 Loss: 0.252575
2026-08-18 23:15: Train Epoch 15: 240/820 Loss: 0.253070
2026-08-18 23:15: Train Epoch 15: 260/820 Loss: 0.255190
2026-08-18 23:15: Train Epoch 15: 280/820 Loss: 0.258296
2026-08-18 23:15: Train Epoch 15: 300/820 Loss: 0.253013
2026-08-18 23:15: Train Epoch 15: 320/820 Loss: 0.250368
2026-08-18 23:15: Train Epoch 15: 340/820 Loss: 0.256998
2026-08-18 23:15: Train Epoch 15: 360/820 Loss: 0.255884
2026-08-18 23:15: Train Epoch 15: 380/820 Loss: 0.247369
2026-08-18 23:15: Train Epoch 15: 400/820 Loss: 0.254629
2026-08-18 23:15: Train Epoch 15: 420/820 Loss: 0.242636
2026-08-18 23:15: Train Epoch 15: 440/820 Loss: 0.248597
2026-08-18 23:15: Train Epoch 15: 460/820 Loss: 0.249538
2026-08-18 23:15: Train Epoch 15: 480/820 Loss: 0.248311
2026-08-18 23:15: Train Epoch 15: 500/820 Loss: 0.251582
2026-08-18 23:15: Train Epoch 15: 520/820 Loss: 0.244155
2026-08-18 23:15: Train Epoch 15: 540/820 Loss: 0.255563
2026-08-18 23:15: Train Epoch 15: 560/820 Loss: 0.258691
2026-08-18 23:15: Train Epoch 15: 580/820 Loss: 0.253253
2026-08-18 23:15: Train Epoch 15: 600/820 Loss: 0.254902
2026-08-18 23:15: Train Epoch 15: 620/820 Loss: 0.250682
2026-08-18 23:15: Train Epoch 15: 640/820 Loss: 0.244378
2026-08-18 23:15: Train Epoch 15: 660/820 Loss: 0.250783
2026-08-18 23:15: Train Epoch 15: 680/820 Loss: 0.256955
2026-08-18 23:15: Train Epoch 15: 700/820 Loss: 0.245137
2026-08-18 23:15: Train Epoch 15: 720/820 Loss: 0.252217
2026-08-18 23:15: Train Epoch 15: 740/820 Loss: 0.258375
2026-08-18 23:15: Train Epoch 15: 760/820 Loss: 0.254406
2026-08-18 23:15: Train Epoch 15: 780/820 Loss: 0.257620
2026-08-18 23:15: Train Epoch 15: 800/820 Loss: 0.259961
2026-08-18 23:15: **********Train Epoch 15: averaged Loss: 0.251241, tf_ratio: 1.000000
2026-08-18 23:16: **********Val Epoch 15: average Loss: 0.319833
2026-08-18 23:16: Train Epoch 16: 0/820 Loss: 0.245731
2026-08-18 23:16: Train Epoch 16: 20/820 Loss: 0.246371
2026-08-18 23:16: Train Epoch 16: 40/820 Loss: 0.251532
2026-08-18 23:16: Train Epoch 16: 60/820 Loss: 0.241282
2026-08-18 23:16: Train Epoch 16: 80/820 Loss: 0.253596
2026-08-18 23:16: Train Epoch 16: 100/820 Loss: 0.245364
2026-08-18 23:16: Train Epoch 16: 120/820 Loss: 0.247220
2026-08-18 23:16: Train Epoch 16: 140/820 Loss: 0.240610
2026-08-18 23:16: Train Epoch 16: 160/820 Loss: 0.248640
2026-08-18 23:16: Train Epoch 16: 180/820 Loss: 0.248210
2026-08-18 23:16: Train Epoch 16: 200/820 Loss: 0.260546
2026-08-18 23:16: Train Epoch 16: 220/820 Loss: 0.250139
2026-08-18 23:16: Train Epoch 16: 240/820 Loss: 0.242481
2026-08-18 23:16: Train Epoch 16: 260/820 Loss: 0.242851
2026-08-18 23:16: Train Epoch 16: 280/820 Loss: 0.245523
2026-08-18 23:16: Train Epoch 16: 300/820 Loss: 0.254735
2026-08-18 23:16: Train Epoch 16: 320/820 Loss: 0.243225
2026-08-18 23:16: Train Epoch 16: 340/820 Loss: 0.241635
2026-08-18 23:16: Train Epoch 16: 360/820 Loss: 0.255254
2026-08-18 23:16: Train Epoch 16: 380/820 Loss: 0.244884
2026-08-18 23:16: Train Epoch 16: 400/820 Loss: 0.243732
2026-08-18 23:16: Train Epoch 16: 420/820 Loss: 0.252757
2026-08-18 23:16: Train Epoch 16: 440/820 Loss: 0.234336
2026-08-18 23:16: Train Epoch 16: 460/820 Loss: 0.239020
2026-08-18 23:16: Train Epoch 16: 480/820 Loss: 0.252958
2026-08-18 23:16: Train Epoch 16: 500/820 Loss: 0.245455
2026-08-18 23:16: Train Epoch 16: 520/820 Loss: 0.251188
2026-08-18 23:16: Train Epoch 16: 540/820 Loss: 0.247369
2026-08-18 23:16: Train Epoch 16: 560/820 Loss: 0.249889
2026-08-18 23:16: Train Epoch 16: 580/820 Loss: 0.240131
2026-08-18 23:16: Train Epoch 16: 600/820 Loss: 0.249158
2026-08-18 23:16: Train Epoch 16: 620/820 Loss: 0.245837
2026-08-18 23:16: Train Epoch 16: 640/820 Loss: 0.250565
2026-08-18 23:16: Train Epoch 16: 660/820 Loss: 0.246947
2026-08-18 23:16: Train Epoch 16: 680/820 Loss: 0.247945
2026-08-18 23:16: Train Epoch 16: 700/820 Loss: 0.248007
2026-08-18 23:16: Train Epoch 16: 720/820 Loss: 0.250874
2026-08-18 23:16: Train Epoch 16: 740/820 Loss: 0.234904
2026-08-18 23:17: Train Epoch 16: 760/820 Loss: 0.251322
2026-08-18 23:17: Train Epoch 16: 780/820 Loss: 0.240751
2026-08-18 23:17: Train Epoch 16: 800/820 Loss: 0.241827
2026-08-18 23:17: **********Train Epoch 16: averaged Loss: 0.247670, tf_ratio: 1.000000
2026-08-18 23:17: **********Val Epoch 16: average Loss: 0.321881
2026-08-18 23:17: Train Epoch 17: 0/820 Loss: 0.248204
2026-08-18 23:17: Train Epoch 17: 20/820 Loss: 0.244029
2026-08-18 23:17: Train Epoch 17: 40/820 Loss: 0.250418
2026-08-18 23:17: Train Epoch 17: 60/820 Loss: 0.243483
2026-08-18 23:17: Train Epoch 17: 80/820 Loss: 0.240089
2026-08-18 23:17: Train Epoch 17: 100/820 Loss: 0.245674
2026-08-18 23:17: Train Epoch 17: 120/820 Loss: 0.251007
2026-08-18 23:17: Train Epoch 17: 140/820 Loss: 0.245177
2026-08-18 23:17: Train Epoch 17: 160/820 Loss: 0.243405
2026-08-18 23:17: Train Epoch 17: 180/820 Loss: 0.241676
2026-08-18 23:17: Train Epoch 17: 200/820 Loss: 0.246941
2026-08-18 23:17: Train Epoch 17: 220/820 Loss: 0.249915
2026-08-18 23:17: Train Epoch 17: 240/820 Loss: 0.248436
2026-08-18 23:17: Train Epoch 17: 260/820 Loss: 0.245648
2026-08-18 23:17: Train Epoch 17: 280/820 Loss: 0.249520
2026-08-18 23:17: Train Epoch 17: 300/820 Loss: 0.247886
2026-08-18 23:17: Train Epoch 17: 320/820 Loss: 0.241788
2026-08-18 23:17: Train Epoch 17: 340/820 Loss: 0.242589
2026-08-18 23:17: Train Epoch 17: 360/820 Loss: 0.243607
2026-08-18 23:17: Train Epoch 17: 380/820 Loss: 0.235535
2026-08-18 23:17: Train Epoch 17: 400/820 Loss: 0.234715
2026-08-18 23:17: Train Epoch 17: 420/820 Loss: 0.253617
2026-08-18 23:17: Train Epoch 17: 440/820 Loss: 0.243579
2026-08-18 23:17: Train Epoch 17: 460/820 Loss: 0.241392
2026-08-18 23:17: Train Epoch 17: 480/820 Loss: 0.244365
2026-08-18 23:17: Train Epoch 17: 500/820 Loss: 0.248148
2026-08-18 23:17: Train Epoch 17: 520/820 Loss: 0.240553
2026-08-18 23:17: Train Epoch 17: 540/820 Loss: 0.238508
2026-08-18 23:17: Train Epoch 17: 560/820 Loss: 0.239554
2026-08-18 23:17: Train Epoch 17: 580/820 Loss: 0.246563
2026-08-18 23:17: Train Epoch 17: 600/820 Loss: 0.250395
2026-08-18 23:17: Train Epoch 17: 620/820 Loss: 0.248592
2026-08-18 23:17: Train Epoch 17: 640/820 Loss: 0.235482
2026-08-18 23:17: Train Epoch 17: 660/820 Loss: 0.238698
2026-08-18 23:18: Train Epoch 17: 680/820 Loss: 0.237258
2026-08-18 23:18: Train Epoch 17: 700/820 Loss: 0.231022
2026-08-18 23:18: Train Epoch 17: 720/820 Loss: 0.241600
2026-08-18 23:18: Train Epoch 17: 740/820 Loss: 0.242192
2026-08-18 23:18: Train Epoch 17: 760/820 Loss: 0.235337
2026-08-18 23:18: Train Epoch 17: 780/820 Loss: 0.247405
2026-08-18 23:18: Train Epoch 17: 800/820 Loss: 0.239453
2026-08-18 23:18: **********Train Epoch 17: averaged Loss: 0.244509, tf_ratio: 1.000000
2026-08-18 23:18: **********Val Epoch 17: average Loss: 0.321862
2026-08-18 23:18: Train Epoch 18: 0/820 Loss: 0.246631
2026-08-18 23:18: Train Epoch 18: 20/820 Loss: 0.248975
2026-08-18 23:18: Train Epoch 18: 40/820 Loss: 0.246682
2026-08-18 23:18: Train Epoch 18: 60/820 Loss: 0.253704
2026-08-18 23:18: Train Epoch 18: 80/820 Loss: 0.236263
2026-08-18 23:18: Train Epoch 18: 100/820 Loss: 0.239668
2026-08-18 23:18: Train Epoch 18: 120/820 Loss: 0.247053
2026-08-18 23:18: Train Epoch 18: 140/820 Loss: 0.242690
2026-08-18 23:18: Train Epoch 18: 160/820 Loss: 0.242014
2026-08-18 23:18: Train Epoch 18: 180/820 Loss: 0.243884
2026-08-18 23:18: Train Epoch 18: 200/820 Loss: 0.237969
2026-08-18 23:18: Train Epoch 18: 220/820 Loss: 0.235533
2026-08-18 23:18: Train Epoch 18: 240/820 Loss: 0.233030
2026-08-18 23:18: Train Epoch 18: 260/820 Loss: 0.247540
2026-08-18 23:18: Train Epoch 18: 280/820 Loss: 0.234103
2026-08-18 23:18: Train Epoch 18: 300/820 Loss: 0.238032
2026-08-18 23:18: Train Epoch 18: 320/820 Loss: 0.250267
2026-08-18 23:18: Train Epoch 18: 340/820 Loss: 0.237818
2026-08-18 23:18: Train Epoch 18: 360/820 Loss: 0.246949
2026-08-18 23:18: Train Epoch 18: 380/820 Loss: 0.242241
2026-08-18 23:18: Train Epoch 18: 400/820 Loss: 0.245706
2026-08-18 23:18: Train Epoch 18: 420/820 Loss: 0.237946
2026-08-18 23:18: Train Epoch 18: 440/820 Loss: 0.241429
2026-08-18 23:18: Train Epoch 18: 460/820 Loss: 0.235805
2026-08-18 23:18: Train Epoch 18: 480/820 Loss: 0.239745
2026-08-18 23:18: Train Epoch 18: 500/820 Loss: 0.241632
2026-08-18 23:18: Train Epoch 18: 520/820 Loss: 0.239281
2026-08-18 23:18: Train Epoch 18: 540/820 Loss: 0.252061
2026-08-18 23:18: Train Epoch 18: 560/820 Loss: 0.244588
2026-08-18 23:18: Train Epoch 18: 580/820 Loss: 0.242243
2026-08-18 23:19: Train Epoch 18: 600/820 Loss: 0.242361
2026-08-18 23:19: Train Epoch 18: 620/820 Loss: 0.243473
2026-08-18 23:19: Train Epoch 18: 640/820 Loss: 0.241895
2026-08-18 23:19: Train Epoch 18: 660/820 Loss: 0.234896
2026-08-18 23:19: Train Epoch 18: 680/820 Loss: 0.238370
2026-08-18 23:19: Train Epoch 18: 700/820 Loss: 0.235846
2026-08-18 23:19: Train Epoch 18: 720/820 Loss: 0.237046
2026-08-18 23:19: Train Epoch 18: 740/820 Loss: 0.247790
2026-08-18 23:19: Train Epoch 18: 760/820 Loss: 0.244946
2026-08-18 23:19: Train Epoch 18: 780/820 Loss: 0.234940
2026-08-18 23:19: Train Epoch 18: 800/820 Loss: 0.245390
2026-08-18 23:19: **********Train Epoch 18: averaged Loss: 0.241511, tf_ratio: 1.000000
2026-08-18 23:19: **********Val Epoch 18: average Loss: 0.322334
2026-08-18 23:19: Train Epoch 19: 0/820 Loss: 0.243568
2026-08-18 23:19: Train Epoch 19: 20/820 Loss: 0.239694
2026-08-18 23:19: Train Epoch 19: 40/820 Loss: 0.243164
2026-08-18 23:19: Train Epoch 19: 60/820 Loss: 0.235364
2026-08-18 23:19: Train Epoch 19: 80/820 Loss: 0.234516
2026-08-18 23:19: Train Epoch 19: 100/820 Loss: 0.251013
2026-08-18 23:19: Train Epoch 19: 120/820 Loss: 0.242933
2026-08-18 23:19: Train Epoch 19: 140/820 Loss: 0.249789
2026-08-18 23:19: Train Epoch 19: 160/820 Loss: 0.245092
2026-08-18 23:19: Train Epoch 19: 180/820 Loss: 0.243553
2026-08-18 23:19: Train Epoch 19: 200/820 Loss: 0.248653
2026-08-18 23:19: Train Epoch 19: 220/820 Loss: 0.241347
2026-08-18 23:19: Train Epoch 19: 240/820 Loss: 0.232670
2026-08-18 23:19: Train Epoch 19: 260/820 Loss: 0.243645
2026-08-18 23:19: Train Epoch 19: 280/820 Loss: 0.245311
2026-08-18 23:19: Train Epoch 19: 300/820 Loss: 0.240444
2026-08-18 23:19: Train Epoch 19: 320/820 Loss: 0.236096
2026-08-18 23:19: Train Epoch 19: 340/820 Loss: 0.230247
2026-08-18 23:19: Train Epoch 19: 360/820 Loss: 0.245650
2026-08-18 23:19: Train Epoch 19: 380/820 Loss: 0.237112
2026-08-18 23:19: Train Epoch 19: 400/820 Loss: 0.233562
2026-08-18 23:19: Train Epoch 19: 420/820 Loss: 0.239809
2026-08-18 23:19: Train Epoch 19: 440/820 Loss: 0.246829
2026-08-18 23:19: Train Epoch 19: 460/820 Loss: 0.222134
2026-08-18 23:19: Train Epoch 19: 480/820 Loss: 0.248147
2026-08-18 23:19: Train Epoch 19: 500/820 Loss: 0.240669
2026-08-18 23:20: Train Epoch 19: 520/820 Loss: 0.244929
2026-08-18 23:20: Train Epoch 19: 540/820 Loss: 0.234486
2026-08-18 23:20: Train Epoch 19: 560/820 Loss: 0.239834
2026-08-18 23:20: Train Epoch 19: 580/820 Loss: 0.240009
2026-08-18 23:20: Train Epoch 19: 600/820 Loss: 0.234046
2026-08-18 23:20: Train Epoch 19: 620/820 Loss: 0.237987
2026-08-18 23:20: Train Epoch 19: 640/820 Loss: 0.243703
2026-08-18 23:20: Train Epoch 19: 660/820 Loss: 0.232902
2026-08-18 23:20: Train Epoch 19: 680/820 Loss: 0.240753
2026-08-18 23:20: Train Epoch 19: 700/820 Loss: 0.239209
2026-08-18 23:20: Train Epoch 19: 720/820 Loss: 0.241047
2026-08-18 23:20: Train Epoch 19: 740/820 Loss: 0.237449
2026-08-18 23:20: Train Epoch 19: 760/820 Loss: 0.241910
2026-08-18 23:20: Train Epoch 19: 780/820 Loss: 0.240961
2026-08-18 23:20: Train Epoch 19: 800/820 Loss: 0.238815
2026-08-18 23:20: **********Train Epoch 19: averaged Loss: 0.238805, tf_ratio: 1.000000
2026-08-18 23:20: **********Val Epoch 19: average Loss: 0.326331
2026-08-18 23:20: Train Epoch 20: 0/820 Loss: 0.235910
2026-08-18 23:20: Train Epoch 20: 20/820 Loss: 0.233748
2026-08-18 23:20: Train Epoch 20: 40/820 Loss: 0.238227
2026-08-18 23:20: Train Epoch 20: 60/820 Loss: 0.235322
2026-08-18 23:20: Train Epoch 20: 80/820 Loss: 0.239342
2026-08-18 23:20: Train Epoch 20: 100/820 Loss: 0.236145
2026-08-18 23:20: Train Epoch 20: 120/820 Loss: 0.237019
2026-08-18 23:20: Train Epoch 20: 140/820 Loss: 0.232851
2026-08-18 23:20: Train Epoch 20: 160/820 Loss: 0.248543
2026-08-18 23:20: Train Epoch 20: 180/820 Loss: 0.235675
2026-08-18 23:20: Train Epoch 20: 200/820 Loss: 0.243904
2026-08-18 23:20: Train Epoch 20: 220/820 Loss: 0.238845
2026-08-18 23:20: Train Epoch 20: 240/820 Loss: 0.244201
2026-08-18 23:20: Train Epoch 20: 260/820 Loss: 0.232741
2026-08-18 23:20: Train Epoch 20: 280/820 Loss: 0.229424
2026-08-18 23:20: Train Epoch 20: 300/820 Loss: 0.230021
2026-08-18 23:20: Train Epoch 20: 320/820 Loss: 0.236312
2026-08-18 23:20: Train Epoch 20: 340/820 Loss: 0.243438
2026-08-18 23:20: Train Epoch 20: 360/820 Loss: 0.229987
2026-08-18 23:20: Train Epoch 20: 380/820 Loss: 0.243805
2026-08-18 23:20: Train Epoch 20: 400/820 Loss: 0.234497
2026-08-18 23:20: Train Epoch 20: 420/820 Loss: 0.240431
2026-08-18 23:20: Train Epoch 20: 440/820 Loss: 0.240887
2026-08-18 23:21: Train Epoch 20: 460/820 Loss: 0.245721
2026-08-18 23:21: Train Epoch 20: 480/820 Loss: 0.237210
2026-08-18 23:21: Train Epoch 20: 500/820 Loss: 0.235490
2026-08-18 23:21: Train Epoch 20: 520/820 Loss: 0.245736
2026-08-18 23:21: Train Epoch 20: 540/820 Loss: 0.243085
2026-08-18 23:21: Train Epoch 20: 560/820 Loss: 0.231371
2026-08-18 23:21: Train Epoch 20: 580/820 Loss: 0.239618
2026-08-18 23:21: Train Epoch 20: 600/820 Loss: 0.237698
2026-08-18 23:21: Train Epoch 20: 620/820 Loss: 0.235668
2026-08-18 23:21: Train Epoch 20: 640/820 Loss: 0.232832
2026-08-18 23:21: Train Epoch 20: 660/820 Loss: 0.222626
2026-08-18 23:21: Train Epoch 20: 680/820 Loss: 0.240174
2026-08-18 23:21: Train Epoch 20: 700/820 Loss: 0.225069
2026-08-18 23:21: Train Epoch 20: 720/820 Loss: 0.225567
2026-08-18 23:21: Train Epoch 20: 740/820 Loss: 0.240983
2026-08-18 23:21: Train Epoch 20: 760/820 Loss: 0.238606
2026-08-18 23:21: Train Epoch 20: 780/820 Loss: 0.231812
2026-08-18 23:21: Train Epoch 20: 800/820 Loss: 0.245589
2026-08-18 23:21: **********Train Epoch 20: averaged Loss: 0.236123, tf_ratio: 1.000000
2026-08-18 23:21: **********Val Epoch 20: average Loss: 0.326884
2026-08-18 23:21: Train Epoch 21: 0/820 Loss: 0.230185
2026-08-18 23:21: Train Epoch 21: 20/820 Loss: 0.232895
2026-08-18 23:21: Train Epoch 21: 40/820 Loss: 0.231048
2026-08-18 23:21: Train Epoch 21: 60/820 Loss: 0.240401
2026-08-18 23:21: Train Epoch 21: 80/820 Loss: 0.234102
2026-08-18 23:21: Train Epoch 21: 100/820 Loss: 0.232292
2026-08-18 23:21: Train Epoch 21: 120/820 Loss: 0.240234
2026-08-18 23:21: Train Epoch 21: 140/820 Loss: 0.225562
2026-08-18 23:21: Train Epoch 21: 160/820 Loss: 0.232683
2026-08-18 23:21: Train Epoch 21: 180/820 Loss: 0.230403
2026-08-18 23:21: Train Epoch 21: 200/820 Loss: 0.241026
2026-08-18 23:21: Train Epoch 21: 220/820 Loss: 0.243436
2026-08-18 23:21: Train Epoch 21: 240/820 Loss: 0.233479
2026-08-18 23:21: Train Epoch 21: 260/820 Loss: 0.232892
2026-08-18 23:21: Train Epoch 21: 280/820 Loss: 0.233440
2026-08-18 23:21: Train Epoch 21: 300/820 Loss: 0.240744
2026-08-18 23:21: Train Epoch 21: 320/820 Loss: 0.227939
2026-08-18 23:21: Train Epoch 21: 340/820 Loss: 0.234260
2026-08-18 23:21: Train Epoch 21: 360/820 Loss: 0.233876
2026-08-18 23:22: Train Epoch 21: 380/820 Loss: 0.230919
2026-08-18 23:22: Train Epoch 21: 400/820 Loss: 0.228790
2026-08-18 23:22: Train Epoch 21: 420/820 Loss: 0.234174
2026-08-18 23:22: Train Epoch 21: 440/820 Loss: 0.242325
2026-08-18 23:22: Train Epoch 21: 460/820 Loss: 0.227308
2026-08-18 23:22: Train Epoch 21: 480/820 Loss: 0.226869
2026-08-18 23:22: Train Epoch 21: 500/820 Loss: 0.227572
2026-08-18 23:22: Train Epoch 21: 520/820 Loss: 0.230937
2026-08-18 23:22: Train Epoch 21: 540/820 Loss: 0.233199
2026-08-18 23:22: Train Epoch 21: 560/820 Loss: 0.235610
2026-08-18 23:22: Train Epoch 21: 580/820 Loss: 0.224362
2026-08-18 23:22: Train Epoch 21: 600/820 Loss: 0.234620
2026-08-18 23:22: Train Epoch 21: 620/820 Loss: 0.228661
2026-08-18 23:22: Train Epoch 21: 640/820 Loss: 0.227644
2026-08-18 23:22: Train Epoch 21: 660/820 Loss: 0.236012
2026-08-18 23:22: Train Epoch 21: 680/820 Loss: 0.235204
2026-08-18 23:22: Train Epoch 21: 700/820 Loss: 0.230560
2026-08-18 23:22: Train Epoch 21: 720/820 Loss: 0.225563
2026-08-18 23:22: Train Epoch 21: 740/820 Loss: 0.223942
2026-08-18 23:22: Train Epoch 21: 760/820 Loss: 0.231887
2026-08-18 23:22: Train Epoch 21: 780/820 Loss: 0.229919
2026-08-18 23:22: Train Epoch 21: 800/820 Loss: 0.234383
2026-08-18 23:22: **********Train Epoch 21: averaged Loss: 0.233503, tf_ratio: 1.000000
2026-08-18 23:22: **********Val Epoch 21: average Loss: 0.322887
2026-08-18 23:22: Train Epoch 22: 0/820 Loss: 0.234556
2026-08-18 23:22: Train Epoch 22: 20/820 Loss: 0.236486
2026-08-18 23:22: Train Epoch 22: 40/820 Loss: 0.243587
2026-08-18 23:22: Train Epoch 22: 60/820 Loss: 0.238440
2026-08-18 23:22: Train Epoch 22: 80/820 Loss: 0.230428
2026-08-18 23:22: Train Epoch 22: 100/820 Loss: 0.225050
2026-08-18 23:22: Train Epoch 22: 120/820 Loss: 0.228430
2026-08-18 23:22: Train Epoch 22: 140/820 Loss: 0.230730
2026-08-18 23:22: Train Epoch 22: 160/820 Loss: 0.233507
2026-08-18 23:22: Train Epoch 22: 180/820 Loss: 0.221960
2026-08-18 23:22: Train Epoch 22: 200/820 Loss: 0.229954
2026-08-18 23:22: Train Epoch 22: 220/820 Loss: 0.226983
2026-08-18 23:22: Train Epoch 22: 240/820 Loss: 0.226325
2026-08-18 23:22: Train Epoch 22: 260/820 Loss: 0.234940
2026-08-18 23:22: Train Epoch 22: 280/820 Loss: 0.238748
2026-08-18 23:23: Train Epoch 22: 300/820 Loss: 0.228738
2026-08-18 23:23: Train Epoch 22: 320/820 Loss: 0.241183
2026-08-18 23:23: Train Epoch 22: 340/820 Loss: 0.232746
2026-08-18 23:23: Train Epoch 22: 360/820 Loss: 0.237236
2026-08-18 23:23: Train Epoch 22: 380/820 Loss: 0.233966
2026-08-18 23:23: Train Epoch 22: 400/820 Loss: 0.228315
2026-08-18 23:23: Train Epoch 22: 420/820 Loss: 0.230782
2026-08-18 23:23: Train Epoch 22: 440/820 Loss: 0.241125
2026-08-18 23:23: Train Epoch 22: 460/820 Loss: 0.233091
2026-08-18 23:23: Train Epoch 22: 480/820 Loss: 0.225207
2026-08-18 23:23: Train Epoch 22: 500/820 Loss: 0.227228
2026-08-18 23:23: Train Epoch 22: 520/820 Loss: 0.234947
2026-08-18 23:23: Train Epoch 22: 540/820 Loss: 0.227583
2026-08-18 23:23: Train Epoch 22: 560/820 Loss: 0.232695
2026-08-18 23:23: Train Epoch 22: 580/820 Loss: 0.224193
2026-08-18 23:23: Train Epoch 22: 600/820 Loss: 0.226773
2026-08-18 23:23: Train Epoch 22: 620/820 Loss: 0.228080
2026-08-18 23:23: Train Epoch 22: 640/820 Loss: 0.233832
2026-08-18 23:23: Train Epoch 22: 660/820 Loss: 0.229165
2026-08-18 23:23: Train Epoch 22: 680/820 Loss: 0.239601
2026-08-18 23:23: Train Epoch 22: 700/820 Loss: 0.229917
2026-08-18 23:23: Train Epoch 22: 720/820 Loss: 0.233244
2026-08-18 23:23: Train Epoch 22: 740/820 Loss: 0.230822
2026-08-18 23:23: Train Epoch 22: 760/820 Loss: 0.229511
2026-08-18 23:23: Train Epoch 22: 780/820 Loss: 0.241618
2026-08-18 23:23: Train Epoch 22: 800/820 Loss: 0.231911
2026-08-18 23:23: **********Train Epoch 22: averaged Loss: 0.231000, tf_ratio: 1.000000
2026-08-18 23:23: **********Val Epoch 22: average Loss: 0.325194
2026-08-18 23:23: Validation performance didn't improve for 15 epochs. Training stops.
2026-08-18 23:23: Total training time: 24.1267min, best loss: 0.312566
2026-08-18 23:23: Saving current best model to /scratch/chkkar002/Diffusion_Based_STGNNs/AGCRN/model/experiments/SAWS/trial28_20260818225933/best_model.pth
2026-08-18 23:23: Horizon 01, MAE: 0.12, RMSE: 0.17, MAPE: 62.4375%
2026-08-18 23:23: Horizon 02, MAE: 0.16, RMSE: 0.22, MAPE: 81.7816%
2026-08-18 23:23: Horizon 03, MAE: 0.19, RMSE: 0.26, MAPE: 99.1875%
2026-08-18 23:23: Horizon 04, MAE: 0.21, RMSE: 0.29, MAPE: 112.5963%
2026-08-18 23:23: Horizon 05, MAE: 0.23, RMSE: 0.31, MAPE: 119.7170%
2026-08-18 23:23: Horizon 06, MAE: 0.24, RMSE: 0.33, MAPE: 129.4289%
2026-08-18 23:23: Horizon 07, MAE: 0.26, RMSE: 0.35, MAPE: 140.3429%
2026-08-18 23:23: Horizon 08, MAE: 0.27, RMSE: 0.36, MAPE: 145.6417%
2026-08-18 23:23: Horizon 09, MAE: 0.27, RMSE: 0.37, MAPE: 149.4063%
2026-08-18 23:23: Horizon 10, MAE: 0.28, RMSE: 0.38, MAPE: 153.3160%
2026-08-18 23:23: Horizon 11, MAE: 0.28, RMSE: 0.38, MAPE: 154.9710%
2026-08-18 23:23: Horizon 12, MAE: 0.29, RMSE: 0.39, MAPE: 157.5075%
2026-08-18 23:23: Horizon 13, MAE: 0.29, RMSE: 0.40, MAPE: 159.3465%
2026-08-18 23:23: Horizon 14, MAE: 0.29, RMSE: 0.40, MAPE: 162.0349%
2026-08-18 23:23: Horizon 15, MAE: 0.30, RMSE: 0.40, MAPE: 166.2002%
2026-08-18 23:23: Horizon 16, MAE: 0.30, RMSE: 0.41, MAPE: 168.9826%
2026-08-18 23:23: Horizon 17, MAE: 0.30, RMSE: 0.41, MAPE: 165.3852%
2026-08-18 23:23: Horizon 18, MAE: 0.30, RMSE: 0.41, MAPE: 166.5710%
2026-08-18 23:23: Horizon 19, MAE: 0.31, RMSE: 0.42, MAPE: 165.4662%
2026-08-18 23:23: Horizon 20, MAE: 0.31, RMSE: 0.42, MAPE: 168.1699%
2026-08-18 23:23: Horizon 21, MAE: 0.31, RMSE: 0.43, MAPE: 164.3342%
2026-08-18 23:23: Horizon 22, MAE: 0.32, RMSE: 0.43, MAPE: 163.1540%
2026-08-18 23:23: Horizon 23, MAE: 0.32, RMSE: 0.43, MAPE: 162.5991%
2026-08-18 23:23: Horizon 24, MAE: 0.32, RMSE: 0.44, MAPE: 161.8563%
2026-08-18 23:23: Horizon 25, MAE: 0.33, RMSE: 0.45, MAPE: 165.9626%
2026-08-18 23:23: Horizon 26, MAE: 0.34, RMSE: 0.46, MAPE: 169.6811%
2026-08-18 23:23: Horizon 27, MAE: 0.34, RMSE: 0.46, MAPE: 172.1976%
2026-08-18 23:23: Horizon 28, MAE: 0.35, RMSE: 0.47, MAPE: 172.2836%
2026-08-18 23:23: Horizon 29, MAE: 0.35, RMSE: 0.47, MAPE: 177.4746%
2026-08-18 23:23: Horizon 30, MAE: 0.36, RMSE: 0.48, MAPE: 177.1422%
2026-08-18 23:23: Horizon 31, MAE: 0.36, RMSE: 0.48, MAPE: 181.4300%
2026-08-18 23:23: Horizon 32, MAE: 0.36, RMSE: 0.49, MAPE: 185.5849%
2026-08-18 23:23: Horizon 33, MAE: 0.37, RMSE: 0.49, MAPE: 183.9933%
2026-08-18 23:23: Horizon 34, MAE: 0.37, RMSE: 0.50, MAPE: 184.8117%
2026-08-18 23:23: Horizon 35, MAE: 0.37, RMSE: 0.50, MAPE: 190.0501%
2026-08-18 23:23: Horizon 36, MAE: 0.37, RMSE: 0.50, MAPE: 193.3313%
2026-08-18 23:23: Horizon 37, MAE: 0.37, RMSE: 0.50, MAPE: 193.9130%
2026-08-18 23:23: Horizon 38, MAE: 0.37, RMSE: 0.50, MAPE: 197.5199%
2026-08-18 23:23: Horizon 39, MAE: 0.38, RMSE: 0.50, MAPE: 199.6712%
2026-08-18 23:23: Horizon 40, MAE: 0.38, RMSE: 0.50, MAPE: 200.2127%
2026-08-18 23:23: Horizon 41, MAE: 0.38, RMSE: 0.51, MAPE: 200.6585%
2026-08-18 23:23: Horizon 42, MAE: 0.38, RMSE: 0.51, MAPE: 198.5091%
2026-08-18 23:23: Horizon 43, MAE: 0.38, RMSE: 0.51, MAPE: 197.5134%
2026-08-18 23:23: Horizon 44, MAE: 0.38, RMSE: 0.51, MAPE: 196.6855%
2026-08-18 23:23: Horizon 45, MAE: 0.38, RMSE: 0.51, MAPE: 196.0931%
2026-08-18 23:23: Horizon 46, MAE: 0.38, RMSE: 0.51, MAPE: 196.8160%
2026-08-18 23:23: Horizon 47, MAE: 0.38, RMSE: 0.51, MAPE: 195.9082%
2026-08-18 23:23: Horizon 48, MAE: 0.39, RMSE: 0.52, MAPE: 194.6711%
2026-08-18 23:23: Average Horizon, MAE: 0.32, RMSE: 0.44, MAPE: 166.7243%
