2026-08-17 02:05: Experiment log path in: /scratch/chkkar002/Diffusion_Based_STGNNs/AGCRN/model/experiments/SAWS/trial24_20260817020512
2026-08-17 02:05: Train Epoch 1: 0/820 Loss: 17.109081
2026-08-17 02:05: Train Epoch 1: 20/820 Loss: 12.545532
2026-08-17 02:05: Train Epoch 1: 40/820 Loss: 8.272959
2026-08-17 02:05: Train Epoch 1: 60/820 Loss: 6.015469
2026-08-17 02:05: Train Epoch 1: 80/820 Loss: 5.244653
2026-08-17 02:05: Train Epoch 1: 100/820 Loss: 5.501743
2026-08-17 02:05: Train Epoch 1: 120/820 Loss: 5.369031
2026-08-17 02:05: Train Epoch 1: 140/820 Loss: 5.156973
2026-08-17 02:05: Train Epoch 1: 160/820 Loss: 4.917558
2026-08-17 02:06: Train Epoch 1: 180/820 Loss: 4.742544
2026-08-17 02:06: Train Epoch 1: 200/820 Loss: 4.680770
2026-08-17 02:06: Train Epoch 1: 220/820 Loss: 4.276299
2026-08-17 02:06: Train Epoch 1: 240/820 Loss: 4.445946
2026-08-17 02:06: Train Epoch 1: 260/820 Loss: 4.151428
2026-08-17 02:06: Train Epoch 1: 280/820 Loss: 4.056990
2026-08-17 02:06: Train Epoch 1: 300/820 Loss: 3.922486
2026-08-17 02:06: Train Epoch 1: 320/820 Loss: 4.112491
2026-08-17 02:06: Train Epoch 1: 340/820 Loss: 3.882210
2026-08-17 02:06: Train Epoch 1: 360/820 Loss: 3.735752
2026-08-17 02:06: Train Epoch 1: 380/820 Loss: 3.724300
2026-08-17 02:06: Train Epoch 1: 400/820 Loss: 3.458780
2026-08-17 02:07: Train Epoch 1: 420/820 Loss: 3.444863
2026-08-17 02:07: Train Epoch 1: 440/820 Loss: 3.462302
2026-08-17 02:07: Train Epoch 1: 460/820 Loss: 3.161867
2026-08-17 02:07: Train Epoch 1: 480/820 Loss: 2.799277
2026-08-17 02:07: Train Epoch 1: 500/820 Loss: 2.836474
2026-08-17 02:07: Train Epoch 1: 520/820 Loss: 2.691987
2026-08-17 02:07: Train Epoch 1: 540/820 Loss: 2.617136
2026-08-17 02:07: Train Epoch 1: 560/820 Loss: 2.449958
2026-08-17 02:07: Train Epoch 1: 580/820 Loss: 2.485454
2026-08-17 02:07: Train Epoch 1: 600/820 Loss: 2.385060
2026-08-17 02:07: Train Epoch 1: 620/820 Loss: 2.518802
2026-08-17 02:08: Train Epoch 1: 640/820 Loss: 2.364938
2026-08-17 02:08: Train Epoch 1: 660/820 Loss: 2.368649
2026-08-17 02:08: Train Epoch 1: 680/820 Loss: 2.396067
2026-08-17 02:08: Train Epoch 1: 700/820 Loss: 2.170892
2026-08-17 02:08: Train Epoch 1: 720/820 Loss: 2.288816
2026-08-17 02:08: Train Epoch 1: 740/820 Loss: 2.318765
2026-08-17 02:08: Train Epoch 1: 760/820 Loss: 2.292671
2026-08-17 02:08: Train Epoch 1: 780/820 Loss: 2.217017
2026-08-17 02:08: Train Epoch 1: 800/820 Loss: 2.058207
2026-08-17 02:08: **********Train Epoch 1: averaged Loss: 4.006034, tf_ratio: 1.000000
2026-08-17 02:09: **********Val Epoch 1: average Loss: 2.111815
2026-08-17 02:09: *********************************Current best model saved!
2026-08-17 02:09: Train Epoch 2: 0/820 Loss: 2.145280
2026-08-17 02:09: Train Epoch 2: 20/820 Loss: 2.093590
2026-08-17 02:09: Train Epoch 2: 40/820 Loss: 2.080183
2026-08-17 02:09: Train Epoch 2: 60/820 Loss: 2.158288
2026-08-17 02:09: Train Epoch 2: 80/820 Loss: 2.006528
2026-08-17 02:09: Train Epoch 2: 100/820 Loss: 2.029631
2026-08-17 02:09: Train Epoch 2: 120/820 Loss: 2.111916
2026-08-17 02:09: Train Epoch 2: 140/820 Loss: 2.029867
2026-08-17 02:09: Train Epoch 2: 160/820 Loss: 1.967925
2026-08-17 02:09: Train Epoch 2: 180/820 Loss: 2.030204
2026-08-17 02:10: Train Epoch 2: 200/820 Loss: 1.995822
2026-08-17 02:10: Train Epoch 2: 220/820 Loss: 2.048395
2026-08-17 02:10: Train Epoch 2: 240/820 Loss: 1.964394
2026-08-17 02:10: Train Epoch 2: 260/820 Loss: 1.931041
2026-08-17 02:10: Train Epoch 2: 280/820 Loss: 1.963757
2026-08-17 02:10: Train Epoch 2: 300/820 Loss: 1.840255
2026-08-17 02:10: Train Epoch 2: 320/820 Loss: 1.925148
2026-08-17 02:10: Train Epoch 2: 340/820 Loss: 1.985325
2026-08-17 02:10: Train Epoch 2: 360/820 Loss: 2.025065
2026-08-17 02:10: Train Epoch 2: 380/820 Loss: 1.872421
2026-08-17 02:10: Train Epoch 2: 400/820 Loss: 2.042773
2026-08-17 02:10: Train Epoch 2: 420/820 Loss: 1.951548
2026-08-17 02:11: Train Epoch 2: 440/820 Loss: 1.926514
2026-08-17 02:11: Train Epoch 2: 460/820 Loss: 1.858540
2026-08-17 02:11: Train Epoch 2: 480/820 Loss: 1.958669
2026-08-17 02:11: Train Epoch 2: 500/820 Loss: 1.866154
2026-08-17 02:11: Train Epoch 2: 520/820 Loss: 1.857165
2026-08-17 02:11: Train Epoch 2: 540/820 Loss: 1.954110
2026-08-17 02:11: Train Epoch 2: 560/820 Loss: 1.870114
2026-08-17 02:11: Train Epoch 2: 580/820 Loss: 1.934576
2026-08-17 02:11: Train Epoch 2: 600/820 Loss: 1.955848
2026-08-17 02:11: Train Epoch 2: 620/820 Loss: 1.893110
2026-08-17 02:11: Train Epoch 2: 640/820 Loss: 1.838343
2026-08-17 02:12: Train Epoch 2: 660/820 Loss: 1.889129
2026-08-17 02:12: Train Epoch 2: 680/820 Loss: 1.817849
2026-08-17 02:12: Train Epoch 2: 700/820 Loss: 1.872462
2026-08-17 02:12: Train Epoch 2: 720/820 Loss: 1.868371
2026-08-17 02:12: Train Epoch 2: 740/820 Loss: 1.723822
2026-08-17 02:12: Train Epoch 2: 760/820 Loss: 1.776062
2026-08-17 02:12: Train Epoch 2: 780/820 Loss: 1.841316
2026-08-17 02:12: Train Epoch 2: 800/820 Loss: 1.838873
2026-08-17 02:12: **********Train Epoch 2: averaged Loss: 1.940539, tf_ratio: 1.000000
2026-08-17 02:13: **********Val Epoch 2: average Loss: 1.851819
2026-08-17 02:13: *********************************Current best model saved!
2026-08-17 02:13: Train Epoch 3: 0/820 Loss: 1.758482
2026-08-17 02:13: Train Epoch 3: 20/820 Loss: 1.810742
2026-08-17 02:13: Train Epoch 3: 40/820 Loss: 1.909804
2026-08-17 02:13: Train Epoch 3: 60/820 Loss: 1.836796
2026-08-17 02:13: Train Epoch 3: 80/820 Loss: 1.750052
2026-08-17 02:13: Train Epoch 3: 100/820 Loss: 1.815430
2026-08-17 02:13: Train Epoch 3: 120/820 Loss: 1.753637
2026-08-17 02:13: Train Epoch 3: 140/820 Loss: 1.762609
2026-08-17 02:13: Train Epoch 3: 160/820 Loss: 1.760363
2026-08-17 02:13: Train Epoch 3: 180/820 Loss: 1.819743
2026-08-17 02:13: Train Epoch 3: 200/820 Loss: 1.824324
2026-08-17 02:14: Train Epoch 3: 220/820 Loss: 1.812237
2026-08-17 02:14: Train Epoch 3: 240/820 Loss: 1.811024
2026-08-17 02:14: Train Epoch 3: 260/820 Loss: 1.795093
2026-08-17 02:14: Train Epoch 3: 280/820 Loss: 1.834850
2026-08-17 02:14: Train Epoch 3: 300/820 Loss: 1.748305
2026-08-17 02:14: Train Epoch 3: 320/820 Loss: 1.704478
2026-08-17 02:14: Train Epoch 3: 340/820 Loss: 1.741943
2026-08-17 02:14: Train Epoch 3: 360/820 Loss: 1.663426
2026-08-17 02:14: Train Epoch 3: 380/820 Loss: 1.717527
2026-08-17 02:14: Train Epoch 3: 400/820 Loss: 1.758500
2026-08-17 02:14: Train Epoch 3: 420/820 Loss: 1.707241
2026-08-17 02:14: Train Epoch 3: 440/820 Loss: 1.732516
2026-08-17 02:15: Train Epoch 3: 460/820 Loss: 1.761501
2026-08-17 02:15: Train Epoch 3: 480/820 Loss: 1.769634
2026-08-17 02:15: Train Epoch 3: 500/820 Loss: 1.834456
2026-08-17 02:15: Train Epoch 3: 520/820 Loss: 1.744567
2026-08-17 02:15: Train Epoch 3: 540/820 Loss: 1.712869
2026-08-17 02:15: Train Epoch 3: 560/820 Loss: 1.754262
2026-08-17 02:15: Train Epoch 3: 580/820 Loss: 1.732591
2026-08-17 02:15: Train Epoch 3: 600/820 Loss: 1.791848
2026-08-17 02:15: Train Epoch 3: 620/820 Loss: 1.744852
2026-08-17 02:15: Train Epoch 3: 640/820 Loss: 1.771957
2026-08-17 02:15: Train Epoch 3: 660/820 Loss: 1.706778
2026-08-17 02:16: Train Epoch 3: 680/820 Loss: 1.745535
2026-08-17 02:16: Train Epoch 3: 700/820 Loss: 1.781207
2026-08-17 02:16: Train Epoch 3: 720/820 Loss: 1.794159
2026-08-17 02:16: Train Epoch 3: 740/820 Loss: 1.629616
2026-08-17 02:16: Train Epoch 3: 760/820 Loss: 1.695105
2026-08-17 02:16: Train Epoch 3: 780/820 Loss: 1.621270
2026-08-17 02:16: Train Epoch 3: 800/820 Loss: 1.635207
2026-08-17 02:16: **********Train Epoch 3: averaged Loss: 1.760593, tf_ratio: 1.000000
2026-08-17 02:16: **********Val Epoch 3: average Loss: 1.828712
2026-08-17 02:16: *********************************Current best model saved!
2026-08-17 02:16: Train Epoch 4: 0/820 Loss: 1.688153
2026-08-17 02:17: Train Epoch 4: 20/820 Loss: 1.637097
2026-08-17 02:17: Train Epoch 4: 40/820 Loss: 1.795590
2026-08-17 02:17: Train Epoch 4: 60/820 Loss: 1.535120
2026-08-17 02:17: Train Epoch 4: 80/820 Loss: 1.687532
2026-08-17 02:17: Train Epoch 4: 100/820 Loss: 1.674042
2026-08-17 02:17: Train Epoch 4: 120/820 Loss: 1.686594
2026-08-17 02:17: Train Epoch 4: 140/820 Loss: 1.719887
2026-08-17 02:17: Train Epoch 4: 160/820 Loss: 1.663473
2026-08-17 02:17: Train Epoch 4: 180/820 Loss: 1.610606
2026-08-17 02:17: Train Epoch 4: 200/820 Loss: 1.713784
2026-08-17 02:17: Train Epoch 4: 220/820 Loss: 1.760154
2026-08-17 02:18: Train Epoch 4: 240/820 Loss: 1.637060
2026-08-17 02:18: Train Epoch 4: 260/820 Loss: 1.650475
2026-08-17 02:18: Train Epoch 4: 280/820 Loss: 1.652896
2026-08-17 02:18: Train Epoch 4: 300/820 Loss: 1.731666
2026-08-17 02:18: Train Epoch 4: 320/820 Loss: 1.723972
2026-08-17 02:18: Train Epoch 4: 340/820 Loss: 1.689061
2026-08-17 02:18: Train Epoch 4: 360/820 Loss: 1.609843
2026-08-17 02:18: Train Epoch 4: 380/820 Loss: 1.673557
2026-08-17 02:18: Train Epoch 4: 400/820 Loss: 1.669479
2026-08-17 02:18: Train Epoch 4: 420/820 Loss: 1.662969
2026-08-17 02:18: Train Epoch 4: 440/820 Loss: 1.638912
2026-08-17 02:18: Train Epoch 4: 460/820 Loss: 1.648764
2026-08-17 02:19: Train Epoch 4: 480/820 Loss: 1.699540
2026-08-17 02:19: Train Epoch 4: 500/820 Loss: 1.671942
2026-08-17 02:19: Train Epoch 4: 520/820 Loss: 1.592276
2026-08-17 02:19: Train Epoch 4: 540/820 Loss: 1.756327
2026-08-17 02:19: Train Epoch 4: 560/820 Loss: 1.644858
2026-08-17 02:19: Train Epoch 4: 580/820 Loss: 1.666342
2026-08-17 02:19: Train Epoch 4: 600/820 Loss: 1.705835
2026-08-17 02:19: Train Epoch 4: 620/820 Loss: 1.610821
2026-08-17 02:19: Train Epoch 4: 640/820 Loss: 1.681876
2026-08-17 02:19: Train Epoch 4: 660/820 Loss: 1.680761
2026-08-17 02:19: Train Epoch 4: 680/820 Loss: 1.727310
2026-08-17 02:20: Train Epoch 4: 700/820 Loss: 1.627831
2026-08-17 02:20: Train Epoch 4: 720/820 Loss: 1.594108
2026-08-17 02:20: Train Epoch 4: 740/820 Loss: 1.622097
2026-08-17 02:20: Train Epoch 4: 760/820 Loss: 1.656353
2026-08-17 02:20: Train Epoch 4: 780/820 Loss: 1.630916
2026-08-17 02:20: Train Epoch 4: 800/820 Loss: 1.638613
2026-08-17 02:20: **********Train Epoch 4: averaged Loss: 1.652718, tf_ratio: 1.000000
2026-08-17 02:20: **********Val Epoch 4: average Loss: 1.801378
2026-08-17 02:20: *********************************Current best model saved!
2026-08-17 02:20: Train Epoch 5: 0/820 Loss: 1.633273
2026-08-17 02:20: Train Epoch 5: 20/820 Loss: 1.531097
2026-08-17 02:21: Train Epoch 5: 40/820 Loss: 1.609562
2026-08-17 02:21: Train Epoch 5: 60/820 Loss: 1.616448
2026-08-17 02:21: Train Epoch 5: 80/820 Loss: 1.536708
2026-08-17 02:21: Train Epoch 5: 100/820 Loss: 1.584571
2026-08-17 02:21: Train Epoch 5: 120/820 Loss: 1.626822
2026-08-17 02:21: Train Epoch 5: 140/820 Loss: 1.578807
2026-08-17 02:21: Train Epoch 5: 160/820 Loss: 1.616311
2026-08-17 02:21: Train Epoch 5: 180/820 Loss: 1.566458
2026-08-17 02:21: Train Epoch 5: 200/820 Loss: 1.499197
2026-08-17 02:21: Train Epoch 5: 220/820 Loss: 1.515544
2026-08-17 02:21: Train Epoch 5: 240/820 Loss: 1.672956
2026-08-17 02:22: Train Epoch 5: 260/820 Loss: 1.559042
2026-08-17 02:22: Train Epoch 5: 280/820 Loss: 1.531328
2026-08-17 02:22: Train Epoch 5: 300/820 Loss: 1.567541
2026-08-17 02:22: Train Epoch 5: 320/820 Loss: 1.560058
2026-08-17 02:22: Train Epoch 5: 340/820 Loss: 1.586516
2026-08-17 02:22: Train Epoch 5: 360/820 Loss: 1.547826
2026-08-17 02:22: Train Epoch 5: 380/820 Loss: 1.517613
2026-08-17 02:22: Train Epoch 5: 400/820 Loss: 1.581042
2026-08-17 02:22: Train Epoch 5: 420/820 Loss: 1.549325
2026-08-17 02:22: Train Epoch 5: 440/820 Loss: 1.557317
2026-08-17 02:22: Train Epoch 5: 460/820 Loss: 1.547577
2026-08-17 02:22: Train Epoch 5: 480/820 Loss: 1.591548
2026-08-17 02:23: Train Epoch 5: 500/820 Loss: 1.563421
2026-08-17 02:23: Train Epoch 5: 520/820 Loss: 1.560663
2026-08-17 02:23: Train Epoch 5: 540/820 Loss: 1.560007
2026-08-17 02:23: Train Epoch 5: 560/820 Loss: 1.499959
2026-08-17 02:23: Train Epoch 5: 580/820 Loss: 1.517223
2026-08-17 02:23: Train Epoch 5: 600/820 Loss: 1.589108
2026-08-17 02:23: Train Epoch 5: 620/820 Loss: 1.569869
2026-08-17 02:23: Train Epoch 5: 640/820 Loss: 1.597455
2026-08-17 02:23: Train Epoch 5: 660/820 Loss: 1.662190
2026-08-17 02:23: Train Epoch 5: 680/820 Loss: 1.503728
2026-08-17 02:23: Train Epoch 5: 700/820 Loss: 1.559912
2026-08-17 02:23: Train Epoch 5: 720/820 Loss: 1.616457
2026-08-17 02:24: Train Epoch 5: 740/820 Loss: 1.598117
2026-08-17 02:24: Train Epoch 5: 760/820 Loss: 1.511668
2026-08-17 02:24: Train Epoch 5: 780/820 Loss: 1.527445
2026-08-17 02:24: Train Epoch 5: 800/820 Loss: 1.495679
2026-08-17 02:24: **********Train Epoch 5: averaged Loss: 1.560873, tf_ratio: 1.000000
2026-08-17 02:24: **********Val Epoch 5: average Loss: 1.822869
2026-08-17 02:24: Train Epoch 6: 0/820 Loss: 1.569332
2026-08-17 02:24: Train Epoch 6: 20/820 Loss: 1.468348
2026-08-17 02:24: Train Epoch 6: 40/820 Loss: 1.486545
2026-08-17 02:24: Train Epoch 6: 60/820 Loss: 1.434972
2026-08-17 02:25: Train Epoch 6: 80/820 Loss: 1.507958
2026-08-17 02:25: Train Epoch 6: 100/820 Loss: 1.509194
2026-08-17 02:25: Train Epoch 6: 120/820 Loss: 1.536364
2026-08-17 02:25: Train Epoch 6: 140/820 Loss: 1.566400
2026-08-17 02:25: Train Epoch 6: 160/820 Loss: 1.486848
2026-08-17 02:25: Train Epoch 6: 180/820 Loss: 1.472027
2026-08-17 02:25: Train Epoch 6: 200/820 Loss: 1.526821
2026-08-17 02:25: Train Epoch 6: 220/820 Loss: 1.539659
2026-08-17 02:25: Train Epoch 6: 240/820 Loss: 1.435188
2026-08-17 02:25: Train Epoch 6: 260/820 Loss: 1.475528
2026-08-17 02:25: Train Epoch 6: 280/820 Loss: 1.508645
2026-08-17 02:26: Train Epoch 6: 300/820 Loss: 1.474530
2026-08-17 02:26: Train Epoch 6: 320/820 Loss: 1.456161
2026-08-17 02:26: Train Epoch 6: 340/820 Loss: 1.578228
2026-08-17 02:26: Train Epoch 6: 360/820 Loss: 1.507161
2026-08-17 02:26: Train Epoch 6: 380/820 Loss: 1.508283
2026-08-17 02:26: Train Epoch 6: 400/820 Loss: 1.504417
2026-08-17 02:26: Train Epoch 6: 420/820 Loss: 1.518936
2026-08-17 02:26: Train Epoch 6: 440/820 Loss: 1.456401
2026-08-17 02:26: Train Epoch 6: 460/820 Loss: 1.503860
2026-08-17 02:26: Train Epoch 6: 480/820 Loss: 1.538217
2026-08-17 02:26: Train Epoch 6: 500/820 Loss: 1.427606
2026-08-17 02:26: Train Epoch 6: 520/820 Loss: 1.436495
2026-08-17 02:27: Train Epoch 6: 540/820 Loss: 1.459064
2026-08-17 02:27: Train Epoch 6: 560/820 Loss: 1.420800
2026-08-17 02:27: Train Epoch 6: 580/820 Loss: 1.498225
2026-08-17 02:27: Train Epoch 6: 600/820 Loss: 1.464527
2026-08-17 02:27: Train Epoch 6: 620/820 Loss: 1.494609
2026-08-17 02:27: Train Epoch 6: 640/820 Loss: 1.469858
2026-08-17 02:27: Train Epoch 6: 660/820 Loss: 1.455971
2026-08-17 02:27: Train Epoch 6: 680/820 Loss: 1.474199
2026-08-17 02:27: Train Epoch 6: 700/820 Loss: 1.476573
2026-08-17 02:27: Train Epoch 6: 720/820 Loss: 1.521163
2026-08-17 02:27: Train Epoch 6: 740/820 Loss: 1.499590
2026-08-17 02:28: Train Epoch 6: 760/820 Loss: 1.426934
2026-08-17 02:28: Train Epoch 6: 780/820 Loss: 1.470775
2026-08-17 02:28: Train Epoch 6: 800/820 Loss: 1.501923
2026-08-17 02:28: **********Train Epoch 6: averaged Loss: 1.493540, tf_ratio: 1.000000
2026-08-17 02:28: **********Val Epoch 6: average Loss: 1.804311
2026-08-17 02:28: Train Epoch 7: 0/820 Loss: 1.495634
2026-08-17 02:28: Train Epoch 7: 20/820 Loss: 1.409671
2026-08-17 02:28: Train Epoch 7: 40/820 Loss: 1.498235
2026-08-17 02:28: Train Epoch 7: 60/820 Loss: 1.470001
2026-08-17 02:29: Train Epoch 7: 80/820 Loss: 1.405640
2026-08-17 02:29: Train Epoch 7: 100/820 Loss: 1.429243
2026-08-17 02:29: Train Epoch 7: 120/820 Loss: 1.444085
2026-08-17 02:29: Train Epoch 7: 140/820 Loss: 1.412777
2026-08-17 02:29: Train Epoch 7: 160/820 Loss: 1.481763
2026-08-17 02:29: Train Epoch 7: 180/820 Loss: 1.385072
2026-08-17 02:29: Train Epoch 7: 200/820 Loss: 1.433277
2026-08-17 02:29: Train Epoch 7: 220/820 Loss: 1.409568
2026-08-17 02:29: Train Epoch 7: 240/820 Loss: 1.457957
2026-08-17 02:29: Train Epoch 7: 260/820 Loss: 1.442663
2026-08-17 02:29: Train Epoch 7: 280/820 Loss: 1.407883
2026-08-17 02:29: Train Epoch 7: 300/820 Loss: 1.383383
2026-08-17 02:30: Train Epoch 7: 320/820 Loss: 1.449341
2026-08-17 02:30: Train Epoch 7: 340/820 Loss: 1.361920
2026-08-17 02:30: Train Epoch 7: 360/820 Loss: 1.448004
2026-08-17 02:30: Train Epoch 7: 380/820 Loss: 1.380883
2026-08-17 02:30: Train Epoch 7: 400/820 Loss: 1.434403
2026-08-17 02:30: Train Epoch 7: 420/820 Loss: 1.386180
2026-08-17 02:30: Train Epoch 7: 440/820 Loss: 1.454160
2026-08-17 02:30: Train Epoch 7: 460/820 Loss: 1.474240
2026-08-17 02:30: Train Epoch 7: 480/820 Loss: 1.465716
2026-08-17 02:30: Train Epoch 7: 500/820 Loss: 1.411782
2026-08-17 02:30: Train Epoch 7: 520/820 Loss: 1.417719
2026-08-17 02:31: Train Epoch 7: 540/820 Loss: 1.407232
2026-08-17 02:31: Train Epoch 7: 560/820 Loss: 1.413806
2026-08-17 02:31: Train Epoch 7: 580/820 Loss: 1.404834
2026-08-17 02:31: Train Epoch 7: 600/820 Loss: 1.460382
2026-08-17 02:31: Train Epoch 7: 620/820 Loss: 1.434739
2026-08-17 02:31: Train Epoch 7: 640/820 Loss: 1.486590
2026-08-17 02:31: Train Epoch 7: 660/820 Loss: 1.393856
2026-08-17 02:31: Train Epoch 7: 680/820 Loss: 1.426747
2026-08-17 02:31: Train Epoch 7: 700/820 Loss: 1.442794
2026-08-17 02:31: Train Epoch 7: 720/820 Loss: 1.400909
2026-08-17 02:31: Train Epoch 7: 740/820 Loss: 1.325175
2026-08-17 02:31: Train Epoch 7: 760/820 Loss: 1.419071
2026-08-17 02:32: Train Epoch 7: 780/820 Loss: 1.423115
2026-08-17 02:32: Train Epoch 7: 800/820 Loss: 1.454784
2026-08-17 02:32: **********Train Epoch 7: averaged Loss: 1.433495, tf_ratio: 1.000000
2026-08-17 02:32: **********Val Epoch 7: average Loss: 1.825942
2026-08-17 02:32: Train Epoch 8: 0/820 Loss: 1.383020
2026-08-17 02:32: Train Epoch 8: 20/820 Loss: 1.460194
2026-08-17 02:32: Train Epoch 8: 40/820 Loss: 1.439998
2026-08-17 02:32: Train Epoch 8: 60/820 Loss: 1.380538
2026-08-17 02:32: Train Epoch 8: 80/820 Loss: 1.381250
2026-08-17 02:33: Train Epoch 8: 100/820 Loss: 1.370567
2026-08-17 02:33: Train Epoch 8: 120/820 Loss: 1.436416
2026-08-17 02:33: Train Epoch 8: 140/820 Loss: 1.435810
2026-08-17 02:33: Train Epoch 8: 160/820 Loss: 1.343664
2026-08-17 02:33: Train Epoch 8: 180/820 Loss: 1.373896
2026-08-17 02:33: Train Epoch 8: 200/820 Loss: 1.414878
2026-08-17 02:33: Train Epoch 8: 220/820 Loss: 1.349353
2026-08-17 02:33: Train Epoch 8: 240/820 Loss: 1.384085
2026-08-17 02:33: Train Epoch 8: 260/820 Loss: 1.371511
2026-08-17 02:33: Train Epoch 8: 280/820 Loss: 1.405004
2026-08-17 02:33: Train Epoch 8: 300/820 Loss: 1.362261
2026-08-17 02:33: Train Epoch 8: 320/820 Loss: 1.369653
2026-08-17 02:34: Train Epoch 8: 340/820 Loss: 1.352091
2026-08-17 02:34: Train Epoch 8: 360/820 Loss: 1.353649
2026-08-17 02:34: Train Epoch 8: 380/820 Loss: 1.430513
2026-08-17 02:34: Train Epoch 8: 400/820 Loss: 1.417892
2026-08-17 02:34: Train Epoch 8: 420/820 Loss: 1.384385
2026-08-17 02:34: Train Epoch 8: 440/820 Loss: 1.396430
2026-08-17 02:34: Train Epoch 8: 460/820 Loss: 1.404677
2026-08-17 02:34: Train Epoch 8: 480/820 Loss: 1.440138
2026-08-17 02:34: Train Epoch 8: 500/820 Loss: 1.371710
2026-08-17 02:34: Train Epoch 8: 520/820 Loss: 1.351028
2026-08-17 02:34: Train Epoch 8: 540/820 Loss: 1.375791
2026-08-17 02:35: Train Epoch 8: 560/820 Loss: 1.441489
2026-08-17 02:35: Train Epoch 8: 580/820 Loss: 1.352614
2026-08-17 02:35: Train Epoch 8: 600/820 Loss: 1.332752
2026-08-17 02:35: Train Epoch 8: 620/820 Loss: 1.339098
2026-08-17 02:35: Train Epoch 8: 640/820 Loss: 1.377376
2026-08-17 02:35: Train Epoch 8: 660/820 Loss: 1.394658
2026-08-17 02:35: Train Epoch 8: 680/820 Loss: 1.422788
2026-08-17 02:35: Train Epoch 8: 700/820 Loss: 1.307648
2026-08-17 02:35: Train Epoch 8: 720/820 Loss: 1.399168
2026-08-17 02:35: Train Epoch 8: 740/820 Loss: 1.349138
2026-08-17 02:35: Train Epoch 8: 760/820 Loss: 1.356001
2026-08-17 02:35: Train Epoch 8: 780/820 Loss: 1.408144
2026-08-17 02:36: Train Epoch 8: 800/820 Loss: 1.423411
2026-08-17 02:36: **********Train Epoch 8: averaged Loss: 1.385130, tf_ratio: 1.000000
2026-08-17 02:36: **********Val Epoch 8: average Loss: 1.825777
2026-08-17 02:36: Train Epoch 9: 0/820 Loss: 1.327286
2026-08-17 02:36: Train Epoch 9: 20/820 Loss: 1.352999
2026-08-17 02:36: Train Epoch 9: 40/820 Loss: 1.406182
2026-08-17 02:36: Train Epoch 9: 60/820 Loss: 1.388608
2026-08-17 02:36: Train Epoch 9: 80/820 Loss: 1.354922
2026-08-17 02:36: Train Epoch 9: 100/820 Loss: 1.355248
2026-08-17 02:37: Train Epoch 9: 120/820 Loss: 1.362115
2026-08-17 02:37: Train Epoch 9: 140/820 Loss: 1.366018
2026-08-17 02:37: Train Epoch 9: 160/820 Loss: 1.380151
2026-08-17 02:37: Train Epoch 9: 180/820 Loss: 1.332470
2026-08-17 02:37: Train Epoch 9: 200/820 Loss: 1.415815
2026-08-17 02:37: Train Epoch 9: 220/820 Loss: 1.347217
2026-08-17 02:37: Train Epoch 9: 240/820 Loss: 1.313583
2026-08-17 02:37: Train Epoch 9: 260/820 Loss: 1.345073
2026-08-17 02:37: Train Epoch 9: 280/820 Loss: 1.336934
2026-08-17 02:37: Train Epoch 9: 300/820 Loss: 1.329385
2026-08-17 02:37: Train Epoch 9: 320/820 Loss: 1.382512
2026-08-17 02:37: Train Epoch 9: 340/820 Loss: 1.328251
2026-08-17 02:38: Train Epoch 9: 360/820 Loss: 1.342784
2026-08-17 02:38: Train Epoch 9: 380/820 Loss: 1.318846
2026-08-17 02:38: Train Epoch 9: 400/820 Loss: 1.359868
2026-08-17 02:38: Train Epoch 9: 420/820 Loss: 1.312447
2026-08-17 02:38: Train Epoch 9: 440/820 Loss: 1.442323
2026-08-17 02:38: Train Epoch 9: 460/820 Loss: 1.315832
2026-08-17 02:38: Train Epoch 9: 480/820 Loss: 1.387072
2026-08-17 02:38: Train Epoch 9: 500/820 Loss: 1.350584
2026-08-17 02:38: Train Epoch 9: 520/820 Loss: 1.334259
2026-08-17 02:38: Train Epoch 9: 540/820 Loss: 1.314053
2026-08-17 02:38: Train Epoch 9: 560/820 Loss: 1.358007
2026-08-17 02:39: Train Epoch 9: 580/820 Loss: 1.354358
2026-08-17 02:39: Train Epoch 9: 600/820 Loss: 1.314681
2026-08-17 02:39: Train Epoch 9: 620/820 Loss: 1.366325
2026-08-17 02:39: Train Epoch 9: 640/820 Loss: 1.346008
2026-08-17 02:39: Train Epoch 9: 660/820 Loss: 1.363806
2026-08-17 02:39: Train Epoch 9: 680/820 Loss: 1.345959
2026-08-17 02:39: Train Epoch 9: 700/820 Loss: 1.356159
2026-08-17 02:39: Train Epoch 9: 720/820 Loss: 1.341619
2026-08-17 02:39: Train Epoch 9: 740/820 Loss: 1.353527
2026-08-17 02:39: Train Epoch 9: 760/820 Loss: 1.343961
2026-08-17 02:39: Train Epoch 9: 780/820 Loss: 1.366242
2026-08-17 02:39: Train Epoch 9: 800/820 Loss: 1.335018
2026-08-17 02:40: **********Train Epoch 9: averaged Loss: 1.345688, tf_ratio: 1.000000
2026-08-17 02:40: **********Val Epoch 9: average Loss: 1.833108
2026-08-17 02:40: Train Epoch 10: 0/820 Loss: 1.323692
2026-08-17 02:40: Train Epoch 10: 20/820 Loss: 1.289832
2026-08-17 02:40: Train Epoch 10: 40/820 Loss: 1.304479
2026-08-17 02:40: Train Epoch 10: 60/820 Loss: 1.272542
2026-08-17 02:40: Train Epoch 10: 80/820 Loss: 1.247854
2026-08-17 02:40: Train Epoch 10: 100/820 Loss: 1.343369
2026-08-17 02:40: Train Epoch 10: 120/820 Loss: 1.281189
2026-08-17 02:41: Train Epoch 10: 140/820 Loss: 1.311419
2026-08-17 02:41: Train Epoch 10: 160/820 Loss: 1.281889
2026-08-17 02:41: Train Epoch 10: 180/820 Loss: 1.257392
2026-08-17 02:41: Train Epoch 10: 200/820 Loss: 1.340061
2026-08-17 02:41: Train Epoch 10: 220/820 Loss: 1.346313
2026-08-17 02:41: Train Epoch 10: 240/820 Loss: 1.266117
2026-08-17 02:41: Train Epoch 10: 260/820 Loss: 1.380861
2026-08-17 02:41: Train Epoch 10: 280/820 Loss: 1.367782
2026-08-17 02:41: Train Epoch 10: 300/820 Loss: 1.316692
2026-08-17 02:41: Train Epoch 10: 320/820 Loss: 1.250550
2026-08-17 02:41: Train Epoch 10: 340/820 Loss: 1.383977
2026-08-17 02:41: Train Epoch 10: 360/820 Loss: 1.385107
2026-08-17 02:42: Train Epoch 10: 380/820 Loss: 1.326759
2026-08-17 02:42: Train Epoch 10: 400/820 Loss: 1.360176
2026-08-17 02:42: Train Epoch 10: 420/820 Loss: 1.284347
2026-08-17 02:42: Train Epoch 10: 440/820 Loss: 1.326016
2026-08-17 02:42: Train Epoch 10: 460/820 Loss: 1.293043
2026-08-17 02:42: Train Epoch 10: 480/820 Loss: 1.388372
2026-08-17 02:42: Train Epoch 10: 500/820 Loss: 1.346672
2026-08-17 02:42: Train Epoch 10: 520/820 Loss: 1.341016
2026-08-17 02:42: Train Epoch 10: 540/820 Loss: 1.327990
2026-08-17 02:42: Train Epoch 10: 560/820 Loss: 1.324728
2026-08-17 02:42: Train Epoch 10: 580/820 Loss: 1.318605
2026-08-17 02:43: Train Epoch 10: 600/820 Loss: 1.240928
2026-08-17 02:43: Train Epoch 10: 620/820 Loss: 1.295509
2026-08-17 02:43: Train Epoch 10: 640/820 Loss: 1.272773
2026-08-17 02:43: Train Epoch 10: 660/820 Loss: 1.347740
2026-08-17 02:43: Train Epoch 10: 680/820 Loss: 1.337816
2026-08-17 02:43: Train Epoch 10: 700/820 Loss: 1.334102
2026-08-17 02:43: Train Epoch 10: 720/820 Loss: 1.306472
2026-08-17 02:43: Train Epoch 10: 740/820 Loss: 1.285694
2026-08-17 02:43: Train Epoch 10: 760/820 Loss: 1.329406
2026-08-17 02:43: Train Epoch 10: 780/820 Loss: 1.262843
2026-08-17 02:43: Train Epoch 10: 800/820 Loss: 1.238221
2026-08-17 02:43: **********Train Epoch 10: averaged Loss: 1.311843, tf_ratio: 1.000000
2026-08-17 02:44: **********Val Epoch 10: average Loss: 1.834918
2026-08-17 02:44: Train Epoch 11: 0/820 Loss: 1.286452
2026-08-17 02:44: Train Epoch 11: 20/820 Loss: 1.245864
2026-08-17 02:44: Train Epoch 11: 40/820 Loss: 1.237474
2026-08-17 02:44: Train Epoch 11: 60/820 Loss: 1.298565
2026-08-17 02:44: Train Epoch 11: 80/820 Loss: 1.285521
2026-08-17 02:44: Train Epoch 11: 100/820 Loss: 1.311487
2026-08-17 02:44: Train Epoch 11: 120/820 Loss: 1.274797
2026-08-17 02:44: Train Epoch 11: 140/820 Loss: 1.320714
2026-08-17 02:45: Train Epoch 11: 160/820 Loss: 1.232982
2026-08-17 02:45: Train Epoch 11: 180/820 Loss: 1.309658
2026-08-17 02:45: Train Epoch 11: 200/820 Loss: 1.253124
2026-08-17 02:45: Train Epoch 11: 220/820 Loss: 1.329428
2026-08-17 02:45: Train Epoch 11: 240/820 Loss: 1.285422
2026-08-17 02:45: Train Epoch 11: 260/820 Loss: 1.269967
2026-08-17 02:45: Train Epoch 11: 280/820 Loss: 1.312156
2026-08-17 02:45: Train Epoch 11: 300/820 Loss: 1.253819
2026-08-17 02:45: Train Epoch 11: 320/820 Loss: 1.260031
2026-08-17 02:45: Train Epoch 11: 340/820 Loss: 1.257459
2026-08-17 02:45: Train Epoch 11: 360/820 Loss: 1.286094
2026-08-17 02:45: Train Epoch 11: 380/820 Loss: 1.279911
2026-08-17 02:46: Train Epoch 11: 400/820 Loss: 1.230163
2026-08-17 02:46: Train Epoch 11: 420/820 Loss: 1.315157
2026-08-17 02:46: Train Epoch 11: 440/820 Loss: 1.290783
2026-08-17 02:46: Train Epoch 11: 460/820 Loss: 1.263102
2026-08-17 02:46: Train Epoch 11: 480/820 Loss: 1.255943
2026-08-17 02:46: Train Epoch 11: 500/820 Loss: 1.318333
2026-08-17 02:46: Train Epoch 11: 520/820 Loss: 1.292621
2026-08-17 02:46: Train Epoch 11: 540/820 Loss: 1.299068
2026-08-17 02:46: Train Epoch 11: 560/820 Loss: 1.269255
2026-08-17 02:46: Train Epoch 11: 580/820 Loss: 1.260875
2026-08-17 02:46: Train Epoch 11: 600/820 Loss: 1.245635
2026-08-17 02:46: Train Epoch 11: 620/820 Loss: 1.305901
2026-08-17 02:47: Train Epoch 11: 640/820 Loss: 1.242144
2026-08-17 02:47: Train Epoch 11: 660/820 Loss: 1.268550
2026-08-17 02:47: Train Epoch 11: 680/820 Loss: 1.247133
2026-08-17 02:47: Train Epoch 11: 700/820 Loss: 1.283835
2026-08-17 02:47: Train Epoch 11: 720/820 Loss: 1.248259
2026-08-17 02:47: Train Epoch 11: 740/820 Loss: 1.299531
2026-08-17 02:47: Train Epoch 11: 760/820 Loss: 1.199453
2026-08-17 02:47: Train Epoch 11: 780/820 Loss: 1.229368
2026-08-17 02:47: Train Epoch 11: 800/820 Loss: 1.242840
2026-08-17 02:47: **********Train Epoch 11: averaged Loss: 1.281971, tf_ratio: 1.000000
2026-08-17 02:48: **********Val Epoch 11: average Loss: 1.838941
2026-08-17 02:48: Train Epoch 12: 0/820 Loss: 1.233226
2026-08-17 02:48: Train Epoch 12: 20/820 Loss: 1.261881
2026-08-17 02:48: Train Epoch 12: 40/820 Loss: 1.279327
2026-08-17 02:48: Train Epoch 12: 60/820 Loss: 1.244442
2026-08-17 02:48: Train Epoch 12: 80/820 Loss: 1.269847
2026-08-17 02:48: Train Epoch 12: 100/820 Loss: 1.261646
2026-08-17 02:48: Train Epoch 12: 120/820 Loss: 1.286909
2026-08-17 02:48: Train Epoch 12: 140/820 Loss: 1.238418
2026-08-17 02:48: Train Epoch 12: 160/820 Loss: 1.249399
2026-08-17 02:49: Train Epoch 12: 180/820 Loss: 1.278445
2026-08-17 02:49: Train Epoch 12: 200/820 Loss: 1.248182
2026-08-17 02:49: Train Epoch 12: 220/820 Loss: 1.277071
2026-08-17 02:49: Train Epoch 12: 240/820 Loss: 1.281202
2026-08-17 02:49: Train Epoch 12: 260/820 Loss: 1.237138
2026-08-17 02:49: Train Epoch 12: 280/820 Loss: 1.270612
2026-08-17 02:49: Train Epoch 12: 300/820 Loss: 1.268470
2026-08-17 02:49: Train Epoch 12: 320/820 Loss: 1.271469
2026-08-17 02:49: Train Epoch 12: 340/820 Loss: 1.267115
2026-08-17 02:49: Train Epoch 12: 360/820 Loss: 1.270467
2026-08-17 02:49: Train Epoch 12: 380/820 Loss: 1.227684
2026-08-17 02:49: Train Epoch 12: 400/820 Loss: 1.247404
2026-08-17 02:50: Train Epoch 12: 420/820 Loss: 1.234840
2026-08-17 02:50: Train Epoch 12: 440/820 Loss: 1.285224
2026-08-17 02:50: Train Epoch 12: 460/820 Loss: 1.240468
2026-08-17 02:50: Train Epoch 12: 480/820 Loss: 1.240157
2026-08-17 02:50: Train Epoch 12: 500/820 Loss: 1.271539
2026-08-17 02:50: Train Epoch 12: 520/820 Loss: 1.235548
2026-08-17 02:50: Train Epoch 12: 540/820 Loss: 1.246377
2026-08-17 02:50: Train Epoch 12: 560/820 Loss: 1.274927
2026-08-17 02:50: Train Epoch 12: 580/820 Loss: 1.245776
2026-08-17 02:50: Train Epoch 12: 600/820 Loss: 1.255801
2026-08-17 02:50: Train Epoch 12: 620/820 Loss: 1.259071
2026-08-17 02:51: Train Epoch 12: 640/820 Loss: 1.296893
2026-08-17 02:51: Train Epoch 12: 660/820 Loss: 1.248201
2026-08-17 02:51: Train Epoch 12: 680/820 Loss: 1.271673
2026-08-17 02:51: Train Epoch 12: 700/820 Loss: 1.265858
2026-08-17 02:51: Train Epoch 12: 720/820 Loss: 1.286035
2026-08-17 02:51: Train Epoch 12: 740/820 Loss: 1.256222
2026-08-17 02:51: Train Epoch 12: 760/820 Loss: 1.271332
2026-08-17 02:51: Train Epoch 12: 780/820 Loss: 1.299742
2026-08-17 02:51: Train Epoch 12: 800/820 Loss: 1.251618
2026-08-17 02:51: **********Train Epoch 12: averaged Loss: 1.257458, tf_ratio: 1.000000
2026-08-17 02:52: **********Val Epoch 12: average Loss: 1.847410
2026-08-17 02:52: Train Epoch 13: 0/820 Loss: 1.170617
2026-08-17 02:52: Train Epoch 13: 20/820 Loss: 1.216476
2026-08-17 02:52: Train Epoch 13: 40/820 Loss: 1.214032
2026-08-17 02:52: Train Epoch 13: 60/820 Loss: 1.262977
2026-08-17 02:52: Train Epoch 13: 80/820 Loss: 1.242203
2026-08-17 02:52: Train Epoch 13: 100/820 Loss: 1.242869
2026-08-17 02:52: Train Epoch 13: 120/820 Loss: 1.236679
2026-08-17 02:52: Train Epoch 13: 140/820 Loss: 1.206917
2026-08-17 02:52: Train Epoch 13: 160/820 Loss: 1.240073
2026-08-17 02:52: Train Epoch 13: 180/820 Loss: 1.256624
2026-08-17 02:53: Train Epoch 13: 200/820 Loss: 1.262584
2026-08-17 02:53: Train Epoch 13: 220/820 Loss: 1.257944
2026-08-17 02:53: Train Epoch 13: 240/820 Loss: 1.242008
2026-08-17 02:53: Train Epoch 13: 260/820 Loss: 1.232608
2026-08-17 02:53: Train Epoch 13: 280/820 Loss: 1.208862
2026-08-17 02:53: Train Epoch 13: 300/820 Loss: 1.213448
2026-08-17 02:53: Train Epoch 13: 320/820 Loss: 1.216934
2026-08-17 02:53: Train Epoch 13: 340/820 Loss: 1.191240
2026-08-17 02:53: Train Epoch 13: 360/820 Loss: 1.211068
2026-08-17 02:53: Train Epoch 13: 380/820 Loss: 1.212421
2026-08-17 02:53: Train Epoch 13: 400/820 Loss: 1.228489
2026-08-17 02:54: Train Epoch 13: 420/820 Loss: 1.258846
2026-08-17 02:54: Train Epoch 13: 440/820 Loss: 1.242398
2026-08-17 02:54: Train Epoch 13: 460/820 Loss: 1.194224
2026-08-17 02:54: Train Epoch 13: 480/820 Loss: 1.226345
2026-08-17 02:54: Train Epoch 13: 500/820 Loss: 1.204715
2026-08-17 02:54: Train Epoch 13: 520/820 Loss: 1.208124
2026-08-17 02:54: Train Epoch 13: 540/820 Loss: 1.215122
2026-08-17 02:54: Train Epoch 13: 560/820 Loss: 1.237741
2026-08-17 02:54: Train Epoch 13: 580/820 Loss: 1.221488
2026-08-17 02:54: Train Epoch 13: 600/820 Loss: 1.232939
2026-08-17 02:54: Train Epoch 13: 620/820 Loss: 1.195187
2026-08-17 02:54: Train Epoch 13: 640/820 Loss: 1.233968
2026-08-17 02:55: Train Epoch 13: 660/820 Loss: 1.218601
2026-08-17 02:55: Train Epoch 13: 680/820 Loss: 1.202441
2026-08-17 02:55: Train Epoch 13: 700/820 Loss: 1.219613
2026-08-17 02:55: Train Epoch 13: 720/820 Loss: 1.231295
2026-08-17 02:55: Train Epoch 13: 740/820 Loss: 1.233471
2026-08-17 02:55: Train Epoch 13: 760/820 Loss: 1.204149
2026-08-17 02:55: Train Epoch 13: 780/820 Loss: 1.201050
2026-08-17 02:55: Train Epoch 13: 800/820 Loss: 1.213815
2026-08-17 02:55: **********Train Epoch 13: averaged Loss: 1.231900, tf_ratio: 1.000000
2026-08-17 02:56: **********Val Epoch 13: average Loss: 1.860657
2026-08-17 02:56: Train Epoch 14: 0/820 Loss: 1.244921
2026-08-17 02:56: Train Epoch 14: 20/820 Loss: 1.220610
2026-08-17 02:56: Train Epoch 14: 40/820 Loss: 1.207289
2026-08-17 02:56: Train Epoch 14: 60/820 Loss: 1.209568
2026-08-17 02:56: Train Epoch 14: 80/820 Loss: 1.184565
2026-08-17 02:56: Train Epoch 14: 100/820 Loss: 1.221897
2026-08-17 02:56: Train Epoch 14: 120/820 Loss: 1.205455
2026-08-17 02:56: Train Epoch 14: 140/820 Loss: 1.203759
2026-08-17 02:56: Train Epoch 14: 160/820 Loss: 1.210153
2026-08-17 02:56: Train Epoch 14: 180/820 Loss: 1.262826
2026-08-17 02:56: Train Epoch 14: 200/820 Loss: 1.212984
2026-08-17 02:57: Train Epoch 14: 220/820 Loss: 1.209192
2026-08-17 02:57: Train Epoch 14: 240/820 Loss: 1.276775
2026-08-17 02:57: Train Epoch 14: 260/820 Loss: 1.211488
2026-08-17 02:57: Train Epoch 14: 280/820 Loss: 1.233965
2026-08-17 02:57: Train Epoch 14: 300/820 Loss: 1.202016
2026-08-17 02:57: Train Epoch 14: 320/820 Loss: 1.196354
2026-08-17 02:57: Train Epoch 14: 340/820 Loss: 1.201954
2026-08-17 02:57: Train Epoch 14: 360/820 Loss: 1.211591
2026-08-17 02:57: Train Epoch 14: 380/820 Loss: 1.178419
2026-08-17 02:57: Train Epoch 14: 400/820 Loss: 1.252234
2026-08-17 02:57: Train Epoch 14: 420/820 Loss: 1.227728
2026-08-17 02:58: Train Epoch 14: 440/820 Loss: 1.247460
2026-08-17 02:58: Train Epoch 14: 460/820 Loss: 1.229488
2026-08-17 02:58: Train Epoch 14: 480/820 Loss: 1.155099
2026-08-17 02:58: Train Epoch 14: 500/820 Loss: 1.187075
2026-08-17 02:58: Train Epoch 14: 520/820 Loss: 1.216349
2026-08-17 02:58: Train Epoch 14: 540/820 Loss: 1.167832
2026-08-17 02:58: Train Epoch 14: 560/820 Loss: 1.278386
2026-08-17 02:58: Train Epoch 14: 580/820 Loss: 1.230330
2026-08-17 02:58: Train Epoch 14: 600/820 Loss: 1.240245
2026-08-17 02:58: Train Epoch 14: 620/820 Loss: 1.260521
2026-08-17 02:58: Train Epoch 14: 640/820 Loss: 1.258085
2026-08-17 02:58: Train Epoch 14: 660/820 Loss: 1.198300
2026-08-17 02:59: Train Epoch 14: 680/820 Loss: 1.161307
2026-08-17 02:59: Train Epoch 14: 700/820 Loss: 1.274703
2026-08-17 02:59: Train Epoch 14: 720/820 Loss: 1.164844
2026-08-17 02:59: Train Epoch 14: 740/820 Loss: 1.219064
2026-08-17 02:59: Train Epoch 14: 760/820 Loss: 1.194697
2026-08-17 02:59: Train Epoch 14: 780/820 Loss: 1.199013
2026-08-17 02:59: Train Epoch 14: 800/820 Loss: 1.202065
2026-08-17 02:59: **********Train Epoch 14: averaged Loss: 1.212088, tf_ratio: 1.000000
2026-08-17 03:00: **********Val Epoch 14: average Loss: 1.852358
2026-08-17 03:00: Train Epoch 15: 0/820 Loss: 1.188952
2026-08-17 03:00: Train Epoch 15: 20/820 Loss: 1.211247
2026-08-17 03:00: Train Epoch 15: 40/820 Loss: 1.211930
2026-08-17 03:00: Train Epoch 15: 60/820 Loss: 1.196084
2026-08-17 03:00: Train Epoch 15: 80/820 Loss: 1.190105
2026-08-17 03:00: Train Epoch 15: 100/820 Loss: 1.179391
2026-08-17 03:00: Train Epoch 15: 120/820 Loss: 1.228737
2026-08-17 03:00: Train Epoch 15: 140/820 Loss: 1.161952
2026-08-17 03:00: Train Epoch 15: 160/820 Loss: 1.190865
2026-08-17 03:00: Train Epoch 15: 180/820 Loss: 1.197845
2026-08-17 03:00: Train Epoch 15: 200/820 Loss: 1.200612
2026-08-17 03:00: Train Epoch 15: 220/820 Loss: 1.206831
2026-08-17 03:01: Train Epoch 15: 240/820 Loss: 1.176530
2026-08-17 03:01: Train Epoch 15: 260/820 Loss: 1.249909
2026-08-17 03:01: Train Epoch 15: 280/820 Loss: 1.163647
2026-08-17 03:01: Train Epoch 15: 300/820 Loss: 1.211104
2026-08-17 03:01: Train Epoch 15: 320/820 Loss: 1.226645
2026-08-17 03:01: Train Epoch 15: 340/820 Loss: 1.181282
2026-08-17 03:01: Train Epoch 15: 360/820 Loss: 1.193410
2026-08-17 03:01: Train Epoch 15: 380/820 Loss: 1.218987
2026-08-17 03:01: Train Epoch 15: 400/820 Loss: 1.159958
2026-08-17 03:01: Train Epoch 15: 420/820 Loss: 1.204460
2026-08-17 03:01: Train Epoch 15: 440/820 Loss: 1.171889
2026-08-17 03:02: Train Epoch 15: 460/820 Loss: 1.192443
2026-08-17 03:02: Train Epoch 15: 480/820 Loss: 1.205596
2026-08-17 03:02: Train Epoch 15: 500/820 Loss: 1.190339
2026-08-17 03:02: Train Epoch 15: 520/820 Loss: 1.160023
2026-08-17 03:02: Train Epoch 15: 540/820 Loss: 1.228898
2026-08-17 03:02: Train Epoch 15: 560/820 Loss: 1.200894
2026-08-17 03:02: Train Epoch 15: 580/820 Loss: 1.207927
2026-08-17 03:02: Train Epoch 15: 600/820 Loss: 1.182426
2026-08-17 03:02: Train Epoch 15: 620/820 Loss: 1.234079
2026-08-17 03:02: Train Epoch 15: 640/820 Loss: 1.209818
2026-08-17 03:02: Train Epoch 15: 660/820 Loss: 1.209251
2026-08-17 03:02: Train Epoch 15: 680/820 Loss: 1.170320
2026-08-17 03:03: Train Epoch 15: 700/820 Loss: 1.200881
2026-08-17 03:03: Train Epoch 15: 720/820 Loss: 1.190873
2026-08-17 03:03: Train Epoch 15: 740/820 Loss: 1.183666
2026-08-17 03:03: Train Epoch 15: 760/820 Loss: 1.155394
2026-08-17 03:03: Train Epoch 15: 780/820 Loss: 1.248995
2026-08-17 03:03: Train Epoch 15: 800/820 Loss: 1.176598
2026-08-17 03:03: **********Train Epoch 15: averaged Loss: 1.193702, tf_ratio: 1.000000
2026-08-17 03:03: **********Val Epoch 15: average Loss: 1.856373
2026-08-17 03:03: Train Epoch 16: 0/820 Loss: 1.168067
2026-08-17 03:04: Train Epoch 16: 20/820 Loss: 1.178592
2026-08-17 03:04: Train Epoch 16: 40/820 Loss: 1.171091
2026-08-17 03:04: Train Epoch 16: 60/820 Loss: 1.154863
2026-08-17 03:04: Train Epoch 16: 80/820 Loss: 1.199261
2026-08-17 03:04: Train Epoch 16: 100/820 Loss: 1.187058
2026-08-17 03:04: Train Epoch 16: 120/820 Loss: 1.244773
2026-08-17 03:04: Train Epoch 16: 140/820 Loss: 1.174658
2026-08-17 03:04: Train Epoch 16: 160/820 Loss: 1.179983
2026-08-17 03:04: Train Epoch 16: 180/820 Loss: 1.159452
2026-08-17 03:04: Train Epoch 16: 200/820 Loss: 1.152145
2026-08-17 03:04: Train Epoch 16: 220/820 Loss: 1.190786
2026-08-17 03:04: Train Epoch 16: 240/820 Loss: 1.186322
2026-08-17 03:05: Train Epoch 16: 260/820 Loss: 1.175677
2026-08-17 03:05: Train Epoch 16: 280/820 Loss: 1.202781
2026-08-17 03:05: Train Epoch 16: 300/820 Loss: 1.203482
2026-08-17 03:05: Train Epoch 16: 320/820 Loss: 1.221815
2026-08-17 03:05: Train Epoch 16: 340/820 Loss: 1.156660
2026-08-17 03:05: Train Epoch 16: 360/820 Loss: 1.195953
2026-08-17 03:05: Train Epoch 16: 380/820 Loss: 1.159164
2026-08-17 03:05: Train Epoch 16: 400/820 Loss: 1.212366
2026-08-17 03:05: Train Epoch 16: 420/820 Loss: 1.205724
2026-08-17 03:05: Train Epoch 16: 440/820 Loss: 1.178521
2026-08-17 03:05: Train Epoch 16: 460/820 Loss: 1.132959
2026-08-17 03:06: Train Epoch 16: 480/820 Loss: 1.185451
2026-08-17 03:06: Train Epoch 16: 500/820 Loss: 1.166273
2026-08-17 03:06: Train Epoch 16: 520/820 Loss: 1.207054
2026-08-17 03:06: Train Epoch 16: 540/820 Loss: 1.156193
2026-08-17 03:06: Train Epoch 16: 560/820 Loss: 1.163182
2026-08-17 03:06: Train Epoch 16: 580/820 Loss: 1.175917
2026-08-17 03:06: Train Epoch 16: 600/820 Loss: 1.171302
2026-08-17 03:06: Train Epoch 16: 620/820 Loss: 1.161189
2026-08-17 03:06: Train Epoch 16: 640/820 Loss: 1.186106
2026-08-17 03:06: Train Epoch 16: 660/820 Loss: 1.145185
2026-08-17 03:06: Train Epoch 16: 680/820 Loss: 1.170578
2026-08-17 03:06: Train Epoch 16: 700/820 Loss: 1.144159
2026-08-17 03:07: Train Epoch 16: 720/820 Loss: 1.155338
2026-08-17 03:07: Train Epoch 16: 740/820 Loss: 1.163998
2026-08-17 03:07: Train Epoch 16: 760/820 Loss: 1.163039
2026-08-17 03:07: Train Epoch 16: 780/820 Loss: 1.158639
2026-08-17 03:07: Train Epoch 16: 800/820 Loss: 1.148299
2026-08-17 03:07: **********Train Epoch 16: averaged Loss: 1.175539, tf_ratio: 1.000000
2026-08-17 03:07: **********Val Epoch 16: average Loss: 1.860134
2026-08-17 03:07: Train Epoch 17: 0/820 Loss: 1.166378
2026-08-17 03:07: Train Epoch 17: 20/820 Loss: 1.172199
2026-08-17 03:07: Train Epoch 17: 40/820 Loss: 1.157874
2026-08-17 03:08: Train Epoch 17: 60/820 Loss: 1.199512
2026-08-17 03:08: Train Epoch 17: 80/820 Loss: 1.177116
2026-08-17 03:08: Train Epoch 17: 100/820 Loss: 1.151057
2026-08-17 03:08: Train Epoch 17: 120/820 Loss: 1.152639
2026-08-17 03:08: Train Epoch 17: 140/820 Loss: 1.201853
2026-08-17 03:08: Train Epoch 17: 160/820 Loss: 1.166777
2026-08-17 03:08: Train Epoch 17: 180/820 Loss: 1.157538
2026-08-17 03:08: Train Epoch 17: 200/820 Loss: 1.142034
2026-08-17 03:08: Train Epoch 17: 220/820 Loss: 1.191571
2026-08-17 03:08: Train Epoch 17: 240/820 Loss: 1.138657
2026-08-17 03:08: Train Epoch 17: 260/820 Loss: 1.134457
2026-08-17 03:09: Train Epoch 17: 280/820 Loss: 1.125302
2026-08-17 03:09: Train Epoch 17: 300/820 Loss: 1.147566
2026-08-17 03:09: Train Epoch 17: 320/820 Loss: 1.150619
2026-08-17 03:09: Train Epoch 17: 340/820 Loss: 1.139565
2026-08-17 03:09: Train Epoch 17: 360/820 Loss: 1.182764
2026-08-17 03:09: Train Epoch 17: 380/820 Loss: 1.165320
2026-08-17 03:09: Train Epoch 17: 400/820 Loss: 1.171428
2026-08-17 03:09: Train Epoch 17: 420/820 Loss: 1.138754
2026-08-17 03:09: Train Epoch 17: 440/820 Loss: 1.099615
2026-08-17 03:09: Train Epoch 17: 460/820 Loss: 1.173966
2026-08-17 03:09: Train Epoch 17: 480/820 Loss: 1.173531
2026-08-17 03:09: Train Epoch 17: 500/820 Loss: 1.164338
2026-08-17 03:10: Train Epoch 17: 520/820 Loss: 1.170595
2026-08-17 03:10: Train Epoch 17: 540/820 Loss: 1.162309
2026-08-17 03:10: Train Epoch 17: 560/820 Loss: 1.154629
2026-08-17 03:10: Train Epoch 17: 580/820 Loss: 1.182557
2026-08-17 03:10: Train Epoch 17: 600/820 Loss: 1.184006
2026-08-17 03:10: Train Epoch 17: 620/820 Loss: 1.141288
2026-08-17 03:10: Train Epoch 17: 640/820 Loss: 1.152272
2026-08-17 03:10: Train Epoch 17: 660/820 Loss: 1.178921
2026-08-17 03:10: Train Epoch 17: 680/820 Loss: 1.159871
2026-08-17 03:10: Train Epoch 17: 700/820 Loss: 1.144329
2026-08-17 03:10: Train Epoch 17: 720/820 Loss: 1.201172
2026-08-17 03:10: Train Epoch 17: 740/820 Loss: 1.121716
2026-08-17 03:11: Train Epoch 17: 760/820 Loss: 1.170478
2026-08-17 03:11: Train Epoch 17: 780/820 Loss: 1.163027
2026-08-17 03:11: Train Epoch 17: 800/820 Loss: 1.200837
2026-08-17 03:11: **********Train Epoch 17: averaged Loss: 1.160320, tf_ratio: 1.000000
2026-08-17 03:11: **********Val Epoch 17: average Loss: 1.856025
2026-08-17 03:11: Train Epoch 18: 0/820 Loss: 1.147884
2026-08-17 03:11: Train Epoch 18: 20/820 Loss: 1.123223
2026-08-17 03:11: Train Epoch 18: 40/820 Loss: 1.157655
2026-08-17 03:11: Train Epoch 18: 60/820 Loss: 1.165051
2026-08-17 03:11: Train Epoch 18: 80/820 Loss: 1.146221
2026-08-17 03:12: Train Epoch 18: 100/820 Loss: 1.125271
2026-08-17 03:12: Train Epoch 18: 120/820 Loss: 1.164885
2026-08-17 03:12: Train Epoch 18: 140/820 Loss: 1.106800
2026-08-17 03:12: Train Epoch 18: 160/820 Loss: 1.097785
2026-08-17 03:12: Train Epoch 18: 180/820 Loss: 1.106831
2026-08-17 03:12: Train Epoch 18: 200/820 Loss: 1.149026
2026-08-17 03:12: Train Epoch 18: 220/820 Loss: 1.147577
2026-08-17 03:12: Train Epoch 18: 240/820 Loss: 1.200214
2026-08-17 03:12: Train Epoch 18: 260/820 Loss: 1.184529
2026-08-17 03:12: Train Epoch 18: 280/820 Loss: 1.124831
2026-08-17 03:12: Train Epoch 18: 300/820 Loss: 1.143015
2026-08-17 03:12: Train Epoch 18: 320/820 Loss: 1.165754
2026-08-17 03:13: Train Epoch 18: 340/820 Loss: 1.158105
2026-08-17 03:13: Train Epoch 18: 360/820 Loss: 1.120524
2026-08-17 03:13: Train Epoch 18: 380/820 Loss: 1.142952
2026-08-17 03:13: Train Epoch 18: 400/820 Loss: 1.134605
2026-08-17 03:13: Train Epoch 18: 420/820 Loss: 1.129142
2026-08-17 03:13: Train Epoch 18: 440/820 Loss: 1.138329
2026-08-17 03:13: Train Epoch 18: 460/820 Loss: 1.169640
2026-08-17 03:13: Train Epoch 18: 480/820 Loss: 1.152307
2026-08-17 03:13: Train Epoch 18: 500/820 Loss: 1.146434
2026-08-17 03:13: Train Epoch 18: 520/820 Loss: 1.154315
2026-08-17 03:13: Train Epoch 18: 540/820 Loss: 1.140308
2026-08-17 03:14: Train Epoch 18: 560/820 Loss: 1.140025
2026-08-17 03:14: Train Epoch 18: 580/820 Loss: 1.168657
2026-08-17 03:14: Train Epoch 18: 600/820 Loss: 1.171747
2026-08-17 03:14: Train Epoch 18: 620/820 Loss: 1.122759
2026-08-17 03:14: Train Epoch 18: 640/820 Loss: 1.149612
2026-08-17 03:14: Train Epoch 18: 660/820 Loss: 1.143136
2026-08-17 03:14: Train Epoch 18: 680/820 Loss: 1.188169
2026-08-17 03:14: Train Epoch 18: 700/820 Loss: 1.114288
2026-08-17 03:14: Train Epoch 18: 720/820 Loss: 1.116902
2026-08-17 03:14: Train Epoch 18: 740/820 Loss: 1.186876
2026-08-17 03:14: Train Epoch 18: 760/820 Loss: 1.150445
2026-08-17 03:14: Train Epoch 18: 780/820 Loss: 1.122821
2026-08-17 03:15: Train Epoch 18: 800/820 Loss: 1.130040
2026-08-17 03:15: **********Train Epoch 18: averaged Loss: 1.145085, tf_ratio: 1.000000
2026-08-17 03:15: **********Val Epoch 18: average Loss: 1.861286
2026-08-17 03:15: Train Epoch 19: 0/820 Loss: 1.094522
2026-08-17 03:15: Train Epoch 19: 20/820 Loss: 1.166420
2026-08-17 03:15: Train Epoch 19: 40/820 Loss: 1.158935
2026-08-17 03:15: Train Epoch 19: 60/820 Loss: 1.163350
2026-08-17 03:15: Train Epoch 19: 80/820 Loss: 1.151994
2026-08-17 03:15: Train Epoch 19: 100/820 Loss: 1.140426
2026-08-17 03:16: Train Epoch 19: 120/820 Loss: 1.129017
2026-08-17 03:16: Train Epoch 19: 140/820 Loss: 1.112743
2026-08-17 03:16: Train Epoch 19: 160/820 Loss: 1.152699
2026-08-17 03:16: Train Epoch 19: 180/820 Loss: 1.136812
2026-08-17 03:16: Train Epoch 19: 200/820 Loss: 1.151248
2026-08-17 03:16: Train Epoch 19: 220/820 Loss: 1.135798
2026-08-17 03:16: Train Epoch 19: 240/820 Loss: 1.149604
2026-08-17 03:16: Train Epoch 19: 260/820 Loss: 1.103283
2026-08-17 03:16: Train Epoch 19: 280/820 Loss: 1.136147
2026-08-17 03:16: Train Epoch 19: 300/820 Loss: 1.131756
2026-08-17 03:16: Train Epoch 19: 320/820 Loss: 1.098114
2026-08-17 03:16: Train Epoch 19: 340/820 Loss: 1.203025
2026-08-17 03:17: Train Epoch 19: 360/820 Loss: 1.144756
2026-08-17 03:17: Train Epoch 19: 380/820 Loss: 1.119712
2026-08-17 03:17: Train Epoch 19: 400/820 Loss: 1.088764
2026-08-17 03:17: Train Epoch 19: 420/820 Loss: 1.098524
2026-08-17 03:17: Train Epoch 19: 440/820 Loss: 1.100744
2026-08-17 03:17: Train Epoch 19: 460/820 Loss: 1.158734
2026-08-17 03:17: Train Epoch 19: 480/820 Loss: 1.084527
2026-08-17 03:17: Train Epoch 19: 500/820 Loss: 1.095020
2026-08-17 03:17: Train Epoch 19: 520/820 Loss: 1.112770
2026-08-17 03:17: Train Epoch 19: 540/820 Loss: 1.139878
2026-08-17 03:17: Train Epoch 19: 560/820 Loss: 1.147657
2026-08-17 03:17: Train Epoch 19: 580/820 Loss: 1.101747
2026-08-17 03:18: Train Epoch 19: 600/820 Loss: 1.141140
2026-08-17 03:18: Train Epoch 19: 620/820 Loss: 1.115201
2026-08-17 03:18: Train Epoch 19: 640/820 Loss: 1.177171
2026-08-17 03:18: Train Epoch 19: 660/820 Loss: 1.133691
2026-08-17 03:18: Train Epoch 19: 680/820 Loss: 1.136077
2026-08-17 03:18: Train Epoch 19: 700/820 Loss: 1.165557
2026-08-17 03:18: Train Epoch 19: 720/820 Loss: 1.125202
2026-08-17 03:18: Train Epoch 19: 740/820 Loss: 1.151667
2026-08-17 03:18: Train Epoch 19: 760/820 Loss: 1.161466
2026-08-17 03:18: Train Epoch 19: 780/820 Loss: 1.082016
2026-08-17 03:18: Train Epoch 19: 800/820 Loss: 1.165323
2026-08-17 03:19: **********Train Epoch 19: averaged Loss: 1.131651, tf_ratio: 1.000000
2026-08-17 03:19: **********Val Epoch 19: average Loss: 1.870775
2026-08-17 03:19: Validation performance didn't improve for 15 epochs. Training stops.
2026-08-17 03:19: Total training time: 74.1311min, best loss: 1.801378
2026-08-17 03:19: Saving current best model to /scratch/chkkar002/Diffusion_Based_STGNNs/AGCRN/model/experiments/SAWS/trial24_20260817020512/best_model.pth
2026-08-17 03:19: Horizon 01, MAE: 0.89, RMSE: 1.23, MAPE: 7.8712%
2026-08-17 03:19: Horizon 02, MAE: 1.10, RMSE: 1.53, MAPE: 9.3580%
2026-08-17 03:19: Horizon 03, MAE: 1.28, RMSE: 1.77, MAPE: 10.7676%
2026-08-17 03:19: Horizon 04, MAE: 1.43, RMSE: 1.96, MAPE: 12.1728%
2026-08-17 03:19: Horizon 05, MAE: 1.56, RMSE: 2.13, MAPE: 13.3271%
2026-08-17 03:19: Horizon 06, MAE: 1.66, RMSE: 2.25, MAPE: 14.2194%
2026-08-17 03:19: Horizon 07, MAE: 1.74, RMSE: 2.36, MAPE: 15.0294%
2026-08-17 03:19: Horizon 08, MAE: 1.80, RMSE: 2.45, MAPE: 15.6631%
2026-08-17 03:19: Horizon 09, MAE: 1.86, RMSE: 2.52, MAPE: 16.3073%
2026-08-17 03:19: Horizon 10, MAE: 1.92, RMSE: 2.59, MAPE: 16.9094%
2026-08-17 03:19: Horizon 11, MAE: 1.95, RMSE: 2.64, MAPE: 17.1917%
2026-08-17 03:19: Horizon 12, MAE: 1.99, RMSE: 2.68, MAPE: 17.4790%
2026-08-17 03:19: Horizon 13, MAE: 2.02, RMSE: 2.73, MAPE: 17.7034%
2026-08-17 03:19: Horizon 14, MAE: 2.04, RMSE: 2.76, MAPE: 17.8560%
2026-08-17 03:19: Horizon 15, MAE: 2.07, RMSE: 2.80, MAPE: 18.0738%
2026-08-17 03:19: Horizon 16, MAE: 2.10, RMSE: 2.83, MAPE: 18.2685%
2026-08-17 03:19: Horizon 17, MAE: 2.11, RMSE: 2.85, MAPE: 18.2625%
2026-08-17 03:19: Horizon 18, MAE: 2.12, RMSE: 2.87, MAPE: 18.4348%
2026-08-17 03:19: Horizon 19, MAE: 2.14, RMSE: 2.89, MAPE: 18.4979%
2026-08-17 03:19: Horizon 20, MAE: 2.16, RMSE: 2.92, MAPE: 18.7486%
2026-08-17 03:19: Horizon 21, MAE: 2.18, RMSE: 2.95, MAPE: 19.1030%
2026-08-17 03:19: Horizon 22, MAE: 2.21, RMSE: 2.99, MAPE: 19.3179%
2026-08-17 03:19: Horizon 23, MAE: 2.22, RMSE: 3.00, MAPE: 19.3269%
2026-08-17 03:19: Horizon 24, MAE: 2.25, RMSE: 3.04, MAPE: 19.5956%
2026-08-17 03:19: Average Horizon, MAE: 1.87, RMSE: 2.58, MAPE: 16.2285%
