2026-08-23 15:05: Experiment log path in: /scratch/chkkar002/Diffusion_Based_STGNNs/RealValue/AGCRN/model/experiments/SAWS/20260823150536
2026-08-23 15:05: Train Epoch 1: 0/1641 Loss: 1.021369
2026-08-23 15:05: Train Epoch 1: 20/1641 Loss: 0.984506
2026-08-23 15:05: Train Epoch 1: 40/1641 Loss: 0.813707
2026-08-23 15:05: Train Epoch 1: 60/1641 Loss: 0.438455
2026-08-23 15:05: Train Epoch 1: 80/1641 Loss: 0.256256
2026-08-23 15:05: Train Epoch 1: 100/1641 Loss: 0.166179
2026-08-23 15:05: Train Epoch 1: 120/1641 Loss: 0.136006
2026-08-23 15:05: Train Epoch 1: 140/1641 Loss: 0.108335
2026-08-23 15:06: Train Epoch 1: 160/1641 Loss: 0.101923
2026-08-23 15:06: Train Epoch 1: 180/1641 Loss: 0.098404
2026-08-23 15:06: Train Epoch 1: 200/1641 Loss: 0.091970
2026-08-23 15:06: Train Epoch 1: 220/1641 Loss: 0.086574
2026-08-23 15:06: Train Epoch 1: 240/1641 Loss: 0.085754
2026-08-23 15:06: Train Epoch 1: 260/1641 Loss: 0.079779
2026-08-23 15:06: Train Epoch 1: 280/1641 Loss: 0.084580
2026-08-23 15:06: Train Epoch 1: 300/1641 Loss: 0.076519
2026-08-23 15:06: Train Epoch 1: 320/1641 Loss: 0.075046
2026-08-23 15:06: Train Epoch 1: 340/1641 Loss: 0.078933
2026-08-23 15:06: Train Epoch 1: 360/1641 Loss: 0.075343
2026-08-23 15:06: Train Epoch 1: 380/1641 Loss: 0.068054
2026-08-23 15:06: Train Epoch 1: 400/1641 Loss: 0.084744
2026-08-23 15:06: Train Epoch 1: 420/1641 Loss: 0.078834
2026-08-23 15:06: Train Epoch 1: 440/1641 Loss: 0.057820
2026-08-23 15:06: Train Epoch 1: 460/1641 Loss: 0.067481
2026-08-23 15:06: Train Epoch 1: 480/1641 Loss: 0.064641
2026-08-23 15:06: Train Epoch 1: 500/1641 Loss: 0.070395
2026-08-23 15:06: Train Epoch 1: 520/1641 Loss: 0.071804
2026-08-23 15:06: Train Epoch 1: 540/1641 Loss: 0.070664
2026-08-23 15:06: Train Epoch 1: 560/1641 Loss: 0.069184
2026-08-23 15:07: Train Epoch 1: 580/1641 Loss: 0.074470
2026-08-23 15:07: Train Epoch 1: 600/1641 Loss: 0.067133
2026-08-23 15:07: Train Epoch 1: 620/1641 Loss: 0.058817
2026-08-23 15:07: Train Epoch 1: 640/1641 Loss: 0.068091
2026-08-23 15:07: Train Epoch 1: 660/1641 Loss: 0.065841
2026-08-23 15:07: Train Epoch 1: 680/1641 Loss: 0.062735
2026-08-23 15:07: Train Epoch 1: 700/1641 Loss: 0.061846
2026-08-23 15:07: Train Epoch 1: 720/1641 Loss: 0.061222
2026-08-23 15:07: Train Epoch 1: 740/1641 Loss: 0.070312
2026-08-23 15:07: Train Epoch 1: 760/1641 Loss: 0.068507
2026-08-23 15:07: Train Epoch 1: 780/1641 Loss: 0.066167
2026-08-23 15:07: Train Epoch 1: 800/1641 Loss: 0.055626
2026-08-23 15:07: Train Epoch 1: 820/1641 Loss: 0.065618
2026-08-23 15:07: Train Epoch 1: 840/1641 Loss: 0.062006
2026-08-23 15:07: Train Epoch 1: 860/1641 Loss: 0.054029
2026-08-23 15:07: Train Epoch 1: 880/1641 Loss: 0.067568
2026-08-23 15:07: Train Epoch 1: 900/1641 Loss: 0.070023
2026-08-23 15:07: Train Epoch 1: 920/1641 Loss: 0.070932
2026-08-23 15:07: Train Epoch 1: 940/1641 Loss: 0.058175
2026-08-23 15:07: Train Epoch 1: 960/1641 Loss: 0.054886
2026-08-23 15:07: Train Epoch 1: 980/1641 Loss: 0.065351
2026-08-23 15:07: Train Epoch 1: 1000/1641 Loss: 0.073251
2026-08-23 15:07: Train Epoch 1: 1020/1641 Loss: 0.065747
2026-08-23 15:08: Train Epoch 1: 1040/1641 Loss: 0.057539
2026-08-23 15:08: Train Epoch 1: 1060/1641 Loss: 0.059702
2026-08-23 15:08: Train Epoch 1: 1080/1641 Loss: 0.057179
2026-08-23 15:08: Train Epoch 1: 1100/1641 Loss: 0.056656
2026-08-23 15:08: Train Epoch 1: 1120/1641 Loss: 0.059333
2026-08-23 15:08: Train Epoch 1: 1140/1641 Loss: 0.064933
2026-08-23 15:08: Train Epoch 1: 1160/1641 Loss: 0.071100
2026-08-23 15:08: Train Epoch 1: 1180/1641 Loss: 0.050173
2026-08-23 15:08: Train Epoch 1: 1200/1641 Loss: 0.051328
2026-08-23 15:08: Train Epoch 1: 1220/1641 Loss: 0.057548
2026-08-23 15:08: Train Epoch 1: 1240/1641 Loss: 0.064441
2026-08-23 15:08: Train Epoch 1: 1260/1641 Loss: 0.065447
2026-08-23 15:08: Train Epoch 1: 1280/1641 Loss: 0.057894
2026-08-23 15:08: Train Epoch 1: 1300/1641 Loss: 0.059971
2026-08-23 15:08: Train Epoch 1: 1320/1641 Loss: 0.061783
2026-08-23 15:08: Train Epoch 1: 1340/1641 Loss: 0.051136
2026-08-23 15:08: Train Epoch 1: 1360/1641 Loss: 0.058776
2026-08-23 15:08: Train Epoch 1: 1380/1641 Loss: 0.061768
2026-08-23 15:08: Train Epoch 1: 1400/1641 Loss: 0.071691
2026-08-23 15:08: Train Epoch 1: 1420/1641 Loss: 0.066401
2026-08-23 15:08: Train Epoch 1: 1440/1641 Loss: 0.053114
2026-08-23 15:08: Train Epoch 1: 1460/1641 Loss: 0.051597
2026-08-23 15:09: Train Epoch 1: 1480/1641 Loss: 0.077707
2026-08-23 15:09: Train Epoch 1: 1500/1641 Loss: 0.054572
2026-08-23 15:09: Train Epoch 1: 1520/1641 Loss: 0.057927
2026-08-23 15:09: Train Epoch 1: 1540/1641 Loss: 0.064834
2026-08-23 15:09: Train Epoch 1: 1560/1641 Loss: 0.060023
2026-08-23 15:09: Train Epoch 1: 1580/1641 Loss: 0.054219
2026-08-23 15:09: Train Epoch 1: 1600/1641 Loss: 0.059060
2026-08-23 15:09: Train Epoch 1: 1620/1641 Loss: 0.051762
2026-08-23 15:09: Train Epoch 1: 1640/1641 Loss: 0.074477
2026-08-23 15:09: **********Train Epoch 1: averaged Loss: 0.102717, tf_ratio: 1.000000
2026-08-23 15:09: **********Val Epoch 1: average Loss: 0.077320
2026-08-23 15:09: *********************************Current best model saved!
2026-08-23 15:09: Train Epoch 2: 0/1641 Loss: 0.060089
2026-08-23 15:09: Train Epoch 2: 20/1641 Loss: 0.059072
2026-08-23 15:09: Train Epoch 2: 40/1641 Loss: 0.051451
2026-08-23 15:09: Train Epoch 2: 60/1641 Loss: 0.050749
2026-08-23 15:09: Train Epoch 2: 80/1641 Loss: 0.061715
2026-08-23 15:10: Train Epoch 2: 100/1641 Loss: 0.055003
2026-08-23 15:10: Train Epoch 2: 120/1641 Loss: 0.057944
2026-08-23 15:10: Train Epoch 2: 140/1641 Loss: 0.054625
2026-08-23 15:10: Train Epoch 2: 160/1641 Loss: 0.056102
2026-08-23 15:10: Train Epoch 2: 180/1641 Loss: 0.054813
2026-08-23 15:10: Train Epoch 2: 200/1641 Loss: 0.045523
2026-08-23 15:10: Train Epoch 2: 220/1641 Loss: 0.051138
2026-08-23 15:10: Train Epoch 2: 240/1641 Loss: 0.060846
2026-08-23 15:10: Train Epoch 2: 260/1641 Loss: 0.054964
2026-08-23 15:10: Train Epoch 2: 280/1641 Loss: 0.054563
2026-08-23 15:10: Train Epoch 2: 300/1641 Loss: 0.067559
2026-08-23 15:10: Train Epoch 2: 320/1641 Loss: 0.052456
2026-08-23 15:10: Train Epoch 2: 340/1641 Loss: 0.054420
2026-08-23 15:10: Train Epoch 2: 360/1641 Loss: 0.057802
2026-08-23 15:10: Train Epoch 2: 380/1641 Loss: 0.051873
2026-08-23 15:10: Train Epoch 2: 400/1641 Loss: 0.051234
2026-08-23 15:10: Train Epoch 2: 420/1641 Loss: 0.049664
2026-08-23 15:10: Train Epoch 2: 440/1641 Loss: 0.054288
2026-08-23 15:10: Train Epoch 2: 460/1641 Loss: 0.059524
2026-08-23 15:10: Train Epoch 2: 480/1641 Loss: 0.068522
2026-08-23 15:10: Train Epoch 2: 500/1641 Loss: 0.073016
2026-08-23 15:11: Train Epoch 2: 520/1641 Loss: 0.055162
2026-08-23 15:11: Train Epoch 2: 540/1641 Loss: 0.054918
2026-08-23 15:11: Train Epoch 2: 560/1641 Loss: 0.049875
2026-08-23 15:11: Train Epoch 2: 580/1641 Loss: 0.057101
2026-08-23 15:11: Train Epoch 2: 600/1641 Loss: 0.057308
2026-08-23 15:11: Train Epoch 2: 620/1641 Loss: 0.052017
2026-08-23 15:11: Train Epoch 2: 640/1641 Loss: 0.052324
2026-08-23 15:11: Train Epoch 2: 660/1641 Loss: 0.043565
2026-08-23 15:11: Train Epoch 2: 680/1641 Loss: 0.055075
2026-08-23 15:11: Train Epoch 2: 700/1641 Loss: 0.052948
2026-08-23 15:11: Train Epoch 2: 720/1641 Loss: 0.054253
2026-08-23 15:11: Train Epoch 2: 740/1641 Loss: 0.048595
2026-08-23 15:11: Train Epoch 2: 760/1641 Loss: 0.054592
2026-08-23 15:11: Train Epoch 2: 780/1641 Loss: 0.056819
2026-08-23 15:11: Train Epoch 2: 800/1641 Loss: 0.047406
2026-08-23 15:11: Train Epoch 2: 820/1641 Loss: 0.049923
2026-08-23 15:11: Train Epoch 2: 840/1641 Loss: 0.054876
2026-08-23 15:11: Train Epoch 2: 860/1641 Loss: 0.047634
2026-08-23 15:11: Train Epoch 2: 880/1641 Loss: 0.053614
2026-08-23 15:11: Train Epoch 2: 900/1641 Loss: 0.047214
2026-08-23 15:11: Train Epoch 2: 920/1641 Loss: 0.058270
2026-08-23 15:12: Train Epoch 2: 940/1641 Loss: 0.053899
2026-08-23 15:12: Train Epoch 2: 960/1641 Loss: 0.057497
2026-08-23 15:12: Train Epoch 2: 980/1641 Loss: 0.049411
2026-08-23 15:12: Train Epoch 2: 1000/1641 Loss: 0.064580
2026-08-23 15:12: Train Epoch 2: 1020/1641 Loss: 0.046149
2026-08-23 15:12: Train Epoch 2: 1040/1641 Loss: 0.052577
2026-08-23 15:12: Train Epoch 2: 1060/1641 Loss: 0.043688
2026-08-23 15:12: Train Epoch 2: 1080/1641 Loss: 0.059853
2026-08-23 15:12: Train Epoch 2: 1100/1641 Loss: 0.048764
2026-08-23 15:12: Train Epoch 2: 1120/1641 Loss: 0.052350
2026-08-23 15:12: Train Epoch 2: 1140/1641 Loss: 0.056006
2026-08-23 15:12: Train Epoch 2: 1160/1641 Loss: 0.051946
2026-08-23 15:12: Train Epoch 2: 1180/1641 Loss: 0.045229
2026-08-23 15:12: Train Epoch 2: 1200/1641 Loss: 0.050721
2026-08-23 15:12: Train Epoch 2: 1220/1641 Loss: 0.073514
2026-08-23 15:12: Train Epoch 2: 1240/1641 Loss: 0.061166
2026-08-23 15:12: Train Epoch 2: 1260/1641 Loss: 0.056313
2026-08-23 15:12: Train Epoch 2: 1280/1641 Loss: 0.054669
2026-08-23 15:12: Train Epoch 2: 1300/1641 Loss: 0.047023
2026-08-23 15:12: Train Epoch 2: 1320/1641 Loss: 0.051932
2026-08-23 15:12: Train Epoch 2: 1340/1641 Loss: 0.051668
2026-08-23 15:12: Train Epoch 2: 1360/1641 Loss: 0.050978
2026-08-23 15:13: Train Epoch 2: 1380/1641 Loss: 0.052410
2026-08-23 15:13: Train Epoch 2: 1400/1641 Loss: 0.046120
2026-08-23 15:13: Train Epoch 2: 1420/1641 Loss: 0.047203
2026-08-23 15:13: Train Epoch 2: 1440/1641 Loss: 0.045839
2026-08-23 15:13: Train Epoch 2: 1460/1641 Loss: 0.051708
2026-08-23 15:13: Train Epoch 2: 1480/1641 Loss: 0.052291
2026-08-23 15:13: Train Epoch 2: 1500/1641 Loss: 0.051540
2026-08-23 15:13: Train Epoch 2: 1520/1641 Loss: 0.043869
2026-08-23 15:13: Train Epoch 2: 1540/1641 Loss: 0.048122
2026-08-23 15:13: Train Epoch 2: 1560/1641 Loss: 0.052949
2026-08-23 15:13: Train Epoch 2: 1580/1641 Loss: 0.048683
2026-08-23 15:13: Train Epoch 2: 1600/1641 Loss: 0.050352
2026-08-23 15:13: Train Epoch 2: 1620/1641 Loss: 0.049905
2026-08-23 15:13: Train Epoch 2: 1640/1641 Loss: 0.047613
2026-08-23 15:13: **********Train Epoch 2: averaged Loss: 0.053585, tf_ratio: 1.000000
2026-08-23 15:14: **********Val Epoch 2: average Loss: 0.057932
2026-08-23 15:14: *********************************Current best model saved!
2026-08-23 15:14: Train Epoch 3: 0/1641 Loss: 0.044283
2026-08-23 15:14: Train Epoch 3: 20/1641 Loss: 0.050416
2026-08-23 15:14: Train Epoch 3: 40/1641 Loss: 0.054057
2026-08-23 15:14: Train Epoch 3: 60/1641 Loss: 0.052841
2026-08-23 15:14: Train Epoch 3: 80/1641 Loss: 0.050044
2026-08-23 15:14: Train Epoch 3: 100/1641 Loss: 0.052911
2026-08-23 15:14: Train Epoch 3: 120/1641 Loss: 0.053275
2026-08-23 15:14: Train Epoch 3: 140/1641 Loss: 0.045940
2026-08-23 15:14: Train Epoch 3: 160/1641 Loss: 0.050961
2026-08-23 15:14: Train Epoch 3: 180/1641 Loss: 0.045342
2026-08-23 15:14: Train Epoch 3: 200/1641 Loss: 0.047334
2026-08-23 15:14: Train Epoch 3: 220/1641 Loss: 0.049006
2026-08-23 15:14: Train Epoch 3: 240/1641 Loss: 0.045134
2026-08-23 15:14: Train Epoch 3: 260/1641 Loss: 0.053971
2026-08-23 15:14: Train Epoch 3: 280/1641 Loss: 0.049376
2026-08-23 15:14: Train Epoch 3: 300/1641 Loss: 0.041677
2026-08-23 15:14: Train Epoch 3: 320/1641 Loss: 0.051337
2026-08-23 15:14: Train Epoch 3: 340/1641 Loss: 0.046404
2026-08-23 15:14: Train Epoch 3: 360/1641 Loss: 0.048865
2026-08-23 15:14: Train Epoch 3: 380/1641 Loss: 0.050121
2026-08-23 15:14: Train Epoch 3: 400/1641 Loss: 0.046636
2026-08-23 15:14: Train Epoch 3: 420/1641 Loss: 0.052014
2026-08-23 15:15: Train Epoch 3: 440/1641 Loss: 0.051737
2026-08-23 15:15: Train Epoch 3: 460/1641 Loss: 0.048175
2026-08-23 15:15: Train Epoch 3: 480/1641 Loss: 0.046530
2026-08-23 15:15: Train Epoch 3: 500/1641 Loss: 0.048418
2026-08-23 15:15: Train Epoch 3: 520/1641 Loss: 0.054303
2026-08-23 15:15: Train Epoch 3: 540/1641 Loss: 0.050711
2026-08-23 15:15: Train Epoch 3: 560/1641 Loss: 0.049407
2026-08-23 15:15: Train Epoch 3: 580/1641 Loss: 0.046398
2026-08-23 15:15: Train Epoch 3: 600/1641 Loss: 0.038814
2026-08-23 15:15: Train Epoch 3: 620/1641 Loss: 0.043520
2026-08-23 15:15: Train Epoch 3: 640/1641 Loss: 0.046155
2026-08-23 15:15: Train Epoch 3: 660/1641 Loss: 0.048980
2026-08-23 15:15: Train Epoch 3: 680/1641 Loss: 0.048859
2026-08-23 15:15: Train Epoch 3: 700/1641 Loss: 0.048784
2026-08-23 15:15: Train Epoch 3: 720/1641 Loss: 0.052061
2026-08-23 15:15: Train Epoch 3: 740/1641 Loss: 0.054017
2026-08-23 15:15: Train Epoch 3: 760/1641 Loss: 0.052641
2026-08-23 15:15: Train Epoch 3: 780/1641 Loss: 0.047215
2026-08-23 15:15: Train Epoch 3: 800/1641 Loss: 0.049794
2026-08-23 15:15: Train Epoch 3: 820/1641 Loss: 0.045740
2026-08-23 15:15: Train Epoch 3: 840/1641 Loss: 0.046493
2026-08-23 15:16: Train Epoch 3: 860/1641 Loss: 0.047058
2026-08-23 15:16: Train Epoch 3: 880/1641 Loss: 0.039695
2026-08-23 15:16: Train Epoch 3: 900/1641 Loss: 0.050696
2026-08-23 15:16: Train Epoch 3: 920/1641 Loss: 0.046700
2026-08-23 15:16: Train Epoch 3: 940/1641 Loss: 0.048548
2026-08-23 15:16: Train Epoch 3: 960/1641 Loss: 0.046195
2026-08-23 15:16: Train Epoch 3: 980/1641 Loss: 0.051602
2026-08-23 15:16: Train Epoch 3: 1000/1641 Loss: 0.053630
2026-08-23 15:16: Train Epoch 3: 1020/1641 Loss: 0.052124
2026-08-23 15:16: Train Epoch 3: 1040/1641 Loss: 0.052158
2026-08-23 15:16: Train Epoch 3: 1060/1641 Loss: 0.049136
2026-08-23 15:16: Train Epoch 3: 1080/1641 Loss: 0.049141
2026-08-23 15:16: Train Epoch 3: 1100/1641 Loss: 0.041520
2026-08-23 15:16: Train Epoch 3: 1120/1641 Loss: 0.051890
2026-08-23 15:16: Train Epoch 3: 1140/1641 Loss: 0.051434
2026-08-23 15:16: Train Epoch 3: 1160/1641 Loss: 0.052632
2026-08-23 15:16: Train Epoch 3: 1180/1641 Loss: 0.051910
2026-08-23 15:16: Train Epoch 3: 1200/1641 Loss: 0.057999
2026-08-23 15:16: Train Epoch 3: 1220/1641 Loss: 0.041983
2026-08-23 15:16: Train Epoch 3: 1240/1641 Loss: 0.043719
2026-08-23 15:16: Train Epoch 3: 1260/1641 Loss: 0.047850
2026-08-23 15:17: Train Epoch 3: 1280/1641 Loss: 0.053347
2026-08-23 15:17: Train Epoch 3: 1300/1641 Loss: 0.048943
2026-08-23 15:17: Train Epoch 3: 1320/1641 Loss: 0.050369
2026-08-23 15:17: Train Epoch 3: 1340/1641 Loss: 0.056316
2026-08-23 15:17: Train Epoch 3: 1360/1641 Loss: 0.045676
2026-08-23 15:17: Train Epoch 3: 1380/1641 Loss: 0.048073
2026-08-23 15:17: Train Epoch 3: 1400/1641 Loss: 0.047184
2026-08-23 15:17: Train Epoch 3: 1420/1641 Loss: 0.045608
2026-08-23 15:17: Train Epoch 3: 1440/1641 Loss: 0.051618
2026-08-23 15:17: Train Epoch 3: 1460/1641 Loss: 0.046555
2026-08-23 15:17: Train Epoch 3: 1480/1641 Loss: 0.047897
2026-08-23 15:17: Train Epoch 3: 1500/1641 Loss: 0.053868
2026-08-23 15:17: Train Epoch 3: 1520/1641 Loss: 0.050676
2026-08-23 15:17: Train Epoch 3: 1540/1641 Loss: 0.048654
2026-08-23 15:17: Train Epoch 3: 1560/1641 Loss: 0.049361
2026-08-23 15:17: Train Epoch 3: 1580/1641 Loss: 0.046293
2026-08-23 15:17: Train Epoch 3: 1600/1641 Loss: 0.049898
2026-08-23 15:17: Train Epoch 3: 1620/1641 Loss: 0.051638
2026-08-23 15:17: Train Epoch 3: 1640/1641 Loss: 0.061325
2026-08-23 15:17: **********Train Epoch 3: averaged Loss: 0.049957, tf_ratio: 1.000000
2026-08-23 15:18: **********Val Epoch 3: average Loss: 0.055901
2026-08-23 15:18: *********************************Current best model saved!
2026-08-23 15:18: Train Epoch 4: 0/1641 Loss: 0.048494
2026-08-23 15:18: Train Epoch 4: 20/1641 Loss: 0.042392
2026-08-23 15:18: Train Epoch 4: 40/1641 Loss: 0.042858
2026-08-23 15:18: Train Epoch 4: 60/1641 Loss: 0.044769
2026-08-23 15:18: Train Epoch 4: 80/1641 Loss: 0.049194
2026-08-23 15:18: Train Epoch 4: 100/1641 Loss: 0.049329
2026-08-23 15:18: Train Epoch 4: 120/1641 Loss: 0.056976
2026-08-23 15:18: Train Epoch 4: 140/1641 Loss: 0.055553
2026-08-23 15:18: Train Epoch 4: 160/1641 Loss: 0.053582
2026-08-23 15:18: Train Epoch 4: 180/1641 Loss: 0.047843
2026-08-23 15:18: Train Epoch 4: 200/1641 Loss: 0.048658
2026-08-23 15:18: Train Epoch 4: 220/1641 Loss: 0.047840
2026-08-23 15:18: Train Epoch 4: 240/1641 Loss: 0.054396
2026-08-23 15:18: Train Epoch 4: 260/1641 Loss: 0.049614
2026-08-23 15:18: Train Epoch 4: 280/1641 Loss: 0.049752
2026-08-23 15:18: Train Epoch 4: 300/1641 Loss: 0.049442
2026-08-23 15:18: Train Epoch 4: 320/1641 Loss: 0.048558
2026-08-23 15:19: Train Epoch 4: 340/1641 Loss: 0.053211
2026-08-23 15:19: Train Epoch 4: 360/1641 Loss: 0.049994
2026-08-23 15:19: Train Epoch 4: 380/1641 Loss: 0.050798
2026-08-23 15:19: Train Epoch 4: 400/1641 Loss: 0.062502
2026-08-23 15:19: Train Epoch 4: 420/1641 Loss: 0.050837
2026-08-23 15:19: Train Epoch 4: 440/1641 Loss: 0.046033
2026-08-23 15:19: Train Epoch 4: 460/1641 Loss: 0.053243
2026-08-23 15:19: Train Epoch 4: 480/1641 Loss: 0.049530
2026-08-23 15:19: Train Epoch 4: 500/1641 Loss: 0.050980
2026-08-23 15:19: Train Epoch 4: 520/1641 Loss: 0.054590
2026-08-23 15:19: Train Epoch 4: 540/1641 Loss: 0.051486
2026-08-23 15:19: Train Epoch 4: 560/1641 Loss: 0.051821
2026-08-23 15:19: Train Epoch 4: 580/1641 Loss: 0.061265
2026-08-23 15:19: Train Epoch 4: 600/1641 Loss: 0.047089
2026-08-23 15:19: Train Epoch 4: 620/1641 Loss: 0.047284
2026-08-23 15:19: Train Epoch 4: 640/1641 Loss: 0.041629
2026-08-23 15:19: Train Epoch 4: 660/1641 Loss: 0.051318
2026-08-23 15:19: Train Epoch 4: 680/1641 Loss: 0.048001
2026-08-23 15:19: Train Epoch 4: 700/1641 Loss: 0.052983
2026-08-23 15:19: Train Epoch 4: 720/1641 Loss: 0.050910
2026-08-23 15:19: Train Epoch 4: 740/1641 Loss: 0.057309
2026-08-23 15:19: Train Epoch 4: 760/1641 Loss: 0.045726
2026-08-23 15:20: Train Epoch 4: 780/1641 Loss: 0.052683
2026-08-23 15:20: Train Epoch 4: 800/1641 Loss: 0.049630
2026-08-23 15:20: Train Epoch 4: 820/1641 Loss: 0.045540
2026-08-23 15:20: Train Epoch 4: 840/1641 Loss: 0.055087
2026-08-23 15:20: Train Epoch 4: 860/1641 Loss: 0.038834
2026-08-23 15:20: Train Epoch 4: 880/1641 Loss: 0.048026
2026-08-23 15:20: Train Epoch 4: 900/1641 Loss: 0.049660
2026-08-23 15:20: Train Epoch 4: 920/1641 Loss: 0.045208
2026-08-23 15:20: Train Epoch 4: 940/1641 Loss: 0.052236
2026-08-23 15:20: Train Epoch 4: 960/1641 Loss: 0.053878
2026-08-23 15:20: Train Epoch 4: 980/1641 Loss: 0.048735
2026-08-23 15:20: Train Epoch 4: 1000/1641 Loss: 0.040645
2026-08-23 15:20: Train Epoch 4: 1020/1641 Loss: 0.042424
2026-08-23 15:20: Train Epoch 4: 1040/1641 Loss: 0.047427
2026-08-23 15:20: Train Epoch 4: 1060/1641 Loss: 0.046517
2026-08-23 15:20: Train Epoch 4: 1080/1641 Loss: 0.047695
2026-08-23 15:20: Train Epoch 4: 1100/1641 Loss: 0.059763
2026-08-23 15:20: Train Epoch 4: 1120/1641 Loss: 0.046824
2026-08-23 15:20: Train Epoch 4: 1140/1641 Loss: 0.047452
2026-08-23 15:20: Train Epoch 4: 1160/1641 Loss: 0.047527
2026-08-23 15:20: Train Epoch 4: 1180/1641 Loss: 0.047004
2026-08-23 15:20: Train Epoch 4: 1200/1641 Loss: 0.049338
2026-08-23 15:21: Train Epoch 4: 1220/1641 Loss: 0.052442
2026-08-23 15:21: Train Epoch 4: 1240/1641 Loss: 0.050262
2026-08-23 15:21: Train Epoch 4: 1260/1641 Loss: 0.042443
2026-08-23 15:21: Train Epoch 4: 1280/1641 Loss: 0.051547
2026-08-23 15:21: Train Epoch 4: 1300/1641 Loss: 0.046317
2026-08-23 15:21: Train Epoch 4: 1320/1641 Loss: 0.044186
2026-08-23 15:21: Train Epoch 4: 1340/1641 Loss: 0.049549
2026-08-23 15:21: Train Epoch 4: 1360/1641 Loss: 0.044443
2026-08-23 15:21: Train Epoch 4: 1380/1641 Loss: 0.046291
2026-08-23 15:21: Train Epoch 4: 1400/1641 Loss: 0.054640
2026-08-23 15:21: Train Epoch 4: 1420/1641 Loss: 0.044870
2026-08-23 15:21: Train Epoch 4: 1440/1641 Loss: 0.049779
2026-08-23 15:21: Train Epoch 4: 1460/1641 Loss: 0.055589
2026-08-23 15:21: Train Epoch 4: 1480/1641 Loss: 0.049574
2026-08-23 15:21: Train Epoch 4: 1500/1641 Loss: 0.045376
2026-08-23 15:21: Train Epoch 4: 1520/1641 Loss: 0.054609
2026-08-23 15:21: Train Epoch 4: 1540/1641 Loss: 0.053809
2026-08-23 15:21: Train Epoch 4: 1560/1641 Loss: 0.047174
2026-08-23 15:21: Train Epoch 4: 1580/1641 Loss: 0.038344
2026-08-23 15:21: Train Epoch 4: 1600/1641 Loss: 0.051778
2026-08-23 15:21: Train Epoch 4: 1620/1641 Loss: 0.047437
2026-08-23 15:21: Train Epoch 4: 1640/1641 Loss: 0.046083
2026-08-23 15:21: **********Train Epoch 4: averaged Loss: 0.048533, tf_ratio: 1.000000
2026-08-23 15:22: **********Val Epoch 4: average Loss: 0.053358
2026-08-23 15:22: *********************************Current best model saved!
2026-08-23 15:22: Train Epoch 5: 0/1641 Loss: 0.048133
2026-08-23 15:22: Train Epoch 5: 20/1641 Loss: 0.044044
2026-08-23 15:22: Train Epoch 5: 40/1641 Loss: 0.049083
2026-08-23 15:22: Train Epoch 5: 60/1641 Loss: 0.042969
2026-08-23 15:22: Train Epoch 5: 80/1641 Loss: 0.046200
2026-08-23 15:22: Train Epoch 5: 100/1641 Loss: 0.049132
2026-08-23 15:22: Train Epoch 5: 120/1641 Loss: 0.044557
2026-08-23 15:22: Train Epoch 5: 140/1641 Loss: 0.045050
2026-08-23 15:22: Train Epoch 5: 160/1641 Loss: 0.040985
2026-08-23 15:22: Train Epoch 5: 180/1641 Loss: 0.048395
2026-08-23 15:22: Train Epoch 5: 200/1641 Loss: 0.045819
2026-08-23 15:22: Train Epoch 5: 220/1641 Loss: 0.052041
2026-08-23 15:22: Train Epoch 5: 240/1641 Loss: 0.048436
2026-08-23 15:22: Train Epoch 5: 260/1641 Loss: 0.048898
2026-08-23 15:23: Train Epoch 5: 280/1641 Loss: 0.049117
2026-08-23 15:23: Train Epoch 5: 300/1641 Loss: 0.045352
2026-08-23 15:23: Train Epoch 5: 320/1641 Loss: 0.043225
2026-08-23 15:23: Train Epoch 5: 340/1641 Loss: 0.077977
2026-08-23 15:23: Train Epoch 5: 360/1641 Loss: 0.039828
2026-08-23 15:23: Train Epoch 5: 380/1641 Loss: 0.052125
2026-08-23 15:23: Train Epoch 5: 400/1641 Loss: 0.050588
2026-08-23 15:23: Train Epoch 5: 420/1641 Loss: 0.042370
2026-08-23 15:23: Train Epoch 5: 440/1641 Loss: 0.041020
2026-08-23 15:23: Train Epoch 5: 460/1641 Loss: 0.044127
2026-08-23 15:23: Train Epoch 5: 480/1641 Loss: 0.047257
2026-08-23 15:23: Train Epoch 5: 500/1641 Loss: 0.042920
2026-08-23 15:23: Train Epoch 5: 520/1641 Loss: 0.048456
2026-08-23 15:23: Train Epoch 5: 540/1641 Loss: 0.049356
2026-08-23 15:23: Train Epoch 5: 560/1641 Loss: 0.052428
2026-08-23 15:23: Train Epoch 5: 580/1641 Loss: 0.041236
2026-08-23 15:23: Train Epoch 5: 600/1641 Loss: 0.043025
2026-08-23 15:23: Train Epoch 5: 620/1641 Loss: 0.049019
2026-08-23 15:23: Train Epoch 5: 640/1641 Loss: 0.048564
2026-08-23 15:23: Train Epoch 5: 660/1641 Loss: 0.052599
2026-08-23 15:23: Train Epoch 5: 680/1641 Loss: 0.043816
2026-08-23 15:24: Train Epoch 5: 700/1641 Loss: 0.049731
2026-08-23 15:24: Train Epoch 5: 720/1641 Loss: 0.050275
2026-08-23 15:24: Train Epoch 5: 740/1641 Loss: 0.048544
2026-08-23 15:24: Train Epoch 5: 760/1641 Loss: 0.058519
2026-08-23 15:24: Train Epoch 5: 780/1641 Loss: 0.043501
2026-08-23 15:24: Train Epoch 5: 800/1641 Loss: 0.043112
2026-08-23 15:24: Train Epoch 5: 820/1641 Loss: 0.040919
2026-08-23 15:24: Train Epoch 5: 840/1641 Loss: 0.043778
2026-08-23 15:24: Train Epoch 5: 860/1641 Loss: 0.052048
2026-08-23 15:24: Train Epoch 5: 880/1641 Loss: 0.052147
2026-08-23 15:24: Train Epoch 5: 900/1641 Loss: 0.045435
2026-08-23 15:24: Train Epoch 5: 920/1641 Loss: 0.043523
2026-08-23 15:24: Train Epoch 5: 940/1641 Loss: 0.048712
2026-08-23 15:24: Train Epoch 5: 960/1641 Loss: 0.044640
2026-08-23 15:24: Train Epoch 5: 980/1641 Loss: 0.044819
2026-08-23 15:24: Train Epoch 5: 1000/1641 Loss: 0.046674
2026-08-23 15:24: Train Epoch 5: 1020/1641 Loss: 0.048004
2026-08-23 15:24: Train Epoch 5: 1040/1641 Loss: 0.043590
2026-08-23 15:24: Train Epoch 5: 1060/1641 Loss: 0.043032
2026-08-23 15:24: Train Epoch 5: 1080/1641 Loss: 0.046991
2026-08-23 15:24: Train Epoch 5: 1100/1641 Loss: 0.044350
2026-08-23 15:24: Train Epoch 5: 1120/1641 Loss: 0.045006
2026-08-23 15:25: Train Epoch 5: 1140/1641 Loss: 0.048014
2026-08-23 15:25: Train Epoch 5: 1160/1641 Loss: 0.047609
2026-08-23 15:25: Train Epoch 5: 1180/1641 Loss: 0.049785
2026-08-23 15:25: Train Epoch 5: 1200/1641 Loss: 0.042771
2026-08-23 15:25: Train Epoch 5: 1220/1641 Loss: 0.042175
2026-08-23 15:25: Train Epoch 5: 1240/1641 Loss: 0.045286
2026-08-23 15:25: Train Epoch 5: 1260/1641 Loss: 0.041252
2026-08-23 15:25: Train Epoch 5: 1280/1641 Loss: 0.042442
2026-08-23 15:25: Train Epoch 5: 1300/1641 Loss: 0.048404
2026-08-23 15:25: Train Epoch 5: 1320/1641 Loss: 0.039655
2026-08-23 15:25: Train Epoch 5: 1340/1641 Loss: 0.045701
2026-08-23 15:25: Train Epoch 5: 1360/1641 Loss: 0.040389
2026-08-23 15:25: Train Epoch 5: 1380/1641 Loss: 0.045757
2026-08-23 15:25: Train Epoch 5: 1400/1641 Loss: 0.046736
2026-08-23 15:25: Train Epoch 5: 1420/1641 Loss: 0.044641
2026-08-23 15:25: Train Epoch 5: 1440/1641 Loss: 0.050395
2026-08-23 15:25: Train Epoch 5: 1460/1641 Loss: 0.042478
2026-08-23 15:25: Train Epoch 5: 1480/1641 Loss: 0.042914
2026-08-23 15:25: Train Epoch 5: 1500/1641 Loss: 0.043379
2026-08-23 15:25: Train Epoch 5: 1520/1641 Loss: 0.046524
2026-08-23 15:25: Train Epoch 5: 1540/1641 Loss: 0.052470
2026-08-23 15:26: Train Epoch 5: 1560/1641 Loss: 0.048493
2026-08-23 15:26: Train Epoch 5: 1580/1641 Loss: 0.041491
2026-08-23 15:26: Train Epoch 5: 1600/1641 Loss: 0.046350
2026-08-23 15:26: Train Epoch 5: 1620/1641 Loss: 0.046945
2026-08-23 15:26: Train Epoch 5: 1640/1641 Loss: 0.045214
2026-08-23 15:26: **********Train Epoch 5: averaged Loss: 0.047131, tf_ratio: 1.000000
2026-08-23 15:26: **********Val Epoch 5: average Loss: 0.051443
2026-08-23 15:26: *********************************Current best model saved!
2026-08-23 15:26: Train Epoch 6: 0/1641 Loss: 0.049341
2026-08-23 15:26: Train Epoch 6: 20/1641 Loss: 0.041413
2026-08-23 15:26: Train Epoch 6: 40/1641 Loss: 0.042178
2026-08-23 15:26: Train Epoch 6: 60/1641 Loss: 0.047867
2026-08-23 15:26: Train Epoch 6: 80/1641 Loss: 0.045337
2026-08-23 15:26: Train Epoch 6: 100/1641 Loss: 0.046720
2026-08-23 15:26: Train Epoch 6: 120/1641 Loss: 0.048429
2026-08-23 15:26: Train Epoch 6: 140/1641 Loss: 0.049274
2026-08-23 15:26: Train Epoch 6: 160/1641 Loss: 0.049873
2026-08-23 15:27: Train Epoch 6: 180/1641 Loss: 0.051183
2026-08-23 15:27: Train Epoch 6: 200/1641 Loss: 0.042871
2026-08-23 15:27: Train Epoch 6: 220/1641 Loss: 0.040459
2026-08-23 15:27: Train Epoch 6: 240/1641 Loss: 0.046520
2026-08-23 15:27: Train Epoch 6: 260/1641 Loss: 0.046378
2026-08-23 15:27: Train Epoch 6: 280/1641 Loss: 0.039322
2026-08-23 15:27: Train Epoch 6: 300/1641 Loss: 0.045076
2026-08-23 15:27: Train Epoch 6: 320/1641 Loss: 0.043322
2026-08-23 15:27: Train Epoch 6: 340/1641 Loss: 0.043286
2026-08-23 15:27: Train Epoch 6: 360/1641 Loss: 0.043767
2026-08-23 15:27: Train Epoch 6: 380/1641 Loss: 0.045534
2026-08-23 15:27: Train Epoch 6: 400/1641 Loss: 0.036908
2026-08-23 15:27: Train Epoch 6: 420/1641 Loss: 0.044360
2026-08-23 15:27: Train Epoch 6: 440/1641 Loss: 0.044310
2026-08-23 15:27: Train Epoch 6: 460/1641 Loss: 0.054966
2026-08-23 15:27: Train Epoch 6: 480/1641 Loss: 0.047956
2026-08-23 15:27: Train Epoch 6: 500/1641 Loss: 0.050589
2026-08-23 15:27: Train Epoch 6: 520/1641 Loss: 0.048170
2026-08-23 15:27: Train Epoch 6: 540/1641 Loss: 0.045082
2026-08-23 15:27: Train Epoch 6: 560/1641 Loss: 0.042040
2026-08-23 15:27: Train Epoch 6: 580/1641 Loss: 0.040513
2026-08-23 15:28: Train Epoch 6: 600/1641 Loss: 0.047781
2026-08-23 15:28: Train Epoch 6: 620/1641 Loss: 0.039953
2026-08-23 15:28: Train Epoch 6: 640/1641 Loss: 0.044495
2026-08-23 15:28: Train Epoch 6: 660/1641 Loss: 0.058137
2026-08-23 15:28: Train Epoch 6: 680/1641 Loss: 0.050002
2026-08-23 15:28: Train Epoch 6: 700/1641 Loss: 0.045403
2026-08-23 15:28: Train Epoch 6: 720/1641 Loss: 0.042733
2026-08-23 15:28: Train Epoch 6: 740/1641 Loss: 0.050587
2026-08-23 15:28: Train Epoch 6: 760/1641 Loss: 0.046621
2026-08-23 15:28: Train Epoch 6: 780/1641 Loss: 0.039833
2026-08-23 15:28: Train Epoch 6: 800/1641 Loss: 0.043044
2026-08-23 15:28: Train Epoch 6: 820/1641 Loss: 0.044744
2026-08-23 15:28: Train Epoch 6: 840/1641 Loss: 0.046808
2026-08-23 15:28: Train Epoch 6: 860/1641 Loss: 0.036477
2026-08-23 15:28: Train Epoch 6: 880/1641 Loss: 0.048642
2026-08-23 15:28: Train Epoch 6: 900/1641 Loss: 0.045420
2026-08-23 15:28: Train Epoch 6: 920/1641 Loss: 0.042464
2026-08-23 15:28: Train Epoch 6: 940/1641 Loss: 0.043550
2026-08-23 15:28: Train Epoch 6: 960/1641 Loss: 0.043610
2026-08-23 15:28: Train Epoch 6: 980/1641 Loss: 0.041015
2026-08-23 15:28: Train Epoch 6: 1000/1641 Loss: 0.043209
2026-08-23 15:29: Train Epoch 6: 1020/1641 Loss: 0.044257
2026-08-23 15:29: Train Epoch 6: 1040/1641 Loss: 0.038870
2026-08-23 15:29: Train Epoch 6: 1060/1641 Loss: 0.045645
2026-08-23 15:29: Train Epoch 6: 1080/1641 Loss: 0.044701
2026-08-23 15:29: Train Epoch 6: 1100/1641 Loss: 0.042219
2026-08-23 15:29: Train Epoch 6: 1120/1641 Loss: 0.040275
2026-08-23 15:29: Train Epoch 6: 1140/1641 Loss: 0.039134
2026-08-23 15:29: Train Epoch 6: 1160/1641 Loss: 0.043530
2026-08-23 15:29: Train Epoch 6: 1180/1641 Loss: 0.039697
2026-08-23 15:29: Train Epoch 6: 1200/1641 Loss: 0.043816
2026-08-23 15:29: Train Epoch 6: 1220/1641 Loss: 0.049259
2026-08-23 15:29: Train Epoch 6: 1240/1641 Loss: 0.045027
2026-08-23 15:29: Train Epoch 6: 1260/1641 Loss: 0.049478
2026-08-23 15:29: Train Epoch 6: 1280/1641 Loss: 0.042796
2026-08-23 15:29: Train Epoch 6: 1300/1641 Loss: 0.043959
2026-08-23 15:29: Train Epoch 6: 1320/1641 Loss: 0.043096
2026-08-23 15:29: Train Epoch 6: 1340/1641 Loss: 0.043416
2026-08-23 15:29: Train Epoch 6: 1360/1641 Loss: 0.048242
2026-08-23 15:29: Train Epoch 6: 1380/1641 Loss: 0.039789
2026-08-23 15:29: Train Epoch 6: 1400/1641 Loss: 0.044784
2026-08-23 15:29: Train Epoch 6: 1420/1641 Loss: 0.042598
2026-08-23 15:29: Train Epoch 6: 1440/1641 Loss: 0.042861
2026-08-23 15:30: Train Epoch 6: 1460/1641 Loss: 0.044083
2026-08-23 15:30: Train Epoch 6: 1480/1641 Loss: 0.044402
2026-08-23 15:30: Train Epoch 6: 1500/1641 Loss: 0.050529
2026-08-23 15:30: Train Epoch 6: 1520/1641 Loss: 0.054188
2026-08-23 15:30: Train Epoch 6: 1540/1641 Loss: 0.042341
2026-08-23 15:30: Train Epoch 6: 1560/1641 Loss: 0.047226
2026-08-23 15:30: Train Epoch 6: 1580/1641 Loss: 0.044743
2026-08-23 15:30: Train Epoch 6: 1600/1641 Loss: 0.039396
2026-08-23 15:30: Train Epoch 6: 1620/1641 Loss: 0.042863
2026-08-23 15:30: Train Epoch 6: 1640/1641 Loss: 0.044620
2026-08-23 15:30: **********Train Epoch 6: averaged Loss: 0.045749, tf_ratio: 1.000000
2026-08-23 15:30: **********Val Epoch 6: average Loss: 0.054575
2026-08-23 15:30: Train Epoch 7: 0/1641 Loss: 0.045156
2026-08-23 15:30: Train Epoch 7: 20/1641 Loss: 0.055788
2026-08-23 15:30: Train Epoch 7: 40/1641 Loss: 0.043777
2026-08-23 15:30: Train Epoch 7: 60/1641 Loss: 0.041956
2026-08-23 15:30: Train Epoch 7: 80/1641 Loss: 0.046311
2026-08-23 15:31: Train Epoch 7: 100/1641 Loss: 0.043531
2026-08-23 15:31: Train Epoch 7: 120/1641 Loss: 0.041708
2026-08-23 15:31: Train Epoch 7: 140/1641 Loss: 0.043257
2026-08-23 15:31: Train Epoch 7: 160/1641 Loss: 0.044887
2026-08-23 15:31: Train Epoch 7: 180/1641 Loss: 0.040204
2026-08-23 15:31: Train Epoch 7: 200/1641 Loss: 0.046491
2026-08-23 15:31: Train Epoch 7: 220/1641 Loss: 0.044967
2026-08-23 15:31: Train Epoch 7: 240/1641 Loss: 0.044068
2026-08-23 15:31: Train Epoch 7: 260/1641 Loss: 0.043450
2026-08-23 15:31: Train Epoch 7: 280/1641 Loss: 0.040717
2026-08-23 15:31: Train Epoch 7: 300/1641 Loss: 0.041065
2026-08-23 15:31: Train Epoch 7: 320/1641 Loss: 0.046802
2026-08-23 15:31: Train Epoch 7: 340/1641 Loss: 0.047596
2026-08-23 15:31: Train Epoch 7: 360/1641 Loss: 0.059481
2026-08-23 15:31: Train Epoch 7: 380/1641 Loss: 0.042793
2026-08-23 15:31: Train Epoch 7: 400/1641 Loss: 0.041785
2026-08-23 15:31: Train Epoch 7: 420/1641 Loss: 0.044608
2026-08-23 15:31: Train Epoch 7: 440/1641 Loss: 0.042548
2026-08-23 15:31: Train Epoch 7: 460/1641 Loss: 0.051080
2026-08-23 15:31: Train Epoch 7: 480/1641 Loss: 0.040666
2026-08-23 15:31: Train Epoch 7: 500/1641 Loss: 0.042654
2026-08-23 15:32: Train Epoch 7: 520/1641 Loss: 0.049349
2026-08-23 15:32: Train Epoch 7: 540/1641 Loss: 0.050112
2026-08-23 15:32: Train Epoch 7: 560/1641 Loss: 0.046792
2026-08-23 15:32: Train Epoch 7: 580/1641 Loss: 0.043184
2026-08-23 15:32: Train Epoch 7: 600/1641 Loss: 0.048790
2026-08-23 15:32: Train Epoch 7: 620/1641 Loss: 0.047223
2026-08-23 15:32: Train Epoch 7: 640/1641 Loss: 0.043338
2026-08-23 15:32: Train Epoch 7: 660/1641 Loss: 0.047848
2026-08-23 15:32: Train Epoch 7: 680/1641 Loss: 0.051172
2026-08-23 15:32: Train Epoch 7: 700/1641 Loss: 0.047961
2026-08-23 15:32: Train Epoch 7: 720/1641 Loss: 0.052465
2026-08-23 15:32: Train Epoch 7: 740/1641 Loss: 0.046213
2026-08-23 15:32: Train Epoch 7: 760/1641 Loss: 0.042808
2026-08-23 15:32: Train Epoch 7: 780/1641 Loss: 0.041849
2026-08-23 15:32: Train Epoch 7: 800/1641 Loss: 0.041427
2026-08-23 15:32: Train Epoch 7: 820/1641 Loss: 0.042182
2026-08-23 15:32: Train Epoch 7: 840/1641 Loss: 0.073200
2026-08-23 15:32: Train Epoch 7: 860/1641 Loss: 0.061804
2026-08-23 15:32: Train Epoch 7: 880/1641 Loss: 0.048484
2026-08-23 15:32: Train Epoch 7: 900/1641 Loss: 0.048105
2026-08-23 15:32: Train Epoch 7: 920/1641 Loss: 0.048012
2026-08-23 15:33: Train Epoch 7: 940/1641 Loss: 0.043681
2026-08-23 15:33: Train Epoch 7: 960/1641 Loss: 0.044137
2026-08-23 15:33: Train Epoch 7: 980/1641 Loss: 0.039356
2026-08-23 15:33: Train Epoch 7: 1000/1641 Loss: 0.043466
2026-08-23 15:33: Train Epoch 7: 1020/1641 Loss: 0.044491
2026-08-23 15:33: Train Epoch 7: 1040/1641 Loss: 0.043104
2026-08-23 15:33: Train Epoch 7: 1060/1641 Loss: 0.048229
2026-08-23 15:33: Train Epoch 7: 1080/1641 Loss: 0.049005
2026-08-23 15:33: Train Epoch 7: 1100/1641 Loss: 0.046996
2026-08-23 15:33: Train Epoch 7: 1120/1641 Loss: 0.048572
2026-08-23 15:33: Train Epoch 7: 1140/1641 Loss: 0.043249
2026-08-23 15:33: Train Epoch 7: 1160/1641 Loss: 0.042081
2026-08-23 15:33: Train Epoch 7: 1180/1641 Loss: 0.046251
2026-08-23 15:33: Train Epoch 7: 1200/1641 Loss: 0.043025
2026-08-23 15:33: Train Epoch 7: 1220/1641 Loss: 0.040025
2026-08-23 15:33: Train Epoch 7: 1240/1641 Loss: 0.040187
2026-08-23 15:33: Train Epoch 7: 1260/1641 Loss: 0.040948
2026-08-23 15:33: Train Epoch 7: 1280/1641 Loss: 0.046523
2026-08-23 15:33: Train Epoch 7: 1300/1641 Loss: 0.043654
2026-08-23 15:33: Train Epoch 7: 1320/1641 Loss: 0.047828
2026-08-23 15:33: Train Epoch 7: 1340/1641 Loss: 0.051496
2026-08-23 15:34: Train Epoch 7: 1360/1641 Loss: 0.042083
2026-08-23 15:34: Train Epoch 7: 1380/1641 Loss: 0.048635
2026-08-23 15:34: Train Epoch 7: 1400/1641 Loss: 0.045443
2026-08-23 15:34: Train Epoch 7: 1420/1641 Loss: 0.042614
2026-08-23 15:34: Train Epoch 7: 1440/1641 Loss: 0.049818
2026-08-23 15:34: Train Epoch 7: 1460/1641 Loss: 0.045262
2026-08-23 15:34: Train Epoch 7: 1480/1641 Loss: 0.043278
2026-08-23 15:34: Train Epoch 7: 1500/1641 Loss: 0.041074
2026-08-23 15:34: Train Epoch 7: 1520/1641 Loss: 0.039462
2026-08-23 15:34: Train Epoch 7: 1540/1641 Loss: 0.050874
2026-08-23 15:34: Train Epoch 7: 1560/1641 Loss: 0.047942
2026-08-23 15:34: Train Epoch 7: 1580/1641 Loss: 0.049479
2026-08-23 15:34: Train Epoch 7: 1600/1641 Loss: 0.047417
2026-08-23 15:34: Train Epoch 7: 1620/1641 Loss: 0.051516
2026-08-23 15:34: Train Epoch 7: 1640/1641 Loss: 0.045838
2026-08-23 15:34: **********Train Epoch 7: averaged Loss: 0.045027, tf_ratio: 1.000000
2026-08-23 15:35: **********Val Epoch 7: average Loss: 0.051889
2026-08-23 15:35: Train Epoch 8: 0/1641 Loss: 0.043299
2026-08-23 15:35: Train Epoch 8: 20/1641 Loss: 0.042778
2026-08-23 15:35: Train Epoch 8: 40/1641 Loss: 0.041272
2026-08-23 15:35: Train Epoch 8: 60/1641 Loss: 0.043814
2026-08-23 15:35: Train Epoch 8: 80/1641 Loss: 0.044954
2026-08-23 15:35: Train Epoch 8: 100/1641 Loss: 0.035227
2026-08-23 15:35: Train Epoch 8: 120/1641 Loss: 0.050890
2026-08-23 15:35: Train Epoch 8: 140/1641 Loss: 0.045901
2026-08-23 15:35: Train Epoch 8: 160/1641 Loss: 0.053110
2026-08-23 15:35: Train Epoch 8: 180/1641 Loss: 0.042955
2026-08-23 15:35: Train Epoch 8: 200/1641 Loss: 0.042863
2026-08-23 15:35: Train Epoch 8: 220/1641 Loss: 0.046301
2026-08-23 15:35: Train Epoch 8: 240/1641 Loss: 0.048424
2026-08-23 15:35: Train Epoch 8: 260/1641 Loss: 0.043449
2026-08-23 15:35: Train Epoch 8: 280/1641 Loss: 0.040836
2026-08-23 15:35: Train Epoch 8: 300/1641 Loss: 0.045617
2026-08-23 15:35: Train Epoch 8: 320/1641 Loss: 0.047340
2026-08-23 15:35: Train Epoch 8: 340/1641 Loss: 0.045769
2026-08-23 15:35: Train Epoch 8: 360/1641 Loss: 0.038916
2026-08-23 15:35: Train Epoch 8: 380/1641 Loss: 0.042601
2026-08-23 15:35: Train Epoch 8: 400/1641 Loss: 0.040248
2026-08-23 15:36: Train Epoch 8: 420/1641 Loss: 0.042529
2026-08-23 15:36: Train Epoch 8: 440/1641 Loss: 0.044144
2026-08-23 15:36: Train Epoch 8: 460/1641 Loss: 0.043067
2026-08-23 15:36: Train Epoch 8: 480/1641 Loss: 0.045231
2026-08-23 15:36: Train Epoch 8: 500/1641 Loss: 0.045018
2026-08-23 15:36: Train Epoch 8: 520/1641 Loss: 0.049654
2026-08-23 15:36: Train Epoch 8: 540/1641 Loss: 0.042274
2026-08-23 15:36: Train Epoch 8: 560/1641 Loss: 0.042465
2026-08-23 15:36: Train Epoch 8: 580/1641 Loss: 0.045156
2026-08-23 15:36: Train Epoch 8: 600/1641 Loss: 0.041710
2026-08-23 15:36: Train Epoch 8: 620/1641 Loss: 0.053193
2026-08-23 15:36: Train Epoch 8: 640/1641 Loss: 0.045018
2026-08-23 15:36: Train Epoch 8: 660/1641 Loss: 0.048174
2026-08-23 15:36: Train Epoch 8: 680/1641 Loss: 0.050830
2026-08-23 15:36: Train Epoch 8: 700/1641 Loss: 0.041871
2026-08-23 15:36: Train Epoch 8: 720/1641 Loss: 0.041192
2026-08-23 15:36: Train Epoch 8: 740/1641 Loss: 0.050654
2026-08-23 15:36: Train Epoch 8: 760/1641 Loss: 0.044796
2026-08-23 15:36: Train Epoch 8: 780/1641 Loss: 0.040520
2026-08-23 15:36: Train Epoch 8: 800/1641 Loss: 0.043998
2026-08-23 15:36: Train Epoch 8: 820/1641 Loss: 0.040117
2026-08-23 15:37: Train Epoch 8: 840/1641 Loss: 0.048271
2026-08-23 15:37: Train Epoch 8: 860/1641 Loss: 0.036269
2026-08-23 15:37: Train Epoch 8: 880/1641 Loss: 0.039768
2026-08-23 15:37: Train Epoch 8: 900/1641 Loss: 0.045810
2026-08-23 15:37: Train Epoch 8: 920/1641 Loss: 0.046775
2026-08-23 15:37: Train Epoch 8: 940/1641 Loss: 0.044049
2026-08-23 15:37: Train Epoch 8: 960/1641 Loss: 0.043758
2026-08-23 15:37: Train Epoch 8: 980/1641 Loss: 0.041934
2026-08-23 15:37: Train Epoch 8: 1000/1641 Loss: 0.042599
2026-08-23 15:37: Train Epoch 8: 1020/1641 Loss: 0.042451
2026-08-23 15:37: Train Epoch 8: 1040/1641 Loss: 0.064368
2026-08-23 15:37: Train Epoch 8: 1060/1641 Loss: 0.046847
2026-08-23 15:37: Train Epoch 8: 1080/1641 Loss: 0.045598
2026-08-23 15:37: Train Epoch 8: 1100/1641 Loss: 0.042280
2026-08-23 15:37: Train Epoch 8: 1120/1641 Loss: 0.050450
2026-08-23 15:37: Train Epoch 8: 1140/1641 Loss: 0.038464
2026-08-23 15:37: Train Epoch 8: 1160/1641 Loss: 0.043590
2026-08-23 15:37: Train Epoch 8: 1180/1641 Loss: 0.051009
2026-08-23 15:37: Train Epoch 8: 1200/1641 Loss: 0.039405
2026-08-23 15:37: Train Epoch 8: 1220/1641 Loss: 0.044681
2026-08-23 15:37: Train Epoch 8: 1240/1641 Loss: 0.049718
2026-08-23 15:37: Train Epoch 8: 1260/1641 Loss: 0.043235
2026-08-23 15:38: Train Epoch 8: 1280/1641 Loss: 0.048776
2026-08-23 15:38: Train Epoch 8: 1300/1641 Loss: 0.042920
2026-08-23 15:38: Train Epoch 8: 1320/1641 Loss: 0.040827
2026-08-23 15:38: Train Epoch 8: 1340/1641 Loss: 0.040303
2026-08-23 15:38: Train Epoch 8: 1360/1641 Loss: 0.045749
2026-08-23 15:38: Train Epoch 8: 1380/1641 Loss: 0.039623
2026-08-23 15:38: Train Epoch 8: 1400/1641 Loss: 0.048764
2026-08-23 15:38: Train Epoch 8: 1420/1641 Loss: 0.041547
2026-08-23 15:38: Train Epoch 8: 1440/1641 Loss: 0.044303
2026-08-23 15:38: Train Epoch 8: 1460/1641 Loss: 0.044572
2026-08-23 15:38: Train Epoch 8: 1480/1641 Loss: 0.042745
2026-08-23 15:38: Train Epoch 8: 1500/1641 Loss: 0.040740
2026-08-23 15:38: Train Epoch 8: 1520/1641 Loss: 0.043715
2026-08-23 15:38: Train Epoch 8: 1540/1641 Loss: 0.036555
2026-08-23 15:38: Train Epoch 8: 1560/1641 Loss: 0.044828
2026-08-23 15:38: Train Epoch 8: 1580/1641 Loss: 0.040754
2026-08-23 15:38: Train Epoch 8: 1600/1641 Loss: 0.040593
2026-08-23 15:38: Train Epoch 8: 1620/1641 Loss: 0.042990
2026-08-23 15:38: Train Epoch 8: 1640/1641 Loss: 0.040300
2026-08-23 15:38: **********Train Epoch 8: averaged Loss: 0.044502, tf_ratio: 1.000000
2026-08-23 15:39: **********Val Epoch 8: average Loss: 0.051072
2026-08-23 15:39: *********************************Current best model saved!
2026-08-23 15:39: Train Epoch 9: 0/1641 Loss: 0.041412
2026-08-23 15:39: Train Epoch 9: 20/1641 Loss: 0.044323
2026-08-23 15:39: Train Epoch 9: 40/1641 Loss: 0.049433
2026-08-23 15:39: Train Epoch 9: 60/1641 Loss: 0.051370
2026-08-23 15:39: Train Epoch 9: 80/1641 Loss: 0.053168
2026-08-23 15:39: Train Epoch 9: 100/1641 Loss: 0.045268
2026-08-23 15:39: Train Epoch 9: 120/1641 Loss: 0.041597
2026-08-23 15:39: Train Epoch 9: 140/1641 Loss: 0.038612
2026-08-23 15:39: Train Epoch 9: 160/1641 Loss: 0.045452
2026-08-23 15:39: Train Epoch 9: 180/1641 Loss: 0.048172
2026-08-23 15:39: Train Epoch 9: 200/1641 Loss: 0.049401
2026-08-23 15:39: Train Epoch 9: 220/1641 Loss: 0.048300
2026-08-23 15:39: Train Epoch 9: 240/1641 Loss: 0.047842
2026-08-23 15:39: Train Epoch 9: 260/1641 Loss: 0.038664
2026-08-23 15:39: Train Epoch 9: 280/1641 Loss: 0.042371
2026-08-23 15:39: Train Epoch 9: 300/1641 Loss: 0.039236
2026-08-23 15:40: Train Epoch 9: 320/1641 Loss: 0.039510
2026-08-23 15:40: Train Epoch 9: 340/1641 Loss: 0.042387
2026-08-23 15:40: Train Epoch 9: 360/1641 Loss: 0.040062
2026-08-23 15:40: Train Epoch 9: 380/1641 Loss: 0.037984
2026-08-23 15:40: Train Epoch 9: 400/1641 Loss: 0.040537
2026-08-23 15:40: Train Epoch 9: 420/1641 Loss: 0.042631
2026-08-23 15:40: Train Epoch 9: 440/1641 Loss: 0.040746
2026-08-23 15:40: Train Epoch 9: 460/1641 Loss: 0.062402
2026-08-23 15:40: Train Epoch 9: 480/1641 Loss: 0.037450
2026-08-23 15:40: Train Epoch 9: 500/1641 Loss: 0.046874
2026-08-23 15:40: Train Epoch 9: 520/1641 Loss: 0.047704
2026-08-23 15:40: Train Epoch 9: 540/1641 Loss: 0.043832
2026-08-23 15:40: Train Epoch 9: 560/1641 Loss: 0.052562
2026-08-23 15:40: Train Epoch 9: 580/1641 Loss: 0.048408
2026-08-23 15:40: Train Epoch 9: 600/1641 Loss: 0.039747
2026-08-23 15:40: Train Epoch 9: 620/1641 Loss: 0.043536
2026-08-23 15:40: Train Epoch 9: 640/1641 Loss: 0.043250
2026-08-23 15:40: Train Epoch 9: 660/1641 Loss: 0.044357
2026-08-23 15:40: Train Epoch 9: 680/1641 Loss: 0.047447
2026-08-23 15:40: Train Epoch 9: 700/1641 Loss: 0.050030
2026-08-23 15:40: Train Epoch 9: 720/1641 Loss: 0.045927
2026-08-23 15:41: Train Epoch 9: 740/1641 Loss: 0.043970
2026-08-23 15:41: Train Epoch 9: 760/1641 Loss: 0.039579
2026-08-23 15:41: Train Epoch 9: 780/1641 Loss: 0.045499
2026-08-23 15:41: Train Epoch 9: 800/1641 Loss: 0.039472
2026-08-23 15:41: Train Epoch 9: 820/1641 Loss: 0.044273
2026-08-23 15:41: Train Epoch 9: 840/1641 Loss: 0.041660
2026-08-23 15:41: Train Epoch 9: 860/1641 Loss: 0.039946
2026-08-23 15:41: Train Epoch 9: 880/1641 Loss: 0.041996
2026-08-23 15:41: Train Epoch 9: 900/1641 Loss: 0.045426
2026-08-23 15:41: Train Epoch 9: 920/1641 Loss: 0.047654
2026-08-23 15:41: Train Epoch 9: 940/1641 Loss: 0.042279
2026-08-23 15:41: Train Epoch 9: 960/1641 Loss: 0.044042
2026-08-23 15:41: Train Epoch 9: 980/1641 Loss: 0.042224
2026-08-23 15:41: Train Epoch 9: 1000/1641 Loss: 0.037917
2026-08-23 15:41: Train Epoch 9: 1020/1641 Loss: 0.048305
2026-08-23 15:41: Train Epoch 9: 1040/1641 Loss: 0.043952
2026-08-23 15:41: Train Epoch 9: 1060/1641 Loss: 0.046879
2026-08-23 15:41: Train Epoch 9: 1080/1641 Loss: 0.042802
2026-08-23 15:41: Train Epoch 9: 1100/1641 Loss: 0.040980
2026-08-23 15:41: Train Epoch 9: 1120/1641 Loss: 0.047680
2026-08-23 15:41: Train Epoch 9: 1140/1641 Loss: 0.038140
2026-08-23 15:41: Train Epoch 9: 1160/1641 Loss: 0.041659
2026-08-23 15:42: Train Epoch 9: 1180/1641 Loss: 0.039806
2026-08-23 15:42: Train Epoch 9: 1200/1641 Loss: 0.044116
2026-08-23 15:42: Train Epoch 9: 1220/1641 Loss: 0.044597
2026-08-23 15:42: Train Epoch 9: 1240/1641 Loss: 0.043735
2026-08-23 15:42: Train Epoch 9: 1260/1641 Loss: 0.047896
2026-08-23 15:42: Train Epoch 9: 1280/1641 Loss: 0.044098
2026-08-23 15:42: Train Epoch 9: 1300/1641 Loss: 0.038955
2026-08-23 15:42: Train Epoch 9: 1320/1641 Loss: 0.039812
2026-08-23 15:42: Train Epoch 9: 1340/1641 Loss: 0.038852
2026-08-23 15:42: Train Epoch 9: 1360/1641 Loss: 0.036685
2026-08-23 15:42: Train Epoch 9: 1380/1641 Loss: 0.042236
2026-08-23 15:42: Train Epoch 9: 1400/1641 Loss: 0.055427
2026-08-23 15:42: Train Epoch 9: 1420/1641 Loss: 0.041918
2026-08-23 15:42: Train Epoch 9: 1440/1641 Loss: 0.047803
2026-08-23 15:42: Train Epoch 9: 1460/1641 Loss: 0.043532
2026-08-23 15:42: Train Epoch 9: 1480/1641 Loss: 0.038183
2026-08-23 15:42: Train Epoch 9: 1500/1641 Loss: 0.044037
2026-08-23 15:42: Train Epoch 9: 1520/1641 Loss: 0.043222
2026-08-23 15:42: Train Epoch 9: 1540/1641 Loss: 0.036320
2026-08-23 15:42: Train Epoch 9: 1560/1641 Loss: 0.046301
2026-08-23 15:42: Train Epoch 9: 1580/1641 Loss: 0.044877
2026-08-23 15:43: Train Epoch 9: 1600/1641 Loss: 0.037996
2026-08-23 15:43: Train Epoch 9: 1620/1641 Loss: 0.048957
2026-08-23 15:43: Train Epoch 9: 1640/1641 Loss: 0.045561
2026-08-23 15:43: **********Train Epoch 9: averaged Loss: 0.044001, tf_ratio: 1.000000
2026-08-23 15:43: **********Val Epoch 9: average Loss: 0.051633
2026-08-23 15:43: Train Epoch 10: 0/1641 Loss: 0.051319
2026-08-23 15:43: Train Epoch 10: 20/1641 Loss: 0.041661
2026-08-23 15:43: Train Epoch 10: 40/1641 Loss: 0.042855
2026-08-23 15:43: Train Epoch 10: 60/1641 Loss: 0.038922
2026-08-23 15:43: Train Epoch 10: 80/1641 Loss: 0.044306
2026-08-23 15:43: Train Epoch 10: 100/1641 Loss: 0.054311
2026-08-23 15:43: Train Epoch 10: 120/1641 Loss: 0.043230
2026-08-23 15:43: Train Epoch 10: 140/1641 Loss: 0.052502
2026-08-23 15:43: Train Epoch 10: 160/1641 Loss: 0.041807
2026-08-23 15:43: Train Epoch 10: 180/1641 Loss: 0.042188
2026-08-23 15:43: Train Epoch 10: 200/1641 Loss: 0.044141
2026-08-23 15:44: Train Epoch 10: 220/1641 Loss: 0.047559
2026-08-23 15:44: Train Epoch 10: 240/1641 Loss: 0.041334
2026-08-23 15:44: Train Epoch 10: 260/1641 Loss: 0.040426
2026-08-23 15:44: Train Epoch 10: 280/1641 Loss: 0.043908
2026-08-23 15:44: Train Epoch 10: 300/1641 Loss: 0.043822
2026-08-23 15:44: Train Epoch 10: 320/1641 Loss: 0.038828
2026-08-23 15:44: Train Epoch 10: 340/1641 Loss: 0.041898
2026-08-23 15:44: Train Epoch 10: 360/1641 Loss: 0.044145
2026-08-23 15:44: Train Epoch 10: 380/1641 Loss: 0.041215
2026-08-23 15:44: Train Epoch 10: 400/1641 Loss: 0.044405
2026-08-23 15:44: Train Epoch 10: 420/1641 Loss: 0.037848
2026-08-23 15:44: Train Epoch 10: 440/1641 Loss: 0.035514
2026-08-23 15:44: Train Epoch 10: 460/1641 Loss: 0.041319
2026-08-23 15:44: Train Epoch 10: 480/1641 Loss: 0.048497
2026-08-23 15:44: Train Epoch 10: 500/1641 Loss: 0.043985
2026-08-23 15:44: Train Epoch 10: 520/1641 Loss: 0.040190
2026-08-23 15:44: Train Epoch 10: 540/1641 Loss: 0.044036
2026-08-23 15:44: Train Epoch 10: 560/1641 Loss: 0.048807
2026-08-23 15:44: Train Epoch 10: 580/1641 Loss: 0.039107
2026-08-23 15:44: Train Epoch 10: 600/1641 Loss: 0.042210
2026-08-23 15:44: Train Epoch 10: 620/1641 Loss: 0.042892
2026-08-23 15:44: Train Epoch 10: 640/1641 Loss: 0.041056
2026-08-23 15:45: Train Epoch 10: 660/1641 Loss: 0.047900
2026-08-23 15:45: Train Epoch 10: 680/1641 Loss: 0.045837
2026-08-23 15:45: Train Epoch 10: 700/1641 Loss: 0.035277
2026-08-23 15:45: Train Epoch 10: 720/1641 Loss: 0.043533
2026-08-23 15:45: Train Epoch 10: 740/1641 Loss: 0.042995
2026-08-23 15:45: Train Epoch 10: 760/1641 Loss: 0.037993
2026-08-23 15:45: Train Epoch 10: 780/1641 Loss: 0.043746
2026-08-23 15:45: Train Epoch 10: 800/1641 Loss: 0.055742
2026-08-23 15:45: Train Epoch 10: 820/1641 Loss: 0.042562
2026-08-23 15:45: Train Epoch 10: 840/1641 Loss: 0.049167
2026-08-23 15:45: Train Epoch 10: 860/1641 Loss: 0.040461
2026-08-23 15:45: Train Epoch 10: 880/1641 Loss: 0.036992
2026-08-23 15:45: Train Epoch 10: 900/1641 Loss: 0.043425
2026-08-23 15:45: Train Epoch 10: 920/1641 Loss: 0.039225
2026-08-23 15:45: Train Epoch 10: 940/1641 Loss: 0.043214
2026-08-23 15:45: Train Epoch 10: 960/1641 Loss: 0.037757
2026-08-23 15:45: Train Epoch 10: 980/1641 Loss: 0.040084
2026-08-23 15:45: Train Epoch 10: 1000/1641 Loss: 0.053010
2026-08-23 15:45: Train Epoch 10: 1020/1641 Loss: 0.044866
2026-08-23 15:45: Train Epoch 10: 1040/1641 Loss: 0.041565
2026-08-23 15:45: Train Epoch 10: 1060/1641 Loss: 0.043112
2026-08-23 15:46: Train Epoch 10: 1080/1641 Loss: 0.042391
2026-08-23 15:46: Train Epoch 10: 1100/1641 Loss: 0.043766
2026-08-23 15:46: Train Epoch 10: 1120/1641 Loss: 0.039987
2026-08-23 15:46: Train Epoch 10: 1140/1641 Loss: 0.045405
2026-08-23 15:46: Train Epoch 10: 1160/1641 Loss: 0.040787
2026-08-23 15:46: Train Epoch 10: 1180/1641 Loss: 0.038230
2026-08-23 15:46: Train Epoch 10: 1200/1641 Loss: 0.043034
2026-08-23 15:46: Train Epoch 10: 1220/1641 Loss: 0.051389
2026-08-23 15:46: Train Epoch 10: 1240/1641 Loss: 0.039667
2026-08-23 15:46: Train Epoch 10: 1260/1641 Loss: 0.045164
2026-08-23 15:46: Train Epoch 10: 1280/1641 Loss: 0.038868
2026-08-23 15:46: Train Epoch 10: 1300/1641 Loss: 0.041273
2026-08-23 15:46: Train Epoch 10: 1320/1641 Loss: 0.048371
2026-08-23 15:46: Train Epoch 10: 1340/1641 Loss: 0.039854
2026-08-23 15:46: Train Epoch 10: 1360/1641 Loss: 0.045496
2026-08-23 15:46: Train Epoch 10: 1380/1641 Loss: 0.035635
2026-08-23 15:46: Train Epoch 10: 1400/1641 Loss: 0.044008
2026-08-23 15:46: Train Epoch 10: 1420/1641 Loss: 0.038456
2026-08-23 15:46: Train Epoch 10: 1440/1641 Loss: 0.044906
2026-08-23 15:46: Train Epoch 10: 1460/1641 Loss: 0.039574
2026-08-23 15:46: Train Epoch 10: 1480/1641 Loss: 0.045125
2026-08-23 15:46: Train Epoch 10: 1500/1641 Loss: 0.044403
2026-08-23 15:47: Train Epoch 10: 1520/1641 Loss: 0.043097
2026-08-23 15:47: Train Epoch 10: 1540/1641 Loss: 0.044840
2026-08-23 15:47: Train Epoch 10: 1560/1641 Loss: 0.038479
2026-08-23 15:47: Train Epoch 10: 1580/1641 Loss: 0.045594
2026-08-23 15:47: Train Epoch 10: 1600/1641 Loss: 0.043206
2026-08-23 15:47: Train Epoch 10: 1620/1641 Loss: 0.042596
2026-08-23 15:47: Train Epoch 10: 1640/1641 Loss: 0.043047
2026-08-23 15:47: **********Train Epoch 10: averaged Loss: 0.043448, tf_ratio: 1.000000
2026-08-23 15:47: **********Val Epoch 10: average Loss: 0.050554
2026-08-23 15:47: *********************************Current best model saved!
2026-08-23 15:47: Train Epoch 11: 0/1641 Loss: 0.047046
2026-08-23 15:47: Train Epoch 11: 20/1641 Loss: 0.041463
2026-08-23 15:47: Train Epoch 11: 40/1641 Loss: 0.043455
2026-08-23 15:47: Train Epoch 11: 60/1641 Loss: 0.048384
2026-08-23 15:47: Train Epoch 11: 80/1641 Loss: 0.039715
2026-08-23 15:47: Train Epoch 11: 100/1641 Loss: 0.038038
2026-08-23 15:47: Train Epoch 11: 120/1641 Loss: 0.047119
2026-08-23 15:48: Train Epoch 11: 140/1641 Loss: 0.040228
2026-08-23 15:48: Train Epoch 11: 160/1641 Loss: 0.047982
2026-08-23 15:48: Train Epoch 11: 180/1641 Loss: 0.043588
2026-08-23 15:48: Train Epoch 11: 200/1641 Loss: 0.036711
2026-08-23 15:48: Train Epoch 11: 220/1641 Loss: 0.044745
2026-08-23 15:48: Train Epoch 11: 240/1641 Loss: 0.046832
2026-08-23 15:48: Train Epoch 11: 260/1641 Loss: 0.041663
2026-08-23 15:48: Train Epoch 11: 280/1641 Loss: 0.042814
2026-08-23 15:48: Train Epoch 11: 300/1641 Loss: 0.043012
2026-08-23 15:48: Train Epoch 11: 320/1641 Loss: 0.045769
2026-08-23 15:48: Train Epoch 11: 340/1641 Loss: 0.046801
2026-08-23 15:48: Train Epoch 11: 360/1641 Loss: 0.043605
2026-08-23 15:48: Train Epoch 11: 380/1641 Loss: 0.040285
2026-08-23 15:48: Train Epoch 11: 400/1641 Loss: 0.042277
2026-08-23 15:48: Train Epoch 11: 420/1641 Loss: 0.044306
2026-08-23 15:48: Train Epoch 11: 440/1641 Loss: 0.043675
2026-08-23 15:48: Train Epoch 11: 460/1641 Loss: 0.040864
2026-08-23 15:48: Train Epoch 11: 480/1641 Loss: 0.040152
2026-08-23 15:48: Train Epoch 11: 500/1641 Loss: 0.039473
2026-08-23 15:48: Train Epoch 11: 520/1641 Loss: 0.047502
2026-08-23 15:48: Train Epoch 11: 540/1641 Loss: 0.042384
2026-08-23 15:49: Train Epoch 11: 560/1641 Loss: 0.045532
2026-08-23 15:49: Train Epoch 11: 580/1641 Loss: 0.042728
2026-08-23 15:49: Train Epoch 11: 600/1641 Loss: 0.041397
2026-08-23 15:49: Train Epoch 11: 620/1641 Loss: 0.044373
2026-08-23 15:49: Train Epoch 11: 640/1641 Loss: 0.050379
2026-08-23 15:49: Train Epoch 11: 660/1641 Loss: 0.038416
2026-08-23 15:49: Train Epoch 11: 680/1641 Loss: 0.050305
2026-08-23 15:49: Train Epoch 11: 700/1641 Loss: 0.044820
2026-08-23 15:49: Train Epoch 11: 720/1641 Loss: 0.048203
2026-08-23 15:49: Train Epoch 11: 740/1641 Loss: 0.037466
2026-08-23 15:49: Train Epoch 11: 760/1641 Loss: 0.044951
2026-08-23 15:49: Train Epoch 11: 780/1641 Loss: 0.039181
2026-08-23 15:49: Train Epoch 11: 800/1641 Loss: 0.042507
2026-08-23 15:49: Train Epoch 11: 820/1641 Loss: 0.045599
2026-08-23 15:49: Train Epoch 11: 840/1641 Loss: 0.043730
2026-08-23 15:49: Train Epoch 11: 860/1641 Loss: 0.040035
2026-08-23 15:49: Train Epoch 11: 880/1641 Loss: 0.043044
2026-08-23 15:49: Train Epoch 11: 900/1641 Loss: 0.042852
2026-08-23 15:49: Train Epoch 11: 920/1641 Loss: 0.043027
2026-08-23 15:49: Train Epoch 11: 940/1641 Loss: 0.040851
2026-08-23 15:49: Train Epoch 11: 960/1641 Loss: 0.052215
2026-08-23 15:50: Train Epoch 11: 980/1641 Loss: 0.043919
2026-08-23 15:50: Train Epoch 11: 1000/1641 Loss: 0.053041
2026-08-23 15:50: Train Epoch 11: 1020/1641 Loss: 0.046396
2026-08-23 15:50: Train Epoch 11: 1040/1641 Loss: 0.060908
2026-08-23 15:50: Train Epoch 11: 1060/1641 Loss: 0.040772
2026-08-23 15:50: Train Epoch 11: 1080/1641 Loss: 0.044264
2026-08-23 15:50: Train Epoch 11: 1100/1641 Loss: 0.041912
2026-08-23 15:50: Train Epoch 11: 1120/1641 Loss: 0.038763
2026-08-23 15:50: Train Epoch 11: 1140/1641 Loss: 0.059569
2026-08-23 15:50: Train Epoch 11: 1160/1641 Loss: 0.043778
2026-08-23 15:50: Train Epoch 11: 1180/1641 Loss: 0.043330
2026-08-23 15:50: Train Epoch 11: 1200/1641 Loss: 0.039704
2026-08-23 15:50: Train Epoch 11: 1220/1641 Loss: 0.039902
2026-08-23 15:50: Train Epoch 11: 1240/1641 Loss: 0.045565
2026-08-23 15:50: Train Epoch 11: 1260/1641 Loss: 0.038008
2026-08-23 15:50: Train Epoch 11: 1280/1641 Loss: 0.041384
2026-08-23 15:50: Train Epoch 11: 1300/1641 Loss: 0.052087
2026-08-23 15:50: Train Epoch 11: 1320/1641 Loss: 0.046254
2026-08-23 15:50: Train Epoch 11: 1340/1641 Loss: 0.042225
2026-08-23 15:50: Train Epoch 11: 1360/1641 Loss: 0.037706
2026-08-23 15:50: Train Epoch 11: 1380/1641 Loss: 0.045507
2026-08-23 15:50: Train Epoch 11: 1400/1641 Loss: 0.046285
2026-08-23 15:51: Train Epoch 11: 1420/1641 Loss: 0.040301
2026-08-23 15:51: Train Epoch 11: 1440/1641 Loss: 0.040474
2026-08-23 15:51: Train Epoch 11: 1460/1641 Loss: 0.041016
2026-08-23 15:51: Train Epoch 11: 1480/1641 Loss: 0.040800
2026-08-23 15:51: Train Epoch 11: 1500/1641 Loss: 0.050908
2026-08-23 15:51: Train Epoch 11: 1520/1641 Loss: 0.039228
2026-08-23 15:51: Train Epoch 11: 1540/1641 Loss: 0.040328
2026-08-23 15:51: Train Epoch 11: 1560/1641 Loss: 0.038863
2026-08-23 15:51: Train Epoch 11: 1580/1641 Loss: 0.041180
2026-08-23 15:51: Train Epoch 11: 1600/1641 Loss: 0.036935
2026-08-23 15:51: Train Epoch 11: 1620/1641 Loss: 0.038556
2026-08-23 15:51: Train Epoch 11: 1640/1641 Loss: 0.042679
2026-08-23 15:51: **********Train Epoch 11: averaged Loss: 0.042932, tf_ratio: 1.000000
2026-08-23 15:51: **********Val Epoch 11: average Loss: 0.049625
2026-08-23 15:51: *********************************Current best model saved!
2026-08-23 15:51: Train Epoch 12: 0/1641 Loss: 0.042807
2026-08-23 15:51: Train Epoch 12: 20/1641 Loss: 0.037828
2026-08-23 15:52: Train Epoch 12: 40/1641 Loss: 0.039353
2026-08-23 15:52: Train Epoch 12: 60/1641 Loss: 0.044526
2026-08-23 15:52: Train Epoch 12: 80/1641 Loss: 0.041676
2026-08-23 15:52: Train Epoch 12: 100/1641 Loss: 0.038459
2026-08-23 15:52: Train Epoch 12: 120/1641 Loss: 0.039904
2026-08-23 15:52: Train Epoch 12: 140/1641 Loss: 0.039965
2026-08-23 15:52: Train Epoch 12: 160/1641 Loss: 0.041390
2026-08-23 15:52: Train Epoch 12: 180/1641 Loss: 0.040567
2026-08-23 15:52: Train Epoch 12: 200/1641 Loss: 0.038977
2026-08-23 15:52: Train Epoch 12: 220/1641 Loss: 0.042443
2026-08-23 15:52: Train Epoch 12: 240/1641 Loss: 0.042102
2026-08-23 15:52: Train Epoch 12: 260/1641 Loss: 0.045734
2026-08-23 15:52: Train Epoch 12: 280/1641 Loss: 0.045171
2026-08-23 15:52: Train Epoch 12: 300/1641 Loss: 0.038744
2026-08-23 15:52: Train Epoch 12: 320/1641 Loss: 0.042846
2026-08-23 15:52: Train Epoch 12: 340/1641 Loss: 0.041174
2026-08-23 15:52: Train Epoch 12: 360/1641 Loss: 0.046668
2026-08-23 15:52: Train Epoch 12: 380/1641 Loss: 0.043004
2026-08-23 15:52: Train Epoch 12: 400/1641 Loss: 0.058717
2026-08-23 15:52: Train Epoch 12: 420/1641 Loss: 0.043622
2026-08-23 15:52: Train Epoch 12: 440/1641 Loss: 0.036990
2026-08-23 15:52: Train Epoch 12: 460/1641 Loss: 0.040515
2026-08-23 15:53: Train Epoch 12: 480/1641 Loss: 0.043811
2026-08-23 15:53: Train Epoch 12: 500/1641 Loss: 0.040219
2026-08-23 15:53: Train Epoch 12: 520/1641 Loss: 0.042167
2026-08-23 15:53: Train Epoch 12: 540/1641 Loss: 0.044913
2026-08-23 15:53: Train Epoch 12: 560/1641 Loss: 0.044387
2026-08-23 15:53: Train Epoch 12: 580/1641 Loss: 0.036922
2026-08-23 15:53: Train Epoch 12: 600/1641 Loss: 0.049821
2026-08-23 15:53: Train Epoch 12: 620/1641 Loss: 0.034985
2026-08-23 15:53: Train Epoch 12: 640/1641 Loss: 0.047647
2026-08-23 15:53: Train Epoch 12: 660/1641 Loss: 0.051785
2026-08-23 15:53: Train Epoch 12: 680/1641 Loss: 0.040739
2026-08-23 15:53: Train Epoch 12: 700/1641 Loss: 0.041646
2026-08-23 15:53: Train Epoch 12: 720/1641 Loss: 0.042717
2026-08-23 15:53: Train Epoch 12: 740/1641 Loss: 0.042668
2026-08-23 15:53: Train Epoch 12: 760/1641 Loss: 0.042183
2026-08-23 15:53: Train Epoch 12: 780/1641 Loss: 0.038982
2026-08-23 15:53: Train Epoch 12: 800/1641 Loss: 0.039033
2026-08-23 15:53: Train Epoch 12: 820/1641 Loss: 0.043054
2026-08-23 15:53: Train Epoch 12: 840/1641 Loss: 0.035691
2026-08-23 15:53: Train Epoch 12: 860/1641 Loss: 0.042646
2026-08-23 15:53: Train Epoch 12: 880/1641 Loss: 0.040094
2026-08-23 15:54: Train Epoch 12: 900/1641 Loss: 0.040604
2026-08-23 15:54: Train Epoch 12: 920/1641 Loss: 0.037869
2026-08-23 15:54: Train Epoch 12: 940/1641 Loss: 0.039206
2026-08-23 15:54: Train Epoch 12: 960/1641 Loss: 0.042289
2026-08-23 15:54: Train Epoch 12: 980/1641 Loss: 0.043456
2026-08-23 15:54: Train Epoch 12: 1000/1641 Loss: 0.039127
2026-08-23 15:54: Train Epoch 12: 1020/1641 Loss: 0.038622
2026-08-23 15:54: Train Epoch 12: 1040/1641 Loss: 0.039191
2026-08-23 15:54: Train Epoch 12: 1060/1641 Loss: 0.037300
2026-08-23 15:54: Train Epoch 12: 1080/1641 Loss: 0.039163
2026-08-23 15:54: Train Epoch 12: 1100/1641 Loss: 0.041928
2026-08-23 15:54: Train Epoch 12: 1120/1641 Loss: 0.039458
2026-08-23 15:54: Train Epoch 12: 1140/1641 Loss: 0.037742
2026-08-23 15:54: Train Epoch 12: 1160/1641 Loss: 0.036855
2026-08-23 15:54: Train Epoch 12: 1180/1641 Loss: 0.039521
2026-08-23 15:54: Train Epoch 12: 1200/1641 Loss: 0.036594
2026-08-23 15:54: Train Epoch 12: 1220/1641 Loss: 0.040322
2026-08-23 15:54: Train Epoch 12: 1240/1641 Loss: 0.047920
2026-08-23 15:54: Train Epoch 12: 1260/1641 Loss: 0.041365
2026-08-23 15:54: Train Epoch 12: 1280/1641 Loss: 0.045627
2026-08-23 15:54: Train Epoch 12: 1300/1641 Loss: 0.040763
2026-08-23 15:55: Train Epoch 12: 1320/1641 Loss: 0.045504
2026-08-23 15:55: Train Epoch 12: 1340/1641 Loss: 0.040198
2026-08-23 15:55: Train Epoch 12: 1360/1641 Loss: 0.039111
2026-08-23 15:55: Train Epoch 12: 1380/1641 Loss: 0.043444
2026-08-23 15:55: Train Epoch 12: 1400/1641 Loss: 0.045236
2026-08-23 15:55: Train Epoch 12: 1420/1641 Loss: 0.040146
2026-08-23 15:55: Train Epoch 12: 1440/1641 Loss: 0.041750
2026-08-23 15:55: Train Epoch 12: 1460/1641 Loss: 0.040954
2026-08-23 15:55: Train Epoch 12: 1480/1641 Loss: 0.035833
2026-08-23 15:55: Train Epoch 12: 1500/1641 Loss: 0.041689
2026-08-23 15:55: Train Epoch 12: 1520/1641 Loss: 0.038128
2026-08-23 15:55: Train Epoch 12: 1540/1641 Loss: 0.047558
2026-08-23 15:55: Train Epoch 12: 1560/1641 Loss: 0.037440
2026-08-23 15:55: Train Epoch 12: 1580/1641 Loss: 0.033896
2026-08-23 15:55: Train Epoch 12: 1600/1641 Loss: 0.036863
2026-08-23 15:55: Train Epoch 12: 1620/1641 Loss: 0.039717
2026-08-23 15:55: Train Epoch 12: 1640/1641 Loss: 0.039484
2026-08-23 15:55: **********Train Epoch 12: averaged Loss: 0.042147, tf_ratio: 1.000000
2026-08-23 15:56: **********Val Epoch 12: average Loss: 0.051020
2026-08-23 15:56: Train Epoch 13: 0/1641 Loss: 0.037726
2026-08-23 15:56: Train Epoch 13: 20/1641 Loss: 0.036856
2026-08-23 15:56: Train Epoch 13: 40/1641 Loss: 0.039558
2026-08-23 15:56: Train Epoch 13: 60/1641 Loss: 0.042068
2026-08-23 15:56: Train Epoch 13: 80/1641 Loss: 0.041623
2026-08-23 15:56: Train Epoch 13: 100/1641 Loss: 0.037531
2026-08-23 15:56: Train Epoch 13: 120/1641 Loss: 0.040801
2026-08-23 15:56: Train Epoch 13: 140/1641 Loss: 0.040279
2026-08-23 15:56: Train Epoch 13: 160/1641 Loss: 0.043493
2026-08-23 15:56: Train Epoch 13: 180/1641 Loss: 0.037935
2026-08-23 15:56: Train Epoch 13: 200/1641 Loss: 0.041325
2026-08-23 15:56: Train Epoch 13: 220/1641 Loss: 0.038649
2026-08-23 15:56: Train Epoch 13: 240/1641 Loss: 0.041796
2026-08-23 15:56: Train Epoch 13: 260/1641 Loss: 0.034077
2026-08-23 15:56: Train Epoch 13: 280/1641 Loss: 0.037382
2026-08-23 15:56: Train Epoch 13: 300/1641 Loss: 0.045630
2026-08-23 15:56: Train Epoch 13: 320/1641 Loss: 0.038711
2026-08-23 15:56: Train Epoch 13: 340/1641 Loss: 0.041799
2026-08-23 15:56: Train Epoch 13: 360/1641 Loss: 0.044419
2026-08-23 15:57: Train Epoch 13: 380/1641 Loss: 0.040799
2026-08-23 15:57: Train Epoch 13: 400/1641 Loss: 0.064004
2026-08-23 15:57: Train Epoch 13: 420/1641 Loss: 0.038638
2026-08-23 15:57: Train Epoch 13: 440/1641 Loss: 0.040095
2026-08-23 15:57: Train Epoch 13: 460/1641 Loss: 0.041784
2026-08-23 15:57: Train Epoch 13: 480/1641 Loss: 0.037379
2026-08-23 15:57: Train Epoch 13: 500/1641 Loss: 0.043226
2026-08-23 15:57: Train Epoch 13: 520/1641 Loss: 0.041750
2026-08-23 15:57: Train Epoch 13: 540/1641 Loss: 0.042807
2026-08-23 15:57: Train Epoch 13: 560/1641 Loss: 0.040745
2026-08-23 15:57: Train Epoch 13: 580/1641 Loss: 0.033594
2026-08-23 15:57: Train Epoch 13: 600/1641 Loss: 0.049017
2026-08-23 15:57: Train Epoch 13: 620/1641 Loss: 0.037594
2026-08-23 15:57: Train Epoch 13: 640/1641 Loss: 0.040946
2026-08-23 15:57: Train Epoch 13: 660/1641 Loss: 0.042930
2026-08-23 15:57: Train Epoch 13: 680/1641 Loss: 0.051644
2026-08-23 15:57: Train Epoch 13: 700/1641 Loss: 0.040352
2026-08-23 15:57: Train Epoch 13: 720/1641 Loss: 0.039971
2026-08-23 15:57: Train Epoch 13: 740/1641 Loss: 0.050284
2026-08-23 15:57: Train Epoch 13: 760/1641 Loss: 0.044973
2026-08-23 15:57: Train Epoch 13: 780/1641 Loss: 0.042136
2026-08-23 15:58: Train Epoch 13: 800/1641 Loss: 0.043055
2026-08-23 15:58: Train Epoch 13: 820/1641 Loss: 0.043284
2026-08-23 15:58: Train Epoch 13: 840/1641 Loss: 0.043077
2026-08-23 15:58: Train Epoch 13: 860/1641 Loss: 0.039250
2026-08-23 15:58: Train Epoch 13: 880/1641 Loss: 0.039918
2026-08-23 15:58: Train Epoch 13: 900/1641 Loss: 0.044769
2026-08-23 15:58: Train Epoch 13: 920/1641 Loss: 0.034925
