2026-08-15 20:07: Experiment log path in: /scratch/chkkar002/Diffusion_Based_STGNNs/AGCRN/model/experiments/SAWS/20260815200702
2026-08-15 20:07: Train Epoch 1: 0/821 Loss: 16.903475
2026-08-15 20:07: Train Epoch 1: 20/821 Loss: 6.887366
2026-08-15 20:07: Train Epoch 1: 40/821 Loss: 6.070550
2026-08-15 20:07: Train Epoch 1: 60/821 Loss: 5.319861
2026-08-15 20:07: Train Epoch 1: 80/821 Loss: 4.929456
2026-08-15 20:07: Train Epoch 1: 100/821 Loss: 4.542328
2026-08-15 20:07: Train Epoch 1: 120/821 Loss: 4.749925
2026-08-15 20:07: Train Epoch 1: 140/821 Loss: 4.585577
2026-08-15 20:07: Train Epoch 1: 160/821 Loss: 4.478569
2026-08-15 20:07: Train Epoch 1: 180/821 Loss: 4.094535
2026-08-15 20:07: Train Epoch 1: 200/821 Loss: 3.623531
2026-08-15 20:07: Train Epoch 1: 220/821 Loss: 3.437331
2026-08-15 20:07: Train Epoch 1: 240/821 Loss: 3.611566
2026-08-15 20:07: Train Epoch 1: 260/821 Loss: 3.643443
2026-08-15 20:07: Train Epoch 1: 280/821 Loss: 3.342514
2026-08-15 20:07: Train Epoch 1: 300/821 Loss: 3.243061
2026-08-15 20:07: Train Epoch 1: 320/821 Loss: 3.262187
2026-08-15 20:07: Train Epoch 1: 340/821 Loss: 3.022006
2026-08-15 20:07: Train Epoch 1: 360/821 Loss: 3.031028
2026-08-15 20:07: Train Epoch 1: 380/821 Loss: 2.784219
2026-08-15 20:07: Train Epoch 1: 400/821 Loss: 2.637703
2026-08-15 20:07: Train Epoch 1: 420/821 Loss: 2.510547
2026-08-15 20:07: Train Epoch 1: 440/821 Loss: 2.546288
2026-08-15 20:07: Train Epoch 1: 460/821 Loss: 2.519731
2026-08-15 20:07: Train Epoch 1: 480/821 Loss: 2.556349
2026-08-15 20:07: Train Epoch 1: 500/821 Loss: 2.540291
2026-08-15 20:07: Train Epoch 1: 520/821 Loss: 2.454717
2026-08-15 20:07: Train Epoch 1: 540/821 Loss: 2.508923
2026-08-15 20:07: Train Epoch 1: 560/821 Loss: 2.609737
2026-08-15 20:07: Train Epoch 1: 580/821 Loss: 2.409129
2026-08-15 20:07: Train Epoch 1: 600/821 Loss: 2.473981
2026-08-15 20:07: Train Epoch 1: 620/821 Loss: 2.378815
2026-08-15 20:07: Train Epoch 1: 640/821 Loss: 2.362394
2026-08-15 20:07: Train Epoch 1: 660/821 Loss: 2.299317
2026-08-15 20:07: Train Epoch 1: 680/821 Loss: 2.441473
2026-08-15 20:07: Train Epoch 1: 700/821 Loss: 2.287302
2026-08-15 20:07: Train Epoch 1: 720/821 Loss: 2.324118
2026-08-15 20:08: Train Epoch 1: 740/821 Loss: 2.330198
2026-08-15 20:08: Train Epoch 1: 760/821 Loss: 2.356337
2026-08-15 20:08: Train Epoch 1: 780/821 Loss: 2.236063
2026-08-15 20:08: Train Epoch 1: 800/821 Loss: 2.251580
2026-08-15 20:08: Train Epoch 1: 820/821 Loss: 2.315634
2026-08-15 20:08: **********Train Epoch 1: averaged Loss: 3.400953, tf_ratio: 1.000000
2026-08-15 20:08: **********Val Epoch 1: average Loss: 2.275862
2026-08-15 20:08: *********************************Current best model saved!
2026-08-15 20:08: Train Epoch 2: 0/821 Loss: 2.384195
2026-08-15 20:08: Train Epoch 2: 20/821 Loss: 2.300820
2026-08-15 20:08: Train Epoch 2: 40/821 Loss: 2.395372
2026-08-15 20:08: Train Epoch 2: 60/821 Loss: 2.196677
2026-08-15 20:08: Train Epoch 2: 80/821 Loss: 2.364815
2026-08-15 20:08: Train Epoch 2: 100/821 Loss: 2.243210
2026-08-15 20:08: Train Epoch 2: 120/821 Loss: 2.210767
2026-08-15 20:08: Train Epoch 2: 140/821 Loss: 2.301665
2026-08-15 20:08: Train Epoch 2: 160/821 Loss: 2.438367
2026-08-15 20:08: Train Epoch 2: 180/821 Loss: 2.297263
2026-08-15 20:08: Train Epoch 2: 200/821 Loss: 2.089516
2026-08-15 20:08: Train Epoch 2: 220/821 Loss: 2.220003
2026-08-15 20:08: Train Epoch 2: 240/821 Loss: 2.279243
2026-08-15 20:08: Train Epoch 2: 260/821 Loss: 2.378440
2026-08-15 20:08: Train Epoch 2: 280/821 Loss: 2.269164
2026-08-15 20:08: Train Epoch 2: 300/821 Loss: 2.260992
2026-08-15 20:08: Train Epoch 2: 320/821 Loss: 2.103906
2026-08-15 20:08: Train Epoch 2: 340/821 Loss: 2.149498
2026-08-15 20:08: Train Epoch 2: 360/821 Loss: 2.418935
2026-08-15 20:08: Train Epoch 2: 380/821 Loss: 2.228350
2026-08-15 20:08: Train Epoch 2: 400/821 Loss: 2.162219
2026-08-15 20:08: Train Epoch 2: 420/821 Loss: 2.132502
2026-08-15 20:08: Train Epoch 2: 440/821 Loss: 2.210277
2026-08-15 20:08: Train Epoch 2: 460/821 Loss: 2.069269
2026-08-15 20:08: Train Epoch 2: 480/821 Loss: 2.283279
2026-08-15 20:08: Train Epoch 2: 500/821 Loss: 2.233306
2026-08-15 20:08: Train Epoch 2: 520/821 Loss: 2.243948
2026-08-15 20:08: Train Epoch 2: 540/821 Loss: 2.254218
2026-08-15 20:08: Train Epoch 2: 560/821 Loss: 2.269440
2026-08-15 20:08: Train Epoch 2: 580/821 Loss: 2.141627
2026-08-15 20:08: Train Epoch 2: 600/821 Loss: 2.134027
2026-08-15 20:08: Train Epoch 2: 620/821 Loss: 2.236423
2026-08-15 20:08: Train Epoch 2: 640/821 Loss: 2.110533
2026-08-15 20:09: Train Epoch 2: 660/821 Loss: 2.124704
2026-08-15 20:09: Train Epoch 2: 680/821 Loss: 2.174894
2026-08-15 20:09: Train Epoch 2: 700/821 Loss: 2.100289
2026-08-15 20:09: Train Epoch 2: 720/821 Loss: 2.123747
2026-08-15 20:09: Train Epoch 2: 740/821 Loss: 1.992663
2026-08-15 20:09: Train Epoch 2: 760/821 Loss: 2.116937
2026-08-15 20:09: Train Epoch 2: 780/821 Loss: 2.011138
2026-08-15 20:09: Train Epoch 2: 800/821 Loss: 2.061615
2026-08-15 20:09: Train Epoch 2: 820/821 Loss: 2.093868
2026-08-15 20:09: **********Train Epoch 2: averaged Loss: 2.217279, tf_ratio: 1.000000
2026-08-15 20:09: **********Val Epoch 2: average Loss: 2.079391
2026-08-15 20:09: *********************************Current best model saved!
2026-08-15 20:09: Train Epoch 3: 0/821 Loss: 2.129647
2026-08-15 20:09: Train Epoch 3: 20/821 Loss: 2.079869
2026-08-15 20:09: Train Epoch 3: 40/821 Loss: 2.256854
2026-08-15 20:09: Train Epoch 3: 60/821 Loss: 2.294037
2026-08-15 20:09: Train Epoch 3: 80/821 Loss: 2.125612
2026-08-15 20:09: Train Epoch 3: 100/821 Loss: 2.203042
2026-08-15 20:09: Train Epoch 3: 120/821 Loss: 2.116808
2026-08-15 20:09: Train Epoch 3: 140/821 Loss: 2.083251
2026-08-15 20:09: Train Epoch 3: 160/821 Loss: 2.184222
2026-08-15 20:09: Train Epoch 3: 180/821 Loss: 2.198408
2026-08-15 20:09: Train Epoch 3: 200/821 Loss: 2.025378
2026-08-15 20:09: Train Epoch 3: 220/821 Loss: 2.133484
2026-08-15 20:09: Train Epoch 3: 240/821 Loss: 2.148185
2026-08-15 20:09: Train Epoch 3: 260/821 Loss: 2.171517
2026-08-15 20:09: Train Epoch 3: 280/821 Loss: 2.133844
2026-08-15 20:09: Train Epoch 3: 300/821 Loss: 2.143009
2026-08-15 20:09: Train Epoch 3: 320/821 Loss: 2.053668
2026-08-15 20:09: Train Epoch 3: 340/821 Loss: 2.140340
2026-08-15 20:09: Train Epoch 3: 360/821 Loss: 2.115647
2026-08-15 20:09: Train Epoch 3: 380/821 Loss: 1.978533
2026-08-15 20:09: Train Epoch 3: 400/821 Loss: 2.152702
2026-08-15 20:09: Train Epoch 3: 420/821 Loss: 2.021630
2026-08-15 20:09: Train Epoch 3: 440/821 Loss: 2.064320
2026-08-15 20:09: Train Epoch 3: 460/821 Loss: 2.052350
2026-08-15 20:09: Train Epoch 3: 480/821 Loss: 2.115247
2026-08-15 20:09: Train Epoch 3: 500/821 Loss: 2.058253
2026-08-15 20:09: Train Epoch 3: 520/821 Loss: 1.901061
2026-08-15 20:09: Train Epoch 3: 540/821 Loss: 2.085422
2026-08-15 20:09: Train Epoch 3: 560/821 Loss: 2.154355
2026-08-15 20:10: Train Epoch 3: 580/821 Loss: 2.051604
2026-08-15 20:10: Train Epoch 3: 600/821 Loss: 2.076401
2026-08-15 20:10: Train Epoch 3: 620/821 Loss: 2.135144
2026-08-15 20:10: Train Epoch 3: 640/821 Loss: 2.075088
2026-08-15 20:10: Train Epoch 3: 660/821 Loss: 2.139614
2026-08-15 20:10: Train Epoch 3: 680/821 Loss: 2.036832
2026-08-15 20:10: Train Epoch 3: 700/821 Loss: 2.082836
2026-08-15 20:10: Train Epoch 3: 720/821 Loss: 2.107033
2026-08-15 20:10: Train Epoch 3: 740/821 Loss: 1.992808
2026-08-15 20:10: Train Epoch 3: 760/821 Loss: 2.172387
2026-08-15 20:10: Train Epoch 3: 780/821 Loss: 2.082317
2026-08-15 20:10: Train Epoch 3: 800/821 Loss: 2.058769
2026-08-15 20:10: Train Epoch 3: 820/821 Loss: 2.145574
2026-08-15 20:10: **********Train Epoch 3: averaged Loss: 2.092342, tf_ratio: 1.000000
2026-08-15 20:10: **********Val Epoch 3: average Loss: 2.046704
2026-08-15 20:10: *********************************Current best model saved!
2026-08-15 20:10: Train Epoch 4: 0/821 Loss: 2.118890
2026-08-15 20:10: Train Epoch 4: 20/821 Loss: 2.087056
2026-08-15 20:10: Train Epoch 4: 40/821 Loss: 2.018095
2026-08-15 20:10: Train Epoch 4: 60/821 Loss: 2.107993
2026-08-15 20:10: Train Epoch 4: 80/821 Loss: 2.003476
2026-08-15 20:10: Train Epoch 4: 100/821 Loss: 2.196261
2026-08-15 20:10: Train Epoch 4: 120/821 Loss: 2.166201
2026-08-15 20:10: Train Epoch 4: 140/821 Loss: 2.081080
2026-08-15 20:10: Train Epoch 4: 160/821 Loss: 2.057782
2026-08-15 20:10: Train Epoch 4: 180/821 Loss: 1.957245
2026-08-15 20:10: Train Epoch 4: 200/821 Loss: 1.976826
2026-08-15 20:10: Train Epoch 4: 220/821 Loss: 1.943241
2026-08-15 20:10: Train Epoch 4: 240/821 Loss: 2.024201
2026-08-15 20:10: Train Epoch 4: 260/821 Loss: 2.040677
2026-08-15 20:10: Train Epoch 4: 280/821 Loss: 2.093287
2026-08-15 20:10: Train Epoch 4: 300/821 Loss: 1.898344
2026-08-15 20:10: Train Epoch 4: 320/821 Loss: 1.980307
2026-08-15 20:10: Train Epoch 4: 340/821 Loss: 2.079784
2026-08-15 20:10: Train Epoch 4: 360/821 Loss: 2.087947
2026-08-15 20:10: Train Epoch 4: 380/821 Loss: 2.059909
2026-08-15 20:10: Train Epoch 4: 400/821 Loss: 1.982904
2026-08-15 20:10: Train Epoch 4: 420/821 Loss: 2.097009
2026-08-15 20:10: Train Epoch 4: 440/821 Loss: 1.965407
2026-08-15 20:10: Train Epoch 4: 460/821 Loss: 2.027149
2026-08-15 20:10: Train Epoch 4: 480/821 Loss: 1.974923
2026-08-15 20:11: Train Epoch 4: 500/821 Loss: 2.016048
2026-08-15 20:11: Train Epoch 4: 520/821 Loss: 1.968027
2026-08-15 20:11: Train Epoch 4: 540/821 Loss: 2.018034
2026-08-15 20:11: Train Epoch 4: 560/821 Loss: 2.062801
2026-08-15 20:11: Train Epoch 4: 580/821 Loss: 1.998101
2026-08-15 20:11: Train Epoch 4: 600/821 Loss: 2.055180
2026-08-15 20:11: Train Epoch 4: 620/821 Loss: 2.045019
2026-08-15 20:11: Train Epoch 4: 640/821 Loss: 2.130015
2026-08-15 20:11: Train Epoch 4: 660/821 Loss: 2.009414
2026-08-15 20:11: Train Epoch 4: 680/821 Loss: 1.995177
2026-08-15 20:11: Train Epoch 4: 700/821 Loss: 1.969399
2026-08-15 20:11: Train Epoch 4: 720/821 Loss: 1.925412
2026-08-15 20:11: Train Epoch 4: 740/821 Loss: 2.110507
2026-08-15 20:11: Train Epoch 4: 760/821 Loss: 2.086230
2026-08-15 20:11: Train Epoch 4: 780/821 Loss: 2.028762
2026-08-15 20:11: Train Epoch 4: 800/821 Loss: 1.981614
2026-08-15 20:11: Train Epoch 4: 820/821 Loss: 1.981514
2026-08-15 20:11: **********Train Epoch 4: averaged Loss: 2.023624, tf_ratio: 1.000000
2026-08-15 20:11: **********Val Epoch 4: average Loss: 1.969637
2026-08-15 20:11: *********************************Current best model saved!
2026-08-15 20:11: Train Epoch 5: 0/821 Loss: 1.959541
2026-08-15 20:11: Train Epoch 5: 20/821 Loss: 1.946485
2026-08-15 20:11: Train Epoch 5: 40/821 Loss: 2.001804
2026-08-15 20:11: Train Epoch 5: 60/821 Loss: 2.048849
2026-08-15 20:11: Train Epoch 5: 80/821 Loss: 1.952569
2026-08-15 20:11: Train Epoch 5: 100/821 Loss: 1.911532
2026-08-15 20:11: Train Epoch 5: 120/821 Loss: 2.049709
2026-08-15 20:11: Train Epoch 5: 140/821 Loss: 1.972378
2026-08-15 20:11: Train Epoch 5: 160/821 Loss: 1.933818
2026-08-15 20:11: Train Epoch 5: 180/821 Loss: 1.997120
2026-08-15 20:11: Train Epoch 5: 200/821 Loss: 1.948496
2026-08-15 20:11: Train Epoch 5: 220/821 Loss: 1.926421
2026-08-15 20:11: Train Epoch 5: 240/821 Loss: 1.956011
2026-08-15 20:11: Train Epoch 5: 260/821 Loss: 2.082026
2026-08-15 20:11: Train Epoch 5: 280/821 Loss: 1.953450
2026-08-15 20:11: Train Epoch 5: 300/821 Loss: 1.956957
2026-08-15 20:11: Train Epoch 5: 320/821 Loss: 1.820385
2026-08-15 20:11: Train Epoch 5: 340/821 Loss: 1.909132
2026-08-15 20:11: Train Epoch 5: 360/821 Loss: 1.966603
2026-08-15 20:11: Train Epoch 5: 380/821 Loss: 2.025339
2026-08-15 20:11: Train Epoch 5: 400/821 Loss: 1.991205
2026-08-15 20:12: Train Epoch 5: 420/821 Loss: 1.859372
2026-08-15 20:12: Train Epoch 5: 440/821 Loss: 2.014282
2026-08-15 20:12: Train Epoch 5: 460/821 Loss: 1.926678
2026-08-15 20:12: Train Epoch 5: 480/821 Loss: 1.937978
2026-08-15 20:12: Train Epoch 5: 500/821 Loss: 1.935116
2026-08-15 20:12: Train Epoch 5: 520/821 Loss: 2.004150
2026-08-15 20:12: Train Epoch 5: 540/821 Loss: 2.011074
2026-08-15 20:12: Train Epoch 5: 560/821 Loss: 1.881083
2026-08-15 20:12: Train Epoch 5: 580/821 Loss: 1.944124
2026-08-15 20:12: Train Epoch 5: 600/821 Loss: 1.866964
2026-08-15 20:12: Train Epoch 5: 620/821 Loss: 1.967598
2026-08-15 20:12: Train Epoch 5: 640/821 Loss: 1.948648
2026-08-15 20:12: Train Epoch 5: 660/821 Loss: 1.876752
2026-08-15 20:12: Train Epoch 5: 680/821 Loss: 1.917385
2026-08-15 20:12: Train Epoch 5: 700/821 Loss: 1.930411
2026-08-15 20:12: Train Epoch 5: 720/821 Loss: 2.080526
2026-08-15 20:12: Train Epoch 5: 740/821 Loss: 1.897066
2026-08-15 20:12: Train Epoch 5: 760/821 Loss: 1.971592
2026-08-15 20:12: Train Epoch 5: 780/821 Loss: 1.871490
2026-08-15 20:12: Train Epoch 5: 800/821 Loss: 1.984813
2026-08-15 20:12: Train Epoch 5: 820/821 Loss: 1.961776
2026-08-15 20:12: **********Train Epoch 5: averaged Loss: 1.963632, tf_ratio: 1.000000
2026-08-15 20:12: **********Val Epoch 5: average Loss: 1.952155
2026-08-15 20:12: *********************************Current best model saved!
2026-08-15 20:12: Train Epoch 6: 0/821 Loss: 1.964084
2026-08-15 20:12: Train Epoch 6: 20/821 Loss: 1.989626
2026-08-15 20:12: Train Epoch 6: 40/821 Loss: 1.844283
2026-08-15 20:12: Train Epoch 6: 60/821 Loss: 1.783927
2026-08-15 20:12: Train Epoch 6: 80/821 Loss: 1.799976
2026-08-15 20:12: Train Epoch 6: 100/821 Loss: 1.857893
2026-08-15 20:12: Train Epoch 6: 120/821 Loss: 1.844084
2026-08-15 20:12: Train Epoch 6: 140/821 Loss: 1.849848
2026-08-15 20:12: Train Epoch 6: 160/821 Loss: 1.915934
2026-08-15 20:12: Train Epoch 6: 180/821 Loss: 1.973735
2026-08-15 20:12: Train Epoch 6: 200/821 Loss: 1.840653
2026-08-15 20:12: Train Epoch 6: 220/821 Loss: 1.883562
2026-08-15 20:12: Train Epoch 6: 240/821 Loss: 1.922576
2026-08-15 20:12: Train Epoch 6: 260/821 Loss: 1.818823
2026-08-15 20:12: Train Epoch 6: 280/821 Loss: 1.910783
2026-08-15 20:12: Train Epoch 6: 300/821 Loss: 1.927528
2026-08-15 20:12: Train Epoch 6: 320/821 Loss: 1.730818
2026-08-15 20:13: Train Epoch 6: 340/821 Loss: 1.881949
2026-08-15 20:13: Train Epoch 6: 360/821 Loss: 1.871181
2026-08-15 20:13: Train Epoch 6: 380/821 Loss: 1.892146
2026-08-15 20:13: Train Epoch 6: 400/821 Loss: 1.892751
2026-08-15 20:13: Train Epoch 6: 420/821 Loss: 1.845699
2026-08-15 20:13: Train Epoch 6: 440/821 Loss: 1.799064
2026-08-15 20:13: Train Epoch 6: 460/821 Loss: 1.936014
2026-08-15 20:13: Train Epoch 6: 480/821 Loss: 1.893969
2026-08-15 20:13: Train Epoch 6: 500/821 Loss: 2.005006
2026-08-15 20:13: Train Epoch 6: 520/821 Loss: 1.856972
2026-08-15 20:13: Train Epoch 6: 540/821 Loss: 1.816346
2026-08-15 20:13: Train Epoch 6: 560/821 Loss: 1.842018
2026-08-15 20:13: Train Epoch 6: 580/821 Loss: 2.005100
2026-08-15 20:13: Train Epoch 6: 600/821 Loss: 1.842013
2026-08-15 20:13: Train Epoch 6: 620/821 Loss: 1.765772
2026-08-15 20:13: Train Epoch 6: 640/821 Loss: 2.026279
2026-08-15 20:13: Train Epoch 6: 660/821 Loss: 1.884753
2026-08-15 20:13: Train Epoch 6: 680/821 Loss: 1.855736
2026-08-15 20:13: Train Epoch 6: 700/821 Loss: 1.840947
2026-08-15 20:13: Train Epoch 6: 720/821 Loss: 1.845231
2026-08-15 20:13: Train Epoch 6: 740/821 Loss: 1.876721
2026-08-15 20:13: Train Epoch 6: 760/821 Loss: 1.951806
2026-08-15 20:13: Train Epoch 6: 780/821 Loss: 1.777999
2026-08-15 20:13: Train Epoch 6: 800/821 Loss: 1.755871
2026-08-15 20:13: Train Epoch 6: 820/821 Loss: 1.801123
2026-08-15 20:13: **********Train Epoch 6: averaged Loss: 1.879087, tf_ratio: 1.000000
2026-08-15 20:13: **********Val Epoch 6: average Loss: 1.879575
2026-08-15 20:13: *********************************Current best model saved!
2026-08-15 20:13: Train Epoch 7: 0/821 Loss: 1.755003
2026-08-15 20:13: Train Epoch 7: 20/821 Loss: 1.834014
2026-08-15 20:13: Train Epoch 7: 40/821 Loss: 1.884930
2026-08-15 20:13: Train Epoch 7: 60/821 Loss: 1.969012
2026-08-15 20:13: Train Epoch 7: 80/821 Loss: 1.840354
2026-08-15 20:13: Train Epoch 7: 100/821 Loss: 1.953226
2026-08-15 20:13: Train Epoch 7: 120/821 Loss: 1.859439
2026-08-15 20:13: Train Epoch 7: 140/821 Loss: 1.863603
2026-08-15 20:13: Train Epoch 7: 160/821 Loss: 1.967526
2026-08-15 20:13: Train Epoch 7: 180/821 Loss: 1.837680
2026-08-15 20:13: Train Epoch 7: 200/821 Loss: 1.809054
2026-08-15 20:13: Train Epoch 7: 220/821 Loss: 1.933463
2026-08-15 20:13: Train Epoch 7: 240/821 Loss: 1.929047
2026-08-15 20:14: Train Epoch 7: 260/821 Loss: 1.863720
2026-08-15 20:14: Train Epoch 7: 280/821 Loss: 1.825755
2026-08-15 20:14: Train Epoch 7: 300/821 Loss: 1.768325
2026-08-15 20:14: Train Epoch 7: 320/821 Loss: 1.875672
2026-08-15 20:14: Train Epoch 7: 340/821 Loss: 1.881834
2026-08-15 20:14: Train Epoch 7: 360/821 Loss: 1.896155
2026-08-15 20:14: Train Epoch 7: 380/821 Loss: 1.985412
2026-08-15 20:14: Train Epoch 7: 400/821 Loss: 1.898108
2026-08-15 20:14: Train Epoch 7: 420/821 Loss: 1.828735
2026-08-15 20:14: Train Epoch 7: 440/821 Loss: 1.828668
2026-08-15 20:14: Train Epoch 7: 460/821 Loss: 1.977207
2026-08-15 20:14: Train Epoch 7: 480/821 Loss: 1.900999
2026-08-15 20:14: Train Epoch 7: 500/821 Loss: 1.853724
2026-08-15 20:14: Train Epoch 7: 520/821 Loss: 1.859587
2026-08-15 20:14: Train Epoch 7: 540/821 Loss: 1.795123
2026-08-15 20:14: Train Epoch 7: 560/821 Loss: 1.879793
2026-08-15 20:14: Train Epoch 7: 580/821 Loss: 1.825294
2026-08-15 20:14: Train Epoch 7: 600/821 Loss: 1.743301
2026-08-15 20:14: Train Epoch 7: 620/821 Loss: 1.777384
2026-08-15 20:14: Train Epoch 7: 640/821 Loss: 1.831621
2026-08-15 20:14: Train Epoch 7: 660/821 Loss: 1.872022
2026-08-15 20:14: Train Epoch 7: 680/821 Loss: 1.844163
2026-08-15 20:14: Train Epoch 7: 700/821 Loss: 1.816554
2026-08-15 20:14: Train Epoch 7: 720/821 Loss: 1.835888
2026-08-15 20:14: Train Epoch 7: 740/821 Loss: 1.801063
2026-08-15 20:14: Train Epoch 7: 760/821 Loss: 1.845372
2026-08-15 20:14: Train Epoch 7: 780/821 Loss: 1.818884
2026-08-15 20:14: Train Epoch 7: 800/821 Loss: 1.915210
2026-08-15 20:14: Train Epoch 7: 820/821 Loss: 1.775895
2026-08-15 20:14: **********Train Epoch 7: averaged Loss: 1.860758, tf_ratio: 1.000000
2026-08-15 20:14: **********Val Epoch 7: average Loss: 1.878762
2026-08-15 20:14: *********************************Current best model saved!
2026-08-15 20:14: Train Epoch 8: 0/821 Loss: 1.857882
2026-08-15 20:14: Train Epoch 8: 20/821 Loss: 1.795526
2026-08-15 20:14: Train Epoch 8: 40/821 Loss: 1.794967
2026-08-15 20:14: Train Epoch 8: 60/821 Loss: 1.774524
2026-08-15 20:14: Train Epoch 8: 80/821 Loss: 1.851424
2026-08-15 20:14: Train Epoch 8: 100/821 Loss: 1.983398
2026-08-15 20:14: Train Epoch 8: 120/821 Loss: 1.883222
2026-08-15 20:14: Train Epoch 8: 140/821 Loss: 1.867750
2026-08-15 20:14: Train Epoch 8: 160/821 Loss: 1.950869
2026-08-15 20:15: Train Epoch 8: 180/821 Loss: 1.849273
2026-08-15 20:15: Train Epoch 8: 200/821 Loss: 1.771021
2026-08-15 20:15: Train Epoch 8: 220/821 Loss: 1.726457
2026-08-15 20:15: Train Epoch 8: 240/821 Loss: 1.873618
2026-08-15 20:15: Train Epoch 8: 260/821 Loss: 1.757080
2026-08-15 20:15: Train Epoch 8: 280/821 Loss: 1.854420
2026-08-15 20:15: Train Epoch 8: 300/821 Loss: 1.840993
2026-08-15 20:15: Train Epoch 8: 320/821 Loss: 1.807554
2026-08-15 20:15: Train Epoch 8: 340/821 Loss: 1.882865
2026-08-15 20:15: Train Epoch 8: 360/821 Loss: 1.773072
2026-08-15 20:15: Train Epoch 8: 380/821 Loss: 1.877801
2026-08-15 20:15: Train Epoch 8: 400/821 Loss: 1.753012
2026-08-15 20:15: Train Epoch 8: 420/821 Loss: 1.847703
2026-08-15 20:15: Train Epoch 8: 440/821 Loss: 1.883638
2026-08-15 20:15: Train Epoch 8: 460/821 Loss: 1.888340
2026-08-15 20:15: Train Epoch 8: 480/821 Loss: 1.925081
2026-08-15 20:15: Train Epoch 8: 500/821 Loss: 1.885609
2026-08-15 20:15: Train Epoch 8: 520/821 Loss: 1.851549
2026-08-15 20:15: Train Epoch 8: 540/821 Loss: 1.831020
2026-08-15 20:15: Train Epoch 8: 560/821 Loss: 1.846146
2026-08-15 20:15: Train Epoch 8: 580/821 Loss: 1.866101
2026-08-15 20:15: Train Epoch 8: 600/821 Loss: 1.821712
2026-08-15 20:15: Train Epoch 8: 620/821 Loss: 1.892746
2026-08-15 20:15: Train Epoch 8: 640/821 Loss: 1.877286
2026-08-15 20:15: Train Epoch 8: 660/821 Loss: 1.887699
2026-08-15 20:15: Train Epoch 8: 680/821 Loss: 1.858989
2026-08-15 20:15: Train Epoch 8: 700/821 Loss: 1.848989
2026-08-15 20:15: Train Epoch 8: 720/821 Loss: 1.818401
2026-08-15 20:15: Train Epoch 8: 740/821 Loss: 1.788864
2026-08-15 20:15: Train Epoch 8: 760/821 Loss: 1.826969
2026-08-15 20:15: Train Epoch 8: 780/821 Loss: 1.870464
2026-08-15 20:15: Train Epoch 8: 800/821 Loss: 1.795772
2026-08-15 20:15: Train Epoch 8: 820/821 Loss: 1.882658
2026-08-15 20:15: **********Train Epoch 8: averaged Loss: 1.846598, tf_ratio: 1.000000
2026-08-15 20:15: **********Val Epoch 8: average Loss: 1.881510
2026-08-15 20:15: Train Epoch 9: 0/821 Loss: 1.914186
2026-08-15 20:15: Train Epoch 9: 20/821 Loss: 1.799819
2026-08-15 20:15: Train Epoch 9: 40/821 Loss: 1.759823
2026-08-15 20:15: Train Epoch 9: 60/821 Loss: 1.874610
2026-08-15 20:15: Train Epoch 9: 80/821 Loss: 1.893170
2026-08-15 20:16: Train Epoch 9: 100/821 Loss: 1.776937
2026-08-15 20:16: Train Epoch 9: 120/821 Loss: 1.922884
2026-08-15 20:16: Train Epoch 9: 140/821 Loss: 1.807674
2026-08-15 20:16: Train Epoch 9: 160/821 Loss: 1.816919
2026-08-15 20:16: Train Epoch 9: 180/821 Loss: 1.924439
2026-08-15 20:16: Train Epoch 9: 200/821 Loss: 1.868683
2026-08-15 20:16: Train Epoch 9: 220/821 Loss: 1.891017
2026-08-15 20:16: Train Epoch 9: 240/821 Loss: 1.800013
2026-08-15 20:16: Train Epoch 9: 260/821 Loss: 1.861781
2026-08-15 20:16: Train Epoch 9: 280/821 Loss: 1.881957
2026-08-15 20:16: Train Epoch 9: 300/821 Loss: 1.768934
2026-08-15 20:16: Train Epoch 9: 320/821 Loss: 1.815263
2026-08-15 20:16: Train Epoch 9: 340/821 Loss: 1.800770
2026-08-15 20:16: Train Epoch 9: 360/821 Loss: 1.884972
2026-08-15 20:16: Train Epoch 9: 380/821 Loss: 1.744992
2026-08-15 20:16: Train Epoch 9: 400/821 Loss: 1.826807
2026-08-15 20:16: Train Epoch 9: 420/821 Loss: 1.807487
2026-08-15 20:16: Train Epoch 9: 440/821 Loss: 1.862631
2026-08-15 20:16: Train Epoch 9: 460/821 Loss: 1.833488
2026-08-15 20:16: Train Epoch 9: 480/821 Loss: 1.832568
2026-08-15 20:16: Train Epoch 9: 500/821 Loss: 1.807269
2026-08-15 20:16: Train Epoch 9: 520/821 Loss: 1.802884
2026-08-15 20:16: Train Epoch 9: 540/821 Loss: 1.856622
2026-08-15 20:16: Train Epoch 9: 560/821 Loss: 1.732753
2026-08-15 20:16: Train Epoch 9: 580/821 Loss: 1.832034
2026-08-15 20:16: Train Epoch 9: 600/821 Loss: 1.772480
2026-08-15 20:16: Train Epoch 9: 620/821 Loss: 1.822840
2026-08-15 20:16: Train Epoch 9: 640/821 Loss: 1.739081
2026-08-15 20:16: Train Epoch 9: 660/821 Loss: 1.706942
2026-08-15 20:16: Train Epoch 9: 680/821 Loss: 1.812391
2026-08-15 20:16: Train Epoch 9: 700/821 Loss: 1.842945
2026-08-15 20:16: Train Epoch 9: 720/821 Loss: 1.865507
2026-08-15 20:16: Train Epoch 9: 740/821 Loss: 1.807049
2026-08-15 20:16: Train Epoch 9: 760/821 Loss: 1.856823
2026-08-15 20:16: Train Epoch 9: 780/821 Loss: 1.896404
2026-08-15 20:16: Train Epoch 9: 800/821 Loss: 1.891716
2026-08-15 20:16: Train Epoch 9: 820/821 Loss: 1.845860
2026-08-15 20:16: **********Train Epoch 9: averaged Loss: 1.830753, tf_ratio: 1.000000
2026-08-15 20:17: **********Val Epoch 9: average Loss: 1.869822
2026-08-15 20:17: *********************************Current best model saved!
2026-08-15 20:17: Train Epoch 10: 0/821 Loss: 1.769179
2026-08-15 20:17: Train Epoch 10: 20/821 Loss: 1.722761
2026-08-15 20:17: Train Epoch 10: 40/821 Loss: 1.878723
2026-08-15 20:17: Train Epoch 10: 60/821 Loss: 1.930445
2026-08-15 20:17: Train Epoch 10: 80/821 Loss: 1.810723
2026-08-15 20:17: Train Epoch 10: 100/821 Loss: 1.797859
2026-08-15 20:17: Train Epoch 10: 120/821 Loss: 1.872862
2026-08-15 20:17: Train Epoch 10: 140/821 Loss: 1.896745
2026-08-15 20:17: Train Epoch 10: 160/821 Loss: 1.800232
2026-08-15 20:17: Train Epoch 10: 180/821 Loss: 1.791234
2026-08-15 20:17: Train Epoch 10: 200/821 Loss: 1.816218
2026-08-15 20:17: Train Epoch 10: 220/821 Loss: 1.810366
2026-08-15 20:17: Train Epoch 10: 240/821 Loss: 1.898803
2026-08-15 20:17: Train Epoch 10: 260/821 Loss: 1.753901
2026-08-15 20:17: Train Epoch 10: 280/821 Loss: 1.808127
2026-08-15 20:17: Train Epoch 10: 300/821 Loss: 1.700105
2026-08-15 20:17: Train Epoch 10: 320/821 Loss: 1.845989
2026-08-15 20:17: Train Epoch 10: 340/821 Loss: 1.800459
2026-08-15 20:17: Train Epoch 10: 360/821 Loss: 1.794140
2026-08-15 20:17: Train Epoch 10: 380/821 Loss: 1.770357
2026-08-15 20:17: Train Epoch 10: 400/821 Loss: 1.828039
2026-08-15 20:17: Train Epoch 10: 420/821 Loss: 1.726283
2026-08-15 20:17: Train Epoch 10: 440/821 Loss: 1.852378
2026-08-15 20:17: Train Epoch 10: 460/821 Loss: 1.784550
2026-08-15 20:17: Train Epoch 10: 480/821 Loss: 1.797505
2026-08-15 20:17: Train Epoch 10: 500/821 Loss: 1.788889
2026-08-15 20:17: Train Epoch 10: 520/821 Loss: 1.763999
2026-08-15 20:17: Train Epoch 10: 540/821 Loss: 1.735916
2026-08-15 20:17: Train Epoch 10: 560/821 Loss: 1.836385
2026-08-15 20:17: Train Epoch 10: 580/821 Loss: 1.787190
2026-08-15 20:17: Train Epoch 10: 600/821 Loss: 1.898210
2026-08-15 20:17: Train Epoch 10: 620/821 Loss: 1.841511
2026-08-15 20:17: Train Epoch 10: 640/821 Loss: 1.839299
2026-08-15 20:17: Train Epoch 10: 660/821 Loss: 1.819856
2026-08-15 20:17: Train Epoch 10: 680/821 Loss: 1.756979
2026-08-15 20:17: Train Epoch 10: 700/821 Loss: 1.745806
2026-08-15 20:17: Train Epoch 10: 720/821 Loss: 1.928128
2026-08-15 20:17: Train Epoch 10: 740/821 Loss: 1.787450
2026-08-15 20:18: Train Epoch 10: 760/821 Loss: 1.773536
2026-08-15 20:18: Train Epoch 10: 780/821 Loss: 1.740736
2026-08-15 20:18: Train Epoch 10: 800/821 Loss: 1.808710
2026-08-15 20:18: Train Epoch 10: 820/821 Loss: 1.758095
2026-08-15 20:18: **********Train Epoch 10: averaged Loss: 1.817956, tf_ratio: 1.000000
2026-08-15 20:18: **********Val Epoch 10: average Loss: 1.853938
2026-08-15 20:18: *********************************Current best model saved!
2026-08-15 20:18: Train Epoch 11: 0/821 Loss: 1.787644
2026-08-15 20:18: Train Epoch 11: 20/821 Loss: 1.831295
2026-08-15 20:18: Train Epoch 11: 40/821 Loss: 1.811139
2026-08-15 20:18: Train Epoch 11: 60/821 Loss: 1.755744
2026-08-15 20:18: Train Epoch 11: 80/821 Loss: 1.655845
2026-08-15 20:18: Train Epoch 11: 100/821 Loss: 1.870160
2026-08-15 20:18: Train Epoch 11: 120/821 Loss: 1.852164
2026-08-15 20:18: Train Epoch 11: 140/821 Loss: 1.748050
2026-08-15 20:18: Train Epoch 11: 160/821 Loss: 1.881823
2026-08-15 20:18: Train Epoch 11: 180/821 Loss: 1.823353
2026-08-15 20:18: Train Epoch 11: 200/821 Loss: 1.772123
2026-08-15 20:18: Train Epoch 11: 220/821 Loss: 1.891087
2026-08-15 20:18: Train Epoch 11: 240/821 Loss: 1.819657
2026-08-15 20:18: Train Epoch 11: 260/821 Loss: 1.819582
2026-08-15 20:18: Train Epoch 11: 280/821 Loss: 1.801099
2026-08-15 20:18: Train Epoch 11: 300/821 Loss: 1.832375
2026-08-15 20:18: Train Epoch 11: 320/821 Loss: 1.799375
2026-08-15 20:18: Train Epoch 11: 340/821 Loss: 1.694586
2026-08-15 20:18: Train Epoch 11: 360/821 Loss: 1.752155
2026-08-15 20:18: Train Epoch 11: 380/821 Loss: 1.845999
2026-08-15 20:18: Train Epoch 11: 400/821 Loss: 1.795866
2026-08-15 20:18: Train Epoch 11: 420/821 Loss: 1.913534
2026-08-15 20:18: Train Epoch 11: 440/821 Loss: 1.772705
2026-08-15 20:18: Train Epoch 11: 460/821 Loss: 1.719666
2026-08-15 20:18: Train Epoch 11: 480/821 Loss: 1.809435
2026-08-15 20:18: Train Epoch 11: 500/821 Loss: 1.829695
2026-08-15 20:18: Train Epoch 11: 520/821 Loss: 1.793002
2026-08-15 20:18: Train Epoch 11: 540/821 Loss: 1.836716
2026-08-15 20:18: Train Epoch 11: 560/821 Loss: 1.839983
2026-08-15 20:18: Train Epoch 11: 580/821 Loss: 1.731806
2026-08-15 20:18: Train Epoch 11: 600/821 Loss: 1.851051
2026-08-15 20:18: Train Epoch 11: 620/821 Loss: 1.748241
2026-08-15 20:19: Train Epoch 11: 640/821 Loss: 1.795144
2026-08-15 20:19: Train Epoch 11: 660/821 Loss: 1.764689
2026-08-15 20:19: Train Epoch 11: 680/821 Loss: 1.838653
2026-08-15 20:19: Train Epoch 11: 700/821 Loss: 1.824506
2026-08-15 20:19: Train Epoch 11: 720/821 Loss: 1.869237
2026-08-15 20:19: Train Epoch 11: 740/821 Loss: 1.828985
2026-08-15 20:19: Train Epoch 11: 760/821 Loss: 1.712992
2026-08-15 20:19: Train Epoch 11: 780/821 Loss: 1.751791
2026-08-15 20:19: Train Epoch 11: 800/821 Loss: 1.865953
2026-08-15 20:19: Train Epoch 11: 820/821 Loss: 1.874533
2026-08-15 20:19: **********Train Epoch 11: averaged Loss: 1.808354, tf_ratio: 1.000000
2026-08-15 20:19: **********Val Epoch 11: average Loss: 1.860574
2026-08-15 20:19: Train Epoch 12: 0/821 Loss: 1.820282
2026-08-15 20:19: Train Epoch 12: 20/821 Loss: 1.697996
2026-08-15 20:19: Train Epoch 12: 40/821 Loss: 1.849119
2026-08-15 20:19: Train Epoch 12: 60/821 Loss: 1.885008
2026-08-15 20:19: Train Epoch 12: 80/821 Loss: 1.864038
2026-08-15 20:19: Train Epoch 12: 100/821 Loss: 1.780004
2026-08-15 20:19: Train Epoch 12: 120/821 Loss: 1.791525
2026-08-15 20:19: Train Epoch 12: 140/821 Loss: 1.728463
2026-08-15 20:19: Train Epoch 12: 160/821 Loss: 1.766587
2026-08-15 20:19: Train Epoch 12: 180/821 Loss: 1.891867
2026-08-15 20:19: Train Epoch 12: 200/821 Loss: 1.754777
2026-08-15 20:19: Train Epoch 12: 220/821 Loss: 1.793371
2026-08-15 20:19: Train Epoch 12: 240/821 Loss: 1.799496
2026-08-15 20:19: Train Epoch 12: 260/821 Loss: 1.815447
2026-08-15 20:19: Train Epoch 12: 280/821 Loss: 1.768232
2026-08-15 20:19: Train Epoch 12: 300/821 Loss: 1.926839
2026-08-15 20:19: Train Epoch 12: 320/821 Loss: 1.872987
2026-08-15 20:19: Train Epoch 12: 340/821 Loss: 1.774073
2026-08-15 20:19: Train Epoch 12: 360/821 Loss: 1.763813
2026-08-15 20:19: Train Epoch 12: 380/821 Loss: 1.775324
2026-08-15 20:19: Train Epoch 12: 400/821 Loss: 1.778048
2026-08-15 20:19: Train Epoch 12: 420/821 Loss: 1.824957
2026-08-15 20:19: Train Epoch 12: 440/821 Loss: 1.762937
2026-08-15 20:19: Train Epoch 12: 460/821 Loss: 1.921510
2026-08-15 20:19: Train Epoch 12: 480/821 Loss: 1.729927
2026-08-15 20:19: Train Epoch 12: 500/821 Loss: 1.748704
2026-08-15 20:20: Train Epoch 12: 520/821 Loss: 1.772043
2026-08-15 20:20: Train Epoch 12: 540/821 Loss: 1.808029
2026-08-15 20:20: Train Epoch 12: 560/821 Loss: 1.774553
2026-08-15 20:20: Train Epoch 12: 580/821 Loss: 1.768965
2026-08-15 20:20: Train Epoch 12: 600/821 Loss: 1.752462
2026-08-15 20:20: Train Epoch 12: 620/821 Loss: 1.767048
2026-08-15 20:20: Train Epoch 12: 640/821 Loss: 1.839100
2026-08-15 20:20: Train Epoch 12: 660/821 Loss: 1.894853
2026-08-15 20:20: Train Epoch 12: 680/821 Loss: 1.819382
2026-08-15 20:20: Train Epoch 12: 700/821 Loss: 1.910285
2026-08-15 20:20: Train Epoch 12: 720/821 Loss: 1.931361
2026-08-15 20:20: Train Epoch 12: 740/821 Loss: 1.798652
2026-08-15 20:20: Train Epoch 12: 760/821 Loss: 1.831939
2026-08-15 20:20: Train Epoch 12: 780/821 Loss: 1.722412
2026-08-15 20:20: Train Epoch 12: 800/821 Loss: 1.872887
2026-08-15 20:20: Train Epoch 12: 820/821 Loss: 1.703235
2026-08-15 20:20: **********Train Epoch 12: averaged Loss: 1.797911, tf_ratio: 1.000000
2026-08-15 20:20: **********Val Epoch 12: average Loss: 1.867228
2026-08-15 20:20: Train Epoch 13: 0/821 Loss: 1.890233
2026-08-15 20:20: Train Epoch 13: 20/821 Loss: 1.752938
2026-08-15 20:20: Train Epoch 13: 40/821 Loss: 1.842741
2026-08-15 20:20: Train Epoch 13: 60/821 Loss: 1.782534
2026-08-15 20:20: Train Epoch 13: 80/821 Loss: 1.787784
2026-08-15 20:20: Train Epoch 13: 100/821 Loss: 1.732497
2026-08-15 20:20: Train Epoch 13: 120/821 Loss: 1.817065
2026-08-15 20:20: Train Epoch 13: 140/821 Loss: 1.765018
2026-08-15 20:20: Train Epoch 13: 160/821 Loss: 1.748322
2026-08-15 20:20: Train Epoch 13: 180/821 Loss: 1.863347
2026-08-15 20:20: Train Epoch 13: 200/821 Loss: 1.911856
2026-08-15 20:20: Train Epoch 13: 220/821 Loss: 1.852366
2026-08-15 20:20: Train Epoch 13: 240/821 Loss: 1.850323
2026-08-15 20:20: Train Epoch 13: 260/821 Loss: 1.791905
2026-08-15 20:20: Train Epoch 13: 280/821 Loss: 1.722162
2026-08-15 20:20: Train Epoch 13: 300/821 Loss: 1.781825
2026-08-15 20:20: Train Epoch 13: 320/821 Loss: 1.780727
2026-08-15 20:20: Train Epoch 13: 340/821 Loss: 1.774252
2026-08-15 20:20: Train Epoch 13: 360/821 Loss: 1.782347
2026-08-15 20:20: Train Epoch 13: 380/821 Loss: 1.742140
2026-08-15 20:20: Train Epoch 13: 400/821 Loss: 1.819770
2026-08-15 20:21: Train Epoch 13: 420/821 Loss: 1.720457
2026-08-15 20:21: Train Epoch 13: 440/821 Loss: 1.849099
2026-08-15 20:21: Train Epoch 13: 460/821 Loss: 1.844715
2026-08-15 20:21: Train Epoch 13: 480/821 Loss: 1.757359
2026-08-15 20:21: Train Epoch 13: 500/821 Loss: 1.822558
2026-08-15 20:21: Train Epoch 13: 520/821 Loss: 1.859403
2026-08-15 20:21: Train Epoch 13: 540/821 Loss: 1.761892
2026-08-15 20:21: Train Epoch 13: 560/821 Loss: 1.823587
2026-08-15 20:21: Train Epoch 13: 580/821 Loss: 1.794533
2026-08-15 20:21: Train Epoch 13: 600/821 Loss: 1.781405
2026-08-15 20:21: Train Epoch 13: 620/821 Loss: 1.823997
2026-08-15 20:21: Train Epoch 13: 640/821 Loss: 1.760392
2026-08-15 20:21: Train Epoch 13: 660/821 Loss: 1.738815
2026-08-15 20:21: Train Epoch 13: 680/821 Loss: 1.753950
2026-08-15 20:21: Train Epoch 13: 700/821 Loss: 1.751887
2026-08-15 20:21: Train Epoch 13: 720/821 Loss: 1.751516
2026-08-15 20:21: Train Epoch 13: 740/821 Loss: 1.769829
2026-08-15 20:21: Train Epoch 13: 760/821 Loss: 1.819130
2026-08-15 20:21: Train Epoch 13: 780/821 Loss: 1.761175
2026-08-15 20:21: Train Epoch 13: 800/821 Loss: 1.688555
2026-08-15 20:21: Train Epoch 13: 820/821 Loss: 1.843442
2026-08-15 20:21: **********Train Epoch 13: averaged Loss: 1.786221, tf_ratio: 1.000000
2026-08-15 20:21: **********Val Epoch 13: average Loss: 1.867214
2026-08-15 20:21: Train Epoch 14: 0/821 Loss: 1.767026
2026-08-15 20:21: Train Epoch 14: 20/821 Loss: 1.771875
2026-08-15 20:21: Train Epoch 14: 40/821 Loss: 1.856598
2026-08-15 20:21: Train Epoch 14: 60/821 Loss: 1.780323
2026-08-15 20:21: Train Epoch 14: 80/821 Loss: 1.862578
2026-08-15 20:21: Train Epoch 14: 100/821 Loss: 1.759478
2026-08-15 20:21: Train Epoch 14: 120/821 Loss: 1.635979
2026-08-15 20:21: Train Epoch 14: 140/821 Loss: 1.805297
2026-08-15 20:21: Train Epoch 14: 160/821 Loss: 1.799683
2026-08-15 20:21: Train Epoch 14: 180/821 Loss: 1.830226
2026-08-15 20:21: Train Epoch 14: 200/821 Loss: 1.823661
2026-08-15 20:21: Train Epoch 14: 220/821 Loss: 1.891958
2026-08-15 20:21: Train Epoch 14: 240/821 Loss: 1.791098
2026-08-15 20:21: Train Epoch 14: 260/821 Loss: 1.694410
2026-08-15 20:21: Train Epoch 14: 280/821 Loss: 1.813644
2026-08-15 20:22: Train Epoch 14: 300/821 Loss: 1.760560
2026-08-15 20:22: Train Epoch 14: 320/821 Loss: 1.763384
2026-08-15 20:22: Train Epoch 14: 340/821 Loss: 1.779807
2026-08-15 20:22: Train Epoch 14: 360/821 Loss: 1.780371
2026-08-15 20:22: Train Epoch 14: 380/821 Loss: 1.839651
2026-08-15 20:22: Train Epoch 14: 400/821 Loss: 1.777299
2026-08-15 20:22: Train Epoch 14: 420/821 Loss: 1.820119
2026-08-15 20:22: Train Epoch 14: 440/821 Loss: 1.779319
2026-08-15 20:22: Train Epoch 14: 460/821 Loss: 1.767139
2026-08-15 20:22: Train Epoch 14: 480/821 Loss: 1.879859
2026-08-15 20:22: Train Epoch 14: 500/821 Loss: 1.856399
2026-08-15 20:22: Train Epoch 14: 520/821 Loss: 1.724449
2026-08-15 20:22: Train Epoch 14: 540/821 Loss: 1.794895
2026-08-15 20:22: Train Epoch 14: 560/821 Loss: 1.783216
2026-08-15 20:22: Train Epoch 14: 580/821 Loss: 1.892067
2026-08-15 20:22: Train Epoch 14: 600/821 Loss: 1.729052
2026-08-15 20:22: Train Epoch 14: 620/821 Loss: 1.728662
2026-08-15 20:22: Train Epoch 14: 640/821 Loss: 1.710729
2026-08-15 20:22: Train Epoch 14: 660/821 Loss: 1.756353
2026-08-15 20:22: Train Epoch 14: 680/821 Loss: 1.783913
2026-08-15 20:22: Train Epoch 14: 700/821 Loss: 1.903804
2026-08-15 20:22: Train Epoch 14: 720/821 Loss: 1.767531
2026-08-15 20:22: Train Epoch 14: 740/821 Loss: 1.835575
2026-08-15 20:22: Train Epoch 14: 760/821 Loss: 1.751327
2026-08-15 20:22: Train Epoch 14: 780/821 Loss: 1.716029
2026-08-15 20:22: Train Epoch 14: 800/821 Loss: 1.866056
2026-08-15 20:22: Train Epoch 14: 820/821 Loss: 1.858116
2026-08-15 20:22: **********Train Epoch 14: averaged Loss: 1.779385, tf_ratio: 1.000000
2026-08-15 20:22: **********Val Epoch 14: average Loss: 1.842511
2026-08-15 20:22: *********************************Current best model saved!
2026-08-15 20:22: Train Epoch 15: 0/821 Loss: 1.765438
2026-08-15 20:22: Train Epoch 15: 20/821 Loss: 1.736675
2026-08-15 20:22: Train Epoch 15: 40/821 Loss: 1.678223
2026-08-15 20:22: Train Epoch 15: 60/821 Loss: 1.731477
2026-08-15 20:22: Train Epoch 15: 80/821 Loss: 1.751854
2026-08-15 20:22: Train Epoch 15: 100/821 Loss: 1.805536
2026-08-15 20:22: Train Epoch 15: 120/821 Loss: 1.794581
2026-08-15 20:22: Train Epoch 15: 140/821 Loss: 1.707680
2026-08-15 20:22: Train Epoch 15: 160/821 Loss: 1.829099
2026-08-15 20:23: Train Epoch 15: 180/821 Loss: 1.923929
2026-08-15 20:23: Train Epoch 15: 200/821 Loss: 1.760103
2026-08-15 20:23: Train Epoch 15: 220/821 Loss: 1.837255
2026-08-15 20:23: Train Epoch 15: 240/821 Loss: 1.691152
2026-08-15 20:23: Train Epoch 15: 260/821 Loss: 1.775695
2026-08-15 20:23: Train Epoch 15: 280/821 Loss: 1.800034
2026-08-15 20:23: Train Epoch 15: 300/821 Loss: 1.785457
2026-08-15 20:23: Train Epoch 15: 320/821 Loss: 1.703744
2026-08-15 20:23: Train Epoch 15: 340/821 Loss: 1.825223
2026-08-15 20:23: Train Epoch 15: 360/821 Loss: 1.822146
2026-08-15 20:23: Train Epoch 15: 380/821 Loss: 1.811058
2026-08-15 20:23: Train Epoch 15: 400/821 Loss: 1.818577
2026-08-15 20:23: Train Epoch 15: 420/821 Loss: 1.737254
2026-08-15 20:23: Train Epoch 15: 440/821 Loss: 1.738504
2026-08-15 20:23: Train Epoch 15: 460/821 Loss: 1.682599
2026-08-15 20:23: Train Epoch 15: 480/821 Loss: 1.830780
2026-08-15 20:23: Train Epoch 15: 500/821 Loss: 1.767916
2026-08-15 20:23: Train Epoch 15: 520/821 Loss: 1.749169
2026-08-15 20:23: Train Epoch 15: 540/821 Loss: 1.803790
2026-08-15 20:23: Train Epoch 15: 560/821 Loss: 1.813478
2026-08-15 20:23: Train Epoch 15: 580/821 Loss: 1.764546
2026-08-15 20:23: Train Epoch 15: 600/821 Loss: 1.717421
2026-08-15 20:23: Train Epoch 15: 620/821 Loss: 1.697951
2026-08-15 20:23: Train Epoch 15: 640/821 Loss: 1.854321
2026-08-15 20:23: Train Epoch 15: 660/821 Loss: 1.700074
2026-08-15 20:23: Train Epoch 15: 680/821 Loss: 1.730350
2026-08-15 20:23: Train Epoch 15: 700/821 Loss: 1.758593
2026-08-15 20:23: Train Epoch 15: 720/821 Loss: 1.833173
2026-08-15 20:23: Train Epoch 15: 740/821 Loss: 1.732984
2026-08-15 20:23: Train Epoch 15: 760/821 Loss: 1.756745
2026-08-15 20:23: Train Epoch 15: 780/821 Loss: 1.739942
2026-08-15 20:23: Train Epoch 15: 800/821 Loss: 1.702518
2026-08-15 20:23: Train Epoch 15: 820/821 Loss: 1.712404
2026-08-15 20:23: **********Train Epoch 15: averaged Loss: 1.769318, tf_ratio: 1.000000
2026-08-15 20:23: **********Val Epoch 15: average Loss: 1.849426
2026-08-15 20:23: Train Epoch 16: 0/821 Loss: 1.792638
2026-08-15 20:23: Train Epoch 16: 20/821 Loss: 1.734565
2026-08-15 20:23: Train Epoch 16: 40/821 Loss: 1.740158
2026-08-15 20:24: Train Epoch 16: 60/821 Loss: 1.877802
2026-08-15 20:24: Train Epoch 16: 80/821 Loss: 1.772030
2026-08-15 20:24: Train Epoch 16: 100/821 Loss: 1.745171
2026-08-15 20:24: Train Epoch 16: 120/821 Loss: 1.769681
2026-08-15 20:24: Train Epoch 16: 140/821 Loss: 1.721334
2026-08-15 20:24: Train Epoch 16: 160/821 Loss: 1.782769
2026-08-15 20:24: Train Epoch 16: 180/821 Loss: 1.719413
2026-08-15 20:24: Train Epoch 16: 200/821 Loss: 1.759769
2026-08-15 20:24: Train Epoch 16: 220/821 Loss: 1.819250
2026-08-15 20:24: Train Epoch 16: 240/821 Loss: 1.752679
2026-08-15 20:24: Train Epoch 16: 260/821 Loss: 1.818849
2026-08-15 20:24: Train Epoch 16: 280/821 Loss: 1.717111
2026-08-15 20:24: Train Epoch 16: 300/821 Loss: 1.862598
2026-08-15 20:24: Train Epoch 16: 320/821 Loss: 1.878614
2026-08-15 20:24: Train Epoch 16: 340/821 Loss: 1.801478
2026-08-15 20:24: Train Epoch 16: 360/821 Loss: 1.732572
2026-08-15 20:24: Train Epoch 16: 380/821 Loss: 1.741637
2026-08-15 20:24: Train Epoch 16: 400/821 Loss: 1.787157
2026-08-15 20:24: Train Epoch 16: 420/821 Loss: 1.811625
2026-08-15 20:24: Train Epoch 16: 440/821 Loss: 1.754907
2026-08-15 20:24: Train Epoch 16: 460/821 Loss: 1.749552
2026-08-15 20:24: Train Epoch 16: 480/821 Loss: 1.788964
2026-08-15 20:24: Train Epoch 16: 500/821 Loss: 1.844537
2026-08-15 20:24: Train Epoch 16: 520/821 Loss: 1.790429
2026-08-15 20:24: Train Epoch 16: 540/821 Loss: 1.837377
2026-08-15 20:24: Train Epoch 16: 560/821 Loss: 1.799132
2026-08-15 20:24: Train Epoch 16: 580/821 Loss: 1.718339
2026-08-15 20:24: Train Epoch 16: 600/821 Loss: 1.657687
2026-08-15 20:24: Train Epoch 16: 620/821 Loss: 1.768585
2026-08-15 20:24: Train Epoch 16: 640/821 Loss: 1.787332
2026-08-15 20:24: Train Epoch 16: 660/821 Loss: 1.781889
2026-08-15 20:24: Train Epoch 16: 680/821 Loss: 1.788831
2026-08-15 20:24: Train Epoch 16: 700/821 Loss: 1.721835
2026-08-15 20:24: Train Epoch 16: 720/821 Loss: 1.769242
2026-08-15 20:24: Train Epoch 16: 740/821 Loss: 1.744995
2026-08-15 20:24: Train Epoch 16: 760/821 Loss: 1.733542
2026-08-15 20:24: Train Epoch 16: 780/821 Loss: 1.776202
2026-08-15 20:24: Train Epoch 16: 800/821 Loss: 1.738649
2026-08-15 20:24: Train Epoch 16: 820/821 Loss: 1.738609
2026-08-15 20:24: **********Train Epoch 16: averaged Loss: 1.760748, tf_ratio: 1.000000
2026-08-15 20:25: **********Val Epoch 16: average Loss: 1.843929
2026-08-15 20:25: Train Epoch 17: 0/821 Loss: 1.788540
2026-08-15 20:25: Train Epoch 17: 20/821 Loss: 1.725047
2026-08-15 20:25: Train Epoch 17: 40/821 Loss: 1.813793
2026-08-15 20:25: Train Epoch 17: 60/821 Loss: 1.774319
2026-08-15 20:25: Train Epoch 17: 80/821 Loss: 1.783594
2026-08-15 20:25: Train Epoch 17: 100/821 Loss: 1.719657
2026-08-15 20:25: Train Epoch 17: 120/821 Loss: 1.764596
2026-08-15 20:25: Train Epoch 17: 140/821 Loss: 1.808932
2026-08-15 20:25: Train Epoch 17: 160/821 Loss: 1.770903
2026-08-15 20:25: Train Epoch 17: 180/821 Loss: 1.818585
2026-08-15 20:25: Train Epoch 17: 200/821 Loss: 1.806592
2026-08-15 20:25: Train Epoch 17: 220/821 Loss: 1.748165
2026-08-15 20:25: Train Epoch 17: 240/821 Loss: 1.733453
2026-08-15 20:25: Train Epoch 17: 260/821 Loss: 1.664747
2026-08-15 20:25: Train Epoch 17: 280/821 Loss: 1.794494
2026-08-15 20:25: Train Epoch 17: 300/821 Loss: 1.725378
2026-08-15 20:25: Train Epoch 17: 320/821 Loss: 1.754639
2026-08-15 20:25: Train Epoch 17: 340/821 Loss: 1.746903
2026-08-15 20:25: Train Epoch 17: 360/821 Loss: 1.791285
2026-08-15 20:25: Train Epoch 17: 380/821 Loss: 1.782974
2026-08-15 20:25: Train Epoch 17: 400/821 Loss: 1.872988
2026-08-15 20:25: Train Epoch 17: 420/821 Loss: 1.785976
2026-08-15 20:25: Train Epoch 17: 440/821 Loss: 1.708696
2026-08-15 20:25: Train Epoch 17: 460/821 Loss: 1.705156
2026-08-15 20:25: Train Epoch 17: 480/821 Loss: 1.779333
2026-08-15 20:25: Train Epoch 17: 500/821 Loss: 1.807912
2026-08-15 20:25: Train Epoch 17: 520/821 Loss: 1.860555
2026-08-15 20:25: Train Epoch 17: 540/821 Loss: 1.736670
2026-08-15 20:25: Train Epoch 17: 560/821 Loss: 1.800599
2026-08-15 20:25: Train Epoch 17: 580/821 Loss: 1.702594
2026-08-15 20:25: Train Epoch 17: 600/821 Loss: 1.710263
2026-08-15 20:25: Train Epoch 17: 620/821 Loss: 1.730336
2026-08-15 20:25: Train Epoch 17: 640/821 Loss: 1.712644
2026-08-15 20:25: Train Epoch 17: 660/821 Loss: 1.742474
2026-08-15 20:25: Train Epoch 17: 680/821 Loss: 1.757540
2026-08-15 20:25: Train Epoch 17: 700/821 Loss: 1.752685
2026-08-15 20:25: Train Epoch 17: 720/821 Loss: 1.706520
2026-08-15 20:26: Train Epoch 17: 740/821 Loss: 1.901798
2026-08-15 20:26: Train Epoch 17: 760/821 Loss: 1.810121
2026-08-15 20:26: Train Epoch 17: 780/821 Loss: 1.858527
2026-08-15 20:26: Train Epoch 17: 800/821 Loss: 1.709142
2026-08-15 20:26: Train Epoch 17: 820/821 Loss: 1.756643
2026-08-15 20:26: **********Train Epoch 17: averaged Loss: 1.754649, tf_ratio: 1.000000
2026-08-15 20:26: **********Val Epoch 17: average Loss: 1.847040
2026-08-15 20:26: Train Epoch 18: 0/821 Loss: 1.644861
2026-08-15 20:26: Train Epoch 18: 20/821 Loss: 1.693962
2026-08-15 20:26: Train Epoch 18: 40/821 Loss: 1.743771
2026-08-15 20:26: Train Epoch 18: 60/821 Loss: 1.766675
2026-08-15 20:26: Train Epoch 18: 80/821 Loss: 1.710494
2026-08-15 20:26: Train Epoch 18: 100/821 Loss: 1.718768
2026-08-15 20:26: Train Epoch 18: 120/821 Loss: 1.779817
2026-08-15 20:26: Train Epoch 18: 140/821 Loss: 1.650407
2026-08-15 20:26: Train Epoch 18: 160/821 Loss: 1.826051
2026-08-15 20:26: Train Epoch 18: 180/821 Loss: 1.637823
2026-08-15 20:26: Train Epoch 18: 200/821 Loss: 1.730051
2026-08-15 20:26: Train Epoch 18: 220/821 Loss: 1.760708
2026-08-15 20:26: Train Epoch 18: 240/821 Loss: 1.775373
2026-08-15 20:26: Train Epoch 18: 260/821 Loss: 1.751334
2026-08-15 20:26: Train Epoch 18: 280/821 Loss: 1.719327
2026-08-15 20:26: Train Epoch 18: 300/821 Loss: 1.732748
2026-08-15 20:26: Train Epoch 18: 320/821 Loss: 1.709017
2026-08-15 20:26: Train Epoch 18: 340/821 Loss: 1.746572
2026-08-15 20:26: Train Epoch 18: 360/821 Loss: 1.738458
2026-08-15 20:26: Train Epoch 18: 380/821 Loss: 1.753809
2026-08-15 20:26: Train Epoch 18: 400/821 Loss: 1.685605
2026-08-15 20:26: Train Epoch 18: 420/821 Loss: 1.822882
2026-08-15 20:26: Train Epoch 18: 440/821 Loss: 1.775750
2026-08-15 20:26: Train Epoch 18: 460/821 Loss: 1.710487
2026-08-15 20:26: Train Epoch 18: 480/821 Loss: 1.812358
2026-08-15 20:26: Train Epoch 18: 500/821 Loss: 1.729156
2026-08-15 20:26: Train Epoch 18: 520/821 Loss: 1.701197
2026-08-15 20:26: Train Epoch 18: 540/821 Loss: 1.767480
2026-08-15 20:26: Train Epoch 18: 560/821 Loss: 1.815081
2026-08-15 20:26: Train Epoch 18: 580/821 Loss: 1.785684
2026-08-15 20:26: Train Epoch 18: 600/821 Loss: 1.662406
2026-08-15 20:26: Train Epoch 18: 620/821 Loss: 1.754616
2026-08-15 20:27: Train Epoch 18: 640/821 Loss: 1.826681
2026-08-15 20:27: Train Epoch 18: 660/821 Loss: 1.699356
2026-08-15 20:27: Train Epoch 18: 680/821 Loss: 1.765024
2026-08-15 20:27: Train Epoch 18: 700/821 Loss: 1.808975
2026-08-15 20:27: Train Epoch 18: 720/821 Loss: 1.627415
2026-08-15 20:27: Train Epoch 18: 740/821 Loss: 1.781509
2026-08-15 20:27: Train Epoch 18: 760/821 Loss: 1.791930
2026-08-15 20:27: Train Epoch 18: 780/821 Loss: 1.755856
2026-08-15 20:27: Train Epoch 18: 800/821 Loss: 1.711155
2026-08-15 20:27: Train Epoch 18: 820/821 Loss: 1.773388
2026-08-15 20:27: **********Train Epoch 18: averaged Loss: 1.746663, tf_ratio: 1.000000
2026-08-15 20:27: **********Val Epoch 18: average Loss: 1.838044
2026-08-15 20:27: *********************************Current best model saved!
2026-08-15 20:27: Train Epoch 19: 0/821 Loss: 1.873416
2026-08-15 20:27: Train Epoch 19: 20/821 Loss: 1.803913
2026-08-15 20:27: Train Epoch 19: 40/821 Loss: 1.703289
2026-08-15 20:27: Train Epoch 19: 60/821 Loss: 1.712689
2026-08-15 20:27: Train Epoch 19: 80/821 Loss: 1.867872
2026-08-15 20:27: Train Epoch 19: 100/821 Loss: 1.726457
2026-08-15 20:27: Train Epoch 19: 120/821 Loss: 1.721150
2026-08-15 20:27: Train Epoch 19: 140/821 Loss: 1.687231
2026-08-15 20:27: Train Epoch 19: 160/821 Loss: 1.701950
2026-08-15 20:27: Train Epoch 19: 180/821 Loss: 1.736974
2026-08-15 20:27: Train Epoch 19: 200/821 Loss: 1.786696
2026-08-15 20:27: Train Epoch 19: 220/821 Loss: 1.780946
2026-08-15 20:27: Train Epoch 19: 240/821 Loss: 1.718848
2026-08-15 20:27: Train Epoch 19: 260/821 Loss: 1.780709
2026-08-15 20:27: Train Epoch 19: 280/821 Loss: 1.839831
2026-08-15 20:27: Train Epoch 19: 300/821 Loss: 1.802464
2026-08-15 20:27: Train Epoch 19: 320/821 Loss: 1.738308
2026-08-15 20:27: Train Epoch 19: 340/821 Loss: 1.718630
2026-08-15 20:27: Train Epoch 19: 360/821 Loss: 1.811298
2026-08-15 20:27: Train Epoch 19: 380/821 Loss: 1.744479
2026-08-15 20:27: Train Epoch 19: 400/821 Loss: 1.748459
2026-08-15 20:27: Train Epoch 19: 420/821 Loss: 1.761783
2026-08-15 20:27: Train Epoch 19: 440/821 Loss: 1.826490
2026-08-15 20:27: Train Epoch 19: 460/821 Loss: 1.747434
2026-08-15 20:27: Train Epoch 19: 480/821 Loss: 1.817327
2026-08-15 20:27: Train Epoch 19: 500/821 Loss: 1.722308
2026-08-15 20:28: Train Epoch 19: 520/821 Loss: 1.751865
2026-08-15 20:28: Train Epoch 19: 540/821 Loss: 1.797891
2026-08-15 20:28: Train Epoch 19: 560/821 Loss: 1.888095
2026-08-15 20:28: Train Epoch 19: 580/821 Loss: 1.708253
2026-08-15 20:28: Train Epoch 19: 600/821 Loss: 1.791284
2026-08-15 20:28: Train Epoch 19: 620/821 Loss: 1.766704
2026-08-15 20:28: Train Epoch 19: 640/821 Loss: 1.657904
2026-08-15 20:28: Train Epoch 19: 660/821 Loss: 1.711618
2026-08-15 20:28: Train Epoch 19: 680/821 Loss: 1.783205
2026-08-15 20:28: Train Epoch 19: 700/821 Loss: 1.754988
2026-08-15 20:28: Train Epoch 19: 720/821 Loss: 1.850927
2026-08-15 20:28: Train Epoch 19: 740/821 Loss: 1.844143
2026-08-15 20:28: Train Epoch 19: 760/821 Loss: 1.694298
2026-08-15 20:28: Train Epoch 19: 780/821 Loss: 1.699571
2026-08-15 20:28: Train Epoch 19: 800/821 Loss: 1.750403
2026-08-15 20:28: Train Epoch 19: 820/821 Loss: 1.712301
2026-08-15 20:28: **********Train Epoch 19: averaged Loss: 1.739769, tf_ratio: 1.000000
2026-08-15 20:28: **********Val Epoch 19: average Loss: 1.838634
2026-08-15 20:28: Train Epoch 20: 0/821 Loss: 1.718822
2026-08-15 20:28: Train Epoch 20: 20/821 Loss: 1.718081
2026-08-15 20:28: Train Epoch 20: 40/821 Loss: 1.757124
2026-08-15 20:28: Train Epoch 20: 60/821 Loss: 1.849486
2026-08-15 20:28: Train Epoch 20: 80/821 Loss: 1.682558
2026-08-15 20:28: Train Epoch 20: 100/821 Loss: 1.667176
2026-08-15 20:28: Train Epoch 20: 120/821 Loss: 1.723025
2026-08-15 20:28: Train Epoch 20: 140/821 Loss: 1.758523
2026-08-15 20:28: Train Epoch 20: 160/821 Loss: 1.720051
2026-08-15 20:28: Train Epoch 20: 180/821 Loss: 1.724374
2026-08-15 20:28: Train Epoch 20: 200/821 Loss: 1.655548
2026-08-15 20:28: Train Epoch 20: 220/821 Loss: 1.741206
2026-08-15 20:28: Train Epoch 20: 240/821 Loss: 1.753382
2026-08-15 20:28: Train Epoch 20: 260/821 Loss: 1.728561
2026-08-15 20:28: Train Epoch 20: 280/821 Loss: 1.701649
2026-08-15 20:28: Train Epoch 20: 300/821 Loss: 1.690615
2026-08-15 20:28: Train Epoch 20: 320/821 Loss: 1.699060
2026-08-15 20:28: Train Epoch 20: 340/821 Loss: 1.729625
2026-08-15 20:28: Train Epoch 20: 360/821 Loss: 1.732493
2026-08-15 20:28: Train Epoch 20: 380/821 Loss: 1.809751
2026-08-15 20:28: Train Epoch 20: 400/821 Loss: 1.752874
2026-08-15 20:29: Train Epoch 20: 420/821 Loss: 1.743520
2026-08-15 20:29: Train Epoch 20: 440/821 Loss: 1.732635
2026-08-15 20:29: Train Epoch 20: 460/821 Loss: 1.627778
2026-08-15 20:29: Train Epoch 20: 480/821 Loss: 1.710456
2026-08-15 20:29: Train Epoch 20: 500/821 Loss: 1.766508
2026-08-15 20:29: Train Epoch 20: 520/821 Loss: 1.734839
2026-08-15 20:29: Train Epoch 20: 540/821 Loss: 1.732415
2026-08-15 20:29: Train Epoch 20: 560/821 Loss: 1.776905
2026-08-15 20:29: Train Epoch 20: 580/821 Loss: 1.640596
2026-08-15 20:29: Train Epoch 20: 600/821 Loss: 1.662962
2026-08-15 20:29: Train Epoch 20: 620/821 Loss: 1.716936
2026-08-15 20:29: Train Epoch 20: 640/821 Loss: 1.702641
2026-08-15 20:29: Train Epoch 20: 660/821 Loss: 1.677672
2026-08-15 20:29: Train Epoch 20: 680/821 Loss: 1.744480
2026-08-15 20:29: Train Epoch 20: 700/821 Loss: 1.773591
2026-08-15 20:29: Train Epoch 20: 720/821 Loss: 1.626406
2026-08-15 20:29: Train Epoch 20: 740/821 Loss: 1.754046
2026-08-15 20:29: Train Epoch 20: 760/821 Loss: 1.756586
2026-08-15 20:29: Train Epoch 20: 780/821 Loss: 1.696807
2026-08-15 20:29: Train Epoch 20: 800/821 Loss: 1.745043
2026-08-15 20:29: Train Epoch 20: 820/821 Loss: 1.712236
2026-08-15 20:29: **********Train Epoch 20: averaged Loss: 1.732186, tf_ratio: 1.000000
2026-08-15 20:29: **********Val Epoch 20: average Loss: 1.841984
2026-08-15 20:29: Train Epoch 21: 0/821 Loss: 1.688842
2026-08-15 20:29: Train Epoch 21: 20/821 Loss: 1.724828
2026-08-15 20:29: Train Epoch 21: 40/821 Loss: 1.706560
2026-08-15 20:29: Train Epoch 21: 60/821 Loss: 1.732882
2026-08-15 20:29: Train Epoch 21: 80/821 Loss: 1.791264
2026-08-15 20:29: Train Epoch 21: 100/821 Loss: 1.706098
2026-08-15 20:29: Train Epoch 21: 120/821 Loss: 1.661904
2026-08-15 20:29: Train Epoch 21: 140/821 Loss: 1.686119
2026-08-15 20:29: Train Epoch 21: 160/821 Loss: 1.665268
2026-08-15 20:29: Train Epoch 21: 180/821 Loss: 1.680470
2026-08-15 20:29: Train Epoch 21: 200/821 Loss: 1.665443
2026-08-15 20:29: Train Epoch 21: 220/821 Loss: 1.753905
2026-08-15 20:29: Train Epoch 21: 240/821 Loss: 1.652859
2026-08-15 20:29: Train Epoch 21: 260/821 Loss: 1.631861
2026-08-15 20:29: Train Epoch 21: 280/821 Loss: 1.720791
2026-08-15 20:30: Train Epoch 21: 300/821 Loss: 1.637459
2026-08-15 20:30: Train Epoch 21: 320/821 Loss: 1.733989
2026-08-15 20:30: Train Epoch 21: 340/821 Loss: 1.637011
2026-08-15 20:30: Train Epoch 21: 360/821 Loss: 1.724266
2026-08-15 20:30: Train Epoch 21: 380/821 Loss: 1.730855
2026-08-15 20:30: Train Epoch 21: 400/821 Loss: 1.683745
2026-08-15 20:30: Train Epoch 21: 420/821 Loss: 1.662910
2026-08-15 20:30: Train Epoch 21: 440/821 Loss: 1.709332
2026-08-15 20:30: Train Epoch 21: 460/821 Loss: 1.662574
2026-08-15 20:30: Train Epoch 21: 480/821 Loss: 1.745786
2026-08-15 20:30: Train Epoch 21: 500/821 Loss: 1.821552
2026-08-15 20:30: Train Epoch 21: 520/821 Loss: 1.658370
2026-08-15 20:30: Train Epoch 21: 540/821 Loss: 1.705751
2026-08-15 20:30: Train Epoch 21: 560/821 Loss: 1.679915
2026-08-15 20:30: Train Epoch 21: 580/821 Loss: 1.714802
2026-08-15 20:30: Train Epoch 21: 600/821 Loss: 1.713090
2026-08-15 20:30: Train Epoch 21: 620/821 Loss: 1.674278
2026-08-15 20:30: Train Epoch 21: 640/821 Loss: 1.635778
2026-08-15 20:30: Train Epoch 21: 660/821 Loss: 1.692185
2026-08-15 20:30: Train Epoch 21: 680/821 Loss: 1.733157
2026-08-15 20:30: Train Epoch 21: 700/821 Loss: 1.711057
2026-08-15 20:30: Train Epoch 21: 720/821 Loss: 1.680814
2026-08-15 20:30: Train Epoch 21: 740/821 Loss: 1.695929
2026-08-15 20:30: Train Epoch 21: 760/821 Loss: 1.708663
2026-08-15 20:30: Train Epoch 21: 780/821 Loss: 1.626744
2026-08-15 20:30: Train Epoch 21: 800/821 Loss: 1.640434
2026-08-15 20:30: Train Epoch 21: 820/821 Loss: 1.642913
2026-08-15 20:30: **********Train Epoch 21: averaged Loss: 1.694771, tf_ratio: 1.000000
2026-08-15 20:30: **********Val Epoch 21: average Loss: 1.822086
2026-08-15 20:30: *********************************Current best model saved!
2026-08-15 20:30: Train Epoch 22: 0/821 Loss: 1.649043
2026-08-15 20:30: Train Epoch 22: 20/821 Loss: 1.684498
2026-08-15 20:30: Train Epoch 22: 40/821 Loss: 1.690743
2026-08-15 20:30: Train Epoch 22: 60/821 Loss: 1.718886
2026-08-15 20:30: Train Epoch 22: 80/821 Loss: 1.674625
2026-08-15 20:30: Train Epoch 22: 100/821 Loss: 1.683489
2026-08-15 20:30: Train Epoch 22: 120/821 Loss: 1.672540
2026-08-15 20:30: Train Epoch 22: 140/821 Loss: 1.698824
2026-08-15 20:30: Train Epoch 22: 160/821 Loss: 1.667427
2026-08-15 20:30: Train Epoch 22: 180/821 Loss: 1.620667
2026-08-15 20:31: Train Epoch 22: 200/821 Loss: 1.698573
2026-08-15 20:31: Train Epoch 22: 220/821 Loss: 1.636981
2026-08-15 20:31: Train Epoch 22: 240/821 Loss: 1.785177
2026-08-15 20:31: Train Epoch 22: 260/821 Loss: 1.689292
2026-08-15 20:31: Train Epoch 22: 280/821 Loss: 1.662229
2026-08-15 20:31: Train Epoch 22: 300/821 Loss: 1.761876
2026-08-15 20:31: Train Epoch 22: 320/821 Loss: 1.634158
2026-08-15 20:31: Train Epoch 22: 340/821 Loss: 1.734152
2026-08-15 20:31: Train Epoch 22: 360/821 Loss: 1.618439
2026-08-15 20:31: Train Epoch 22: 380/821 Loss: 1.679319
2026-08-15 20:31: Train Epoch 22: 400/821 Loss: 1.654821
2026-08-15 20:31: Train Epoch 22: 420/821 Loss: 1.662530
2026-08-15 20:31: Train Epoch 22: 440/821 Loss: 1.728298
2026-08-15 20:31: Train Epoch 22: 460/821 Loss: 1.676315
2026-08-15 20:31: Train Epoch 22: 480/821 Loss: 1.682934
2026-08-15 20:31: Train Epoch 22: 500/821 Loss: 1.615693
2026-08-15 20:31: Train Epoch 22: 520/821 Loss: 1.743356
2026-08-15 20:31: Train Epoch 22: 540/821 Loss: 1.651004
2026-08-15 20:31: Train Epoch 22: 560/821 Loss: 1.705006
2026-08-15 20:31: Train Epoch 22: 580/821 Loss: 1.724399
2026-08-15 20:31: Train Epoch 22: 600/821 Loss: 1.781783
2026-08-15 20:31: Train Epoch 22: 620/821 Loss: 1.759641
2026-08-15 20:31: Train Epoch 22: 640/821 Loss: 1.718652
2026-08-15 20:31: Train Epoch 22: 660/821 Loss: 1.694049
2026-08-15 20:31: Train Epoch 22: 680/821 Loss: 1.650404
2026-08-15 20:31: Train Epoch 22: 700/821 Loss: 1.694317
2026-08-15 20:31: Train Epoch 22: 720/821 Loss: 1.670153
2026-08-15 20:31: Train Epoch 22: 740/821 Loss: 1.651543
2026-08-15 20:31: Train Epoch 22: 760/821 Loss: 1.642613
2026-08-15 20:31: Train Epoch 22: 780/821 Loss: 1.655376
2026-08-15 20:31: Train Epoch 22: 800/821 Loss: 1.682868
2026-08-15 20:31: Train Epoch 22: 820/821 Loss: 1.620838
2026-08-15 20:31: **********Train Epoch 22: averaged Loss: 1.689660, tf_ratio: 1.000000
2026-08-15 20:31: **********Val Epoch 22: average Loss: 1.824995
2026-08-15 20:31: Train Epoch 23: 0/821 Loss: 1.602359
2026-08-15 20:31: Train Epoch 23: 20/821 Loss: 1.770545
2026-08-15 20:31: Train Epoch 23: 40/821 Loss: 1.713760
2026-08-15 20:31: Train Epoch 23: 60/821 Loss: 1.729232
2026-08-15 20:31: Train Epoch 23: 80/821 Loss: 1.743364
2026-08-15 20:32: Train Epoch 23: 100/821 Loss: 1.657983
2026-08-15 20:32: Train Epoch 23: 120/821 Loss: 1.693416
2026-08-15 20:32: Train Epoch 23: 140/821 Loss: 1.678569
2026-08-15 20:32: Train Epoch 23: 160/821 Loss: 1.768039
2026-08-15 20:32: Train Epoch 23: 180/821 Loss: 1.762632
2026-08-15 20:32: Train Epoch 23: 200/821 Loss: 1.650851
2026-08-15 20:32: Train Epoch 23: 220/821 Loss: 1.754506
2026-08-15 20:32: Train Epoch 23: 240/821 Loss: 1.646323
2026-08-15 20:32: Train Epoch 23: 260/821 Loss: 1.657298
2026-08-15 20:32: Train Epoch 23: 280/821 Loss: 1.702751
2026-08-15 20:32: Train Epoch 23: 300/821 Loss: 1.712403
2026-08-15 20:32: Train Epoch 23: 320/821 Loss: 1.691445
2026-08-15 20:32: Train Epoch 23: 340/821 Loss: 1.679595
2026-08-15 20:32: Train Epoch 23: 360/821 Loss: 1.661615
2026-08-15 20:32: Train Epoch 23: 380/821 Loss: 1.720100
2026-08-15 20:32: Train Epoch 23: 400/821 Loss: 1.716576
2026-08-15 20:32: Train Epoch 23: 420/821 Loss: 1.581927
2026-08-15 20:32: Train Epoch 23: 440/821 Loss: 1.689887
2026-08-15 20:32: Train Epoch 23: 460/821 Loss: 1.778964
2026-08-15 20:32: Train Epoch 23: 480/821 Loss: 1.649250
2026-08-15 20:32: Train Epoch 23: 500/821 Loss: 1.657289
2026-08-15 20:32: Train Epoch 23: 520/821 Loss: 1.718021
2026-08-15 20:32: Train Epoch 23: 540/821 Loss: 1.722573
2026-08-15 20:32: Train Epoch 23: 560/821 Loss: 1.651966
2026-08-15 20:32: Train Epoch 23: 580/821 Loss: 1.648816
2026-08-15 20:32: Train Epoch 23: 600/821 Loss: 1.743520
2026-08-15 20:32: Train Epoch 23: 620/821 Loss: 1.633828
2026-08-15 20:32: Train Epoch 23: 640/821 Loss: 1.755025
2026-08-15 20:32: Train Epoch 23: 660/821 Loss: 1.688459
2026-08-15 20:32: Train Epoch 23: 680/821 Loss: 1.701584
2026-08-15 20:32: Train Epoch 23: 700/821 Loss: 1.693916
2026-08-15 20:32: Train Epoch 23: 720/821 Loss: 1.635734
2026-08-15 20:32: Train Epoch 23: 740/821 Loss: 1.718115
2026-08-15 20:32: Train Epoch 23: 760/821 Loss: 1.733538
2026-08-15 20:32: Train Epoch 23: 780/821 Loss: 1.705909
2026-08-15 20:32: Train Epoch 23: 800/821 Loss: 1.767349
2026-08-15 20:32: Train Epoch 23: 820/821 Loss: 1.684913
2026-08-15 20:32: **********Train Epoch 23: averaged Loss: 1.685989, tf_ratio: 1.000000
2026-08-15 20:32: **********Val Epoch 23: average Loss: 1.822598
2026-08-15 20:32: Train Epoch 24: 0/821 Loss: 1.753390
2026-08-15 20:32: Train Epoch 24: 20/821 Loss: 1.662884
2026-08-15 20:33: Train Epoch 24: 40/821 Loss: 1.672667
2026-08-15 20:33: Train Epoch 24: 60/821 Loss: 1.756924
2026-08-15 20:33: Train Epoch 24: 80/821 Loss: 1.714894
2026-08-15 20:33: Train Epoch 24: 100/821 Loss: 1.705125
2026-08-15 20:33: Train Epoch 24: 120/821 Loss: 1.655923
2026-08-15 20:33: Train Epoch 24: 140/821 Loss: 1.697486
2026-08-15 20:33: Train Epoch 24: 160/821 Loss: 1.589967
2026-08-15 20:33: Train Epoch 24: 180/821 Loss: 1.666901
2026-08-15 20:33: Train Epoch 24: 200/821 Loss: 1.636160
2026-08-15 20:33: Train Epoch 24: 220/821 Loss: 1.725347
2026-08-15 20:33: Train Epoch 24: 240/821 Loss: 1.685706
2026-08-15 20:33: Train Epoch 24: 260/821 Loss: 1.688375
2026-08-15 20:33: Train Epoch 24: 280/821 Loss: 1.618259
2026-08-15 20:33: Train Epoch 24: 300/821 Loss: 1.669309
2026-08-15 20:33: Train Epoch 24: 320/821 Loss: 1.727967
2026-08-15 20:33: Train Epoch 24: 340/821 Loss: 1.699132
2026-08-15 20:33: Train Epoch 24: 360/821 Loss: 1.655880
2026-08-15 20:33: Train Epoch 24: 380/821 Loss: 1.752219
2026-08-15 20:33: Train Epoch 24: 400/821 Loss: 1.738862
2026-08-15 20:33: Train Epoch 24: 420/821 Loss: 1.705981
2026-08-15 20:33: Train Epoch 24: 440/821 Loss: 1.706407
2026-08-15 20:33: Train Epoch 24: 460/821 Loss: 1.744277
2026-08-15 20:33: Train Epoch 24: 480/821 Loss: 1.667315
2026-08-15 20:33: Train Epoch 24: 500/821 Loss: 1.680605
2026-08-15 20:33: Train Epoch 24: 520/821 Loss: 1.693613
2026-08-15 20:33: Train Epoch 24: 540/821 Loss: 1.778118
2026-08-15 20:33: Train Epoch 24: 560/821 Loss: 1.643500
2026-08-15 20:33: Train Epoch 24: 580/821 Loss: 1.729136
2026-08-15 20:33: Train Epoch 24: 600/821 Loss: 1.638053
2026-08-15 20:33: Train Epoch 24: 620/821 Loss: 1.663228
2026-08-15 20:33: Train Epoch 24: 640/821 Loss: 1.675229
2026-08-15 20:33: Train Epoch 24: 660/821 Loss: 1.728746
2026-08-15 20:33: Train Epoch 24: 680/821 Loss: 1.685740
2026-08-15 20:33: Train Epoch 24: 700/821 Loss: 1.713467
2026-08-15 20:33: Train Epoch 24: 720/821 Loss: 1.677780
2026-08-15 20:33: Train Epoch 24: 740/821 Loss: 1.689656
2026-08-15 20:33: Train Epoch 24: 760/821 Loss: 1.707266
2026-08-15 20:33: Train Epoch 24: 780/821 Loss: 1.667081
2026-08-15 20:33: Train Epoch 24: 800/821 Loss: 1.657887
2026-08-15 20:33: Train Epoch 24: 820/821 Loss: 1.640862
2026-08-15 20:33: **********Train Epoch 24: averaged Loss: 1.682860, tf_ratio: 1.000000
2026-08-15 20:34: **********Val Epoch 24: average Loss: 1.825126
2026-08-15 20:34: Train Epoch 25: 0/821 Loss: 1.840056
2026-08-15 20:34: Train Epoch 25: 20/821 Loss: 1.656364
2026-08-15 20:34: Train Epoch 25: 40/821 Loss: 1.667149
2026-08-15 20:34: Train Epoch 25: 60/821 Loss: 1.627487
2026-08-15 20:34: Train Epoch 25: 80/821 Loss: 1.751016
2026-08-15 20:34: Train Epoch 25: 100/821 Loss: 1.678720
2026-08-15 20:34: Train Epoch 25: 120/821 Loss: 1.688761
2026-08-15 20:34: Train Epoch 25: 140/821 Loss: 1.682367
2026-08-15 20:34: Train Epoch 25: 160/821 Loss: 1.613507
2026-08-15 20:34: Train Epoch 25: 180/821 Loss: 1.710418
2026-08-15 20:34: Train Epoch 25: 200/821 Loss: 1.600272
2026-08-15 20:34: Train Epoch 25: 220/821 Loss: 1.652602
2026-08-15 20:34: Train Epoch 25: 240/821 Loss: 1.682251
2026-08-15 20:34: Train Epoch 25: 260/821 Loss: 1.683959
2026-08-15 20:34: Train Epoch 25: 280/821 Loss: 1.690065
2026-08-15 20:34: Train Epoch 25: 300/821 Loss: 1.652262
2026-08-15 20:34: Train Epoch 25: 320/821 Loss: 1.640195
2026-08-15 20:34: Train Epoch 25: 340/821 Loss: 1.660227
2026-08-15 20:34: Train Epoch 25: 360/821 Loss: 1.777541
2026-08-15 20:34: Train Epoch 25: 380/821 Loss: 1.709955
2026-08-15 20:34: Train Epoch 25: 400/821 Loss: 1.694334
2026-08-15 20:34: Train Epoch 25: 420/821 Loss: 1.736241
2026-08-15 20:34: Train Epoch 25: 440/821 Loss: 1.736566
2026-08-15 20:34: Train Epoch 25: 460/821 Loss: 1.632972
2026-08-15 20:34: Train Epoch 25: 480/821 Loss: 1.649674
2026-08-15 20:34: Train Epoch 25: 500/821 Loss: 1.651730
2026-08-15 20:34: Train Epoch 25: 520/821 Loss: 1.642212
2026-08-15 20:34: Train Epoch 25: 540/821 Loss: 1.637556
2026-08-15 20:34: Train Epoch 25: 560/821 Loss: 1.638784
2026-08-15 20:34: Train Epoch 25: 580/821 Loss: 1.680785
2026-08-15 20:34: Train Epoch 25: 600/821 Loss: 1.649409
2026-08-15 20:34: Train Epoch 25: 620/821 Loss: 1.689999
2026-08-15 20:34: Train Epoch 25: 640/821 Loss: 1.729709
2026-08-15 20:34: Train Epoch 25: 660/821 Loss: 1.661835
2026-08-15 20:34: Train Epoch 25: 680/821 Loss: 1.601234
2026-08-15 20:34: Train Epoch 25: 700/821 Loss: 1.727668
2026-08-15 20:34: Train Epoch 25: 720/821 Loss: 1.745532
2026-08-15 20:34: Train Epoch 25: 740/821 Loss: 1.696878
2026-08-15 20:34: Train Epoch 25: 760/821 Loss: 1.610159
2026-08-15 20:34: Train Epoch 25: 780/821 Loss: 1.709232
2026-08-15 20:34: Train Epoch 25: 800/821 Loss: 1.642102
2026-08-15 20:35: Train Epoch 25: 820/821 Loss: 1.674637
2026-08-15 20:35: **********Train Epoch 25: averaged Loss: 1.679528, tf_ratio: 1.000000
2026-08-15 20:35: **********Val Epoch 25: average Loss: 1.824277
2026-08-15 20:35: Train Epoch 26: 0/821 Loss: 1.722816
2026-08-15 20:35: Train Epoch 26: 20/821 Loss: 1.632074
2026-08-15 20:35: Train Epoch 26: 40/821 Loss: 1.694895
2026-08-15 20:35: Train Epoch 26: 60/821 Loss: 1.777339
2026-08-15 20:35: Train Epoch 26: 80/821 Loss: 1.667804
2026-08-15 20:35: Train Epoch 26: 100/821 Loss: 1.716092
2026-08-15 20:35: Train Epoch 26: 120/821 Loss: 1.635860
2026-08-15 20:35: Train Epoch 26: 140/821 Loss: 1.600644
2026-08-15 20:35: Train Epoch 26: 160/821 Loss: 1.650666
2026-08-15 20:35: Train Epoch 26: 180/821 Loss: 1.635036
2026-08-15 20:35: Train Epoch 26: 200/821 Loss: 1.687699
2026-08-15 20:35: Train Epoch 26: 220/821 Loss: 1.718417
2026-08-15 20:35: Train Epoch 26: 240/821 Loss: 1.650684
2026-08-15 20:35: Train Epoch 26: 260/821 Loss: 1.626670
2026-08-15 20:35: Train Epoch 26: 280/821 Loss: 1.747778
2026-08-15 20:35: Train Epoch 26: 300/821 Loss: 1.690960
2026-08-15 20:35: Train Epoch 26: 320/821 Loss: 1.665011
2026-08-15 20:35: Train Epoch 26: 340/821 Loss: 1.694563
2026-08-15 20:35: Train Epoch 26: 360/821 Loss: 1.693969
2026-08-15 20:35: Train Epoch 26: 380/821 Loss: 1.716124
2026-08-15 20:35: Train Epoch 26: 400/821 Loss: 1.595259
2026-08-15 20:35: Train Epoch 26: 420/821 Loss: 1.566523
2026-08-15 20:35: Train Epoch 26: 440/821 Loss: 1.745724
2026-08-15 20:35: Train Epoch 26: 460/821 Loss: 1.692931
2026-08-15 20:35: Train Epoch 26: 480/821 Loss: 1.761592
2026-08-15 20:35: Train Epoch 26: 500/821 Loss: 1.714728
2026-08-15 20:35: Train Epoch 26: 520/821 Loss: 1.630577
2026-08-15 20:35: Train Epoch 26: 540/821 Loss: 1.736933
2026-08-15 20:35: Train Epoch 26: 560/821 Loss: 1.740768
2026-08-15 20:35: Train Epoch 26: 580/821 Loss: 1.752886
2026-08-15 20:35: Train Epoch 26: 600/821 Loss: 1.673011
2026-08-15 20:35: Train Epoch 26: 620/821 Loss: 1.640297
2026-08-15 20:35: Train Epoch 26: 640/821 Loss: 1.599506
2026-08-15 20:35: Train Epoch 26: 660/821 Loss: 1.693981
2026-08-15 20:35: Train Epoch 26: 680/821 Loss: 1.644529
2026-08-15 20:35: Train Epoch 26: 700/821 Loss: 1.712007
2026-08-15 20:35: Train Epoch 26: 720/821 Loss: 1.611217
2026-08-15 20:35: Train Epoch 26: 740/821 Loss: 1.653228
2026-08-15 20:36: Train Epoch 26: 760/821 Loss: 1.671169
2026-08-15 20:36: Train Epoch 26: 780/821 Loss: 1.683747
2026-08-15 20:36: Train Epoch 26: 800/821 Loss: 1.633531
2026-08-15 20:36: Train Epoch 26: 820/821 Loss: 1.785928
2026-08-15 20:36: **********Train Epoch 26: averaged Loss: 1.676300, tf_ratio: 1.000000
2026-08-15 20:36: **********Val Epoch 26: average Loss: 1.832005
2026-08-15 20:36: Train Epoch 27: 0/821 Loss: 1.618639
2026-08-15 20:36: Train Epoch 27: 20/821 Loss: 1.649180
2026-08-15 20:36: Train Epoch 27: 40/821 Loss: 1.654019
2026-08-15 20:36: Train Epoch 27: 60/821 Loss: 1.579037
2026-08-15 20:36: Train Epoch 27: 80/821 Loss: 1.673219
2026-08-15 20:36: Train Epoch 27: 100/821 Loss: 1.676794
2026-08-15 20:36: Train Epoch 27: 120/821 Loss: 1.736822
2026-08-15 20:36: Train Epoch 27: 140/821 Loss: 1.683007
2026-08-15 20:36: Train Epoch 27: 160/821 Loss: 1.637240
2026-08-15 20:36: Train Epoch 27: 180/821 Loss: 1.613348
2026-08-15 20:36: Train Epoch 27: 200/821 Loss: 1.658913
2026-08-15 20:36: Train Epoch 27: 220/821 Loss: 1.643728
2026-08-15 20:36: Train Epoch 27: 240/821 Loss: 1.712386
2026-08-15 20:36: Train Epoch 27: 260/821 Loss: 1.731992
2026-08-15 20:36: Train Epoch 27: 280/821 Loss: 1.692237
2026-08-15 20:36: Train Epoch 27: 300/821 Loss: 1.682712
2026-08-15 20:36: Train Epoch 27: 320/821 Loss: 1.752406
2026-08-15 20:36: Train Epoch 27: 340/821 Loss: 1.668135
2026-08-15 20:36: Train Epoch 27: 360/821 Loss: 1.622912
2026-08-15 20:36: Train Epoch 27: 380/821 Loss: 1.584728
2026-08-15 20:36: Train Epoch 27: 400/821 Loss: 1.651748
2026-08-15 20:36: Train Epoch 27: 420/821 Loss: 1.692590
2026-08-15 20:36: Train Epoch 27: 440/821 Loss: 1.602356
2026-08-15 20:36: Train Epoch 27: 460/821 Loss: 1.608680
2026-08-15 20:36: Train Epoch 27: 480/821 Loss: 1.665706
2026-08-15 20:36: Train Epoch 27: 500/821 Loss: 1.600664
2026-08-15 20:36: Train Epoch 27: 520/821 Loss: 1.634288
2026-08-15 20:36: Train Epoch 27: 540/821 Loss: 1.597113
2026-08-15 20:36: Train Epoch 27: 560/821 Loss: 1.594745
2026-08-15 20:36: Train Epoch 27: 580/821 Loss: 1.587904
2026-08-15 20:36: Train Epoch 27: 600/821 Loss: 1.707596
2026-08-15 20:36: Train Epoch 27: 620/821 Loss: 1.783315
2026-08-15 20:36: Train Epoch 27: 640/821 Loss: 1.689335
2026-08-15 20:36: Train Epoch 27: 660/821 Loss: 1.722621
2026-08-15 20:36: Train Epoch 27: 680/821 Loss: 1.665774
2026-08-15 20:37: Train Epoch 27: 700/821 Loss: 1.709852
2026-08-15 20:37: Train Epoch 27: 720/821 Loss: 1.632174
2026-08-15 20:37: Train Epoch 27: 740/821 Loss: 1.648479
2026-08-15 20:37: Train Epoch 27: 760/821 Loss: 1.681014
2026-08-15 20:37: Train Epoch 27: 780/821 Loss: 1.697001
2026-08-15 20:37: Train Epoch 27: 800/821 Loss: 1.697174
2026-08-15 20:37: Train Epoch 27: 820/821 Loss: 1.742930
2026-08-15 20:37: **********Train Epoch 27: averaged Loss: 1.673467, tf_ratio: 1.000000
2026-08-15 20:37: **********Val Epoch 27: average Loss: 1.829957
2026-08-15 20:37: Train Epoch 28: 0/821 Loss: 1.737678
2026-08-15 20:37: Train Epoch 28: 20/821 Loss: 1.618921
2026-08-15 20:37: Train Epoch 28: 40/821 Loss: 1.757441
2026-08-15 20:37: Train Epoch 28: 60/821 Loss: 1.737071
2026-08-15 20:37: Train Epoch 28: 80/821 Loss: 1.635419
2026-08-15 20:37: Train Epoch 28: 100/821 Loss: 1.595997
2026-08-15 20:37: Train Epoch 28: 120/821 Loss: 1.611138
2026-08-15 20:37: Train Epoch 28: 140/821 Loss: 1.654004
2026-08-15 20:37: Train Epoch 28: 160/821 Loss: 1.666992
2026-08-15 20:37: Train Epoch 28: 180/821 Loss: 1.682292
2026-08-15 20:37: Train Epoch 28: 200/821 Loss: 1.578360
2026-08-15 20:37: Train Epoch 28: 220/821 Loss: 1.669889
2026-08-15 20:37: Train Epoch 28: 240/821 Loss: 1.630707
2026-08-15 20:37: Train Epoch 28: 260/821 Loss: 1.657436
2026-08-15 20:37: Train Epoch 28: 280/821 Loss: 1.663848
2026-08-15 20:37: Train Epoch 28: 300/821 Loss: 1.634051
2026-08-15 20:37: Train Epoch 28: 320/821 Loss: 1.678919
2026-08-15 20:37: Train Epoch 28: 340/821 Loss: 1.649794
2026-08-15 20:37: Train Epoch 28: 360/821 Loss: 1.672466
2026-08-15 20:37: Train Epoch 28: 380/821 Loss: 1.641024
2026-08-15 20:37: Train Epoch 28: 400/821 Loss: 1.684611
2026-08-15 20:37: Train Epoch 28: 420/821 Loss: 1.725785
2026-08-15 20:37: Train Epoch 28: 440/821 Loss: 1.617224
2026-08-15 20:37: Train Epoch 28: 460/821 Loss: 1.645372
2026-08-15 20:37: Train Epoch 28: 480/821 Loss: 1.603213
2026-08-15 20:37: Train Epoch 28: 500/821 Loss: 1.651375
2026-08-15 20:37: Train Epoch 28: 520/821 Loss: 1.618311
2026-08-15 20:37: Train Epoch 28: 540/821 Loss: 1.632239
2026-08-15 20:37: Train Epoch 28: 560/821 Loss: 1.676624
2026-08-15 20:37: Train Epoch 28: 580/821 Loss: 1.661564
2026-08-15 20:37: Train Epoch 28: 600/821 Loss: 1.625558
2026-08-15 20:37: Train Epoch 28: 620/821 Loss: 1.577682
2026-08-15 20:38: Train Epoch 28: 640/821 Loss: 1.675200
2026-08-15 20:38: Train Epoch 28: 660/821 Loss: 1.657088
2026-08-15 20:38: Train Epoch 28: 680/821 Loss: 1.713133
2026-08-15 20:38: Train Epoch 28: 700/821 Loss: 1.635678
2026-08-15 20:38: Train Epoch 28: 720/821 Loss: 1.651588
2026-08-15 20:38: Train Epoch 28: 740/821 Loss: 1.725066
2026-08-15 20:38: Train Epoch 28: 760/821 Loss: 1.677768
2026-08-15 20:38: Train Epoch 28: 780/821 Loss: 1.732869
2026-08-15 20:38: Train Epoch 28: 800/821 Loss: 1.637627
2026-08-15 20:38: Train Epoch 28: 820/821 Loss: 1.646476
2026-08-15 20:38: **********Train Epoch 28: averaged Loss: 1.669948, tf_ratio: 1.000000
2026-08-15 20:38: **********Val Epoch 28: average Loss: 1.837931
2026-08-15 20:38: Train Epoch 29: 0/821 Loss: 1.784242
2026-08-15 20:38: Train Epoch 29: 20/821 Loss: 1.640065
2026-08-15 20:38: Train Epoch 29: 40/821 Loss: 1.678688
2026-08-15 20:38: Train Epoch 29: 60/821 Loss: 1.650121
2026-08-15 20:38: Train Epoch 29: 80/821 Loss: 1.633638
2026-08-15 20:38: Train Epoch 29: 100/821 Loss: 1.685061
2026-08-15 20:38: Train Epoch 29: 120/821 Loss: 1.614231
2026-08-15 20:38: Train Epoch 29: 140/821 Loss: 1.718609
2026-08-15 20:38: Train Epoch 29: 160/821 Loss: 1.648358
2026-08-15 20:38: Train Epoch 29: 180/821 Loss: 1.674411
2026-08-15 20:38: Train Epoch 29: 200/821 Loss: 1.631851
2026-08-15 20:38: Train Epoch 29: 220/821 Loss: 1.671295
2026-08-15 20:38: Train Epoch 29: 240/821 Loss: 1.662944
2026-08-15 20:38: Train Epoch 29: 260/821 Loss: 1.665089
2026-08-15 20:38: Train Epoch 29: 280/821 Loss: 1.606139
2026-08-15 20:38: Train Epoch 29: 300/821 Loss: 1.738981
2026-08-15 20:38: Train Epoch 29: 320/821 Loss: 1.629073
2026-08-15 20:38: Train Epoch 29: 340/821 Loss: 1.587903
2026-08-15 20:38: Train Epoch 29: 360/821 Loss: 1.695665
2026-08-15 20:38: Train Epoch 29: 380/821 Loss: 1.711666
2026-08-15 20:38: Train Epoch 29: 400/821 Loss: 1.722106
2026-08-15 20:38: Train Epoch 29: 420/821 Loss: 1.688013
2026-08-15 20:38: Train Epoch 29: 440/821 Loss: 1.698979
2026-08-15 20:38: Train Epoch 29: 460/821 Loss: 1.643634
2026-08-15 20:38: Train Epoch 29: 480/821 Loss: 1.628600
2026-08-15 20:38: Train Epoch 29: 500/821 Loss: 1.614570
2026-08-15 20:38: Train Epoch 29: 520/821 Loss: 1.576434
2026-08-15 20:38: Train Epoch 29: 540/821 Loss: 1.774848
2026-08-15 20:38: Train Epoch 29: 560/821 Loss: 1.725186
2026-08-15 20:39: Train Epoch 29: 580/821 Loss: 1.730894
2026-08-15 20:39: Train Epoch 29: 600/821 Loss: 1.618382
2026-08-15 20:39: Train Epoch 29: 620/821 Loss: 1.704654
2026-08-15 20:39: Train Epoch 29: 640/821 Loss: 1.706172
2026-08-15 20:39: Train Epoch 29: 660/821 Loss: 1.649754
2026-08-15 20:39: Train Epoch 29: 680/821 Loss: 1.543224
2026-08-15 20:39: Train Epoch 29: 700/821 Loss: 1.637127
2026-08-15 20:39: Train Epoch 29: 720/821 Loss: 1.670856
2026-08-15 20:39: Train Epoch 29: 740/821 Loss: 1.635340
2026-08-15 20:39: Train Epoch 29: 760/821 Loss: 1.629891
2026-08-15 20:39: Train Epoch 29: 780/821 Loss: 1.691914
2026-08-15 20:39: Train Epoch 29: 800/821 Loss: 1.635635
2026-08-15 20:39: Train Epoch 29: 820/821 Loss: 1.637476
2026-08-15 20:39: **********Train Epoch 29: averaged Loss: 1.667494, tf_ratio: 1.000000
2026-08-15 20:39: **********Val Epoch 29: average Loss: 1.830932
2026-08-15 20:39: Train Epoch 30: 0/821 Loss: 1.707214
2026-08-15 20:39: Train Epoch 30: 20/821 Loss: 1.657925
2026-08-15 20:39: Train Epoch 30: 40/821 Loss: 1.626049
2026-08-15 20:39: Train Epoch 30: 60/821 Loss: 1.617399
2026-08-15 20:39: Train Epoch 30: 80/821 Loss: 1.710259
2026-08-15 20:39: Train Epoch 30: 100/821 Loss: 1.689597
2026-08-15 20:39: Train Epoch 30: 120/821 Loss: 1.611519
2026-08-15 20:39: Train Epoch 30: 140/821 Loss: 1.647871
2026-08-15 20:39: Train Epoch 30: 160/821 Loss: 1.652587
2026-08-15 20:39: Train Epoch 30: 180/821 Loss: 1.617733
2026-08-15 20:39: Train Epoch 30: 200/821 Loss: 1.787220
2026-08-15 20:39: Train Epoch 30: 220/821 Loss: 1.652737
2026-08-15 20:39: Train Epoch 30: 240/821 Loss: 1.682694
2026-08-15 20:39: Train Epoch 30: 260/821 Loss: 1.731535
2026-08-15 20:39: Train Epoch 30: 280/821 Loss: 1.661843
2026-08-15 20:39: Train Epoch 30: 300/821 Loss: 1.707164
2026-08-15 20:39: Train Epoch 30: 320/821 Loss: 1.701533
2026-08-15 20:39: Train Epoch 30: 340/821 Loss: 1.699216
2026-08-15 20:39: Train Epoch 30: 360/821 Loss: 1.770611
2026-08-15 20:39: Train Epoch 30: 380/821 Loss: 1.692055
2026-08-15 20:39: Train Epoch 30: 400/821 Loss: 1.652100
2026-08-15 20:39: Train Epoch 30: 420/821 Loss: 1.628663
2026-08-15 20:39: Train Epoch 30: 440/821 Loss: 1.705726
2026-08-15 20:39: Train Epoch 30: 460/821 Loss: 1.621275
2026-08-15 20:39: Train Epoch 30: 480/821 Loss: 1.622932
2026-08-15 20:39: Train Epoch 30: 500/821 Loss: 1.681589
2026-08-15 20:39: Train Epoch 30: 520/821 Loss: 1.696214
2026-08-15 20:40: Train Epoch 30: 540/821 Loss: 1.744865
2026-08-15 20:40: Train Epoch 30: 560/821 Loss: 1.720966
2026-08-15 20:40: Train Epoch 30: 580/821 Loss: 1.692780
2026-08-15 20:40: Train Epoch 30: 600/821 Loss: 1.662236
2026-08-15 20:40: Train Epoch 30: 620/821 Loss: 1.704914
2026-08-15 20:40: Train Epoch 30: 640/821 Loss: 1.591751
2026-08-15 20:40: Train Epoch 30: 660/821 Loss: 1.633470
2026-08-15 20:40: Train Epoch 30: 680/821 Loss: 1.696470
2026-08-15 20:40: Train Epoch 30: 700/821 Loss: 1.698301
2026-08-15 20:40: Train Epoch 30: 720/821 Loss: 1.681924
2026-08-15 20:40: Train Epoch 30: 740/821 Loss: 1.674298
2026-08-15 20:40: Train Epoch 30: 760/821 Loss: 1.625535
2026-08-15 20:40: Train Epoch 30: 780/821 Loss: 1.605926
2026-08-15 20:40: Train Epoch 30: 800/821 Loss: 1.720676
2026-08-15 20:40: Train Epoch 30: 820/821 Loss: 1.746231
2026-08-15 20:40: **********Train Epoch 30: averaged Loss: 1.664558, tf_ratio: 1.000000
2026-08-15 20:40: **********Val Epoch 30: average Loss: 1.832587
2026-08-15 20:40: Train Epoch 31: 0/821 Loss: 1.668284
2026-08-15 20:40: Train Epoch 31: 20/821 Loss: 1.704027
2026-08-15 20:40: Train Epoch 31: 40/821 Loss: 1.592962
2026-08-15 20:40: Train Epoch 31: 60/821 Loss: 1.667031
2026-08-15 20:40: Train Epoch 31: 80/821 Loss: 1.620918
2026-08-15 20:40: Train Epoch 31: 100/821 Loss: 1.657820
2026-08-15 20:40: Train Epoch 31: 120/821 Loss: 1.632253
2026-08-15 20:40: Train Epoch 31: 140/821 Loss: 1.625107
2026-08-15 20:40: Train Epoch 31: 160/821 Loss: 1.640249
2026-08-15 20:40: Train Epoch 31: 180/821 Loss: 1.733448
2026-08-15 20:40: Train Epoch 31: 200/821 Loss: 1.541252
2026-08-15 20:40: Train Epoch 31: 220/821 Loss: 1.643343
2026-08-15 20:40: Train Epoch 31: 240/821 Loss: 1.697499
2026-08-15 20:40: Train Epoch 31: 260/821 Loss: 1.630924
2026-08-15 20:40: Train Epoch 31: 280/821 Loss: 1.732067
2026-08-15 20:40: Train Epoch 31: 300/821 Loss: 1.748992
2026-08-15 20:40: Train Epoch 31: 320/821 Loss: 1.628336
2026-08-15 20:40: Train Epoch 31: 340/821 Loss: 1.667755
2026-08-15 20:40: Train Epoch 31: 360/821 Loss: 1.662035
2026-08-15 20:40: Train Epoch 31: 380/821 Loss: 1.631068
2026-08-15 20:40: Train Epoch 31: 400/821 Loss: 1.686384
2026-08-15 20:40: Train Epoch 31: 420/821 Loss: 1.675010
2026-08-15 20:40: Train Epoch 31: 440/821 Loss: 1.590448
2026-08-15 20:40: Train Epoch 31: 460/821 Loss: 1.714206
2026-08-15 20:41: Train Epoch 31: 480/821 Loss: 1.656470
2026-08-15 20:41: Train Epoch 31: 500/821 Loss: 1.698386
2026-08-15 20:41: Train Epoch 31: 520/821 Loss: 1.625240
2026-08-15 20:41: Train Epoch 31: 540/821 Loss: 1.664201
2026-08-15 20:41: Train Epoch 31: 560/821 Loss: 1.628529
2026-08-15 20:41: Train Epoch 31: 580/821 Loss: 1.722207
2026-08-15 20:41: Train Epoch 31: 600/821 Loss: 1.647000
2026-08-15 20:41: Train Epoch 31: 620/821 Loss: 1.596963
2026-08-15 20:41: Train Epoch 31: 640/821 Loss: 1.546118
2026-08-15 20:41: Train Epoch 31: 660/821 Loss: 1.607542
2026-08-15 20:41: Train Epoch 31: 680/821 Loss: 1.699231
2026-08-15 20:41: Train Epoch 31: 700/821 Loss: 1.661120
2026-08-15 20:41: Train Epoch 31: 720/821 Loss: 1.719435
2026-08-15 20:41: Train Epoch 31: 740/821 Loss: 1.689330
2026-08-15 20:41: Train Epoch 31: 760/821 Loss: 1.643493
2026-08-15 20:41: Train Epoch 31: 780/821 Loss: 1.704673
2026-08-15 20:41: Train Epoch 31: 800/821 Loss: 1.705815
2026-08-15 20:41: Train Epoch 31: 820/821 Loss: 1.656676
2026-08-15 20:41: **********Train Epoch 31: averaged Loss: 1.662569, tf_ratio: 1.000000
2026-08-15 20:41: **********Val Epoch 31: average Loss: 1.833347
2026-08-15 20:41: Train Epoch 32: 0/821 Loss: 1.563329
2026-08-15 20:41: Train Epoch 32: 20/821 Loss: 1.673292
2026-08-15 20:41: Train Epoch 32: 40/821 Loss: 1.702972
2026-08-15 20:41: Train Epoch 32: 60/821 Loss: 1.670238
2026-08-15 20:41: Train Epoch 32: 80/821 Loss: 1.693721
2026-08-15 20:41: Train Epoch 32: 100/821 Loss: 1.643408
2026-08-15 20:41: Train Epoch 32: 120/821 Loss: 1.678075
2026-08-15 20:41: Train Epoch 32: 140/821 Loss: 1.728096
2026-08-15 20:41: Train Epoch 32: 160/821 Loss: 1.645555
2026-08-15 20:41: Train Epoch 32: 180/821 Loss: 1.685143
2026-08-15 20:41: Train Epoch 32: 200/821 Loss: 1.675198
2026-08-15 20:41: Train Epoch 32: 220/821 Loss: 1.756755
2026-08-15 20:41: Train Epoch 32: 240/821 Loss: 1.699665
2026-08-15 20:41: Train Epoch 32: 260/821 Loss: 1.665995
2026-08-15 20:41: Train Epoch 32: 280/821 Loss: 1.721506
2026-08-15 20:41: Train Epoch 32: 300/821 Loss: 1.704936
2026-08-15 20:41: Train Epoch 32: 320/821 Loss: 1.637628
2026-08-15 20:41: Train Epoch 32: 340/821 Loss: 1.651266
2026-08-15 20:41: Train Epoch 32: 360/821 Loss: 1.601583
2026-08-15 20:41: Train Epoch 32: 380/821 Loss: 1.631267
2026-08-15 20:41: Train Epoch 32: 400/821 Loss: 1.671279
2026-08-15 20:42: Train Epoch 32: 420/821 Loss: 1.644927
2026-08-15 20:42: Train Epoch 32: 440/821 Loss: 1.743748
2026-08-15 20:42: Train Epoch 32: 460/821 Loss: 1.618729
2026-08-15 20:42: Train Epoch 32: 480/821 Loss: 1.603108
2026-08-15 20:42: Train Epoch 32: 500/821 Loss: 1.706243
2026-08-15 20:42: Train Epoch 32: 520/821 Loss: 1.637456
2026-08-15 20:42: Train Epoch 32: 540/821 Loss: 1.714049
2026-08-15 20:42: Train Epoch 32: 560/821 Loss: 1.680312
2026-08-15 20:42: Train Epoch 32: 580/821 Loss: 1.675134
2026-08-15 20:42: Train Epoch 32: 600/821 Loss: 1.641967
2026-08-15 20:42: Train Epoch 32: 620/821 Loss: 1.733876
2026-08-15 20:42: Train Epoch 32: 640/821 Loss: 1.740427
2026-08-15 20:42: Train Epoch 32: 660/821 Loss: 1.616319
2026-08-15 20:42: Train Epoch 32: 680/821 Loss: 1.668833
2026-08-15 20:42: Train Epoch 32: 700/821 Loss: 1.604657
2026-08-15 20:42: Train Epoch 32: 720/821 Loss: 1.672422
2026-08-15 20:42: Train Epoch 32: 740/821 Loss: 1.672645
2026-08-15 20:42: Train Epoch 32: 760/821 Loss: 1.600384
2026-08-15 20:42: Train Epoch 32: 780/821 Loss: 1.720861
2026-08-15 20:42: Train Epoch 32: 800/821 Loss: 1.619151
2026-08-15 20:42: Train Epoch 32: 820/821 Loss: 1.635461
2026-08-15 20:42: **********Train Epoch 32: averaged Loss: 1.659755, tf_ratio: 1.000000
2026-08-15 20:42: **********Val Epoch 32: average Loss: 1.836725
2026-08-15 20:42: Train Epoch 33: 0/821 Loss: 1.622587
2026-08-15 20:42: Train Epoch 33: 20/821 Loss: 1.638801
2026-08-15 20:42: Train Epoch 33: 40/821 Loss: 1.637132
2026-08-15 20:42: Train Epoch 33: 60/821 Loss: 1.560001
2026-08-15 20:42: Train Epoch 33: 80/821 Loss: 1.631866
2026-08-15 20:42: Train Epoch 33: 100/821 Loss: 1.598708
2026-08-15 20:42: Train Epoch 33: 120/821 Loss: 1.636298
2026-08-15 20:42: Train Epoch 33: 140/821 Loss: 1.621113
2026-08-15 20:42: Train Epoch 33: 160/821 Loss: 1.646889
2026-08-15 20:42: Train Epoch 33: 180/821 Loss: 1.685013
2026-08-15 20:42: Train Epoch 33: 200/821 Loss: 1.624511
2026-08-15 20:42: Train Epoch 33: 220/821 Loss: 1.670275
2026-08-15 20:42: Train Epoch 33: 240/821 Loss: 1.600900
2026-08-15 20:42: Train Epoch 33: 260/821 Loss: 1.596731
2026-08-15 20:42: Train Epoch 33: 280/821 Loss: 1.708466
2026-08-15 20:42: Train Epoch 33: 300/821 Loss: 1.660820
2026-08-15 20:42: Train Epoch 33: 320/821 Loss: 1.657594
2026-08-15 20:43: Train Epoch 33: 340/821 Loss: 1.709189
2026-08-15 20:43: Train Epoch 33: 360/821 Loss: 1.665586
2026-08-15 20:43: Train Epoch 33: 380/821 Loss: 1.713287
2026-08-15 20:43: Train Epoch 33: 400/821 Loss: 1.616604
2026-08-15 20:43: Train Epoch 33: 420/821 Loss: 1.658737
2026-08-15 20:43: Train Epoch 33: 440/821 Loss: 1.632666
2026-08-15 20:43: Train Epoch 33: 460/821 Loss: 1.633044
2026-08-15 20:43: Train Epoch 33: 480/821 Loss: 1.618253
2026-08-15 20:43: Train Epoch 33: 500/821 Loss: 1.591681
2026-08-15 20:43: Train Epoch 33: 520/821 Loss: 1.705680
2026-08-15 20:43: Train Epoch 33: 540/821 Loss: 1.625440
2026-08-15 20:43: Train Epoch 33: 560/821 Loss: 1.662550
2026-08-15 20:43: Train Epoch 33: 580/821 Loss: 1.592937
2026-08-15 20:43: Train Epoch 33: 600/821 Loss: 1.703273
2026-08-15 20:43: Train Epoch 33: 620/821 Loss: 1.642652
2026-08-15 20:43: Train Epoch 33: 640/821 Loss: 1.662087
2026-08-15 20:43: Train Epoch 33: 660/821 Loss: 1.641257
2026-08-15 20:43: Train Epoch 33: 680/821 Loss: 1.694750
2026-08-15 20:43: Train Epoch 33: 700/821 Loss: 1.657699
2026-08-15 20:43: Train Epoch 33: 720/821 Loss: 1.711664
2026-08-15 20:43: Train Epoch 33: 740/821 Loss: 1.555115
2026-08-15 20:43: Train Epoch 33: 760/821 Loss: 1.688250
2026-08-15 20:43: Train Epoch 33: 780/821 Loss: 1.603358
2026-08-15 20:43: Train Epoch 33: 800/821 Loss: 1.691831
2026-08-15 20:43: Train Epoch 33: 820/821 Loss: 1.637711
2026-08-15 20:43: **********Train Epoch 33: averaged Loss: 1.657344, tf_ratio: 1.000000
2026-08-15 20:43: **********Val Epoch 33: average Loss: 1.834602
2026-08-15 20:43: Train Epoch 34: 0/821 Loss: 1.619671
2026-08-15 20:43: Train Epoch 34: 20/821 Loss: 1.681864
2026-08-15 20:43: Train Epoch 34: 40/821 Loss: 1.666021
2026-08-15 20:43: Train Epoch 34: 60/821 Loss: 1.661987
2026-08-15 20:43: Train Epoch 34: 80/821 Loss: 1.578299
2026-08-15 20:43: Train Epoch 34: 100/821 Loss: 1.634451
2026-08-15 20:43: Train Epoch 34: 120/821 Loss: 1.647995
2026-08-15 20:43: Train Epoch 34: 140/821 Loss: 1.675906
2026-08-15 20:43: Train Epoch 34: 160/821 Loss: 1.629361
2026-08-15 20:43: Train Epoch 34: 180/821 Loss: 1.628675
2026-08-15 20:43: Train Epoch 34: 200/821 Loss: 1.674167
2026-08-15 20:43: Train Epoch 34: 220/821 Loss: 1.553402
2026-08-15 20:43: Train Epoch 34: 240/821 Loss: 1.687880
2026-08-15 20:43: Train Epoch 34: 260/821 Loss: 1.712715
2026-08-15 20:44: Train Epoch 34: 280/821 Loss: 1.668953
2026-08-15 20:44: Train Epoch 34: 300/821 Loss: 1.682916
2026-08-15 20:44: Train Epoch 34: 320/821 Loss: 1.576274
2026-08-15 20:44: Train Epoch 34: 340/821 Loss: 1.662721
2026-08-15 20:44: Train Epoch 34: 360/821 Loss: 1.565495
2026-08-15 20:44: Train Epoch 34: 380/821 Loss: 1.642835
2026-08-15 20:44: Train Epoch 34: 400/821 Loss: 1.691496
2026-08-15 20:44: Train Epoch 34: 420/821 Loss: 1.599090
2026-08-15 20:44: Train Epoch 34: 440/821 Loss: 1.605198
2026-08-15 20:44: Train Epoch 34: 460/821 Loss: 1.556590
2026-08-15 20:44: Train Epoch 34: 480/821 Loss: 1.687516
2026-08-15 20:44: Train Epoch 34: 500/821 Loss: 1.747355
2026-08-15 20:44: Train Epoch 34: 520/821 Loss: 1.684240
2026-08-15 20:44: Train Epoch 34: 540/821 Loss: 1.657797
2026-08-15 20:44: Train Epoch 34: 560/821 Loss: 1.681239
2026-08-15 20:44: Train Epoch 34: 580/821 Loss: 1.658744
2026-08-15 20:44: Train Epoch 34: 600/821 Loss: 1.611825
2026-08-15 20:44: Train Epoch 34: 620/821 Loss: 1.664553
2026-08-15 20:44: Train Epoch 34: 640/821 Loss: 1.718197
2026-08-15 20:44: Train Epoch 34: 660/821 Loss: 1.701478
2026-08-15 20:44: Train Epoch 34: 680/821 Loss: 1.669983
2026-08-15 20:44: Train Epoch 34: 700/821 Loss: 1.627528
2026-08-15 20:44: Train Epoch 34: 720/821 Loss: 1.621050
2026-08-15 20:44: Train Epoch 34: 740/821 Loss: 1.663685
2026-08-15 20:44: Train Epoch 34: 760/821 Loss: 1.615571
2026-08-15 20:44: Train Epoch 34: 780/821 Loss: 1.605376
2026-08-15 20:44: Train Epoch 34: 800/821 Loss: 1.718465
2026-08-15 20:44: Train Epoch 34: 820/821 Loss: 1.750433
2026-08-15 20:44: **********Train Epoch 34: averaged Loss: 1.654026, tf_ratio: 1.000000
2026-08-15 20:44: **********Val Epoch 34: average Loss: 1.831101
2026-08-15 20:44: Train Epoch 35: 0/821 Loss: 1.677139
2026-08-15 20:44: Train Epoch 35: 20/821 Loss: 1.690052
2026-08-15 20:44: Train Epoch 35: 40/821 Loss: 1.689407
2026-08-15 20:44: Train Epoch 35: 60/821 Loss: 1.643921
2026-08-15 20:44: Train Epoch 35: 80/821 Loss: 1.662757
2026-08-15 20:44: Train Epoch 35: 100/821 Loss: 1.625581
2026-08-15 20:44: Train Epoch 35: 120/821 Loss: 1.560290
2026-08-15 20:44: Train Epoch 35: 140/821 Loss: 1.640513
2026-08-15 20:44: Train Epoch 35: 160/821 Loss: 1.596040
2026-08-15 20:44: Train Epoch 35: 180/821 Loss: 1.648674
2026-08-15 20:45: Train Epoch 35: 200/821 Loss: 1.717086
2026-08-15 20:45: Train Epoch 35: 220/821 Loss: 1.683918
2026-08-15 20:45: Train Epoch 35: 240/821 Loss: 1.560666
2026-08-15 20:45: Train Epoch 35: 260/821 Loss: 1.602846
2026-08-15 20:45: Train Epoch 35: 280/821 Loss: 1.600105
2026-08-15 20:45: Train Epoch 35: 300/821 Loss: 1.686354
2026-08-15 20:45: Train Epoch 35: 320/821 Loss: 1.614334
2026-08-15 20:45: Train Epoch 35: 340/821 Loss: 1.702768
2026-08-15 20:45: Train Epoch 35: 360/821 Loss: 1.644359
2026-08-15 20:45: Train Epoch 35: 380/821 Loss: 1.716892
2026-08-15 20:45: Train Epoch 35: 400/821 Loss: 1.690841
2026-08-15 20:45: Train Epoch 35: 420/821 Loss: 1.578200
2026-08-15 20:45: Train Epoch 35: 440/821 Loss: 1.709132
2026-08-15 20:45: Train Epoch 35: 460/821 Loss: 1.620435
2026-08-15 20:45: Train Epoch 35: 480/821 Loss: 1.690131
2026-08-15 20:45: Train Epoch 35: 500/821 Loss: 1.595753
2026-08-15 20:45: Train Epoch 35: 520/821 Loss: 1.779204
2026-08-15 20:45: Train Epoch 35: 540/821 Loss: 1.704732
2026-08-15 20:45: Train Epoch 35: 560/821 Loss: 1.647929
2026-08-15 20:45: Train Epoch 35: 580/821 Loss: 1.614293
2026-08-15 20:45: Train Epoch 35: 600/821 Loss: 1.675820
2026-08-15 20:45: Train Epoch 35: 620/821 Loss: 1.689245
2026-08-15 20:45: Train Epoch 35: 640/821 Loss: 1.644623
2026-08-15 20:45: Train Epoch 35: 660/821 Loss: 1.575859
2026-08-15 20:45: Train Epoch 35: 680/821 Loss: 1.641944
2026-08-15 20:45: Train Epoch 35: 700/821 Loss: 1.639360
2026-08-15 20:45: Train Epoch 35: 720/821 Loss: 1.605813
2026-08-15 20:45: Train Epoch 35: 740/821 Loss: 1.671921
2026-08-15 20:45: Train Epoch 35: 760/821 Loss: 1.663975
2026-08-15 20:45: Train Epoch 35: 780/821 Loss: 1.592096
2026-08-15 20:45: Train Epoch 35: 800/821 Loss: 1.653704
2026-08-15 20:45: Train Epoch 35: 820/821 Loss: 1.638793
2026-08-15 20:45: **********Train Epoch 35: averaged Loss: 1.652324, tf_ratio: 1.000000
2026-08-15 20:45: **********Val Epoch 35: average Loss: 1.838056
2026-08-15 20:45: Train Epoch 36: 0/821 Loss: 1.670494
2026-08-15 20:45: Train Epoch 36: 20/821 Loss: 1.624653
2026-08-15 20:45: Train Epoch 36: 40/821 Loss: 1.615490
2026-08-15 20:45: Train Epoch 36: 60/821 Loss: 1.683177
2026-08-15 20:45: Train Epoch 36: 80/821 Loss: 1.643084
2026-08-15 20:46: Train Epoch 36: 100/821 Loss: 1.601045
2026-08-15 20:46: Train Epoch 36: 120/821 Loss: 1.553989
2026-08-15 20:46: Train Epoch 36: 140/821 Loss: 1.690404
2026-08-15 20:46: Train Epoch 36: 160/821 Loss: 1.633498
2026-08-15 20:46: Train Epoch 36: 180/821 Loss: 1.659131
2026-08-15 20:46: Train Epoch 36: 200/821 Loss: 1.582939
2026-08-15 20:46: Train Epoch 36: 220/821 Loss: 1.732320
2026-08-15 20:46: Train Epoch 36: 240/821 Loss: 1.671602
2026-08-15 20:46: Train Epoch 36: 260/821 Loss: 1.697678
2026-08-15 20:46: Train Epoch 36: 280/821 Loss: 1.654478
2026-08-15 20:46: Train Epoch 36: 300/821 Loss: 1.644300
2026-08-15 20:46: Train Epoch 36: 320/821 Loss: 1.759677
2026-08-15 20:46: Train Epoch 36: 340/821 Loss: 1.664233
2026-08-15 20:46: Train Epoch 36: 360/821 Loss: 1.600573
2026-08-15 20:46: Train Epoch 36: 380/821 Loss: 1.642370
2026-08-15 20:46: Train Epoch 36: 400/821 Loss: 1.622189
2026-08-15 20:46: Train Epoch 36: 420/821 Loss: 1.666968
2026-08-15 20:46: Train Epoch 36: 440/821 Loss: 1.642543
2026-08-15 20:46: Train Epoch 36: 460/821 Loss: 1.654940
2026-08-15 20:46: Train Epoch 36: 480/821 Loss: 1.598755
2026-08-15 20:46: Train Epoch 36: 500/821 Loss: 1.704036
2026-08-15 20:46: Train Epoch 36: 520/821 Loss: 1.663921
2026-08-15 20:46: Train Epoch 36: 540/821 Loss: 1.613782
2026-08-15 20:46: Train Epoch 36: 560/821 Loss: 1.679749
2026-08-15 20:46: Train Epoch 36: 580/821 Loss: 1.688186
2026-08-15 20:46: Train Epoch 36: 600/821 Loss: 1.642529
2026-08-15 20:46: Train Epoch 36: 620/821 Loss: 1.633729
2026-08-15 20:46: Train Epoch 36: 640/821 Loss: 1.662865
2026-08-15 20:46: Train Epoch 36: 660/821 Loss: 1.658256
2026-08-15 20:46: Train Epoch 36: 680/821 Loss: 1.672696
2026-08-15 20:46: Train Epoch 36: 700/821 Loss: 1.591434
2026-08-15 20:46: Train Epoch 36: 720/821 Loss: 1.661456
2026-08-15 20:46: Train Epoch 36: 740/821 Loss: 1.634149
2026-08-15 20:46: Train Epoch 36: 760/821 Loss: 1.677121
2026-08-15 20:46: Train Epoch 36: 780/821 Loss: 1.623405
2026-08-15 20:46: Train Epoch 36: 800/821 Loss: 1.637215
2026-08-15 20:46: Train Epoch 36: 820/821 Loss: 1.636651
2026-08-15 20:46: **********Train Epoch 36: averaged Loss: 1.649837, tf_ratio: 1.000000
2026-08-15 20:47: **********Val Epoch 36: average Loss: 1.834625
2026-08-15 20:47: Validation performance didn't improve for 15 epochs. Training stops.
2026-08-15 20:47: Total training time: 39.9347min, best loss: 1.822086
2026-08-15 20:47: Saving current best model to /scratch/chkkar002/Diffusion_Based_STGNNs/AGCRN/model/experiments/SAWS/20260815200702/best_model.pth
2026-08-15 20:47: Horizon 01, MAE: 0.83, RMSE: 1.19, MAPE: 7.6224%
2026-08-15 20:47: Horizon 02, MAE: 1.12, RMSE: 1.60, MAPE: 9.9423%
2026-08-15 20:47: Horizon 03, MAE: 1.35, RMSE: 1.89, MAPE: 11.5206%
2026-08-15 20:47: Horizon 04, MAE: 1.52, RMSE: 2.10, MAPE: 12.7150%
2026-08-15 20:47: Horizon 05, MAE: 1.65, RMSE: 2.25, MAPE: 13.7848%
2026-08-15 20:47: Horizon 06, MAE: 1.75, RMSE: 2.37, MAPE: 14.6559%
2026-08-15 20:47: Horizon 07, MAE: 1.82, RMSE: 2.46, MAPE: 15.3908%
2026-08-15 20:47: Horizon 08, MAE: 1.88, RMSE: 2.53, MAPE: 16.0435%
2026-08-15 20:47: Horizon 09, MAE: 1.92, RMSE: 2.58, MAPE: 16.3854%
2026-08-15 20:47: Horizon 10, MAE: 1.95, RMSE: 2.63, MAPE: 16.6612%
2026-08-15 20:47: Horizon 11, MAE: 1.97, RMSE: 2.65, MAPE: 16.9477%
2026-08-15 20:47: Horizon 12, MAE: 1.98, RMSE: 2.67, MAPE: 17.0906%
2026-08-15 20:47: Horizon 13, MAE: 1.99, RMSE: 2.70, MAPE: 17.3348%
2026-08-15 20:47: Horizon 14, MAE: 2.02, RMSE: 2.73, MAPE: 17.6936%
2026-08-15 20:47: Horizon 15, MAE: 2.04, RMSE: 2.75, MAPE: 17.9006%
2026-08-15 20:47: Horizon 16, MAE: 2.06, RMSE: 2.78, MAPE: 18.1281%
2026-08-15 20:47: Horizon 17, MAE: 2.08, RMSE: 2.81, MAPE: 18.2757%
2026-08-15 20:47: Horizon 18, MAE: 2.10, RMSE: 2.83, MAPE: 18.4499%
2026-08-15 20:47: Horizon 19, MAE: 2.11, RMSE: 2.86, MAPE: 18.6005%
2026-08-15 20:47: Horizon 20, MAE: 2.14, RMSE: 2.89, MAPE: 18.8649%
2026-08-15 20:47: Horizon 21, MAE: 2.15, RMSE: 2.91, MAPE: 19.0626%
2026-08-15 20:47: Horizon 22, MAE: 2.16, RMSE: 2.93, MAPE: 19.1385%
2026-08-15 20:47: Horizon 23, MAE: 2.19, RMSE: 2.96, MAPE: 19.2634%
2026-08-15 20:47: Horizon 24, MAE: 2.22, RMSE: 3.01, MAPE: 19.5790%
2026-08-15 20:47: Average Horizon, MAE: 1.87, RMSE: 2.58, MAPE: 16.2938%
