Requirement already satisfied: nni in /home/chkkar002/envs/diffstg/lib/python3.9/site-packages (3.0)
Requirement already satisfied: typing-extensions>=4.7.0 in /home/chkkar002/envs/diffstg/lib/python3.9/site-packages (from nni) (4.16.0)
Requirement already satisfied: cloudpickle in /home/chkkar002/envs/diffstg/lib/python3.9/site-packages (from nni) (3.1.2)
Requirement already satisfied: scikit-learn>=0.24.1 in /home/chkkar002/envs/diffstg/lib/python3.9/site-packages (from nni) (1.6.1)
Requirement already satisfied: websockets>=10.1 in /home/chkkar002/envs/diffstg/lib/python3.9/site-packages (from nni) (15.0.1)
Requirement already satisfied: pyyaml>=5.4 in /home/chkkar002/envs/diffstg/lib/python3.9/site-packages (from nni) (6.0.3)
Requirement already satisfied: PythonWebHDFS in /home/chkkar002/envs/diffstg/lib/python3.9/site-packages (from nni) (0.2.3)
Requirement already satisfied: packaging in /home/chkkar002/envs/diffstg/lib/python3.9/site-packages (from nni) (26.2)
Requirement already satisfied: schema in /home/chkkar002/envs/diffstg/lib/python3.9/site-packages (from nni) (0.7.8)
Requirement already satisfied: responses in /home/chkkar002/envs/diffstg/lib/python3.9/site-packages (from nni) (0.26.2)
Requirement already satisfied: json-tricks>=3.15.5 in /home/chkkar002/envs/diffstg/lib/python3.9/site-packages (from nni) (3.17.3)
Requirement already satisfied: pandas in /home/chkkar002/envs/diffstg/lib/python3.9/site-packages (from nni) (2.3.3)
Requirement already satisfied: numpy in /home/chkkar002/envs/diffstg/lib/python3.9/site-packages (from nni) (2.0.2)
Requirement already satisfied: astor in /home/chkkar002/envs/diffstg/lib/python3.9/site-packages (from nni) (0.8.1)
Requirement already satisfied: prettytable in /home/chkkar002/envs/diffstg/lib/python3.9/site-packages (from nni) (3.16.0)
Requirement already satisfied: filelock<3.12 in /home/chkkar002/envs/diffstg/lib/python3.9/site-packages (from nni) (3.11.0)
Requirement already satisfied: colorama in /home/chkkar002/envs/diffstg/lib/python3.9/site-packages (from nni) (0.4.6)
Requirement already satisfied: scipy in /home/chkkar002/envs/diffstg/lib/python3.9/site-packages (from nni) (1.13.1)
Requirement already satisfied: tqdm in /home/chkkar002/envs/diffstg/lib/python3.9/site-packages (from nni) (4.68.4)
Requirement already satisfied: typeguard<4.1.3,>=3.0.0 in /home/chkkar002/envs/diffstg/lib/python3.9/site-packages (from nni) (4.1.2)
Requirement already satisfied: psutil in /home/chkkar002/envs/diffstg/lib/python3.9/site-packages (from nni) (7.2.2)
Requirement already satisfied: requests in /home/chkkar002/envs/diffstg/lib/python3.9/site-packages (from nni) (2.32.5)
Requirement already satisfied: nvidia-ml-py in /home/chkkar002/envs/diffstg/lib/python3.9/site-packages (from nni) (13.610.43)
Requirement already satisfied: joblib>=1.2.0 in /home/chkkar002/envs/diffstg/lib/python3.9/site-packages (from scikit-learn>=0.24.1->nni) (1.5.3)
Requirement already satisfied: threadpoolctl>=3.1.0 in /home/chkkar002/envs/diffstg/lib/python3.9/site-packages (from scikit-learn>=0.24.1->nni) (3.6.0)
Requirement already satisfied: importlib-metadata>=3.6 in /home/chkkar002/envs/diffstg/lib/python3.9/site-packages (from typeguard<4.1.3,>=3.0.0->nni) (8.7.1)
Requirement already satisfied: tzdata>=2022.7 in /home/chkkar002/envs/diffstg/lib/python3.9/site-packages (from pandas->nni) (2026.3)
Requirement already satisfied: pytz>=2020.1 in /home/chkkar002/envs/diffstg/lib/python3.9/site-packages (from pandas->nni) (2026.2)
Requirement already satisfied: python-dateutil>=2.8.2 in /home/chkkar002/envs/diffstg/lib/python3.9/site-packages (from pandas->nni) (2.9.0.post0)
Requirement already satisfied: wcwidth in /home/chkkar002/envs/diffstg/lib/python3.9/site-packages (from prettytable->nni) (0.8.2)
Requirement already satisfied: simplejson in /home/chkkar002/envs/diffstg/lib/python3.9/site-packages (from PythonWebHDFS->nni) (4.1.1)
Requirement already satisfied: idna<4,>=2.5 in /home/chkkar002/envs/diffstg/lib/python3.9/site-packages (from requests->nni) (3.18)
Requirement already satisfied: charset_normalizer<4,>=2 in /home/chkkar002/envs/diffstg/lib/python3.9/site-packages (from requests->nni) (3.4.9)
Requirement already satisfied: certifi>=2017.4.17 in /home/chkkar002/envs/diffstg/lib/python3.9/site-packages (from requests->nni) (2026.6.17)
Requirement already satisfied: urllib3<3,>=1.21.1 in /home/chkkar002/envs/diffstg/lib/python3.9/site-packages (from requests->nni) (2.6.3)
Requirement already satisfied: zipp>=3.20 in /home/chkkar002/envs/diffstg/lib/python3.9/site-packages (from importlib-metadata>=3.6->typeguard<4.1.3,>=3.0.0->nni) (3.23.1)
Requirement already satisfied: six>=1.5 in /home/chkkar002/envs/diffstg/lib/python3.9/site-packages (from python-dateutil>=2.8.2->pandas->nni) (1.17.0)
WARNING: You are using pip version 21.3.1; however, version 26.0.1 is available.
You should consider upgrading via the '/home/chkkar002/envs/diffstg/bin/python3 -m pip install --upgrade pip' command.
=== proxy env on compute node ===
no_proxy=localhost,127.0.0.1,
ftp_proxy=http://10.105.1.2:8000
https_proxy=http://10.105.1.2:8000
NO_PROXY=localhost,127.0.0.1,
http_proxy=http://10.105.1.2:8000
=================================
[2026-08-09 17:30:35] [32mCreating experiment, Experiment ID: [36mpo2asq7d[0m
[2026-08-09 17:30:35] [32mStarting web server...[0m
[2026-08-09 17:30:35] INFO (main) Start NNI manager
[2026-08-09 17:30:35] INFO (RestServer) Starting REST server at port 8080, URL prefix: "/"
[2026-08-09 17:30:35] INFO (RestServer) REST server started.
[2026-08-09 17:30:35] INFO (NNIDataStore) Datastore initialization done
[2026-08-09 17:30:36] [32mSetting up...[0m
[2026-08-09 17:30:36] INFO (NNIManager) Starting experiment: po2asq7d
[2026-08-09 17:30:36] INFO (NNIManager) Setup training service...
[2026-08-09 17:30:36] INFO (NNIManager) Setup tuner...
[2026-08-09 17:30:36] INFO (NNIManager) Change NNIManager status from: INITIALIZED to: RUNNING
[2026-08-09 17:30:36] [32mWeb portal URLs: [36mhttp://127.0.0.1:8080 http://10.105.1.58:8080 http://169.254.1.2:8080 http://10.105.5.58:8080[0m
[2026-08-09 17:30:37] INFO (NNIManager) Add event listeners
[2026-08-09 17:30:37] INFO (LocalV3.local) Start
[2026-08-09 17:30:37] INFO (NNIManager) NNIManager received command from dispatcher: ID, 
[2026-08-09 17:30:37] INFO (NNIManager) NNIManager received command from dispatcher: TR, {"parameter_id": 0, "parameter_source": "algorithm", "parameters": {"T_h": 48, "hidden_size": 64, "N": 200, "beta_schedule": "uniform", "beta_end": 0.4, "n_samples": 8, "mask_ratio": 0.2, "sample_steps": 100}, "parameter_index": 0}
[2026-08-09 17:30:37] INFO (NNIManager) NNIManager received command from dispatcher: TR, {"parameter_id": 1, "parameter_source": "algorithm", "parameters": {"T_h": 24, "hidden_size": 64, "N": 200, "beta_schedule": "quad", "beta_end": 0.4, "n_samples": 16, "mask_ratio": 0.75, "sample_steps": 50}, "parameter_index": 0}
[2026-08-09 17:30:37] INFO (NNIManager) submitTrialJob: form: {
  sequenceId: 0,
  hyperParameters: {
    value: '{"parameter_id": 0, "parameter_source": "algorithm", "parameters": {"T_h": 48, "hidden_size": 64, "N": 200, "beta_schedule": "uniform", "beta_end": 0.4, "n_samples": 8, "mask_ratio": 0.2, "sample_steps": 100}, "parameter_index": 0}',
    index: 0
  },
  placementConstraint: { type: 'None', gpus: [] }
}
[2026-08-09 17:30:38] INFO (GpuInfoCollector) Forced update: {
  gpuNumber: 1,
  driverVersion: '595.58.03',
  cudaVersion: 13020,
  gpus: [
    {
      index: 0,
      model: 'NVIDIA A100-PCIE-40GB',
      cudaCores: 6912,
      gpuMemory: 42949672960,
      freeGpuMemory: 42405855232,
      gpuCoreUtilization: 0,
      gpuMemoryUtilization: 0
    }
  ],
  processes: [],
  success: true
}
[2026-08-09 17:30:40] INFO (LocalV3.local) Register directory trial_code = /scratch/chkkar002/Diffusion_Based_STGNNs/DiffSTG
Traceback (most recent call last):
  File "/home/chkkar002/envs/diffstg/lib64/python3.9/site-packages/urllib3/connectionpool.py", line 534, in _make_request
    response = conn.getresponse()
  File "/home/chkkar002/envs/diffstg/lib64/python3.9/site-packages/urllib3/connection.py", line 571, in getresponse
    httplib_response = super().getresponse()
  File "/usr/lib64/python3.9/http/client.py", line 1377, in getresponse
    response.begin()
  File "/usr/lib64/python3.9/http/client.py", line 320, in begin
    version, status, reason = self._read_status()
  File "/usr/lib64/python3.9/http/client.py", line 281, in _read_status
    line = str(self.fp.readline(_MAXLINE + 1), "iso-8859-1")
  File "/usr/lib64/python3.9/socket.py", line 716, in readinto
    return self._sock.recv_into(b)
socket.timeout: timed out

The above exception was the direct cause of the following exception:

Traceback (most recent call last):
  File "/home/chkkar002/envs/diffstg/lib64/python3.9/site-packages/requests/adapters.py", line 644, in send
    resp = conn.urlopen(
  File "/home/chkkar002/envs/diffstg/lib64/python3.9/site-packages/urllib3/connectionpool.py", line 841, in urlopen
    retries = retries.increment(
  File "/home/chkkar002/envs/diffstg/lib64/python3.9/site-packages/urllib3/util/retry.py", line 490, in increment
    raise reraise(type(error), error, _stacktrace)
  File "/home/chkkar002/envs/diffstg/lib64/python3.9/site-packages/urllib3/util/util.py", line 39, in reraise
    raise value
  File "/home/chkkar002/envs/diffstg/lib64/python3.9/site-packages/urllib3/connectionpool.py", line 787, in urlopen
    response = self._make_request(
  File "/home/chkkar002/envs/diffstg/lib64/python3.9/site-packages/urllib3/connectionpool.py", line 536, in _make_request
    self._raise_timeout(err=e, url=url, timeout_value=read_timeout)
  File "/home/chkkar002/envs/diffstg/lib64/python3.9/site-packages/urllib3/connectionpool.py", line 367, in _raise_timeout
    raise ReadTimeoutError(
urllib3.exceptions.ReadTimeoutError: HTTPConnectionPool(host='localhost', port=8080): Read timed out. (read timeout=20)

During handling of the above exception, another exception occurred:

Traceback (most recent call last):
  File "/home/chkkar002/envs/diffstg/bin/nnictl", line 8, in <module>
    sys.exit(parse_args())
  File "/home/chkkar002/envs/diffstg/lib64/python3.9/site-packages/nni/tools/nnictl/nnictl.py", line 497, in parse_args
    args.func(args)
  File "/home/chkkar002/envs/diffstg/lib64/python3.9/site-packages/nni/tools/nnictl/launcher.py", line 79, in create_experiment
    exp._wait_completion()
  File "/home/chkkar002/envs/diffstg/lib64/python3.9/site-packages/nni/experiment/experiment.py", line 196, in _wait_completion
    status = self.get_status()
  File "/home/chkkar002/envs/diffstg/lib64/python3.9/site-packages/nni/experiment/experiment.py", line 413, in get_status
    resp = rest.get(self.port, '/check-status', self.url_prefix)
  File "/home/chkkar002/envs/diffstg/lib64/python3.9/site-packages/nni/experiment/rest.py", line 43, in get
    return request('get', port, api, prefix=prefix)
  File "/home/chkkar002/envs/diffstg/lib64/python3.9/site-packages/nni/experiment/rest.py", line 31, in request
    resp = requests.request(method, url, timeout=timeout)
  File "/home/chkkar002/envs/diffstg/lib64/python3.9/site-packages/requests/api.py", line 59, in request
    return session.request(method=method, url=url, **kwargs)
  File "/home/chkkar002/envs/diffstg/lib64/python3.9/site-packages/requests/sessions.py", line 589, in request
    resp = self.send(prep, **send_kwargs)
  File "/home/chkkar002/envs/diffstg/lib64/python3.9/site-packages/requests/sessions.py", line 703, in send
    r = adapter.send(request, **kwargs)
  File "/home/chkkar002/envs/diffstg/lib64/python3.9/site-packages/requests/adapters.py", line 690, in send
    raise ReadTimeout(e, request=request)
requests.exceptions.ReadTimeout: HTTPConnectionPool(host='localhost', port=8080): Read timed out. (read timeout=20)
[2026-08-09 17:31:06] [32mStopping experiment, please wait...[0m
[2026-08-09 17:31:06] [32mSaving experiment checkpoint...[0m
[2026-08-09 17:31:06] [32mStopping NNI manager, if any...[0m
[2026-08-09 17:31:26] [31mERROR: HTTPConnectionPool(host='localhost', port=8080): Read timed out. (read timeout=20)[0m
Traceback (most recent call last):
  File "/home/chkkar002/envs/diffstg/lib64/python3.9/site-packages/urllib3/connectionpool.py", line 534, in _make_request
    response = conn.getresponse()
  File "/home/chkkar002/envs/diffstg/lib64/python3.9/site-packages/urllib3/connection.py", line 571, in getresponse
    httplib_response = super().getresponse()
  File "/usr/lib64/python3.9/http/client.py", line 1377, in getresponse
    response.begin()
  File "/usr/lib64/python3.9/http/client.py", line 320, in begin
    version, status, reason = self._read_status()
  File "/usr/lib64/python3.9/http/client.py", line 281, in _read_status
    line = str(self.fp.readline(_MAXLINE + 1), "iso-8859-1")
  File "/usr/lib64/python3.9/socket.py", line 716, in readinto
    return self._sock.recv_into(b)
socket.timeout: timed out

The above exception was the direct cause of the following exception:

Traceback (most recent call last):
  File "/home/chkkar002/envs/diffstg/lib64/python3.9/site-packages/requests/adapters.py", line 644, in send
    resp = conn.urlopen(
  File "/home/chkkar002/envs/diffstg/lib64/python3.9/site-packages/urllib3/connectionpool.py", line 841, in urlopen
    retries = retries.increment(
  File "/home/chkkar002/envs/diffstg/lib64/python3.9/site-packages/urllib3/util/retry.py", line 490, in increment
    raise reraise(type(error), error, _stacktrace)
  File "/home/chkkar002/envs/diffstg/lib64/python3.9/site-packages/urllib3/util/util.py", line 39, in reraise
    raise value
  File "/home/chkkar002/envs/diffstg/lib64/python3.9/site-packages/urllib3/connectionpool.py", line 787, in urlopen
    response = self._make_request(
  File "/home/chkkar002/envs/diffstg/lib64/python3.9/site-packages/urllib3/connectionpool.py", line 536, in _make_request
    self._raise_timeout(err=e, url=url, timeout_value=read_timeout)
  File "/home/chkkar002/envs/diffstg/lib64/python3.9/site-packages/urllib3/connectionpool.py", line 367, in _raise_timeout
    raise ReadTimeoutError(
urllib3.exceptions.ReadTimeoutError: HTTPConnectionPool(host='localhost', port=8080): Read timed out. (read timeout=20)

During handling of the above exception, another exception occurred:

Traceback (most recent call last):
  File "/home/chkkar002/envs/diffstg/lib64/python3.9/site-packages/nni/experiment/experiment.py", line 171, in _stop_nni_manager
    rest.delete(self.port, '/experiment', self.url_prefix)
  File "/home/chkkar002/envs/diffstg/lib64/python3.9/site-packages/nni/experiment/rest.py", line 52, in delete
    request('delete', port, api, prefix=prefix)
  File "/home/chkkar002/envs/diffstg/lib64/python3.9/site-packages/nni/experiment/rest.py", line 31, in request
    resp = requests.request(method, url, timeout=timeout)
  File "/home/chkkar002/envs/diffstg/lib64/python3.9/site-packages/requests/api.py", line 59, in request
    return session.request(method=method, url=url, **kwargs)
  File "/home/chkkar002/envs/diffstg/lib64/python3.9/site-packages/requests/sessions.py", line 589, in request
    resp = self.send(prep, **send_kwargs)
  File "/home/chkkar002/envs/diffstg/lib64/python3.9/site-packages/requests/sessions.py", line 703, in send
    r = adapter.send(request, **kwargs)
  File "/home/chkkar002/envs/diffstg/lib64/python3.9/site-packages/requests/adapters.py", line 690, in send
    raise ReadTimeout(e, request=request)
requests.exceptions.ReadTimeout: HTTPConnectionPool(host='localhost', port=8080): Read timed out. (read timeout=20)
[2026-08-09 17:31:26] [33mWARNING: Cannot gracefully stop experiment, killing NNI process...[0m
/var/spool/slurmd.spool/job1211340/slurm_script: line 18: 66301 Killed                  nnictl create --config config.yaml --port 8080 --foreground
NNI experiment started!
slurmstepd: error: Detected 1 oom_kill event in StepId=1211340.batch. Some of the step tasks have been OOM Killed.
