Requirement already satisfied: nni in /home/chkkar002/envs/diffstg/lib/python3.9/site-packages (3.0)
Requirement already satisfied: numpy in /home/chkkar002/envs/diffstg/lib/python3.9/site-packages (from nni) (2.0.2)
Requirement already satisfied: nvidia-ml-py in /home/chkkar002/envs/diffstg/lib/python3.9/site-packages (from nni) (13.610.43)
Requirement already satisfied: psutil in /home/chkkar002/envs/diffstg/lib/python3.9/site-packages (from nni) (7.2.2)
Requirement already satisfied: pyyaml>=5.4 in /home/chkkar002/envs/diffstg/lib/python3.9/site-packages (from nni) (6.0.3)
Requirement already satisfied: typing-extensions>=4.7.0 in /home/chkkar002/envs/diffstg/lib/python3.9/site-packages (from nni) (4.16.0)
Requirement already satisfied: filelock<3.12 in /home/chkkar002/envs/diffstg/lib/python3.9/site-packages (from nni) (3.11.0)
Requirement already satisfied: cloudpickle in /home/chkkar002/envs/diffstg/lib/python3.9/site-packages (from nni) (3.1.2)
Requirement already satisfied: websockets>=10.1 in /home/chkkar002/envs/diffstg/lib/python3.9/site-packages (from nni) (15.0.1)
Requirement already satisfied: scikit-learn>=0.24.1 in /home/chkkar002/envs/diffstg/lib/python3.9/site-packages (from nni) (1.6.1)
Requirement already satisfied: schema in /home/chkkar002/envs/diffstg/lib/python3.9/site-packages (from nni) (0.7.8)
Requirement already satisfied: prettytable in /home/chkkar002/envs/diffstg/lib/python3.9/site-packages (from nni) (3.16.0)
Requirement already satisfied: pandas in /home/chkkar002/envs/diffstg/lib/python3.9/site-packages (from nni) (2.3.3)
Requirement already satisfied: tqdm in /home/chkkar002/envs/diffstg/lib/python3.9/site-packages (from nni) (4.68.4)
Requirement already satisfied: responses in /home/chkkar002/envs/diffstg/lib/python3.9/site-packages (from nni) (0.26.2)
Requirement already satisfied: PythonWebHDFS in /home/chkkar002/envs/diffstg/lib/python3.9/site-packages (from nni) (0.2.3)
Requirement already satisfied: requests in /home/chkkar002/envs/diffstg/lib/python3.9/site-packages (from nni) (2.32.5)
Requirement already satisfied: typeguard<4.1.3,>=3.0.0 in /home/chkkar002/envs/diffstg/lib/python3.9/site-packages (from nni) (4.1.2)
Requirement already satisfied: json-tricks>=3.15.5 in /home/chkkar002/envs/diffstg/lib/python3.9/site-packages (from nni) (3.17.3)
Requirement already satisfied: colorama in /home/chkkar002/envs/diffstg/lib/python3.9/site-packages (from nni) (0.4.6)
Requirement already satisfied: packaging in /home/chkkar002/envs/diffstg/lib/python3.9/site-packages (from nni) (26.2)
Requirement already satisfied: astor in /home/chkkar002/envs/diffstg/lib/python3.9/site-packages (from nni) (0.8.1)
Requirement already satisfied: scipy in /home/chkkar002/envs/diffstg/lib/python3.9/site-packages (from nni) (1.13.1)
Requirement already satisfied: threadpoolctl>=3.1.0 in /home/chkkar002/envs/diffstg/lib/python3.9/site-packages (from scikit-learn>=0.24.1->nni) (3.6.0)
Requirement already satisfied: joblib>=1.2.0 in /home/chkkar002/envs/diffstg/lib/python3.9/site-packages (from scikit-learn>=0.24.1->nni) (1.5.3)
Requirement already satisfied: importlib-metadata>=3.6 in /home/chkkar002/envs/diffstg/lib/python3.9/site-packages (from typeguard<4.1.3,>=3.0.0->nni) (8.7.1)
Requirement already satisfied: pytz>=2020.1 in /home/chkkar002/envs/diffstg/lib/python3.9/site-packages (from pandas->nni) (2026.2)
Requirement already satisfied: tzdata>=2022.7 in /home/chkkar002/envs/diffstg/lib/python3.9/site-packages (from pandas->nni) (2026.3)
Requirement already satisfied: python-dateutil>=2.8.2 in /home/chkkar002/envs/diffstg/lib/python3.9/site-packages (from pandas->nni) (2.9.0.post0)
Requirement already satisfied: wcwidth in /home/chkkar002/envs/diffstg/lib/python3.9/site-packages (from prettytable->nni) (0.8.2)
Requirement already satisfied: simplejson in /home/chkkar002/envs/diffstg/lib/python3.9/site-packages (from PythonWebHDFS->nni) (4.1.1)
Requirement already satisfied: idna<4,>=2.5 in /home/chkkar002/envs/diffstg/lib/python3.9/site-packages (from requests->nni) (3.18)
Requirement already satisfied: urllib3<3,>=1.21.1 in /home/chkkar002/envs/diffstg/lib/python3.9/site-packages (from requests->nni) (2.6.3)
Requirement already satisfied: charset_normalizer<4,>=2 in /home/chkkar002/envs/diffstg/lib/python3.9/site-packages (from requests->nni) (3.4.9)
Requirement already satisfied: certifi>=2017.4.17 in /home/chkkar002/envs/diffstg/lib/python3.9/site-packages (from requests->nni) (2026.6.17)
Requirement already satisfied: zipp>=3.20 in /home/chkkar002/envs/diffstg/lib/python3.9/site-packages (from importlib-metadata>=3.6->typeguard<4.1.3,>=3.0.0->nni) (3.23.1)
Requirement already satisfied: six>=1.5 in /home/chkkar002/envs/diffstg/lib/python3.9/site-packages (from python-dateutil>=2.8.2->pandas->nni) (1.17.0)
WARNING: You are using pip version 21.3.1; however, version 26.0.1 is available.
You should consider upgrading via the '/home/chkkar002/envs/diffstg/bin/python3 -m pip install --upgrade pip' command.
[2026-08-09 16:42:03] [32mCreating experiment, Experiment ID: [36m4zdljts3[0m
[2026-08-09 16:42:03] [32mStarting web server...[0m
[2026-08-09 16:42:03] [31mERROR: rest request GET http://localhost:8080/api/v1/nni/check-status failed: 503 <!DOCTYPE html PUBLIC "-//W3C//DTD HTML 4.01//EN" "http://www.w3.org/TR/html4/strict.dtd">
<html><head>
<meta type="copyright" content="Copyright (C) 1996-2021 The Squid Software Foundation and contributors">
<meta http-equiv="Content-Type" content="text/html; charset=utf-8">
<title>ERROR: The requested URL could not be retrieved</title>
<style type="text/css"><!-- 
 

body
:lang(fa) { direction: rtl; font-size: 100%; font-family: Tahoma, Roya, sans-serif; float: right; }
:lang(he) { direction: rtl; }
 --></style>
</head><body id="ERR_CONNECT_FAIL">
<div id="titles">
<h1>ERROR</h1>
<h2>The requested URL could not be retrieved</h2>
</div>
<hr>

<div id="content">
<p>The following error was encountered while trying to retrieve the URL: <a href="http://localhost:8080/api/v1/nni/check-status">http://localhost:8080/api/v1/nni/check-status</a></p>

<blockquote id="error">
<p><b>Connection to 127.0.0.1 failed.</b></p>
</blockquote>

<p id="sysmsg">The system returned: <i>(111) Connection refused</i></p>

<p>The remote host or network may be down. Please try the request again.</p>

<p>Your cache administrator is <a href="mailto:webmaster">webmaster</a>.</p>

<br>
</div>

<hr>
<div id="footer">
<p>Generated Sun, 09 Aug 2026 14:42:03 GMT by srvubumas001.uct.ac.za (squid/6.14)</p>
<!-- ERR_CONNECT_FAIL -->
</div>
</body></html>
[0m
[2026-08-09 16:42:05] [31mERROR: rest request GET http://localhost:8080/api/v1/nni/check-status failed: 503 <!DOCTYPE html PUBLIC "-//W3C//DTD HTML 4.01//EN" "http://www.w3.org/TR/html4/strict.dtd">
<html><head>
<meta type="copyright" content="Copyright (C) 1996-2021 The Squid Software Foundation and contributors">
<meta http-equiv="Content-Type" content="text/html; charset=utf-8">
<title>ERROR: The requested URL could not be retrieved</title>
<style type="text/css"><!-- 
 

body
:lang(fa) { direction: rtl; font-size: 100%; font-family: Tahoma, Roya, sans-serif; float: right; }
:lang(he) { direction: rtl; }
 --></style>
</head><body id="ERR_CONNECT_FAIL">
<div id="titles">
<h1>ERROR</h1>
<h2>The requested URL could not be retrieved</h2>
</div>
<hr>

<div id="content">
<p>The following error was encountered while trying to retrieve the URL: <a href="http://localhost:8080/api/v1/nni/check-status">http://localhost:8080/api/v1/nni/check-status</a></p>

<blockquote id="error">
<p><b>Connection to 127.0.0.1 failed.</b></p>
</blockquote>

<p id="sysmsg">The system returned: <i>(111) Connection refused</i></p>

<p>The remote host or network may be down. Please try the request again.</p>

<p>Your cache administrator is <a href="mailto:webmaster">webmaster</a>.</p>

<br>
</div>

<hr>
<div id="footer">
<p>Generated Sun, 09 Aug 2026 14:42:05 GMT by srvubumas001.uct.ac.za (squid/6.14)</p>
<!-- ERR_CONNECT_FAIL -->
</div>
</body></html>
[0m
[2026-08-09 16:42:05] [33mWARNING: Timeout, retry...[0m
[2026-08-09 16:42:06] [31mERROR: rest request GET http://localhost:8080/api/v1/nni/check-status failed: 503 <!DOCTYPE html PUBLIC "-//W3C//DTD HTML 4.01//EN" "http://www.w3.org/TR/html4/strict.dtd">
<html><head>
<meta type="copyright" content="Copyright (C) 1996-2021 The Squid Software Foundation and contributors">
<meta http-equiv="Content-Type" content="text/html; charset=utf-8">
<title>ERROR: The requested URL could not be retrieved</title>
<style type="text/css"><!-- 
 

body
:lang(fa) { direction: rtl; font-size: 100%; font-family: Tahoma, Roya, sans-serif; float: right; }
:lang(he) { direction: rtl; }
 --></style>
</head><body id="ERR_CONNECT_FAIL">
<div id="titles">
<h1>ERROR</h1>
<h2>The requested URL could not be retrieved</h2>
</div>
<hr>

<div id="content">
<p>The following error was encountered while trying to retrieve the URL: <a href="http://localhost:8080/api/v1/nni/check-status">http://localhost:8080/api/v1/nni/check-status</a></p>

<blockquote id="error">
<p><b>Connection to 127.0.0.1 failed.</b></p>
</blockquote>

<p id="sysmsg">The system returned: <i>(111) Connection refused</i></p>

<p>The remote host or network may be down. Please try the request again.</p>

<p>Your cache administrator is <a href="mailto:webmaster">webmaster</a>.</p>

<br>
</div>

<hr>
<div id="footer">
<p>Generated Sun, 09 Aug 2026 14:42:06 GMT by srvubumas001.uct.ac.za (squid/6.14)</p>
<!-- ERR_CONNECT_FAIL -->
</div>
</body></html>
[0m
[2026-08-09 16:42:06] [33mWARNING: Timeout, retry...[0m
[2026-08-09 16:42:07] [31mERROR: rest request GET http://localhost:8080/api/v1/nni/check-status failed: 503 <!DOCTYPE html PUBLIC "-//W3C//DTD HTML 4.01//EN" "http://www.w3.org/TR/html4/strict.dtd">
<html><head>
<meta type="copyright" content="Copyright (C) 1996-2021 The Squid Software Foundation and contributors">
<meta http-equiv="Content-Type" content="text/html; charset=utf-8">
<title>ERROR: The requested URL could not be retrieved</title>
<style type="text/css"><!-- 
 

body
:lang(fa) { direction: rtl; font-size: 100%; font-family: Tahoma, Roya, sans-serif; float: right; }
:lang(he) { direction: rtl; }
 --></style>
</head><body id="ERR_CONNECT_FAIL">
<div id="titles">
<h1>ERROR</h1>
<h2>The requested URL could not be retrieved</h2>
</div>
<hr>

<div id="content">
<p>The following error was encountered while trying to retrieve the URL: <a href="http://localhost:8080/api/v1/nni/check-status">http://localhost:8080/api/v1/nni/check-status</a></p>

<blockquote id="error">
<p><b>Connection to 127.0.0.1 failed.</b></p>
</blockquote>

<p id="sysmsg">The system returned: <i>(111) Connection refused</i></p>

<p>The remote host or network may be down. Please try the request again.</p>

<p>Your cache administrator is <a href="mailto:webmaster">webmaster</a>.</p>

<br>
</div>

<hr>
<div id="footer">
<p>Generated Sun, 09 Aug 2026 14:42:07 GMT by srvubumas001.uct.ac.za (squid/6.14)</p>
<!-- ERR_CONNECT_FAIL -->
</div>
</body></html>
[0m
[2026-08-09 16:42:07] [31mERROR: Create experiment failed: 503 Server Error: Service Unavailable for url: http://localhost:8080/api/v1/nni/check-status[0m
[2026-08-09 16:42:07] [33mWARNING: NNI manager stderr:[0m
[2026-08-09 16:42:07] [33mWARNING: --------------------------------------------------------------------------------
Experiment 4zdljts3 start: 2026-08-09 16:42:03.979719
--------------------------------------------------------------------------------
[0m
Traceback (most recent call last):
  File "/home/chkkar002/envs/diffstg/bin/nnictl", line 8, in <module>
    sys.exit(parse_args())
  File "/home/chkkar002/envs/diffstg/lib64/python3.9/site-packages/nni/tools/nnictl/nnictl.py", line 497, in parse_args
    args.func(args)
  File "/home/chkkar002/envs/diffstg/lib64/python3.9/site-packages/nni/tools/nnictl/launcher.py", line 82, in create_experiment
    exp.start(port, debug, RunMode.Detach)
  File "/home/chkkar002/envs/diffstg/lib64/python3.9/site-packages/nni/experiment/experiment.py", line 163, in start
    self._start_nni_manager(port, debug, run_mode, None, [])
  File "/home/chkkar002/envs/diffstg/lib64/python3.9/site-packages/nni/experiment/experiment.py", line 125, in _start_nni_manager
    self._proc = launcher.start_experiment(self._action, self.id, config, port, debug, run_mode,
  File "/home/chkkar002/envs/diffstg/lib64/python3.9/site-packages/nni/experiment/launcher.py", line 125, in start_experiment
    _check_rest_server(port, url_prefix=url_prefix)
  File "/home/chkkar002/envs/diffstg/lib64/python3.9/site-packages/nni/experiment/launcher.py", line 201, in _check_rest_server
    rest.get(port, '/check-status', url_prefix)
  File "/home/chkkar002/envs/diffstg/lib64/python3.9/site-packages/nni/experiment/rest.py", line 43, in get
    return request('get', port, api, prefix=prefix)
  File "/home/chkkar002/envs/diffstg/lib64/python3.9/site-packages/nni/experiment/rest.py", line 37, in request
    resp.raise_for_status()
  File "/home/chkkar002/envs/diffstg/lib64/python3.9/site-packages/requests/models.py", line 1026, in raise_for_status
    raise HTTPError(http_error_msg, response=self)
requests.exceptions.HTTPError: 503 Server Error: Service Unavailable for url: http://localhost:8080/api/v1/nni/check-status
NNI experiment started!
