Requirement already satisfied: nni in /home/chkkar002/envs/diffstg/lib/python3.9/site-packages (3.0)
Requirement already satisfied: responses in /home/chkkar002/envs/diffstg/lib/python3.9/site-packages (from nni) (0.26.2)
Requirement already satisfied: astor in /home/chkkar002/envs/diffstg/lib/python3.9/site-packages (from nni) (0.8.1)
Requirement already satisfied: typing-extensions>=4.7.0 in /home/chkkar002/envs/diffstg/lib/python3.9/site-packages (from nni) (4.16.0)
Requirement already satisfied: psutil in /home/chkkar002/envs/diffstg/lib/python3.9/site-packages (from nni) (7.2.2)
Requirement already satisfied: colorama in /home/chkkar002/envs/diffstg/lib/python3.9/site-packages (from nni) (0.4.6)
Requirement already satisfied: nvidia-ml-py in /home/chkkar002/envs/diffstg/lib/python3.9/site-packages (from nni) (13.610.43)
Requirement already satisfied: scipy in /home/chkkar002/envs/diffstg/lib/python3.9/site-packages (from nni) (1.13.1)
Requirement already satisfied: filelock<3.12 in /home/chkkar002/envs/diffstg/lib/python3.9/site-packages (from nni) (3.11.0)
Requirement already satisfied: tqdm in /home/chkkar002/envs/diffstg/lib/python3.9/site-packages (from nni) (4.68.4)
Requirement already satisfied: requests in /home/chkkar002/envs/diffstg/lib/python3.9/site-packages (from nni) (2.32.5)
Requirement already satisfied: pandas in /home/chkkar002/envs/diffstg/lib/python3.9/site-packages (from nni) (2.3.3)
Requirement already satisfied: websockets>=10.1 in /home/chkkar002/envs/diffstg/lib/python3.9/site-packages (from nni) (15.0.1)
Requirement already satisfied: pyyaml>=5.4 in /home/chkkar002/envs/diffstg/lib/python3.9/site-packages (from nni) (6.0.3)
Requirement already satisfied: PythonWebHDFS in /home/chkkar002/envs/diffstg/lib/python3.9/site-packages (from nni) (0.2.3)
Requirement already satisfied: packaging in /home/chkkar002/envs/diffstg/lib/python3.9/site-packages (from nni) (26.2)
Requirement already satisfied: json-tricks>=3.15.5 in /home/chkkar002/envs/diffstg/lib/python3.9/site-packages (from nni) (3.17.3)
Requirement already satisfied: cloudpickle in /home/chkkar002/envs/diffstg/lib/python3.9/site-packages (from nni) (3.1.2)
Requirement already satisfied: typeguard<4.1.3,>=3.0.0 in /home/chkkar002/envs/diffstg/lib/python3.9/site-packages (from nni) (4.1.2)
Requirement already satisfied: schema in /home/chkkar002/envs/diffstg/lib/python3.9/site-packages (from nni) (0.7.8)
Requirement already satisfied: numpy in /home/chkkar002/envs/diffstg/lib/python3.9/site-packages (from nni) (2.0.2)
Requirement already satisfied: prettytable in /home/chkkar002/envs/diffstg/lib/python3.9/site-packages (from nni) (3.16.0)
Requirement already satisfied: scikit-learn>=0.24.1 in /home/chkkar002/envs/diffstg/lib/python3.9/site-packages (from nni) (1.6.1)
Requirement already satisfied: threadpoolctl>=3.1.0 in /home/chkkar002/envs/diffstg/lib/python3.9/site-packages (from scikit-learn>=0.24.1->nni) (3.6.0)
Requirement already satisfied: joblib>=1.2.0 in /home/chkkar002/envs/diffstg/lib/python3.9/site-packages (from scikit-learn>=0.24.1->nni) (1.5.3)
Requirement already satisfied: importlib-metadata>=3.6 in /home/chkkar002/envs/diffstg/lib/python3.9/site-packages (from typeguard<4.1.3,>=3.0.0->nni) (8.7.1)
Requirement already satisfied: pytz>=2020.1 in /home/chkkar002/envs/diffstg/lib/python3.9/site-packages (from pandas->nni) (2026.2)
Requirement already satisfied: tzdata>=2022.7 in /home/chkkar002/envs/diffstg/lib/python3.9/site-packages (from pandas->nni) (2026.3)
Requirement already satisfied: python-dateutil>=2.8.2 in /home/chkkar002/envs/diffstg/lib/python3.9/site-packages (from pandas->nni) (2.9.0.post0)
Requirement already satisfied: wcwidth in /home/chkkar002/envs/diffstg/lib/python3.9/site-packages (from prettytable->nni) (0.8.2)
Requirement already satisfied: simplejson in /home/chkkar002/envs/diffstg/lib/python3.9/site-packages (from PythonWebHDFS->nni) (4.1.1)
Requirement already satisfied: certifi>=2017.4.17 in /home/chkkar002/envs/diffstg/lib/python3.9/site-packages (from requests->nni) (2026.6.17)
Requirement already satisfied: charset_normalizer<4,>=2 in /home/chkkar002/envs/diffstg/lib/python3.9/site-packages (from requests->nni) (3.4.9)
Requirement already satisfied: urllib3<3,>=1.21.1 in /home/chkkar002/envs/diffstg/lib/python3.9/site-packages (from requests->nni) (2.6.3)
Requirement already satisfied: idna<4,>=2.5 in /home/chkkar002/envs/diffstg/lib/python3.9/site-packages (from requests->nni) (3.18)
Requirement already satisfied: zipp>=3.20 in /home/chkkar002/envs/diffstg/lib/python3.9/site-packages (from importlib-metadata>=3.6->typeguard<4.1.3,>=3.0.0->nni) (3.23.1)
Requirement already satisfied: six>=1.5 in /home/chkkar002/envs/diffstg/lib/python3.9/site-packages (from python-dateutil>=2.8.2->pandas->nni) (1.17.0)
WARNING: You are using pip version 21.3.1; however, version 26.0.1 is available.
You should consider upgrading via the '/home/chkkar002/envs/diffstg/bin/python3 -m pip install --upgrade pip' command.
=== proxy env on compute node ===
no_proxy=localhost,127.0.0.1,
ftp_proxy=http://10.105.1.2:8000
https_proxy=http://10.105.1.2:8000
NO_PROXY=localhost,127.0.0.1,
http_proxy=http://10.105.1.2:8000
==================================
[2026-08-09 17:18:08] [32mCreating experiment, Experiment ID: [36mq0i4u2aw[0m
[2026-08-09 17:18:08] [32mStarting web server...[0m
[2026-08-09 17:18:09] [32mSetting up...[0m
[2026-08-09 17:18:09] [32mWeb portal URLs: [36mhttp://127.0.0.1:8080 http://10.105.1.58:8080 http://169.254.1.2:8080 http://10.105.5.58:8080[0m
[2026-08-09 17:18:09] [32mTo stop experiment run "nnictl stop q0i4u2aw" or "nnictl stop --all"[0m
[2026-08-09 17:18:09] [32mReference: https://nni.readthedocs.io/en/stable/reference/nnictl.html[0m
NNI experiment started!
