2026-08-16 22:41: Experiment log path in: /scratch/chkkar002/Diffusion_Based_STGNNs/AGCRN/model/experiments/SAWS/trial13_20260816224059
2026-08-16 22:41: Train Epoch 1: 0/821 Loss: 16.968235
2026-08-16 22:41: Train Epoch 1: 20/821 Loss: 11.291293
2026-08-16 22:41: Train Epoch 1: 40/821 Loss: 6.911664
2026-08-16 22:41: Train Epoch 1: 60/821 Loss: 5.770919
2026-08-16 22:41: Train Epoch 1: 80/821 Loss: 4.994300
2026-08-16 22:41: Train Epoch 1: 100/821 Loss: 4.960121
2026-08-16 22:41: Train Epoch 1: 120/821 Loss: 4.562807
2026-08-16 22:41: Train Epoch 1: 140/821 Loss: 4.295880
2026-08-16 22:41: Train Epoch 1: 160/821 Loss: 4.209253
2026-08-16 22:41: Train Epoch 1: 180/821 Loss: 4.105953
2026-08-16 22:41: Train Epoch 1: 200/821 Loss: 4.168267
2026-08-16 22:41: Train Epoch 1: 220/821 Loss: 3.989306
2026-08-16 22:41: Train Epoch 1: 240/821 Loss: 3.756412
2026-08-16 22:41: Train Epoch 1: 260/821 Loss: 3.728359
2026-08-16 22:41: Train Epoch 1: 280/821 Loss: 3.668247
2026-08-16 22:41: Train Epoch 1: 300/821 Loss: 3.548114
2026-08-16 22:41: Train Epoch 1: 320/821 Loss: 3.201653
2026-08-16 22:41: Train Epoch 1: 340/821 Loss: 3.072309
2026-08-16 22:41: Train Epoch 1: 360/821 Loss: 2.856862
2026-08-16 22:41: Train Epoch 1: 380/821 Loss: 2.831650
2026-08-16 22:41: Train Epoch 1: 400/821 Loss: 2.670545
2026-08-16 22:41: Train Epoch 1: 420/821 Loss: 2.564395
2026-08-16 22:42: Train Epoch 1: 440/821 Loss: 2.470042
2026-08-16 22:42: Train Epoch 1: 460/821 Loss: 2.487214
2026-08-16 22:42: Train Epoch 1: 480/821 Loss: 2.450369
2026-08-16 22:42: Train Epoch 1: 500/821 Loss: 2.326147
2026-08-16 22:42: Train Epoch 1: 520/821 Loss: 2.337397
2026-08-16 22:42: Train Epoch 1: 540/821 Loss: 2.370327
2026-08-16 22:42: Train Epoch 1: 560/821 Loss: 2.259978
2026-08-16 22:42: Train Epoch 1: 580/821 Loss: 2.310094
2026-08-16 22:42: Train Epoch 1: 600/821 Loss: 2.340340
2026-08-16 22:42: Train Epoch 1: 620/821 Loss: 2.235909
2026-08-16 22:42: Train Epoch 1: 640/821 Loss: 2.255480
2026-08-16 22:42: Train Epoch 1: 660/821 Loss: 2.205377
2026-08-16 22:42: Train Epoch 1: 680/821 Loss: 2.195465
2026-08-16 22:42: Train Epoch 1: 700/821 Loss: 2.237853
2026-08-16 22:42: Train Epoch 1: 720/821 Loss: 2.179203
2026-08-16 22:42: Train Epoch 1: 740/821 Loss: 2.078814
2026-08-16 22:42: Train Epoch 1: 760/821 Loss: 2.237125
2026-08-16 22:42: Train Epoch 1: 780/821 Loss: 2.072119
2026-08-16 22:42: Train Epoch 1: 800/821 Loss: 2.062407
2026-08-16 22:42: Train Epoch 1: 820/821 Loss: 2.082240
2026-08-16 22:42: **********Train Epoch 1: averaged Loss: 3.476607, tf_ratio: 1.000000
2026-08-16 22:43: **********Val Epoch 1: average Loss: 2.047233
2026-08-16 22:43: *********************************Current best model saved!
2026-08-16 22:43: Train Epoch 2: 0/821 Loss: 2.080173
2026-08-16 22:43: Train Epoch 2: 20/821 Loss: 2.137189
2026-08-16 22:43: Train Epoch 2: 40/821 Loss: 2.030668
2026-08-16 22:43: Train Epoch 2: 60/821 Loss: 2.082896
2026-08-16 22:43: Train Epoch 2: 80/821 Loss: 2.100863
2026-08-16 22:43: Train Epoch 2: 100/821 Loss: 1.968848
2026-08-16 22:43: Train Epoch 2: 120/821 Loss: 1.919816
2026-08-16 22:43: Train Epoch 2: 140/821 Loss: 2.050985
2026-08-16 22:43: Train Epoch 2: 160/821 Loss: 1.919888
2026-08-16 22:43: Train Epoch 2: 180/821 Loss: 2.030343
2026-08-16 22:43: Train Epoch 2: 200/821 Loss: 2.014185
2026-08-16 22:43: Train Epoch 2: 220/821 Loss: 2.013353
2026-08-16 22:43: Train Epoch 2: 240/821 Loss: 2.032761
2026-08-16 22:43: Train Epoch 2: 260/821 Loss: 1.894742
2026-08-16 22:43: Train Epoch 2: 280/821 Loss: 1.956840
2026-08-16 22:43: Train Epoch 2: 300/821 Loss: 1.913243
2026-08-16 22:43: Train Epoch 2: 320/821 Loss: 1.973936
2026-08-16 22:43: Train Epoch 2: 340/821 Loss: 1.862951
2026-08-16 22:43: Train Epoch 2: 360/821 Loss: 1.988039
2026-08-16 22:43: Train Epoch 2: 380/821 Loss: 1.866454
2026-08-16 22:44: Train Epoch 2: 400/821 Loss: 1.835213
2026-08-16 22:44: Train Epoch 2: 420/821 Loss: 1.841370
2026-08-16 22:44: Train Epoch 2: 440/821 Loss: 1.914653
2026-08-16 22:44: Train Epoch 2: 460/821 Loss: 1.906525
2026-08-16 22:44: Train Epoch 2: 480/821 Loss: 2.055788
2026-08-16 22:44: Train Epoch 2: 500/821 Loss: 1.808238
2026-08-16 22:44: Train Epoch 2: 520/821 Loss: 1.954856
2026-08-16 22:44: Train Epoch 2: 540/821 Loss: 1.911995
2026-08-16 22:44: Train Epoch 2: 560/821 Loss: 1.919322
2026-08-16 22:44: Train Epoch 2: 580/821 Loss: 1.826989
2026-08-16 22:44: Train Epoch 2: 600/821 Loss: 1.817398
2026-08-16 22:44: Train Epoch 2: 620/821 Loss: 1.847487
2026-08-16 22:44: Train Epoch 2: 640/821 Loss: 1.871373
2026-08-16 22:44: Train Epoch 2: 660/821 Loss: 1.840690
2026-08-16 22:44: Train Epoch 2: 680/821 Loss: 1.864478
2026-08-16 22:44: Train Epoch 2: 700/821 Loss: 1.904602
2026-08-16 22:44: Train Epoch 2: 720/821 Loss: 1.832853
2026-08-16 22:44: Train Epoch 2: 740/821 Loss: 1.872877
2026-08-16 22:44: Train Epoch 2: 760/821 Loss: 1.963894
2026-08-16 22:44: Train Epoch 2: 780/821 Loss: 1.824331
2026-08-16 22:44: Train Epoch 2: 800/821 Loss: 1.883010
2026-08-16 22:44: Train Epoch 2: 820/821 Loss: 1.780122
2026-08-16 22:44: **********Train Epoch 2: averaged Loss: 1.925868, tf_ratio: 1.000000
2026-08-16 22:45: **********Val Epoch 2: average Loss: 1.879596
2026-08-16 22:45: *********************************Current best model saved!
2026-08-16 22:45: Train Epoch 3: 0/821 Loss: 1.860583
2026-08-16 22:45: Train Epoch 3: 20/821 Loss: 1.854015
2026-08-16 22:45: Train Epoch 3: 40/821 Loss: 1.837653
2026-08-16 22:45: Train Epoch 3: 60/821 Loss: 1.809599
2026-08-16 22:45: Train Epoch 3: 80/821 Loss: 1.836560
2026-08-16 22:45: Train Epoch 3: 100/821 Loss: 1.826941
2026-08-16 22:45: Train Epoch 3: 120/821 Loss: 1.770696
2026-08-16 22:45: Train Epoch 3: 140/821 Loss: 1.827972
2026-08-16 22:45: Train Epoch 3: 160/821 Loss: 1.781816
2026-08-16 22:45: Train Epoch 3: 180/821 Loss: 1.847211
2026-08-16 22:45: Train Epoch 3: 200/821 Loss: 1.805784
2026-08-16 22:45: Train Epoch 3: 220/821 Loss: 1.846984
2026-08-16 22:45: Train Epoch 3: 240/821 Loss: 1.816910
2026-08-16 22:45: Train Epoch 3: 260/821 Loss: 1.777701
2026-08-16 22:45: Train Epoch 3: 280/821 Loss: 1.830280
2026-08-16 22:45: Train Epoch 3: 300/821 Loss: 1.839854
2026-08-16 22:45: Train Epoch 3: 320/821 Loss: 1.836081
2026-08-16 22:45: Train Epoch 3: 340/821 Loss: 1.824829
2026-08-16 22:45: Train Epoch 3: 360/821 Loss: 1.826501
2026-08-16 22:46: Train Epoch 3: 380/821 Loss: 1.733348
2026-08-16 22:46: Train Epoch 3: 400/821 Loss: 1.755243
2026-08-16 22:46: Train Epoch 3: 420/821 Loss: 1.705449
2026-08-16 22:46: Train Epoch 3: 440/821 Loss: 1.821303
2026-08-16 22:46: Train Epoch 3: 460/821 Loss: 1.763074
2026-08-16 22:46: Train Epoch 3: 480/821 Loss: 1.731986
2026-08-16 22:46: Train Epoch 3: 500/821 Loss: 1.822216
2026-08-16 22:46: Train Epoch 3: 520/821 Loss: 1.812685
2026-08-16 22:46: Train Epoch 3: 540/821 Loss: 1.830090
2026-08-16 22:46: Train Epoch 3: 560/821 Loss: 1.777202
2026-08-16 22:46: Train Epoch 3: 580/821 Loss: 1.816460
2026-08-16 22:46: Train Epoch 3: 600/821 Loss: 1.762302
2026-08-16 22:46: Train Epoch 3: 620/821 Loss: 1.821339
2026-08-16 22:46: Train Epoch 3: 640/821 Loss: 1.743029
2026-08-16 22:46: Train Epoch 3: 660/821 Loss: 1.691039
2026-08-16 22:46: Train Epoch 3: 680/821 Loss: 1.768374
2026-08-16 22:46: Train Epoch 3: 700/821 Loss: 1.792422
2026-08-16 22:46: Train Epoch 3: 720/821 Loss: 1.700488
2026-08-16 22:46: Train Epoch 3: 740/821 Loss: 1.773026
2026-08-16 22:46: Train Epoch 3: 760/821 Loss: 1.763051
2026-08-16 22:46: Train Epoch 3: 780/821 Loss: 1.751411
2026-08-16 22:47: Train Epoch 3: 800/821 Loss: 1.728489
2026-08-16 22:47: Train Epoch 3: 820/821 Loss: 1.807020
2026-08-16 22:47: **********Train Epoch 3: averaged Loss: 1.795057, tf_ratio: 1.000000
2026-08-16 22:47: **********Val Epoch 3: average Loss: 1.816089
2026-08-16 22:47: *********************************Current best model saved!
2026-08-16 22:47: Train Epoch 4: 0/821 Loss: 1.841080
2026-08-16 22:47: Train Epoch 4: 20/821 Loss: 1.757550
2026-08-16 22:47: Train Epoch 4: 40/821 Loss: 1.699154
2026-08-16 22:47: Train Epoch 4: 60/821 Loss: 1.746702
2026-08-16 22:47: Train Epoch 4: 80/821 Loss: 1.706857
2026-08-16 22:47: Train Epoch 4: 100/821 Loss: 1.628943
2026-08-16 22:47: Train Epoch 4: 120/821 Loss: 1.709612
2026-08-16 22:47: Train Epoch 4: 140/821 Loss: 1.723299
2026-08-16 22:47: Train Epoch 4: 160/821 Loss: 1.852600
2026-08-16 22:47: Train Epoch 4: 180/821 Loss: 1.647007
2026-08-16 22:47: Train Epoch 4: 200/821 Loss: 1.732299
2026-08-16 22:47: Train Epoch 4: 220/821 Loss: 1.728770
2026-08-16 22:47: Train Epoch 4: 240/821 Loss: 1.800980
2026-08-16 22:47: Train Epoch 4: 260/821 Loss: 1.787793
2026-08-16 22:47: Train Epoch 4: 280/821 Loss: 1.667596
2026-08-16 22:47: Train Epoch 4: 300/821 Loss: 1.741207
2026-08-16 22:48: Train Epoch 4: 320/821 Loss: 1.789829
2026-08-16 22:48: Train Epoch 4: 340/821 Loss: 1.720367
2026-08-16 22:48: Train Epoch 4: 360/821 Loss: 1.714509
2026-08-16 22:48: Train Epoch 4: 380/821 Loss: 1.758797
2026-08-16 22:48: Train Epoch 4: 400/821 Loss: 1.630322
2026-08-16 22:48: Train Epoch 4: 420/821 Loss: 1.769996
2026-08-16 22:48: Train Epoch 4: 440/821 Loss: 1.679252
2026-08-16 22:48: Train Epoch 4: 460/821 Loss: 1.724174
2026-08-16 22:48: Train Epoch 4: 480/821 Loss: 1.803627
2026-08-16 22:48: Train Epoch 4: 500/821 Loss: 1.669303
2026-08-16 22:48: Train Epoch 4: 520/821 Loss: 1.702127
2026-08-16 22:48: Train Epoch 4: 540/821 Loss: 1.669945
2026-08-16 22:48: Train Epoch 4: 560/821 Loss: 1.664407
2026-08-16 22:48: Train Epoch 4: 580/821 Loss: 1.813358
2026-08-16 22:48: Train Epoch 4: 600/821 Loss: 1.710284
2026-08-16 22:48: Train Epoch 4: 620/821 Loss: 1.700217
2026-08-16 22:48: Train Epoch 4: 640/821 Loss: 1.654502
2026-08-16 22:48: Train Epoch 4: 660/821 Loss: 1.841276
2026-08-16 22:48: Train Epoch 4: 680/821 Loss: 1.744703
2026-08-16 22:48: Train Epoch 4: 700/821 Loss: 1.744483
2026-08-16 22:48: Train Epoch 4: 720/821 Loss: 1.721983
2026-08-16 22:48: Train Epoch 4: 740/821 Loss: 1.784398
2026-08-16 22:49: Train Epoch 4: 760/821 Loss: 1.688967
2026-08-16 22:49: Train Epoch 4: 780/821 Loss: 1.646421
2026-08-16 22:49: Train Epoch 4: 800/821 Loss: 1.674385
2026-08-16 22:49: Train Epoch 4: 820/821 Loss: 1.672902
2026-08-16 22:49: **********Train Epoch 4: averaged Loss: 1.724786, tf_ratio: 1.000000
2026-08-16 22:49: **********Val Epoch 4: average Loss: 1.807940
2026-08-16 22:49: *********************************Current best model saved!
2026-08-16 22:49: Train Epoch 5: 0/821 Loss: 1.701745
2026-08-16 22:49: Train Epoch 5: 20/821 Loss: 1.619480
2026-08-16 22:49: Train Epoch 5: 40/821 Loss: 1.636308
2026-08-16 22:49: Train Epoch 5: 60/821 Loss: 1.724334
2026-08-16 22:49: Train Epoch 5: 80/821 Loss: 1.633753
2026-08-16 22:49: Train Epoch 5: 100/821 Loss: 1.612868
2026-08-16 22:49: Train Epoch 5: 120/821 Loss: 1.683524
2026-08-16 22:49: Train Epoch 5: 140/821 Loss: 1.672952
2026-08-16 22:49: Train Epoch 5: 160/821 Loss: 1.667404
2026-08-16 22:49: Train Epoch 5: 180/821 Loss: 1.717506
2026-08-16 22:49: Train Epoch 5: 200/821 Loss: 1.667869
2026-08-16 22:49: Train Epoch 5: 220/821 Loss: 1.577579
2026-08-16 22:49: Train Epoch 5: 240/821 Loss: 1.570816
2026-08-16 22:49: Train Epoch 5: 260/821 Loss: 1.756742
2026-08-16 22:49: Train Epoch 5: 280/821 Loss: 1.671232
2026-08-16 22:50: Train Epoch 5: 300/821 Loss: 1.622111
2026-08-16 22:50: Train Epoch 5: 320/821 Loss: 1.718366
2026-08-16 22:50: Train Epoch 5: 340/821 Loss: 1.746440
2026-08-16 22:50: Train Epoch 5: 360/821 Loss: 1.768161
2026-08-16 22:50: Train Epoch 5: 380/821 Loss: 1.726679
2026-08-16 22:50: Train Epoch 5: 400/821 Loss: 1.654860
2026-08-16 22:50: Train Epoch 5: 420/821 Loss: 1.728042
2026-08-16 22:50: Train Epoch 5: 440/821 Loss: 1.565484
2026-08-16 22:50: Train Epoch 5: 460/821 Loss: 1.653416
2026-08-16 22:50: Train Epoch 5: 480/821 Loss: 1.698234
2026-08-16 22:50: Train Epoch 5: 500/821 Loss: 1.646032
2026-08-16 22:50: Train Epoch 5: 520/821 Loss: 1.692140
2026-08-16 22:50: Train Epoch 5: 540/821 Loss: 1.681891
2026-08-16 22:50: Train Epoch 5: 560/821 Loss: 1.712848
2026-08-16 22:50: Train Epoch 5: 580/821 Loss: 1.716584
2026-08-16 22:50: Train Epoch 5: 600/821 Loss: 1.711324
2026-08-16 22:50: Train Epoch 5: 620/821 Loss: 1.690637
2026-08-16 22:50: Train Epoch 5: 640/821 Loss: 1.728151
2026-08-16 22:50: Train Epoch 5: 660/821 Loss: 1.702584
2026-08-16 22:50: Train Epoch 5: 680/821 Loss: 1.691967
2026-08-16 22:50: Train Epoch 5: 700/821 Loss: 1.615693
2026-08-16 22:50: Train Epoch 5: 720/821 Loss: 1.581542
2026-08-16 22:51: Train Epoch 5: 740/821 Loss: 1.675999
2026-08-16 22:51: Train Epoch 5: 760/821 Loss: 1.639480
2026-08-16 22:51: Train Epoch 5: 780/821 Loss: 1.610258
2026-08-16 22:51: Train Epoch 5: 800/821 Loss: 1.633602
2026-08-16 22:51: Train Epoch 5: 820/821 Loss: 1.589289
2026-08-16 22:51: **********Train Epoch 5: averaged Loss: 1.668640, tf_ratio: 1.000000
2026-08-16 22:51: **********Val Epoch 5: average Loss: 1.806652
2026-08-16 22:51: *********************************Current best model saved!
2026-08-16 22:51: Train Epoch 6: 0/821 Loss: 1.574940
2026-08-16 22:51: Train Epoch 6: 20/821 Loss: 1.647568
2026-08-16 22:51: Train Epoch 6: 40/821 Loss: 1.597976
2026-08-16 22:51: Train Epoch 6: 60/821 Loss: 1.632195
2026-08-16 22:51: Train Epoch 6: 80/821 Loss: 1.575587
2026-08-16 22:51: Train Epoch 6: 100/821 Loss: 1.701978
2026-08-16 22:51: Train Epoch 6: 120/821 Loss: 1.643783
2026-08-16 22:51: Train Epoch 6: 140/821 Loss: 1.625944
2026-08-16 22:51: Train Epoch 6: 160/821 Loss: 1.660690
2026-08-16 22:51: Train Epoch 6: 180/821 Loss: 1.583418
2026-08-16 22:51: Train Epoch 6: 200/821 Loss: 1.667516
2026-08-16 22:51: Train Epoch 6: 220/821 Loss: 1.567843
2026-08-16 22:51: Train Epoch 6: 240/821 Loss: 1.594584
2026-08-16 22:52: Train Epoch 6: 260/821 Loss: 1.590811
2026-08-16 22:52: Train Epoch 6: 280/821 Loss: 1.591154
2026-08-16 22:52: Train Epoch 6: 300/821 Loss: 1.629336
2026-08-16 22:52: Train Epoch 6: 320/821 Loss: 1.605533
2026-08-16 22:52: Train Epoch 6: 340/821 Loss: 1.702903
2026-08-16 22:52: Train Epoch 6: 360/821 Loss: 1.672834
2026-08-16 22:52: Train Epoch 6: 380/821 Loss: 1.660797
2026-08-16 22:52: Train Epoch 6: 400/821 Loss: 1.546884
2026-08-16 22:52: Train Epoch 6: 420/821 Loss: 1.608096
2026-08-16 22:52: Train Epoch 6: 440/821 Loss: 1.607021
2026-08-16 22:52: Train Epoch 6: 460/821 Loss: 1.599620
2026-08-16 22:52: Train Epoch 6: 480/821 Loss: 1.599402
2026-08-16 22:52: Train Epoch 6: 500/821 Loss: 1.574244
2026-08-16 22:52: Train Epoch 6: 520/821 Loss: 1.602762
2026-08-16 22:52: Train Epoch 6: 540/821 Loss: 1.583561
2026-08-16 22:52: Train Epoch 6: 560/821 Loss: 1.648440
2026-08-16 22:52: Train Epoch 6: 580/821 Loss: 1.607997
2026-08-16 22:52: Train Epoch 6: 600/821 Loss: 1.626354
2026-08-16 22:52: Train Epoch 6: 620/821 Loss: 1.560439
2026-08-16 22:52: Train Epoch 6: 640/821 Loss: 1.602418
2026-08-16 22:53: Train Epoch 6: 660/821 Loss: 1.600260
2026-08-16 22:53: Train Epoch 6: 680/821 Loss: 1.542414
2026-08-16 22:53: Train Epoch 6: 700/821 Loss: 1.584685
2026-08-16 22:53: Train Epoch 6: 720/821 Loss: 1.582386
2026-08-16 22:53: Train Epoch 6: 740/821 Loss: 1.542826
2026-08-16 22:53: Train Epoch 6: 760/821 Loss: 1.674807
2026-08-16 22:53: Train Epoch 6: 780/821 Loss: 1.581850
2026-08-16 22:53: Train Epoch 6: 800/821 Loss: 1.687926
2026-08-16 22:53: Train Epoch 6: 820/821 Loss: 1.567048
2026-08-16 22:53: **********Train Epoch 6: averaged Loss: 1.620425, tf_ratio: 1.000000
2026-08-16 22:53: **********Val Epoch 6: average Loss: 1.800382
2026-08-16 22:53: *********************************Current best model saved!
2026-08-16 22:53: Train Epoch 7: 0/821 Loss: 1.603913
2026-08-16 22:53: Train Epoch 7: 20/821 Loss: 1.573971
2026-08-16 22:53: Train Epoch 7: 40/821 Loss: 1.643865
2026-08-16 22:53: Train Epoch 7: 60/821 Loss: 1.580298
2026-08-16 22:53: Train Epoch 7: 80/821 Loss: 1.508408
2026-08-16 22:53: Train Epoch 7: 100/821 Loss: 1.587819
2026-08-16 22:53: Train Epoch 7: 120/821 Loss: 1.609440
2026-08-16 22:53: Train Epoch 7: 140/821 Loss: 1.552098
2026-08-16 22:53: Train Epoch 7: 160/821 Loss: 1.611213
2026-08-16 22:54: Train Epoch 7: 180/821 Loss: 1.569707
2026-08-16 22:54: Train Epoch 7: 200/821 Loss: 1.596885
2026-08-16 22:54: Train Epoch 7: 220/821 Loss: 1.602763
2026-08-16 22:54: Train Epoch 7: 240/821 Loss: 1.531709
2026-08-16 22:54: Train Epoch 7: 260/821 Loss: 1.638789
2026-08-16 22:54: Train Epoch 7: 280/821 Loss: 1.575172
2026-08-16 22:54: Train Epoch 7: 300/821 Loss: 1.656801
2026-08-16 22:54: Train Epoch 7: 320/821 Loss: 1.612970
2026-08-16 22:54: Train Epoch 7: 340/821 Loss: 1.539741
2026-08-16 22:54: Train Epoch 7: 360/821 Loss: 1.615863
2026-08-16 22:54: Train Epoch 7: 380/821 Loss: 1.687417
2026-08-16 22:54: Train Epoch 7: 400/821 Loss: 1.588238
2026-08-16 22:54: Train Epoch 7: 420/821 Loss: 1.587751
2026-08-16 22:54: Train Epoch 7: 440/821 Loss: 1.697809
2026-08-16 22:54: Train Epoch 7: 460/821 Loss: 1.548280
2026-08-16 22:54: Train Epoch 7: 480/821 Loss: 1.533334
2026-08-16 22:54: Train Epoch 7: 500/821 Loss: 1.537519
2026-08-16 22:54: Train Epoch 7: 520/821 Loss: 1.672222
2026-08-16 22:54: Train Epoch 7: 540/821 Loss: 1.507162
2026-08-16 22:54: Train Epoch 7: 560/821 Loss: 1.561810
2026-08-16 22:54: Train Epoch 7: 580/821 Loss: 1.635543
2026-08-16 22:54: Train Epoch 7: 600/821 Loss: 1.655709
2026-08-16 22:55: Train Epoch 7: 620/821 Loss: 1.594326
2026-08-16 22:55: Train Epoch 7: 640/821 Loss: 1.537265
2026-08-16 22:55: Train Epoch 7: 660/821 Loss: 1.587906
2026-08-16 22:55: Train Epoch 7: 680/821 Loss: 1.546976
2026-08-16 22:55: Train Epoch 7: 700/821 Loss: 1.518306
2026-08-16 22:55: Train Epoch 7: 720/821 Loss: 1.525431
2026-08-16 22:55: Train Epoch 7: 740/821 Loss: 1.563757
2026-08-16 22:55: Train Epoch 7: 760/821 Loss: 1.586777
2026-08-16 22:55: Train Epoch 7: 780/821 Loss: 1.538108
2026-08-16 22:55: Train Epoch 7: 800/821 Loss: 1.601853
2026-08-16 22:55: Train Epoch 7: 820/821 Loss: 1.616041
2026-08-16 22:55: **********Train Epoch 7: averaged Loss: 1.581710, tf_ratio: 1.000000
2026-08-16 22:55: **********Val Epoch 7: average Loss: 1.792128
2026-08-16 22:55: *********************************Current best model saved!
2026-08-16 22:55: Train Epoch 8: 0/821 Loss: 1.563138
2026-08-16 22:55: Train Epoch 8: 20/821 Loss: 1.507703
2026-08-16 22:55: Train Epoch 8: 40/821 Loss: 1.594999
2026-08-16 22:55: Train Epoch 8: 60/821 Loss: 1.536454
2026-08-16 22:55: Train Epoch 8: 80/821 Loss: 1.524214
2026-08-16 22:55: Train Epoch 8: 100/821 Loss: 1.540770
2026-08-16 22:55: Train Epoch 8: 120/821 Loss: 1.558826
2026-08-16 22:55: Train Epoch 8: 140/821 Loss: 1.556514
2026-08-16 22:55: Train Epoch 8: 160/821 Loss: 1.586139
2026-08-16 22:56: Train Epoch 8: 180/821 Loss: 1.582341
2026-08-16 22:56: Train Epoch 8: 200/821 Loss: 1.556514
2026-08-16 22:56: Train Epoch 8: 220/821 Loss: 1.501303
2026-08-16 22:56: Train Epoch 8: 240/821 Loss: 1.533639
2026-08-16 22:56: Train Epoch 8: 260/821 Loss: 1.561787
2026-08-16 22:56: Train Epoch 8: 280/821 Loss: 1.506941
2026-08-16 22:56: Train Epoch 8: 300/821 Loss: 1.524149
2026-08-16 22:56: Train Epoch 8: 320/821 Loss: 1.557531
2026-08-16 22:56: Train Epoch 8: 340/821 Loss: 1.503064
2026-08-16 22:56: Train Epoch 8: 360/821 Loss: 1.575780
2026-08-16 22:56: Train Epoch 8: 380/821 Loss: 1.530859
2026-08-16 22:56: Train Epoch 8: 400/821 Loss: 1.579881
2026-08-16 22:56: Train Epoch 8: 420/821 Loss: 1.581013
2026-08-16 22:56: Train Epoch 8: 440/821 Loss: 1.561140
2026-08-16 22:56: Train Epoch 8: 460/821 Loss: 1.593576
2026-08-16 22:56: Train Epoch 8: 480/821 Loss: 1.566838
2026-08-16 22:56: Train Epoch 8: 500/821 Loss: 1.482934
2026-08-16 22:56: Train Epoch 8: 520/821 Loss: 1.484779
2026-08-16 22:56: Train Epoch 8: 540/821 Loss: 1.508897
2026-08-16 22:56: Train Epoch 8: 560/821 Loss: 1.541245
2026-08-16 22:56: Train Epoch 8: 580/821 Loss: 1.567385
2026-08-16 22:56: Train Epoch 8: 600/821 Loss: 1.454293
2026-08-16 22:57: Train Epoch 8: 620/821 Loss: 1.473030
2026-08-16 22:57: Train Epoch 8: 640/821 Loss: 1.519678
2026-08-16 22:57: Train Epoch 8: 660/821 Loss: 1.541818
2026-08-16 22:57: Train Epoch 8: 680/821 Loss: 1.558681
2026-08-16 22:57: Train Epoch 8: 700/821 Loss: 1.506495
2026-08-16 22:57: Train Epoch 8: 720/821 Loss: 1.592783
2026-08-16 22:57: Train Epoch 8: 740/821 Loss: 1.537770
2026-08-16 22:57: Train Epoch 8: 760/821 Loss: 1.523601
2026-08-16 22:57: Train Epoch 8: 780/821 Loss: 1.560256
2026-08-16 22:57: Train Epoch 8: 800/821 Loss: 1.528839
2026-08-16 22:57: Train Epoch 8: 820/821 Loss: 1.514290
2026-08-16 22:57: **********Train Epoch 8: averaged Loss: 1.543536, tf_ratio: 1.000000
2026-08-16 22:57: **********Val Epoch 8: average Loss: 1.807076
2026-08-16 22:57: Train Epoch 9: 0/821 Loss: 1.519117
2026-08-16 22:57: Train Epoch 9: 20/821 Loss: 1.436270
2026-08-16 22:57: Train Epoch 9: 40/821 Loss: 1.529346
2026-08-16 22:57: Train Epoch 9: 60/821 Loss: 1.474166
2026-08-16 22:57: Train Epoch 9: 80/821 Loss: 1.539982
2026-08-16 22:57: Train Epoch 9: 100/821 Loss: 1.525761
2026-08-16 22:57: Train Epoch 9: 120/821 Loss: 1.510835
2026-08-16 22:57: Train Epoch 9: 140/821 Loss: 1.567365
2026-08-16 22:58: Train Epoch 9: 160/821 Loss: 1.622961
2026-08-16 22:58: Train Epoch 9: 180/821 Loss: 1.546087
2026-08-16 22:58: Train Epoch 9: 200/821 Loss: 1.530140
2026-08-16 22:58: Train Epoch 9: 220/821 Loss: 1.515966
2026-08-16 22:58: Train Epoch 9: 240/821 Loss: 1.520172
2026-08-16 22:58: Train Epoch 9: 260/821 Loss: 1.502194
2026-08-16 22:58: Train Epoch 9: 280/821 Loss: 1.472265
2026-08-16 22:58: Train Epoch 9: 300/821 Loss: 1.498894
2026-08-16 22:58: Train Epoch 9: 320/821 Loss: 1.497429
2026-08-16 22:58: Train Epoch 9: 340/821 Loss: 1.482453
2026-08-16 22:58: Train Epoch 9: 360/821 Loss: 1.526529
2026-08-16 22:58: Train Epoch 9: 380/821 Loss: 1.514108
2026-08-16 22:58: Train Epoch 9: 400/821 Loss: 1.476593
2026-08-16 22:58: Train Epoch 9: 420/821 Loss: 1.503399
2026-08-16 22:58: Train Epoch 9: 440/821 Loss: 1.475877
2026-08-16 22:58: Train Epoch 9: 460/821 Loss: 1.470265
2026-08-16 22:58: Train Epoch 9: 480/821 Loss: 1.500899
2026-08-16 22:58: Train Epoch 9: 500/821 Loss: 1.494536
2026-08-16 22:58: Train Epoch 9: 520/821 Loss: 1.526078
2026-08-16 22:58: Train Epoch 9: 540/821 Loss: 1.511359
2026-08-16 22:58: Train Epoch 9: 560/821 Loss: 1.555125
2026-08-16 22:58: Train Epoch 9: 580/821 Loss: 1.567200
2026-08-16 22:59: Train Epoch 9: 600/821 Loss: 1.537125
2026-08-16 22:59: Train Epoch 9: 620/821 Loss: 1.489355
2026-08-16 22:59: Train Epoch 9: 640/821 Loss: 1.522696
2026-08-16 22:59: Train Epoch 9: 660/821 Loss: 1.450800
2026-08-16 22:59: Train Epoch 9: 680/821 Loss: 1.481239
2026-08-16 22:59: Train Epoch 9: 700/821 Loss: 1.546131
2026-08-16 22:59: Train Epoch 9: 720/821 Loss: 1.502023
2026-08-16 22:59: Train Epoch 9: 740/821 Loss: 1.479973
2026-08-16 22:59: Train Epoch 9: 760/821 Loss: 1.472238
2026-08-16 22:59: Train Epoch 9: 780/821 Loss: 1.535454
2026-08-16 22:59: Train Epoch 9: 800/821 Loss: 1.528319
2026-08-16 22:59: Train Epoch 9: 820/821 Loss: 1.494973
2026-08-16 22:59: **********Train Epoch 9: averaged Loss: 1.513284, tf_ratio: 1.000000
2026-08-16 22:59: **********Val Epoch 9: average Loss: 1.819288
2026-08-16 22:59: Train Epoch 10: 0/821 Loss: 1.540809
2026-08-16 22:59: Train Epoch 10: 20/821 Loss: 1.537644
2026-08-16 22:59: Train Epoch 10: 40/821 Loss: 1.539897
2026-08-16 22:59: Train Epoch 10: 60/821 Loss: 1.448271
2026-08-16 22:59: Train Epoch 10: 80/821 Loss: 1.489201
2026-08-16 22:59: Train Epoch 10: 100/821 Loss: 1.450754
2026-08-16 22:59: Train Epoch 10: 120/821 Loss: 1.509185
2026-08-16 23:00: Train Epoch 10: 140/821 Loss: 1.497975
2026-08-16 23:00: Train Epoch 10: 160/821 Loss: 1.435475
2026-08-16 23:00: Train Epoch 10: 180/821 Loss: 1.463586
2026-08-16 23:00: Train Epoch 10: 200/821 Loss: 1.528527
2026-08-16 23:00: Train Epoch 10: 220/821 Loss: 1.416624
2026-08-16 23:00: Train Epoch 10: 240/821 Loss: 1.504252
2026-08-16 23:00: Train Epoch 10: 260/821 Loss: 1.505498
2026-08-16 23:00: Train Epoch 10: 280/821 Loss: 1.521887
2026-08-16 23:00: Train Epoch 10: 300/821 Loss: 1.558788
2026-08-16 23:00: Train Epoch 10: 320/821 Loss: 1.482081
2026-08-16 23:00: Train Epoch 10: 340/821 Loss: 1.505859
2026-08-16 23:00: Train Epoch 10: 360/821 Loss: 1.405360
2026-08-16 23:00: Train Epoch 10: 380/821 Loss: 1.430677
2026-08-16 23:00: Train Epoch 10: 400/821 Loss: 1.482159
2026-08-16 23:00: Train Epoch 10: 420/821 Loss: 1.528722
2026-08-16 23:00: Train Epoch 10: 440/821 Loss: 1.446324
2026-08-16 23:00: Train Epoch 10: 460/821 Loss: 1.508493
2026-08-16 23:00: Train Epoch 10: 480/821 Loss: 1.516676
2026-08-16 23:00: Train Epoch 10: 500/821 Loss: 1.478663
2026-08-16 23:00: Train Epoch 10: 520/821 Loss: 1.467454
2026-08-16 23:00: Train Epoch 10: 540/821 Loss: 1.499319
2026-08-16 23:00: Train Epoch 10: 560/821 Loss: 1.461826
2026-08-16 23:01: Train Epoch 10: 580/821 Loss: 1.495378
2026-08-16 23:01: Train Epoch 10: 600/821 Loss: 1.475711
2026-08-16 23:01: Train Epoch 10: 620/821 Loss: 1.491983
2026-08-16 23:01: Train Epoch 10: 640/821 Loss: 1.463003
2026-08-16 23:01: Train Epoch 10: 660/821 Loss: 1.516010
2026-08-16 23:01: Train Epoch 10: 680/821 Loss: 1.464749
2026-08-16 23:01: Train Epoch 10: 700/821 Loss: 1.478712
2026-08-16 23:01: Train Epoch 10: 720/821 Loss: 1.430923
2026-08-16 23:01: Train Epoch 10: 740/821 Loss: 1.500570
2026-08-16 23:01: Train Epoch 10: 760/821 Loss: 1.456342
2026-08-16 23:01: Train Epoch 10: 780/821 Loss: 1.490315
2026-08-16 23:01: Train Epoch 10: 800/821 Loss: 1.438107
2026-08-16 23:01: Train Epoch 10: 820/821 Loss: 1.436445
2026-08-16 23:01: **********Train Epoch 10: averaged Loss: 1.485338, tf_ratio: 1.000000
2026-08-16 23:01: **********Val Epoch 10: average Loss: 1.809691
2026-08-16 23:01: Train Epoch 11: 0/821 Loss: 1.456826
2026-08-16 23:01: Train Epoch 11: 20/821 Loss: 1.545971
2026-08-16 23:01: Train Epoch 11: 40/821 Loss: 1.431995
2026-08-16 23:01: Train Epoch 11: 60/821 Loss: 1.504225
2026-08-16 23:01: Train Epoch 11: 80/821 Loss: 1.501041
2026-08-16 23:01: Train Epoch 11: 100/821 Loss: 1.504341
2026-08-16 23:02: Train Epoch 11: 120/821 Loss: 1.499594
2026-08-16 23:02: Train Epoch 11: 140/821 Loss: 1.417817
2026-08-16 23:02: Train Epoch 11: 160/821 Loss: 1.520858
2026-08-16 23:02: Train Epoch 11: 180/821 Loss: 1.459412
2026-08-16 23:02: Train Epoch 11: 200/821 Loss: 1.516080
2026-08-16 23:02: Train Epoch 11: 220/821 Loss: 1.442572
2026-08-16 23:02: Train Epoch 11: 240/821 Loss: 1.471104
2026-08-16 23:02: Train Epoch 11: 260/821 Loss: 1.498783
2026-08-16 23:02: Train Epoch 11: 280/821 Loss: 1.477612
2026-08-16 23:02: Train Epoch 11: 300/821 Loss: 1.440187
2026-08-16 23:02: Train Epoch 11: 320/821 Loss: 1.438793
2026-08-16 23:02: Train Epoch 11: 340/821 Loss: 1.472041
2026-08-16 23:02: Train Epoch 11: 360/821 Loss: 1.478211
2026-08-16 23:02: Train Epoch 11: 380/821 Loss: 1.447515
2026-08-16 23:02: Train Epoch 11: 400/821 Loss: 1.496872
2026-08-16 23:02: Train Epoch 11: 420/821 Loss: 1.453961
2026-08-16 23:02: Train Epoch 11: 440/821 Loss: 1.453691
2026-08-16 23:02: Train Epoch 11: 460/821 Loss: 1.463841
2026-08-16 23:02: Train Epoch 11: 480/821 Loss: 1.518003
2026-08-16 23:02: Train Epoch 11: 500/821 Loss: 1.426454
2026-08-16 23:02: Train Epoch 11: 520/821 Loss: 1.478270
2026-08-16 23:02: Train Epoch 11: 540/821 Loss: 1.496706
2026-08-16 23:03: Train Epoch 11: 560/821 Loss: 1.449458
2026-08-16 23:03: Train Epoch 11: 580/821 Loss: 1.464969
2026-08-16 23:03: Train Epoch 11: 600/821 Loss: 1.489497
2026-08-16 23:03: Train Epoch 11: 620/821 Loss: 1.458032
2026-08-16 23:03: Train Epoch 11: 640/821 Loss: 1.466566
2026-08-16 23:03: Train Epoch 11: 660/821 Loss: 1.474648
2026-08-16 23:03: Train Epoch 11: 680/821 Loss: 1.461631
2026-08-16 23:03: Train Epoch 11: 700/821 Loss: 1.403822
2026-08-16 23:03: Train Epoch 11: 720/821 Loss: 1.442070
2026-08-16 23:03: Train Epoch 11: 740/821 Loss: 1.506017
2026-08-16 23:03: Train Epoch 11: 760/821 Loss: 1.493904
2026-08-16 23:03: Train Epoch 11: 780/821 Loss: 1.499163
2026-08-16 23:03: Train Epoch 11: 800/821 Loss: 1.433153
2026-08-16 23:03: Train Epoch 11: 820/821 Loss: 1.429646
2026-08-16 23:03: **********Train Epoch 11: averaged Loss: 1.463323, tf_ratio: 1.000000
2026-08-16 23:03: **********Val Epoch 11: average Loss: 1.811555
2026-08-16 23:03: Train Epoch 12: 0/821 Loss: 1.458629
2026-08-16 23:03: Train Epoch 12: 20/821 Loss: 1.418053
2026-08-16 23:03: Train Epoch 12: 40/821 Loss: 1.497723
2026-08-16 23:03: Train Epoch 12: 60/821 Loss: 1.396145
2026-08-16 23:03: Train Epoch 12: 80/821 Loss: 1.477977
2026-08-16 23:03: Train Epoch 12: 100/821 Loss: 1.416217
2026-08-16 23:04: Train Epoch 12: 120/821 Loss: 1.448277
2026-08-16 23:04: Train Epoch 12: 140/821 Loss: 1.421832
2026-08-16 23:04: Train Epoch 12: 160/821 Loss: 1.438626
2026-08-16 23:04: Train Epoch 12: 180/821 Loss: 1.452857
2026-08-16 23:04: Train Epoch 12: 200/821 Loss: 1.519446
2026-08-16 23:04: Train Epoch 12: 220/821 Loss: 1.499912
2026-08-16 23:04: Train Epoch 12: 240/821 Loss: 1.487925
2026-08-16 23:04: Train Epoch 12: 260/821 Loss: 1.454165
2026-08-16 23:04: Train Epoch 12: 280/821 Loss: 1.452018
2026-08-16 23:04: Train Epoch 12: 300/821 Loss: 1.462542
2026-08-16 23:04: Train Epoch 12: 320/821 Loss: 1.414889
2026-08-16 23:04: Train Epoch 12: 340/821 Loss: 1.456031
2026-08-16 23:04: Train Epoch 12: 360/821 Loss: 1.470906
2026-08-16 23:04: Train Epoch 12: 380/821 Loss: 1.388798
2026-08-16 23:04: Train Epoch 12: 400/821 Loss: 1.467909
2026-08-16 23:04: Train Epoch 12: 420/821 Loss: 1.421205
2026-08-16 23:04: Train Epoch 12: 440/821 Loss: 1.419869
2026-08-16 23:04: Train Epoch 12: 460/821 Loss: 1.503566
2026-08-16 23:04: Train Epoch 12: 480/821 Loss: 1.448016
2026-08-16 23:04: Train Epoch 12: 500/821 Loss: 1.464558
2026-08-16 23:04: Train Epoch 12: 520/821 Loss: 1.398035
2026-08-16 23:04: Train Epoch 12: 540/821 Loss: 1.524722
2026-08-16 23:04: Train Epoch 12: 560/821 Loss: 1.452147
2026-08-16 23:05: Train Epoch 12: 580/821 Loss: 1.470491
2026-08-16 23:05: Train Epoch 12: 600/821 Loss: 1.446517
2026-08-16 23:05: Train Epoch 12: 620/821 Loss: 1.491507
2026-08-16 23:05: Train Epoch 12: 640/821 Loss: 1.409465
2026-08-16 23:05: Train Epoch 12: 660/821 Loss: 1.392720
2026-08-16 23:05: Train Epoch 12: 680/821 Loss: 1.462951
2026-08-16 23:05: Train Epoch 12: 700/821 Loss: 1.449515
2026-08-16 23:05: Train Epoch 12: 720/821 Loss: 1.418097
2026-08-16 23:05: Train Epoch 12: 740/821 Loss: 1.450584
2026-08-16 23:05: Train Epoch 12: 760/821 Loss: 1.436188
2026-08-16 23:05: Train Epoch 12: 780/821 Loss: 1.418253
2026-08-16 23:05: Train Epoch 12: 800/821 Loss: 1.453622
2026-08-16 23:05: Train Epoch 12: 820/821 Loss: 1.444571
2026-08-16 23:05: **********Train Epoch 12: averaged Loss: 1.440479, tf_ratio: 1.000000
2026-08-16 23:05: **********Val Epoch 12: average Loss: 1.806950
2026-08-16 23:05: Train Epoch 13: 0/821 Loss: 1.387057
2026-08-16 23:05: Train Epoch 13: 20/821 Loss: 1.401369
2026-08-16 23:05: Train Epoch 13: 40/821 Loss: 1.374700
2026-08-16 23:05: Train Epoch 13: 60/821 Loss: 1.405664
2026-08-16 23:05: Train Epoch 13: 80/821 Loss: 1.399337
2026-08-16 23:05: Train Epoch 13: 100/821 Loss: 1.466061
2026-08-16 23:06: Train Epoch 13: 120/821 Loss: 1.465748
2026-08-16 23:06: Train Epoch 13: 140/821 Loss: 1.417865
2026-08-16 23:06: Train Epoch 13: 160/821 Loss: 1.422186
2026-08-16 23:06: Train Epoch 13: 180/821 Loss: 1.455381
2026-08-16 23:06: Train Epoch 13: 200/821 Loss: 1.382674
2026-08-16 23:06: Train Epoch 13: 220/821 Loss: 1.447754
2026-08-16 23:06: Train Epoch 13: 240/821 Loss: 1.422215
2026-08-16 23:06: Train Epoch 13: 260/821 Loss: 1.490612
2026-08-16 23:06: Train Epoch 13: 280/821 Loss: 1.413466
2026-08-16 23:06: Train Epoch 13: 300/821 Loss: 1.442775
2026-08-16 23:06: Train Epoch 13: 320/821 Loss: 1.398839
2026-08-16 23:06: Train Epoch 13: 340/821 Loss: 1.370069
2026-08-16 23:06: Train Epoch 13: 360/821 Loss: 1.384266
2026-08-16 23:06: Train Epoch 13: 380/821 Loss: 1.382869
2026-08-16 23:06: Train Epoch 13: 400/821 Loss: 1.502246
2026-08-16 23:06: Train Epoch 13: 420/821 Loss: 1.442708
2026-08-16 23:06: Train Epoch 13: 440/821 Loss: 1.435151
2026-08-16 23:06: Train Epoch 13: 460/821 Loss: 1.420553
2026-08-16 23:06: Train Epoch 13: 480/821 Loss: 1.460098
2026-08-16 23:06: Train Epoch 13: 500/821 Loss: 1.472742
2026-08-16 23:06: Train Epoch 13: 520/821 Loss: 1.406487
2026-08-16 23:06: Train Epoch 13: 540/821 Loss: 1.425666
2026-08-16 23:07: Train Epoch 13: 560/821 Loss: 1.422208
2026-08-16 23:07: Train Epoch 13: 580/821 Loss: 1.446727
2026-08-16 23:07: Train Epoch 13: 600/821 Loss: 1.435664
2026-08-16 23:07: Train Epoch 13: 620/821 Loss: 1.343940
2026-08-16 23:07: Train Epoch 13: 640/821 Loss: 1.401070
2026-08-16 23:07: Train Epoch 13: 660/821 Loss: 1.440469
2026-08-16 23:07: Train Epoch 13: 680/821 Loss: 1.465359
2026-08-16 23:07: Train Epoch 13: 700/821 Loss: 1.406839
2026-08-16 23:07: Train Epoch 13: 720/821 Loss: 1.423469
2026-08-16 23:07: Train Epoch 13: 740/821 Loss: 1.405744
2026-08-16 23:07: Train Epoch 13: 760/821 Loss: 1.464866
2026-08-16 23:07: Train Epoch 13: 780/821 Loss: 1.395461
2026-08-16 23:07: Train Epoch 13: 800/821 Loss: 1.514866
2026-08-16 23:07: Train Epoch 13: 820/821 Loss: 1.355330
2026-08-16 23:07: **********Train Epoch 13: averaged Loss: 1.423415, tf_ratio: 1.000000
2026-08-16 23:07: **********Val Epoch 13: average Loss: 1.821851
2026-08-16 23:07: Train Epoch 14: 0/821 Loss: 1.371389
2026-08-16 23:07: Train Epoch 14: 20/821 Loss: 1.399731
2026-08-16 23:07: Train Epoch 14: 40/821 Loss: 1.397192
2026-08-16 23:07: Train Epoch 14: 60/821 Loss: 1.396796
2026-08-16 23:07: Train Epoch 14: 80/821 Loss: 1.420379
2026-08-16 23:07: Train Epoch 14: 100/821 Loss: 1.423437
2026-08-16 23:08: Train Epoch 14: 120/821 Loss: 1.430657
2026-08-16 23:08: Train Epoch 14: 140/821 Loss: 1.410856
2026-08-16 23:08: Train Epoch 14: 160/821 Loss: 1.402890
2026-08-16 23:08: Train Epoch 14: 180/821 Loss: 1.367141
2026-08-16 23:08: Train Epoch 14: 200/821 Loss: 1.396645
2026-08-16 23:08: Train Epoch 14: 220/821 Loss: 1.365792
2026-08-16 23:08: Train Epoch 14: 240/821 Loss: 1.425568
2026-08-16 23:08: Train Epoch 14: 260/821 Loss: 1.453061
2026-08-16 23:08: Train Epoch 14: 280/821 Loss: 1.413475
2026-08-16 23:08: Train Epoch 14: 300/821 Loss: 1.411285
2026-08-16 23:08: Train Epoch 14: 320/821 Loss: 1.396918
2026-08-16 23:08: Train Epoch 14: 340/821 Loss: 1.418639
2026-08-16 23:08: Train Epoch 14: 360/821 Loss: 1.378109
2026-08-16 23:08: Train Epoch 14: 380/821 Loss: 1.389282
2026-08-16 23:08: Train Epoch 14: 400/821 Loss: 1.444457
2026-08-16 23:08: Train Epoch 14: 420/821 Loss: 1.394935
2026-08-16 23:08: Train Epoch 14: 440/821 Loss: 1.346244
2026-08-16 23:08: Train Epoch 14: 460/821 Loss: 1.399331
2026-08-16 23:08: Train Epoch 14: 480/821 Loss: 1.366794
2026-08-16 23:08: Train Epoch 14: 500/821 Loss: 1.471119
2026-08-16 23:08: Train Epoch 14: 520/821 Loss: 1.422947
2026-08-16 23:08: Train Epoch 14: 540/821 Loss: 1.374014
2026-08-16 23:09: Train Epoch 14: 560/821 Loss: 1.408271
2026-08-16 23:09: Train Epoch 14: 580/821 Loss: 1.374647
2026-08-16 23:09: Train Epoch 14: 600/821 Loss: 1.436805
2026-08-16 23:09: Train Epoch 14: 620/821 Loss: 1.443179
2026-08-16 23:09: Train Epoch 14: 640/821 Loss: 1.411636
2026-08-16 23:09: Train Epoch 14: 660/821 Loss: 1.420592
2026-08-16 23:09: Train Epoch 14: 680/821 Loss: 1.427411
2026-08-16 23:09: Train Epoch 14: 700/821 Loss: 1.462047
2026-08-16 23:09: Train Epoch 14: 720/821 Loss: 1.374193
2026-08-16 23:09: Train Epoch 14: 740/821 Loss: 1.490626
2026-08-16 23:09: Train Epoch 14: 760/821 Loss: 1.420209
2026-08-16 23:09: Train Epoch 14: 780/821 Loss: 1.460276
2026-08-16 23:09: Train Epoch 14: 800/821 Loss: 1.371529
2026-08-16 23:09: Train Epoch 14: 820/821 Loss: 1.453650
2026-08-16 23:09: **********Train Epoch 14: averaged Loss: 1.407557, tf_ratio: 1.000000
2026-08-16 23:09: **********Val Epoch 14: average Loss: 1.820684
2026-08-16 23:09: Train Epoch 15: 0/821 Loss: 1.389921
2026-08-16 23:09: Train Epoch 15: 20/821 Loss: 1.311301
2026-08-16 23:09: Train Epoch 15: 40/821 Loss: 1.358591
2026-08-16 23:09: Train Epoch 15: 60/821 Loss: 1.414317
2026-08-16 23:09: Train Epoch 15: 80/821 Loss: 1.381557
2026-08-16 23:10: Train Epoch 15: 100/821 Loss: 1.353558
2026-08-16 23:10: Train Epoch 15: 120/821 Loss: 1.396435
2026-08-16 23:10: Train Epoch 15: 140/821 Loss: 1.370034
2026-08-16 23:10: Train Epoch 15: 160/821 Loss: 1.354202
2026-08-16 23:10: Train Epoch 15: 180/821 Loss: 1.374310
2026-08-16 23:10: Train Epoch 15: 200/821 Loss: 1.375517
2026-08-16 23:10: Train Epoch 15: 220/821 Loss: 1.460256
2026-08-16 23:10: Train Epoch 15: 240/821 Loss: 1.417083
2026-08-16 23:10: Train Epoch 15: 260/821 Loss: 1.384370
2026-08-16 23:10: Train Epoch 15: 280/821 Loss: 1.424007
2026-08-16 23:10: Train Epoch 15: 300/821 Loss: 1.370650
2026-08-16 23:10: Train Epoch 15: 320/821 Loss: 1.418400
2026-08-16 23:10: Train Epoch 15: 340/821 Loss: 1.338815
2026-08-16 23:10: Train Epoch 15: 360/821 Loss: 1.373855
2026-08-16 23:10: Train Epoch 15: 380/821 Loss: 1.381311
2026-08-16 23:10: Train Epoch 15: 400/821 Loss: 1.370043
2026-08-16 23:10: Train Epoch 15: 420/821 Loss: 1.367969
2026-08-16 23:10: Train Epoch 15: 440/821 Loss: 1.360129
2026-08-16 23:10: Train Epoch 15: 460/821 Loss: 1.381146
2026-08-16 23:10: Train Epoch 15: 480/821 Loss: 1.373419
2026-08-16 23:10: Train Epoch 15: 500/821 Loss: 1.346359
2026-08-16 23:10: Train Epoch 15: 520/821 Loss: 1.366574
2026-08-16 23:11: Train Epoch 15: 540/821 Loss: 1.382784
2026-08-16 23:11: Train Epoch 15: 560/821 Loss: 1.445837
2026-08-16 23:11: Train Epoch 15: 580/821 Loss: 1.384593
2026-08-16 23:11: Train Epoch 15: 600/821 Loss: 1.389911
2026-08-16 23:11: Train Epoch 15: 620/821 Loss: 1.395064
2026-08-16 23:11: Train Epoch 15: 640/821 Loss: 1.430873
2026-08-16 23:11: Train Epoch 15: 660/821 Loss: 1.398617
2026-08-16 23:11: Train Epoch 15: 680/821 Loss: 1.350916
2026-08-16 23:11: Train Epoch 15: 700/821 Loss: 1.461075
2026-08-16 23:11: Train Epoch 15: 720/821 Loss: 1.422785
2026-08-16 23:11: Train Epoch 15: 740/821 Loss: 1.428830
2026-08-16 23:11: Train Epoch 15: 760/821 Loss: 1.390095
2026-08-16 23:11: Train Epoch 15: 780/821 Loss: 1.358377
2026-08-16 23:11: Train Epoch 15: 800/821 Loss: 1.355838
2026-08-16 23:11: Train Epoch 15: 820/821 Loss: 1.402039
2026-08-16 23:11: **********Train Epoch 15: averaged Loss: 1.394199, tf_ratio: 1.000000
2026-08-16 23:11: **********Val Epoch 15: average Loss: 1.815023
2026-08-16 23:11: Train Epoch 16: 0/821 Loss: 1.363187
2026-08-16 23:11: Train Epoch 16: 20/821 Loss: 1.409591
2026-08-16 23:11: Train Epoch 16: 40/821 Loss: 1.389430
2026-08-16 23:11: Train Epoch 16: 60/821 Loss: 1.379898
2026-08-16 23:11: Train Epoch 16: 80/821 Loss: 1.361610
2026-08-16 23:12: Train Epoch 16: 100/821 Loss: 1.421857
2026-08-16 23:12: Train Epoch 16: 120/821 Loss: 1.382329
2026-08-16 23:12: Train Epoch 16: 140/821 Loss: 1.375127
2026-08-16 23:12: Train Epoch 16: 160/821 Loss: 1.419293
2026-08-16 23:12: Train Epoch 16: 180/821 Loss: 1.354445
2026-08-16 23:12: Train Epoch 16: 200/821 Loss: 1.397412
2026-08-16 23:12: Train Epoch 16: 220/821 Loss: 1.381060
2026-08-16 23:12: Train Epoch 16: 240/821 Loss: 1.386441
2026-08-16 23:12: Train Epoch 16: 260/821 Loss: 1.432902
2026-08-16 23:12: Train Epoch 16: 280/821 Loss: 1.390393
2026-08-16 23:12: Train Epoch 16: 300/821 Loss: 1.356901
2026-08-16 23:12: Train Epoch 16: 320/821 Loss: 1.399489
2026-08-16 23:12: Train Epoch 16: 340/821 Loss: 1.420331
2026-08-16 23:12: Train Epoch 16: 360/821 Loss: 1.355597
2026-08-16 23:12: Train Epoch 16: 380/821 Loss: 1.349225
2026-08-16 23:12: Train Epoch 16: 400/821 Loss: 1.430449
2026-08-16 23:12: Train Epoch 16: 420/821 Loss: 1.365808
2026-08-16 23:12: Train Epoch 16: 440/821 Loss: 1.360157
2026-08-16 23:12: Train Epoch 16: 460/821 Loss: 1.370272
2026-08-16 23:12: Train Epoch 16: 480/821 Loss: 1.350193
2026-08-16 23:12: Train Epoch 16: 500/821 Loss: 1.381130
2026-08-16 23:12: Train Epoch 16: 520/821 Loss: 1.337384
2026-08-16 23:13: Train Epoch 16: 540/821 Loss: 1.372844
2026-08-16 23:13: Train Epoch 16: 560/821 Loss: 1.344290
2026-08-16 23:13: Train Epoch 16: 580/821 Loss: 1.411175
2026-08-16 23:13: Train Epoch 16: 600/821 Loss: 1.329104
2026-08-16 23:13: Train Epoch 16: 620/821 Loss: 1.368931
2026-08-16 23:13: Train Epoch 16: 640/821 Loss: 1.350612
2026-08-16 23:13: Train Epoch 16: 660/821 Loss: 1.431980
2026-08-16 23:13: Train Epoch 16: 680/821 Loss: 1.361530
2026-08-16 23:13: Train Epoch 16: 700/821 Loss: 1.380594
2026-08-16 23:13: Train Epoch 16: 720/821 Loss: 1.365302
2026-08-16 23:13: Train Epoch 16: 740/821 Loss: 1.406019
2026-08-16 23:13: Train Epoch 16: 760/821 Loss: 1.358177
2026-08-16 23:13: Train Epoch 16: 780/821 Loss: 1.449259
2026-08-16 23:13: Train Epoch 16: 800/821 Loss: 1.379856
2026-08-16 23:13: Train Epoch 16: 820/821 Loss: 1.339731
2026-08-16 23:13: **********Train Epoch 16: averaged Loss: 1.380342, tf_ratio: 1.000000
2026-08-16 23:13: **********Val Epoch 16: average Loss: 1.822978
2026-08-16 23:13: Train Epoch 17: 0/821 Loss: 1.337939
2026-08-16 23:13: Train Epoch 17: 20/821 Loss: 1.465043
2026-08-16 23:13: Train Epoch 17: 40/821 Loss: 1.432218
2026-08-16 23:13: Train Epoch 17: 60/821 Loss: 1.364277
2026-08-16 23:14: Train Epoch 17: 80/821 Loss: 1.390134
2026-08-16 23:14: Train Epoch 17: 100/821 Loss: 1.352651
2026-08-16 23:14: Train Epoch 17: 120/821 Loss: 1.337070
2026-08-16 23:14: Train Epoch 17: 140/821 Loss: 1.324636
2026-08-16 23:14: Train Epoch 17: 160/821 Loss: 1.375782
2026-08-16 23:14: Train Epoch 17: 180/821 Loss: 1.352500
2026-08-16 23:14: Train Epoch 17: 200/821 Loss: 1.363613
2026-08-16 23:14: Train Epoch 17: 220/821 Loss: 1.301092
2026-08-16 23:14: Train Epoch 17: 240/821 Loss: 1.381346
2026-08-16 23:14: Train Epoch 17: 260/821 Loss: 1.355723
2026-08-16 23:14: Train Epoch 17: 280/821 Loss: 1.488621
2026-08-16 23:14: Train Epoch 17: 300/821 Loss: 1.320536
2026-08-16 23:14: Train Epoch 17: 320/821 Loss: 1.411912
2026-08-16 23:14: Train Epoch 17: 340/821 Loss: 1.349573
2026-08-16 23:14: Train Epoch 17: 360/821 Loss: 1.349052
2026-08-16 23:14: Train Epoch 17: 380/821 Loss: 1.348260
2026-08-16 23:14: Train Epoch 17: 400/821 Loss: 1.435605
2026-08-16 23:14: Train Epoch 17: 420/821 Loss: 1.390907
2026-08-16 23:14: Train Epoch 17: 440/821 Loss: 1.381823
2026-08-16 23:14: Train Epoch 17: 460/821 Loss: 1.416844
2026-08-16 23:14: Train Epoch 17: 480/821 Loss: 1.410152
2026-08-16 23:14: Train Epoch 17: 500/821 Loss: 1.366956
2026-08-16 23:15: Train Epoch 17: 520/821 Loss: 1.382094
2026-08-16 23:15: Train Epoch 17: 540/821 Loss: 1.397808
2026-08-16 23:15: Train Epoch 17: 560/821 Loss: 1.369254
2026-08-16 23:15: Train Epoch 17: 580/821 Loss: 1.390632
2026-08-16 23:15: Train Epoch 17: 600/821 Loss: 1.326095
2026-08-16 23:15: Train Epoch 17: 620/821 Loss: 1.363613
2026-08-16 23:15: Train Epoch 17: 640/821 Loss: 1.408341
2026-08-16 23:15: Train Epoch 17: 660/821 Loss: 1.338738
2026-08-16 23:15: Train Epoch 17: 680/821 Loss: 1.365855
2026-08-16 23:15: Train Epoch 17: 700/821 Loss: 1.318526
2026-08-16 23:15: Train Epoch 17: 720/821 Loss: 1.444029
2026-08-16 23:15: Train Epoch 17: 740/821 Loss: 1.335986
2026-08-16 23:15: Train Epoch 17: 760/821 Loss: 1.407408
2026-08-16 23:15: Train Epoch 17: 780/821 Loss: 1.372921
2026-08-16 23:15: Train Epoch 17: 800/821 Loss: 1.356951
2026-08-16 23:15: Train Epoch 17: 820/821 Loss: 1.375678
2026-08-16 23:15: **********Train Epoch 17: averaged Loss: 1.367208, tf_ratio: 1.000000
2026-08-16 23:15: **********Val Epoch 17: average Loss: 1.818428
2026-08-16 23:15: Train Epoch 18: 0/821 Loss: 1.334304
2026-08-16 23:15: Train Epoch 18: 20/821 Loss: 1.375297
2026-08-16 23:15: Train Epoch 18: 40/821 Loss: 1.363626
2026-08-16 23:16: Train Epoch 18: 60/821 Loss: 1.379870
2026-08-16 23:16: Train Epoch 18: 80/821 Loss: 1.347122
2026-08-16 23:16: Train Epoch 18: 100/821 Loss: 1.370954
2026-08-16 23:16: Train Epoch 18: 120/821 Loss: 1.315241
2026-08-16 23:16: Train Epoch 18: 140/821 Loss: 1.346438
2026-08-16 23:16: Train Epoch 18: 160/821 Loss: 1.353413
2026-08-16 23:16: Train Epoch 18: 180/821 Loss: 1.357904
2026-08-16 23:16: Train Epoch 18: 200/821 Loss: 1.339840
2026-08-16 23:16: Train Epoch 18: 220/821 Loss: 1.356455
2026-08-16 23:16: Train Epoch 18: 240/821 Loss: 1.371100
2026-08-16 23:16: Train Epoch 18: 260/821 Loss: 1.315157
2026-08-16 23:16: Train Epoch 18: 280/821 Loss: 1.360777
2026-08-16 23:16: Train Epoch 18: 300/821 Loss: 1.318438
2026-08-16 23:16: Train Epoch 18: 320/821 Loss: 1.280652
2026-08-16 23:16: Train Epoch 18: 340/821 Loss: 1.351538
2026-08-16 23:16: Train Epoch 18: 360/821 Loss: 1.325049
2026-08-16 23:16: Train Epoch 18: 380/821 Loss: 1.365640
2026-08-16 23:16: Train Epoch 18: 400/821 Loss: 1.326417
2026-08-16 23:16: Train Epoch 18: 420/821 Loss: 1.346707
2026-08-16 23:16: Train Epoch 18: 440/821 Loss: 1.365783
2026-08-16 23:16: Train Epoch 18: 460/821 Loss: 1.422850
2026-08-16 23:16: Train Epoch 18: 480/821 Loss: 1.372052
2026-08-16 23:17: Train Epoch 18: 500/821 Loss: 1.410508
2026-08-16 23:17: Train Epoch 18: 520/821 Loss: 1.365235
2026-08-16 23:17: Train Epoch 18: 540/821 Loss: 1.375920
2026-08-16 23:17: Train Epoch 18: 560/821 Loss: 1.353641
2026-08-16 23:17: Train Epoch 18: 580/821 Loss: 1.338663
2026-08-16 23:17: Train Epoch 18: 600/821 Loss: 1.332883
2026-08-16 23:17: Train Epoch 18: 620/821 Loss: 1.344191
2026-08-16 23:17: Train Epoch 18: 640/821 Loss: 1.395204
2026-08-16 23:17: Train Epoch 18: 660/821 Loss: 1.343819
2026-08-16 23:17: Train Epoch 18: 680/821 Loss: 1.376865
2026-08-16 23:17: Train Epoch 18: 700/821 Loss: 1.383937
2026-08-16 23:17: Train Epoch 18: 720/821 Loss: 1.350143
2026-08-16 23:17: Train Epoch 18: 740/821 Loss: 1.360613
2026-08-16 23:17: Train Epoch 18: 760/821 Loss: 1.377265
2026-08-16 23:17: Train Epoch 18: 780/821 Loss: 1.353904
2026-08-16 23:17: Train Epoch 18: 800/821 Loss: 1.322113
2026-08-16 23:17: Train Epoch 18: 820/821 Loss: 1.373694
2026-08-16 23:17: **********Train Epoch 18: averaged Loss: 1.359187, tf_ratio: 1.000000
2026-08-16 23:17: **********Val Epoch 18: average Loss: 1.820418
2026-08-16 23:17: Train Epoch 19: 0/821 Loss: 1.307170
2026-08-16 23:17: Train Epoch 19: 20/821 Loss: 1.368546
2026-08-16 23:18: Train Epoch 19: 40/821 Loss: 1.282657
2026-08-16 23:18: Train Epoch 19: 60/821 Loss: 1.353720
2026-08-16 23:18: Train Epoch 19: 80/821 Loss: 1.325745
2026-08-16 23:18: Train Epoch 19: 100/821 Loss: 1.316163
2026-08-16 23:18: Train Epoch 19: 120/821 Loss: 1.363722
2026-08-16 23:18: Train Epoch 19: 140/821 Loss: 1.358400
2026-08-16 23:18: Train Epoch 19: 160/821 Loss: 1.316442
2026-08-16 23:18: Train Epoch 19: 180/821 Loss: 1.392014
2026-08-16 23:18: Train Epoch 19: 200/821 Loss: 1.392720
2026-08-16 23:18: Train Epoch 19: 220/821 Loss: 1.317788
2026-08-16 23:18: Train Epoch 19: 240/821 Loss: 1.303021
2026-08-16 23:18: Train Epoch 19: 260/821 Loss: 1.342966
2026-08-16 23:18: Train Epoch 19: 280/821 Loss: 1.303919
2026-08-16 23:18: Train Epoch 19: 300/821 Loss: 1.304989
2026-08-16 23:18: Train Epoch 19: 320/821 Loss: 1.338019
2026-08-16 23:18: Train Epoch 19: 340/821 Loss: 1.369066
2026-08-16 23:18: Train Epoch 19: 360/821 Loss: 1.333406
2026-08-16 23:18: Train Epoch 19: 380/821 Loss: 1.333178
2026-08-16 23:18: Train Epoch 19: 400/821 Loss: 1.416304
2026-08-16 23:18: Train Epoch 19: 420/821 Loss: 1.337514
2026-08-16 23:18: Train Epoch 19: 440/821 Loss: 1.358304
2026-08-16 23:18: Train Epoch 19: 460/821 Loss: 1.307290
2026-08-16 23:19: Train Epoch 19: 480/821 Loss: 1.327979
2026-08-16 23:19: Train Epoch 19: 500/821 Loss: 1.421431
2026-08-16 23:19: Train Epoch 19: 520/821 Loss: 1.358033
2026-08-16 23:19: Train Epoch 19: 540/821 Loss: 1.349582
2026-08-16 23:19: Train Epoch 19: 560/821 Loss: 1.335286
2026-08-16 23:19: Train Epoch 19: 580/821 Loss: 1.411629
2026-08-16 23:19: Train Epoch 19: 600/821 Loss: 1.346621
2026-08-16 23:19: Train Epoch 19: 620/821 Loss: 1.291093
2026-08-16 23:19: Train Epoch 19: 640/821 Loss: 1.335260
2026-08-16 23:19: Train Epoch 19: 660/821 Loss: 1.314524
2026-08-16 23:19: Train Epoch 19: 680/821 Loss: 1.325700
2026-08-16 23:19: Train Epoch 19: 700/821 Loss: 1.370332
2026-08-16 23:19: Train Epoch 19: 720/821 Loss: 1.397364
2026-08-16 23:19: Train Epoch 19: 740/821 Loss: 1.352276
2026-08-16 23:19: Train Epoch 19: 760/821 Loss: 1.354020
2026-08-16 23:19: Train Epoch 19: 780/821 Loss: 1.329786
2026-08-16 23:19: Train Epoch 19: 800/821 Loss: 1.349784
2026-08-16 23:19: Train Epoch 19: 820/821 Loss: 1.345484
2026-08-16 23:19: **********Train Epoch 19: averaged Loss: 1.345622, tf_ratio: 1.000000
2026-08-16 23:19: **********Val Epoch 19: average Loss: 1.833612
2026-08-16 23:19: Train Epoch 20: 0/821 Loss: 1.355998
2026-08-16 23:20: Train Epoch 20: 20/821 Loss: 1.294208
2026-08-16 23:20: Train Epoch 20: 40/821 Loss: 1.308261
2026-08-16 23:20: Train Epoch 20: 60/821 Loss: 1.336362
2026-08-16 23:20: Train Epoch 20: 80/821 Loss: 1.307672
2026-08-16 23:20: Train Epoch 20: 100/821 Loss: 1.274857
2026-08-16 23:20: Train Epoch 20: 120/821 Loss: 1.371017
2026-08-16 23:20: Train Epoch 20: 140/821 Loss: 1.311836
2026-08-16 23:20: Train Epoch 20: 160/821 Loss: 1.350002
2026-08-16 23:20: Train Epoch 20: 180/821 Loss: 1.298591
2026-08-16 23:20: Train Epoch 20: 200/821 Loss: 1.288971
2026-08-16 23:20: Train Epoch 20: 220/821 Loss: 1.358583
2026-08-16 23:20: Train Epoch 20: 240/821 Loss: 1.333703
2026-08-16 23:20: Train Epoch 20: 260/821 Loss: 1.332597
2026-08-16 23:20: Train Epoch 20: 280/821 Loss: 1.420338
2026-08-16 23:20: Train Epoch 20: 300/821 Loss: 1.328120
2026-08-16 23:20: Train Epoch 20: 320/821 Loss: 1.338521
2026-08-16 23:20: Train Epoch 20: 340/821 Loss: 1.374360
2026-08-16 23:20: Train Epoch 20: 360/821 Loss: 1.405400
2026-08-16 23:20: Train Epoch 20: 380/821 Loss: 1.332897
2026-08-16 23:20: Train Epoch 20: 400/821 Loss: 1.329905
2026-08-16 23:20: Train Epoch 20: 420/821 Loss: 1.311106
2026-08-16 23:20: Train Epoch 20: 440/821 Loss: 1.381864
2026-08-16 23:21: Train Epoch 20: 460/821 Loss: 1.321684
2026-08-16 23:21: Train Epoch 20: 480/821 Loss: 1.340059
2026-08-16 23:21: Train Epoch 20: 500/821 Loss: 1.280676
2026-08-16 23:21: Train Epoch 20: 520/821 Loss: 1.393690
2026-08-16 23:21: Train Epoch 20: 540/821 Loss: 1.335266
2026-08-16 23:21: Train Epoch 20: 560/821 Loss: 1.358601
2026-08-16 23:21: Train Epoch 20: 580/821 Loss: 1.344095
2026-08-16 23:21: Train Epoch 20: 600/821 Loss: 1.343476
2026-08-16 23:21: Train Epoch 20: 620/821 Loss: 1.335997
2026-08-16 23:21: Train Epoch 20: 640/821 Loss: 1.320577
2026-08-16 23:21: Train Epoch 20: 660/821 Loss: 1.316772
2026-08-16 23:21: Train Epoch 20: 680/821 Loss: 1.347697
2026-08-16 23:21: Train Epoch 20: 700/821 Loss: 1.299303
2026-08-16 23:21: Train Epoch 20: 720/821 Loss: 1.330919
2026-08-16 23:21: Train Epoch 20: 740/821 Loss: 1.348829
2026-08-16 23:21: Train Epoch 20: 760/821 Loss: 1.296032
2026-08-16 23:21: Train Epoch 20: 780/821 Loss: 1.356457
2026-08-16 23:21: Train Epoch 20: 800/821 Loss: 1.331280
2026-08-16 23:21: Train Epoch 20: 820/821 Loss: 1.275938
2026-08-16 23:21: **********Train Epoch 20: averaged Loss: 1.336097, tf_ratio: 1.000000
2026-08-16 23:22: **********Val Epoch 20: average Loss: 1.824743
2026-08-16 23:22: Train Epoch 21: 0/821 Loss: 1.341460
2026-08-16 23:22: Train Epoch 21: 20/821 Loss: 1.329399
2026-08-16 23:22: Train Epoch 21: 40/821 Loss: 1.365329
2026-08-16 23:22: Train Epoch 21: 60/821 Loss: 1.305308
2026-08-16 23:22: Train Epoch 21: 80/821 Loss: 1.378370
2026-08-16 23:22: Train Epoch 21: 100/821 Loss: 1.280808
2026-08-16 23:22: Train Epoch 21: 120/821 Loss: 1.331500
2026-08-16 23:22: Train Epoch 21: 140/821 Loss: 1.345654
2026-08-16 23:22: Train Epoch 21: 160/821 Loss: 1.363423
2026-08-16 23:22: Train Epoch 21: 180/821 Loss: 1.369744
2026-08-16 23:22: Train Epoch 21: 200/821 Loss: 1.296139
2026-08-16 23:22: Train Epoch 21: 220/821 Loss: 1.326398
2026-08-16 23:22: Train Epoch 21: 240/821 Loss: 1.305899
2026-08-16 23:22: Train Epoch 21: 260/821 Loss: 1.339859
2026-08-16 23:22: Train Epoch 21: 280/821 Loss: 1.332337
2026-08-16 23:22: Train Epoch 21: 300/821 Loss: 1.318464
2026-08-16 23:22: Train Epoch 21: 320/821 Loss: 1.307481
2026-08-16 23:22: Train Epoch 21: 340/821 Loss: 1.318552
2026-08-16 23:22: Train Epoch 21: 360/821 Loss: 1.306718
2026-08-16 23:22: Train Epoch 21: 380/821 Loss: 1.363588
2026-08-16 23:22: Train Epoch 21: 400/821 Loss: 1.364185
2026-08-16 23:22: Train Epoch 21: 420/821 Loss: 1.336195
2026-08-16 23:23: Train Epoch 21: 440/821 Loss: 1.355081
2026-08-16 23:23: Train Epoch 21: 460/821 Loss: 1.381690
2026-08-16 23:23: Train Epoch 21: 480/821 Loss: 1.295090
2026-08-16 23:23: Train Epoch 21: 500/821 Loss: 1.300351
2026-08-16 23:23: Train Epoch 21: 520/821 Loss: 1.300614
2026-08-16 23:23: Train Epoch 21: 540/821 Loss: 1.303265
2026-08-16 23:23: Train Epoch 21: 560/821 Loss: 1.374981
2026-08-16 23:23: Train Epoch 21: 580/821 Loss: 1.331856
2026-08-16 23:23: Train Epoch 21: 600/821 Loss: 1.296956
2026-08-16 23:23: Train Epoch 21: 620/821 Loss: 1.380561
2026-08-16 23:23: Train Epoch 21: 640/821 Loss: 1.347471
2026-08-16 23:23: Train Epoch 21: 660/821 Loss: 1.361034
2026-08-16 23:23: Train Epoch 21: 680/821 Loss: 1.334608
2026-08-16 23:23: Train Epoch 21: 700/821 Loss: 1.316093
2026-08-16 23:23: Train Epoch 21: 720/821 Loss: 1.336314
2026-08-16 23:23: Train Epoch 21: 740/821 Loss: 1.367868
2026-08-16 23:23: Train Epoch 21: 760/821 Loss: 1.314992
2026-08-16 23:23: Train Epoch 21: 780/821 Loss: 1.288659
2026-08-16 23:23: Train Epoch 21: 800/821 Loss: 1.348202
2026-08-16 23:23: Train Epoch 21: 820/821 Loss: 1.298212
2026-08-16 23:23: **********Train Epoch 21: averaged Loss: 1.330348, tf_ratio: 1.000000
2026-08-16 23:24: **********Val Epoch 21: average Loss: 1.814508
2026-08-16 23:24: Train Epoch 22: 0/821 Loss: 1.290560
2026-08-16 23:24: Train Epoch 22: 20/821 Loss: 1.332594
2026-08-16 23:24: Train Epoch 22: 40/821 Loss: 1.265486
2026-08-16 23:24: Train Epoch 22: 60/821 Loss: 1.263777
2026-08-16 23:24: Train Epoch 22: 80/821 Loss: 1.324644
2026-08-16 23:24: Train Epoch 22: 100/821 Loss: 1.325356
2026-08-16 23:24: Train Epoch 22: 120/821 Loss: 1.303730
2026-08-16 23:24: Train Epoch 22: 140/821 Loss: 1.331602
2026-08-16 23:24: Train Epoch 22: 160/821 Loss: 1.305204
2026-08-16 23:24: Train Epoch 22: 180/821 Loss: 1.293577
2026-08-16 23:24: Train Epoch 22: 200/821 Loss: 1.309148
2026-08-16 23:24: Train Epoch 22: 220/821 Loss: 1.284978
2026-08-16 23:24: Train Epoch 22: 240/821 Loss: 1.311319
2026-08-16 23:24: Train Epoch 22: 260/821 Loss: 1.373234
2026-08-16 23:24: Train Epoch 22: 280/821 Loss: 1.299246
2026-08-16 23:24: Train Epoch 22: 300/821 Loss: 1.304770
2026-08-16 23:24: Train Epoch 22: 320/821 Loss: 1.296941
2026-08-16 23:24: Train Epoch 22: 340/821 Loss: 1.318011
2026-08-16 23:24: Train Epoch 22: 360/821 Loss: 1.302688
2026-08-16 23:24: Train Epoch 22: 380/821 Loss: 1.284744
2026-08-16 23:25: Train Epoch 22: 400/821 Loss: 1.305271
2026-08-16 23:25: Train Epoch 22: 420/821 Loss: 1.353089
2026-08-16 23:25: Train Epoch 22: 440/821 Loss: 1.300035
2026-08-16 23:25: Train Epoch 22: 460/821 Loss: 1.340786
2026-08-16 23:25: Train Epoch 22: 480/821 Loss: 1.319870
2026-08-16 23:25: Train Epoch 22: 500/821 Loss: 1.353011
2026-08-16 23:25: Train Epoch 22: 520/821 Loss: 1.329033
2026-08-16 23:25: Train Epoch 22: 540/821 Loss: 1.285971
2026-08-16 23:25: Train Epoch 22: 560/821 Loss: 1.387770
2026-08-16 23:25: Train Epoch 22: 580/821 Loss: 1.326911
2026-08-16 23:25: Train Epoch 22: 600/821 Loss: 1.301195
2026-08-16 23:25: Train Epoch 22: 620/821 Loss: 1.303113
2026-08-16 23:25: Train Epoch 22: 640/821 Loss: 1.282307
2026-08-16 23:25: Train Epoch 22: 660/821 Loss: 1.288250
2026-08-16 23:25: Train Epoch 22: 680/821 Loss: 1.336791
2026-08-16 23:25: Train Epoch 22: 700/821 Loss: 1.269895
2026-08-16 23:25: Train Epoch 22: 720/821 Loss: 1.353926
2026-08-16 23:25: Train Epoch 22: 740/821 Loss: 1.307347
2026-08-16 23:25: Train Epoch 22: 760/821 Loss: 1.316958
2026-08-16 23:25: Train Epoch 22: 780/821 Loss: 1.277978
2026-08-16 23:25: Train Epoch 22: 800/821 Loss: 1.387643
2026-08-16 23:26: Train Epoch 22: 820/821 Loss: 1.307515
2026-08-16 23:26: **********Train Epoch 22: averaged Loss: 1.320803, tf_ratio: 1.000000
2026-08-16 23:26: **********Val Epoch 22: average Loss: 1.826251
2026-08-16 23:26: Validation performance didn't improve for 15 epochs. Training stops.
2026-08-16 23:26: Total training time: 45.1644min, best loss: 1.792128
2026-08-16 23:26: Saving current best model to /scratch/chkkar002/Diffusion_Based_STGNNs/AGCRN/model/experiments/SAWS/trial13_20260816224059/best_model.pth
2026-08-16 23:26: Horizon 01, MAE: 0.87, RMSE: 1.22, MAPE: 7.7046%
2026-08-16 23:26: Horizon 02, MAE: 1.09, RMSE: 1.52, MAPE: 9.2063%
2026-08-16 23:26: Horizon 03, MAE: 1.28, RMSE: 1.77, MAPE: 10.7574%
2026-08-16 23:26: Horizon 04, MAE: 1.41, RMSE: 1.94, MAPE: 11.7954%
2026-08-16 23:26: Horizon 05, MAE: 1.54, RMSE: 2.11, MAPE: 12.9607%
2026-08-16 23:26: Horizon 06, MAE: 1.65, RMSE: 2.25, MAPE: 13.9056%
2026-08-16 23:26: Horizon 07, MAE: 1.72, RMSE: 2.35, MAPE: 14.3252%
2026-08-16 23:26: Horizon 08, MAE: 1.79, RMSE: 2.44, MAPE: 14.8722%
2026-08-16 23:26: Horizon 09, MAE: 1.85, RMSE: 2.51, MAPE: 15.4211%
2026-08-16 23:26: Horizon 10, MAE: 1.89, RMSE: 2.57, MAPE: 15.7270%
2026-08-16 23:26: Horizon 11, MAE: 1.93, RMSE: 2.62, MAPE: 16.1493%
2026-08-16 23:26: Horizon 12, MAE: 1.97, RMSE: 2.66, MAPE: 16.3809%
2026-08-16 23:26: Horizon 13, MAE: 1.99, RMSE: 2.69, MAPE: 16.6284%
2026-08-16 23:26: Horizon 14, MAE: 2.03, RMSE: 2.74, MAPE: 17.2403%
2026-08-16 23:26: Horizon 15, MAE: 2.05, RMSE: 2.77, MAPE: 17.4081%
2026-08-16 23:26: Horizon 16, MAE: 2.07, RMSE: 2.80, MAPE: 17.6126%
2026-08-16 23:26: Horizon 17, MAE: 2.10, RMSE: 2.83, MAPE: 17.9684%
2026-08-16 23:26: Horizon 18, MAE: 2.10, RMSE: 2.84, MAPE: 18.0500%
2026-08-16 23:26: Horizon 19, MAE: 2.12, RMSE: 2.86, MAPE: 18.1758%
2026-08-16 23:26: Horizon 20, MAE: 2.14, RMSE: 2.89, MAPE: 18.4592%
2026-08-16 23:26: Horizon 21, MAE: 2.17, RMSE: 2.92, MAPE: 18.6189%
2026-08-16 23:26: Horizon 22, MAE: 2.19, RMSE: 2.95, MAPE: 18.7211%
2026-08-16 23:26: Horizon 23, MAE: 2.20, RMSE: 2.98, MAPE: 18.8876%
2026-08-16 23:26: Horizon 24, MAE: 2.24, RMSE: 3.02, MAPE: 19.2339%
2026-08-16 23:26: Average Horizon, MAE: 1.85, RMSE: 2.55, MAPE: 15.6754%
