----------------- Options ---------------
               batch_size: 128                           	[default: 64]
                     beta: 1.0                           
          checkpoints_dir: ./checkpoints/SAWS            	[default: ./checkpoints]
                   config: config1                       
           continue_train: False                         
            covariate_dim: 0                             
             dataset_mode: SAWS                          	[default: ]
               delete_col: ['u_speed', 'v_speed', 'latitude', 'longitude']
        enable_curriculum: False                         
           enable_neptune: False                         
               enable_val: True                          	[default: False]
            enable_visual: False                         
                    epoch: latest                        
              epoch_count: 0                             
          eval_epoch_freq: 10                            	[default: 1]
                file_time: 20260815T180811               	[default: None]
                  gpu_ids: 3                             	[default: -1]
                init_gain: 0.02                          
                init_type: xavier                        
                  isTrain: True                          	[default: None]
                load_iter: 0                             	[default: 0]
                       lr: 0.001                         
           lr_decay_iters: 50                            
                lr_policy: cosine                        
         max_dataset_size: inf                           
                    model: gwavenet                      	[default: ]
                 n_epochs: 300                           
           n_epochs_decay: 0                             
          n_epochs_target: 100                           
 n_epochs_target_increase: 150                           
                     name: gwavenet_NA_20260815T180811   	[default: None]
          neptune_project:                               
            neptune_token:                               
              num_threads: 4                             	[default: 0]
         num_train_target: 3                             
     num_train_target_end: 6                             
                    phase: train                         
                pred_attr: NA                            	[default: PM25_Concentration]
                 pretrain: NA                            	[default: ]
               print_freq: 20                            
                save_best: True                          	[default: False]
          save_epoch_freq: 100                           
                     seed: 2030                          	[default: 2023]
           serial_batches: False                         
              spatial_dim: 64                            
                    t_len: 24                            
              total_iters: 0                             
                  use_adj: True                          
                  verbose: False                         
                    y_dim: 1                             
----------------- End -------------------
----------------- Model Configurations ---------------
                embed_dim: 32                            
                  end_dim: 64                            
               mask_ratio: 0.75                          
                  dropout: 0.2                           
----------------- End -------------------
Traceback (most recent call last):
  File "/scratch/chkkar002/Diffusion_Based_STGNNs/USTD/train.py", line 15, in <module>
    opt, model_config = TrainOptions().parse()   # get training options
  File "/scratch/chkkar002/Diffusion_Based_STGNNs/USTD/options/base_options.py", line 172, in parse
    torch.cuda.set_device(opt.gpu_ids[0])
  File "/home/chkkar002/envs/diffstg/lib64/python3.9/site-packages/torch/cuda/__init__.py", line 569, in set_device
    torch._C._cuda_setDevice(device)
torch.AcceleratorError: CUDA error: invalid device ordinal
CUDA kernel errors might be asynchronously reported at some other API call, so the stacktrace below might be incorrect.
For debugging consider passing CUDA_LAUNCH_BLOCKING=1
Compile with `TORCH_USE_CUDA_DSA` to enable device-side assertions.

----------------- Options ---------------
               batch_size: 128                           	[default: 64]
                     beta: 1.0                           
          checkpoints_dir: ./checkpoints/SAWS            	[default: ./checkpoints]
                   config: config1                       
           continue_train: False                         
            covariate_dim: 0                             
             dataset_mode: SAWS                          	[default: ]
               delete_col: ['u_speed', 'v_speed', 'latitude', 'longitude']
        enable_curriculum: False                         
           enable_neptune: False                         
               enable_val: True                          	[default: False]
            enable_visual: False                         
                    epoch: latest                        
              epoch_count: 0                             
          eval_epoch_freq: 10                            	[default: 1]
                file_time: 20260815T180815               	[default: None]
                  gpu_ids: 3                             	[default: -1]
                init_gain: 0.02                          
                init_type: xavier                        
                  isTrain: True                          	[default: None]
                load_iter: 0                             	[default: 0]
                       lr: 0.001                         
           lr_decay_iters: 50                            
                lr_policy: cosine                        
         max_dataset_size: inf                           
                    model: gwavenet                      	[default: ]
                 n_epochs: 300                           
           n_epochs_decay: 0                             
          n_epochs_target: 100                           
 n_epochs_target_increase: 150                           
                     name: gwavenet_NA_20260815T180815   	[default: None]
          neptune_project:                               
            neptune_token:                               
              num_threads: 4                             	[default: 0]
         num_train_target: 3                             
     num_train_target_end: 6                             
                    phase: train                         
                pred_attr: NA                            	[default: PM25_Concentration]
                 pretrain: NA                            	[default: ]
               print_freq: 20                            
                save_best: True                          	[default: False]
          save_epoch_freq: 100                           
                     seed: 2031                          	[default: 2023]
           serial_batches: False                         
              spatial_dim: 64                            
                    t_len: 24                            
              total_iters: 0                             
                  use_adj: True                          
                  verbose: False                         
                    y_dim: 1                             
----------------- End -------------------
----------------- Model Configurations ---------------
                embed_dim: 32                            
                  end_dim: 64                            
               mask_ratio: 0.75                          
                  dropout: 0.2                           
----------------- End -------------------
Traceback (most recent call last):
  File "/scratch/chkkar002/Diffusion_Based_STGNNs/USTD/train.py", line 15, in <module>
    opt, model_config = TrainOptions().parse()   # get training options
  File "/scratch/chkkar002/Diffusion_Based_STGNNs/USTD/options/base_options.py", line 172, in parse
    torch.cuda.set_device(opt.gpu_ids[0])
  File "/home/chkkar002/envs/diffstg/lib64/python3.9/site-packages/torch/cuda/__init__.py", line 569, in set_device
    torch._C._cuda_setDevice(device)
torch.AcceleratorError: CUDA error: invalid device ordinal
CUDA kernel errors might be asynchronously reported at some other API call, so the stacktrace below might be incorrect.
For debugging consider passing CUDA_LAUNCH_BLOCKING=1
Compile with `TORCH_USE_CUDA_DSA` to enable device-side assertions.

----------------- Options ---------------
               batch_size: 128                           	[default: 64]
                     beta: 1.0                           
          checkpoints_dir: ./checkpoints/SAWS            	[default: ./checkpoints]
                   config: config1                       
           continue_train: False                         
            covariate_dim: 0                             
             dataset_mode: SAWS                          	[default: ]
               delete_col: ['u_speed', 'v_speed', 'latitude', 'longitude']
        enable_curriculum: False                         
           enable_neptune: False                         
               enable_val: True                          	[default: False]
            enable_visual: False                         
                    epoch: latest                        
              epoch_count: 0                             
          eval_epoch_freq: 10                            	[default: 1]
                file_time: 20260815T180819               	[default: None]
                  gpu_ids: 3                             	[default: -1]
                init_gain: 0.02                          
                init_type: xavier                        
                  isTrain: True                          	[default: None]
                load_iter: 0                             	[default: 0]
                       lr: 0.001                         
           lr_decay_iters: 50                            
                lr_policy: cosine                        
         max_dataset_size: inf                           
                    model: gwavenet                      	[default: ]
                 n_epochs: 300                           
           n_epochs_decay: 0                             
          n_epochs_target: 100                           
 n_epochs_target_increase: 150                           
                     name: gwavenet_NA_20260815T180819   	[default: None]
          neptune_project:                               
            neptune_token:                               
              num_threads: 4                             	[default: 0]
         num_train_target: 3                             
     num_train_target_end: 6                             
                    phase: train                         
                pred_attr: NA                            	[default: PM25_Concentration]
                 pretrain: NA                            	[default: ]
               print_freq: 20                            
                save_best: True                          	[default: False]
          save_epoch_freq: 100                           
                     seed: 2032                          	[default: 2023]
           serial_batches: False                         
              spatial_dim: 64                            
                    t_len: 24                            
              total_iters: 0                             
                  use_adj: True                          
                  verbose: False                         
                    y_dim: 1                             
----------------- End -------------------
----------------- Model Configurations ---------------
                embed_dim: 32                            
                  end_dim: 64                            
               mask_ratio: 0.75                          
                  dropout: 0.2                           
----------------- End -------------------
Traceback (most recent call last):
  File "/scratch/chkkar002/Diffusion_Based_STGNNs/USTD/train.py", line 15, in <module>
    opt, model_config = TrainOptions().parse()   # get training options
  File "/scratch/chkkar002/Diffusion_Based_STGNNs/USTD/options/base_options.py", line 172, in parse
    torch.cuda.set_device(opt.gpu_ids[0])
  File "/home/chkkar002/envs/diffstg/lib64/python3.9/site-packages/torch/cuda/__init__.py", line 569, in set_device
    torch._C._cuda_setDevice(device)
torch.AcceleratorError: CUDA error: invalid device ordinal
CUDA kernel errors might be asynchronously reported at some other API call, so the stacktrace below might be incorrect.
For debugging consider passing CUDA_LAUNCH_BLOCKING=1
Compile with `TORCH_USE_CUDA_DSA` to enable device-side assertions.

