----------------- Options ---------------
               batch_size: 128                           	[default: 64]
                     beta: 1.0                           
          checkpoints_dir: ./checkpoints/SAWS            	[default: ./checkpoints]
                   config: config1                       
           continue_train: False                         
            covariate_dim: 4                             
             dataset_mode: SAWS                          	[default: ]
               delete_col: ['u_speed', 'v_speed', 'latitude', 'longitude']
        enable_curriculum: False                         
           enable_neptune: False                         
               enable_val: True                          	[default: False]
            enable_visual: False                         
                    epoch: latest                        
              epoch_count: 0                             
          eval_epoch_freq: 10                            	[default: 1]
                file_time: 20260818T001138               	[default: None]
                  gpu_ids: 0                             	[default: -1]
                init_gain: 0.02                          
                init_type: xavier                        
                  isTrain: True                          	[default: None]
                load_iter: 0                             	[default: 0]
                       lr: 0.001                         
           lr_decay_iters: 50                            
                lr_policy: cosine                        
         max_dataset_size: inf                           
                    model: gwavenet                      	[default: ]
                 n_epochs: 300                           
           n_epochs_decay: 0                             
          n_epochs_target: 100                           
 n_epochs_target_increase: 150                           
                     name: gwavenet_NA_20260818T001138   	[default: None]
          neptune_project:                               
            neptune_token:                               
              num_threads: 4                             	[default: 0]
         num_train_target: 3                             
     num_train_target_end: 6                             
                    phase: train                         
                pred_attr: NA                            	[default: PM25_Concentration]
                 pretrain: NA                            	[default: ]
               print_freq: 20                            
                save_best: True                          	[default: False]
          save_epoch_freq: 100                           
                     seed: 2030                          	[default: 2023]
           serial_batches: False                         
              spatial_dim: 64                            
                    t_len: 24                            
              total_iters: 0                             
                  use_adj: True                          
                  verbose: False                         
                    y_dim: 1                             
----------------- End -------------------
----------------- Model Configurations ---------------
                embed_dim: 32                            
                  end_dim: 64                            
               mask_ratio: 0.75                          
                  dropout: 0.2                           
----------------- End -------------------
MEAN 17.288782
STD 6.896628
(32, 87672, 1)
Traceback (most recent call last):
  File "/scratch/chkkar002/Diffusion_Based_STGNNs/USTD/train.py", line 17, in <module>
    dataset = create_dataset(opt)  # create a dataset given opt.dataset_mode and other options
  File "/scratch/chkkar002/Diffusion_Based_STGNNs/USTD/data/__init__.py", line 52, in create_dataset
    data_loader = CustomDatasetDataLoader(opt)
  File "/scratch/chkkar002/Diffusion_Based_STGNNs/USTD/data/__init__.py", line 67, in __init__
    self.dataset = dataset_class(opt)
  File "/scratch/chkkar002/Diffusion_Based_STGNNs/USTD/data/SAWS_dataset.py", line 30, in __init__
    self.raw_data = self.load_feature('dataset/saws/flow.npy', self.time_division[opt.phase], add_time_in_day=True, add_time_of_year=True, add_height=True)
  File "/scratch/chkkar002/Diffusion_Based_STGNNs/USTD/data/SAWS_dataset.py", line 77, in load_feature
    station_heights = np.load('dataset/saws/station_heights.npy').astype(np.float32)  # (V,), meters
  File "/home/chkkar002/envs/diffstg/lib64/python3.9/site-packages/numpy/lib/_npyio_impl.py", line 455, in load
    fid = stack.enter_context(open(os.fspath(file), "rb"))
FileNotFoundError: [Errno 2] No such file or directory: 'dataset/saws/station_heights.npy'
----------------- Options ---------------
               batch_size: 128                           	[default: 64]
                     beta: 1.0                           
          checkpoints_dir: ./checkpoints/SAWS            	[default: ./checkpoints]
                   config: config1                       
           continue_train: False                         
            covariate_dim: 4                             
             dataset_mode: SAWS                          	[default: ]
               delete_col: ['u_speed', 'v_speed', 'latitude', 'longitude']
        enable_curriculum: False                         
           enable_neptune: False                         
               enable_val: True                          	[default: False]
            enable_visual: False                         
                    epoch: latest                        
              epoch_count: 0                             
          eval_epoch_freq: 10                            	[default: 1]
                file_time: 20260818T001143               	[default: None]
                  gpu_ids: 0                             	[default: -1]
                init_gain: 0.02                          
                init_type: xavier                        
                  isTrain: True                          	[default: None]
                load_iter: 0                             	[default: 0]
                       lr: 0.001                         
           lr_decay_iters: 50                            
                lr_policy: cosine                        
         max_dataset_size: inf                           
                    model: gwavenet                      	[default: ]
                 n_epochs: 300                           
           n_epochs_decay: 0                             
          n_epochs_target: 100                           
 n_epochs_target_increase: 150                           
                     name: gwavenet_NA_20260818T001143   	[default: None]
          neptune_project:                               
            neptune_token:                               
              num_threads: 4                             	[default: 0]
         num_train_target: 3                             
     num_train_target_end: 6                             
                    phase: train                         
                pred_attr: NA                            	[default: PM25_Concentration]
                 pretrain: NA                            	[default: ]
               print_freq: 20                            
                save_best: True                          	[default: False]
          save_epoch_freq: 100                           
                     seed: 2031                          	[default: 2023]
           serial_batches: False                         
              spatial_dim: 64                            
                    t_len: 24                            
              total_iters: 0                             
                  use_adj: True                          
                  verbose: False                         
                    y_dim: 1                             
----------------- End -------------------
----------------- Model Configurations ---------------
                embed_dim: 32                            
                  end_dim: 64                            
               mask_ratio: 0.75                          
                  dropout: 0.2                           
----------------- End -------------------
MEAN 17.288782
STD 6.896628
(32, 87672, 1)
Traceback (most recent call last):
  File "/scratch/chkkar002/Diffusion_Based_STGNNs/USTD/train.py", line 17, in <module>
    dataset = create_dataset(opt)  # create a dataset given opt.dataset_mode and other options
  File "/scratch/chkkar002/Diffusion_Based_STGNNs/USTD/data/__init__.py", line 52, in create_dataset
    data_loader = CustomDatasetDataLoader(opt)
  File "/scratch/chkkar002/Diffusion_Based_STGNNs/USTD/data/__init__.py", line 67, in __init__
    self.dataset = dataset_class(opt)
  File "/scratch/chkkar002/Diffusion_Based_STGNNs/USTD/data/SAWS_dataset.py", line 30, in __init__
    self.raw_data = self.load_feature('dataset/saws/flow.npy', self.time_division[opt.phase], add_time_in_day=True, add_time_of_year=True, add_height=True)
  File "/scratch/chkkar002/Diffusion_Based_STGNNs/USTD/data/SAWS_dataset.py", line 77, in load_feature
    station_heights = np.load('dataset/saws/station_heights.npy').astype(np.float32)  # (V,), meters
  File "/home/chkkar002/envs/diffstg/lib64/python3.9/site-packages/numpy/lib/_npyio_impl.py", line 455, in load
    fid = stack.enter_context(open(os.fspath(file), "rb"))
FileNotFoundError: [Errno 2] No such file or directory: 'dataset/saws/station_heights.npy'
----------------- Options ---------------
               batch_size: 128                           	[default: 64]
                     beta: 1.0                           
          checkpoints_dir: ./checkpoints/SAWS            	[default: ./checkpoints]
                   config: config1                       
           continue_train: False                         
            covariate_dim: 4                             
             dataset_mode: SAWS                          	[default: ]
               delete_col: ['u_speed', 'v_speed', 'latitude', 'longitude']
        enable_curriculum: False                         
           enable_neptune: False                         
               enable_val: True                          	[default: False]
            enable_visual: False                         
                    epoch: latest                        
              epoch_count: 0                             
          eval_epoch_freq: 10                            	[default: 1]
                file_time: 20260818T001148               	[default: None]
                  gpu_ids: 0                             	[default: -1]
                init_gain: 0.02                          
                init_type: xavier                        
                  isTrain: True                          	[default: None]
                load_iter: 0                             	[default: 0]
                       lr: 0.001                         
           lr_decay_iters: 50                            
                lr_policy: cosine                        
         max_dataset_size: inf                           
                    model: gwavenet                      	[default: ]
                 n_epochs: 300                           
           n_epochs_decay: 0                             
          n_epochs_target: 100                           
 n_epochs_target_increase: 150                           
                     name: gwavenet_NA_20260818T001148   	[default: None]
          neptune_project:                               
            neptune_token:                               
              num_threads: 4                             	[default: 0]
         num_train_target: 3                             
     num_train_target_end: 6                             
                    phase: train                         
                pred_attr: NA                            	[default: PM25_Concentration]
                 pretrain: NA                            	[default: ]
               print_freq: 20                            
                save_best: True                          	[default: False]
          save_epoch_freq: 100                           
                     seed: 2032                          	[default: 2023]
           serial_batches: False                         
              spatial_dim: 64                            
                    t_len: 24                            
              total_iters: 0                             
                  use_adj: True                          
                  verbose: False                         
                    y_dim: 1                             
----------------- End -------------------
----------------- Model Configurations ---------------
                embed_dim: 32                            
                  end_dim: 64                            
               mask_ratio: 0.75                          
                  dropout: 0.2                           
----------------- End -------------------
MEAN 17.288782
STD 6.896628
(32, 87672, 1)
Traceback (most recent call last):
  File "/scratch/chkkar002/Diffusion_Based_STGNNs/USTD/train.py", line 17, in <module>
    dataset = create_dataset(opt)  # create a dataset given opt.dataset_mode and other options
  File "/scratch/chkkar002/Diffusion_Based_STGNNs/USTD/data/__init__.py", line 52, in create_dataset
    data_loader = CustomDatasetDataLoader(opt)
  File "/scratch/chkkar002/Diffusion_Based_STGNNs/USTD/data/__init__.py", line 67, in __init__
    self.dataset = dataset_class(opt)
  File "/scratch/chkkar002/Diffusion_Based_STGNNs/USTD/data/SAWS_dataset.py", line 30, in __init__
    self.raw_data = self.load_feature('dataset/saws/flow.npy', self.time_division[opt.phase], add_time_in_day=True, add_time_of_year=True, add_height=True)
  File "/scratch/chkkar002/Diffusion_Based_STGNNs/USTD/data/SAWS_dataset.py", line 77, in load_feature
    station_heights = np.load('dataset/saws/station_heights.npy').astype(np.float32)  # (V,), meters
  File "/home/chkkar002/envs/diffstg/lib64/python3.9/site-packages/numpy/lib/_npyio_impl.py", line 455, in load
    fid = stack.enter_context(open(os.fspath(file), "rb"))
FileNotFoundError: [Errno 2] No such file or directory: 'dataset/saws/station_heights.npy'
