2026-08-18 22:30: Experiment log path in: /scratch/chkkar002/Diffusion_Based_STGNNs/AGCRN/model/experiments/SAWS/trial27_20260818223035
2026-08-18 22:30: Train Epoch 1: 0/821 Loss: 0.946353
2026-08-18 22:30: Train Epoch 1: 20/821 Loss: 0.743811
2026-08-18 22:30: Train Epoch 1: 40/821 Loss: 0.692364
2026-08-18 22:30: Train Epoch 1: 60/821 Loss: 0.647546
2026-08-18 22:30: Train Epoch 1: 80/821 Loss: 0.630867
2026-08-18 22:30: Train Epoch 1: 100/821 Loss: 0.561651
2026-08-18 22:30: Train Epoch 1: 120/821 Loss: 0.515652
2026-08-18 22:30: Train Epoch 1: 140/821 Loss: 0.480405
2026-08-18 22:30: Train Epoch 1: 160/821 Loss: 0.472441
2026-08-18 22:30: Train Epoch 1: 180/821 Loss: 0.426225
2026-08-18 22:30: Train Epoch 1: 200/821 Loss: 0.420790
2026-08-18 22:31: Train Epoch 1: 220/821 Loss: 0.405657
2026-08-18 22:31: Train Epoch 1: 240/821 Loss: 0.411418
2026-08-18 22:31: Train Epoch 1: 260/821 Loss: 0.412573
2026-08-18 22:31: Train Epoch 1: 280/821 Loss: 0.407937
2026-08-18 22:31: Train Epoch 1: 300/821 Loss: 0.401395
2026-08-18 22:31: Train Epoch 1: 320/821 Loss: 0.376684
2026-08-18 22:31: Train Epoch 1: 340/821 Loss: 0.376915
2026-08-18 22:31: Train Epoch 1: 360/821 Loss: 0.374865
2026-08-18 22:31: Train Epoch 1: 380/821 Loss: 0.364984
2026-08-18 22:31: Train Epoch 1: 400/821 Loss: 0.393308
2026-08-18 22:31: Train Epoch 1: 420/821 Loss: 0.368934
2026-08-18 22:31: Train Epoch 1: 440/821 Loss: 0.359540
2026-08-18 22:31: Train Epoch 1: 460/821 Loss: 0.336438
2026-08-18 22:31: Train Epoch 1: 480/821 Loss: 0.350252
2026-08-18 22:31: Train Epoch 1: 500/821 Loss: 0.353874
2026-08-18 22:31: Train Epoch 1: 520/821 Loss: 0.375701
2026-08-18 22:31: Train Epoch 1: 540/821 Loss: 0.344401
2026-08-18 22:31: Train Epoch 1: 560/821 Loss: 0.363489
2026-08-18 22:31: Train Epoch 1: 580/821 Loss: 0.359412
2026-08-18 22:31: Train Epoch 1: 600/821 Loss: 0.347151
2026-08-18 22:31: Train Epoch 1: 620/821 Loss: 0.353990
2026-08-18 22:31: Train Epoch 1: 640/821 Loss: 0.347983
2026-08-18 22:31: Train Epoch 1: 660/821 Loss: 0.341868
2026-08-18 22:31: Train Epoch 1: 680/821 Loss: 0.328037
2026-08-18 22:31: Train Epoch 1: 700/821 Loss: 0.321857
2026-08-18 22:31: Train Epoch 1: 720/821 Loss: 0.347780
2026-08-18 22:31: Train Epoch 1: 740/821 Loss: 0.331049
2026-08-18 22:31: Train Epoch 1: 760/821 Loss: 0.343182
2026-08-18 22:32: Train Epoch 1: 780/821 Loss: 0.338010
2026-08-18 22:32: Train Epoch 1: 800/821 Loss: 0.349270
2026-08-18 22:32: Train Epoch 1: 820/821 Loss: 0.325485
2026-08-18 22:32: **********Train Epoch 1: averaged Loss: 0.417916, tf_ratio: 1.000000
2026-08-18 22:32: **********Val Epoch 1: average Loss: 0.339251
2026-08-18 22:32: *********************************Current best model saved!
2026-08-18 22:32: Train Epoch 2: 0/821 Loss: 0.326006
2026-08-18 22:32: Train Epoch 2: 20/821 Loss: 0.343294
2026-08-18 22:32: Train Epoch 2: 40/821 Loss: 0.322019
2026-08-18 22:32: Train Epoch 2: 60/821 Loss: 0.326666
2026-08-18 22:32: Train Epoch 2: 80/821 Loss: 0.323902
2026-08-18 22:32: Train Epoch 2: 100/821 Loss: 0.330981
2026-08-18 22:32: Train Epoch 2: 120/821 Loss: 0.340186
2026-08-18 22:32: Train Epoch 2: 140/821 Loss: 0.343585
2026-08-18 22:32: Train Epoch 2: 160/821 Loss: 0.342113
2026-08-18 22:32: Train Epoch 2: 180/821 Loss: 0.335479
2026-08-18 22:32: Train Epoch 2: 200/821 Loss: 0.315136
2026-08-18 22:32: Train Epoch 2: 220/821 Loss: 0.348142
2026-08-18 22:32: Train Epoch 2: 240/821 Loss: 0.342853
2026-08-18 22:32: Train Epoch 2: 260/821 Loss: 0.310481
2026-08-18 22:32: Train Epoch 2: 280/821 Loss: 0.307923
2026-08-18 22:32: Train Epoch 2: 300/821 Loss: 0.336379
2026-08-18 22:32: Train Epoch 2: 320/821 Loss: 0.325728
2026-08-18 22:32: Train Epoch 2: 340/821 Loss: 0.340626
2026-08-18 22:32: Train Epoch 2: 360/821 Loss: 0.329101
2026-08-18 22:32: Train Epoch 2: 380/821 Loss: 0.318229
2026-08-18 22:32: Train Epoch 2: 400/821 Loss: 0.320914
2026-08-18 22:32: Train Epoch 2: 420/821 Loss: 0.334930
2026-08-18 22:32: Train Epoch 2: 440/821 Loss: 0.322433
2026-08-18 22:33: Train Epoch 2: 460/821 Loss: 0.321812
2026-08-18 22:33: Train Epoch 2: 480/821 Loss: 0.323684
2026-08-18 22:33: Train Epoch 2: 500/821 Loss: 0.327044
2026-08-18 22:33: Train Epoch 2: 520/821 Loss: 0.323371
2026-08-18 22:33: Train Epoch 2: 540/821 Loss: 0.325069
2026-08-18 22:33: Train Epoch 2: 560/821 Loss: 0.319225
2026-08-18 22:33: Train Epoch 2: 580/821 Loss: 0.322718
2026-08-18 22:33: Train Epoch 2: 600/821 Loss: 0.326382
2026-08-18 22:33: Train Epoch 2: 620/821 Loss: 0.332953
2026-08-18 22:33: Train Epoch 2: 640/821 Loss: 0.324267
2026-08-18 22:33: Train Epoch 2: 660/821 Loss: 0.311701
2026-08-18 22:33: Train Epoch 2: 680/821 Loss: 0.310234
2026-08-18 22:33: Train Epoch 2: 700/821 Loss: 0.315424
2026-08-18 22:33: Train Epoch 2: 720/821 Loss: 0.316121
2026-08-18 22:33: Train Epoch 2: 740/821 Loss: 0.322688
2026-08-18 22:33: Train Epoch 2: 760/821 Loss: 0.324212
2026-08-18 22:33: Train Epoch 2: 780/821 Loss: 0.331187
2026-08-18 22:33: Train Epoch 2: 800/821 Loss: 0.319442
2026-08-18 22:33: Train Epoch 2: 820/821 Loss: 0.316972
2026-08-18 22:33: **********Train Epoch 2: averaged Loss: 0.328477, tf_ratio: 1.000000
2026-08-18 22:33: **********Val Epoch 2: average Loss: 0.327626
2026-08-18 22:33: *********************************Current best model saved!
2026-08-18 22:33: Train Epoch 3: 0/821 Loss: 0.320997
2026-08-18 22:33: Train Epoch 3: 20/821 Loss: 0.324427
2026-08-18 22:33: Train Epoch 3: 40/821 Loss: 0.314777
2026-08-18 22:33: Train Epoch 3: 60/821 Loss: 0.308175
2026-08-18 22:33: Train Epoch 3: 80/821 Loss: 0.312612
2026-08-18 22:33: Train Epoch 3: 100/821 Loss: 0.309451
2026-08-18 22:34: Train Epoch 3: 120/821 Loss: 0.317196
2026-08-18 22:34: Train Epoch 3: 140/821 Loss: 0.329814
2026-08-18 22:34: Train Epoch 3: 160/821 Loss: 0.330794
2026-08-18 22:34: Train Epoch 3: 180/821 Loss: 0.318917
2026-08-18 22:34: Train Epoch 3: 200/821 Loss: 0.307839
2026-08-18 22:34: Train Epoch 3: 220/821 Loss: 0.316965
2026-08-18 22:34: Train Epoch 3: 240/821 Loss: 0.320081
2026-08-18 22:34: Train Epoch 3: 260/821 Loss: 0.328638
2026-08-18 22:34: Train Epoch 3: 280/821 Loss: 0.296667
2026-08-18 22:34: Train Epoch 3: 300/821 Loss: 0.308813
2026-08-18 22:34: Train Epoch 3: 320/821 Loss: 0.304428
2026-08-18 22:34: Train Epoch 3: 340/821 Loss: 0.330457
2026-08-18 22:34: Train Epoch 3: 360/821 Loss: 0.304538
2026-08-18 22:34: Train Epoch 3: 380/821 Loss: 0.300797
2026-08-18 22:34: Train Epoch 3: 400/821 Loss: 0.298519
2026-08-18 22:34: Train Epoch 3: 420/821 Loss: 0.318782
2026-08-18 22:34: Train Epoch 3: 440/821 Loss: 0.312036
2026-08-18 22:34: Train Epoch 3: 460/821 Loss: 0.298811
2026-08-18 22:34: Train Epoch 3: 480/821 Loss: 0.320806
2026-08-18 22:34: Train Epoch 3: 500/821 Loss: 0.299679
2026-08-18 22:34: Train Epoch 3: 520/821 Loss: 0.300056
2026-08-18 22:34: Train Epoch 3: 540/821 Loss: 0.324274
2026-08-18 22:34: Train Epoch 3: 560/821 Loss: 0.310177
2026-08-18 22:34: Train Epoch 3: 580/821 Loss: 0.300189
2026-08-18 22:34: Train Epoch 3: 600/821 Loss: 0.302992
2026-08-18 22:34: Train Epoch 3: 620/821 Loss: 0.292709
2026-08-18 22:34: Train Epoch 3: 640/821 Loss: 0.330027
2026-08-18 22:34: Train Epoch 3: 660/821 Loss: 0.303664
2026-08-18 22:34: Train Epoch 3: 680/821 Loss: 0.288683
2026-08-18 22:35: Train Epoch 3: 700/821 Loss: 0.320083
2026-08-18 22:35: Train Epoch 3: 720/821 Loss: 0.309944
2026-08-18 22:35: Train Epoch 3: 740/821 Loss: 0.295837
2026-08-18 22:35: Train Epoch 3: 760/821 Loss: 0.319731
2026-08-18 22:35: Train Epoch 3: 780/821 Loss: 0.333722
2026-08-18 22:35: Train Epoch 3: 800/821 Loss: 0.307811
2026-08-18 22:35: Train Epoch 3: 820/821 Loss: 0.303255
2026-08-18 22:35: **********Train Epoch 3: averaged Loss: 0.312678, tf_ratio: 1.000000
2026-08-18 22:35: **********Val Epoch 3: average Loss: 0.315768
2026-08-18 22:35: *********************************Current best model saved!
2026-08-18 22:35: Train Epoch 4: 0/821 Loss: 0.295605
2026-08-18 22:35: Train Epoch 4: 20/821 Loss: 0.323689
2026-08-18 22:35: Train Epoch 4: 40/821 Loss: 0.318209
2026-08-18 22:35: Train Epoch 4: 60/821 Loss: 0.298049
2026-08-18 22:35: Train Epoch 4: 80/821 Loss: 0.310479
2026-08-18 22:35: Train Epoch 4: 100/821 Loss: 0.305309
2026-08-18 22:35: Train Epoch 4: 120/821 Loss: 0.294804
2026-08-18 22:35: Train Epoch 4: 140/821 Loss: 0.305130
2026-08-18 22:35: Train Epoch 4: 160/821 Loss: 0.288793
2026-08-18 22:35: Train Epoch 4: 180/821 Loss: 0.296297
2026-08-18 22:35: Train Epoch 4: 200/821 Loss: 0.292027
2026-08-18 22:35: Train Epoch 4: 220/821 Loss: 0.304059
2026-08-18 22:35: Train Epoch 4: 240/821 Loss: 0.285027
2026-08-18 22:35: Train Epoch 4: 260/821 Loss: 0.304027
2026-08-18 22:35: Train Epoch 4: 280/821 Loss: 0.289316
2026-08-18 22:35: Train Epoch 4: 300/821 Loss: 0.318424
2026-08-18 22:35: Train Epoch 4: 320/821 Loss: 0.301609
2026-08-18 22:35: Train Epoch 4: 340/821 Loss: 0.306856
2026-08-18 22:36: Train Epoch 4: 360/821 Loss: 0.299193
2026-08-18 22:36: Train Epoch 4: 380/821 Loss: 0.302501
2026-08-18 22:36: Train Epoch 4: 400/821 Loss: 0.299579
2026-08-18 22:36: Train Epoch 4: 420/821 Loss: 0.307569
2026-08-18 22:36: Train Epoch 4: 440/821 Loss: 0.310588
2026-08-18 22:36: Train Epoch 4: 460/821 Loss: 0.316650
2026-08-18 22:36: Train Epoch 4: 480/821 Loss: 0.301728
2026-08-18 22:36: Train Epoch 4: 500/821 Loss: 0.297314
2026-08-18 22:36: Train Epoch 4: 520/821 Loss: 0.312375
2026-08-18 22:36: Train Epoch 4: 540/821 Loss: 0.296450
2026-08-18 22:36: Train Epoch 4: 560/821 Loss: 0.307519
2026-08-18 22:36: Train Epoch 4: 580/821 Loss: 0.292317
2026-08-18 22:36: Train Epoch 4: 600/821 Loss: 0.306520
2026-08-18 22:36: Train Epoch 4: 620/821 Loss: 0.292144
2026-08-18 22:36: Train Epoch 4: 640/821 Loss: 0.294060
2026-08-18 22:36: Train Epoch 4: 660/821 Loss: 0.308048
2026-08-18 22:36: Train Epoch 4: 680/821 Loss: 0.297860
2026-08-18 22:36: Train Epoch 4: 700/821 Loss: 0.299031
2026-08-18 22:36: Train Epoch 4: 720/821 Loss: 0.305855
2026-08-18 22:36: Train Epoch 4: 740/821 Loss: 0.289906
2026-08-18 22:36: Train Epoch 4: 760/821 Loss: 0.298971
2026-08-18 22:36: Train Epoch 4: 780/821 Loss: 0.280697
2026-08-18 22:36: Train Epoch 4: 800/821 Loss: 0.295582
2026-08-18 22:36: Train Epoch 4: 820/821 Loss: 0.295194
2026-08-18 22:36: **********Train Epoch 4: averaged Loss: 0.301117, tf_ratio: 1.000000
2026-08-18 22:36: **********Val Epoch 4: average Loss: 0.318700
2026-08-18 22:36: Train Epoch 5: 0/821 Loss: 0.299574
2026-08-18 22:37: Train Epoch 5: 20/821 Loss: 0.298515
2026-08-18 22:37: Train Epoch 5: 40/821 Loss: 0.287436
2026-08-18 22:37: Train Epoch 5: 60/821 Loss: 0.292264
2026-08-18 22:37: Train Epoch 5: 80/821 Loss: 0.287876
2026-08-18 22:37: Train Epoch 5: 100/821 Loss: 0.284277
2026-08-18 22:37: Train Epoch 5: 120/821 Loss: 0.294680
2026-08-18 22:37: Train Epoch 5: 140/821 Loss: 0.299137
2026-08-18 22:37: Train Epoch 5: 160/821 Loss: 0.279082
2026-08-18 22:37: Train Epoch 5: 180/821 Loss: 0.290512
2026-08-18 22:37: Train Epoch 5: 200/821 Loss: 0.292770
2026-08-18 22:37: Train Epoch 5: 220/821 Loss: 0.289229
2026-08-18 22:37: Train Epoch 5: 240/821 Loss: 0.296078
2026-08-18 22:37: Train Epoch 5: 260/821 Loss: 0.298318
2026-08-18 22:37: Train Epoch 5: 280/821 Loss: 0.288383
2026-08-18 22:37: Train Epoch 5: 300/821 Loss: 0.289222
2026-08-18 22:37: Train Epoch 5: 320/821 Loss: 0.291167
2026-08-18 22:37: Train Epoch 5: 340/821 Loss: 0.283023
2026-08-18 22:37: Train Epoch 5: 360/821 Loss: 0.284404
2026-08-18 22:37: Train Epoch 5: 380/821 Loss: 0.293268
2026-08-18 22:37: Train Epoch 5: 400/821 Loss: 0.276577
2026-08-18 22:37: Train Epoch 5: 420/821 Loss: 0.291797
2026-08-18 22:37: Train Epoch 5: 440/821 Loss: 0.301730
2026-08-18 22:37: Train Epoch 5: 460/821 Loss: 0.288232
2026-08-18 22:37: Train Epoch 5: 480/821 Loss: 0.290182
2026-08-18 22:37: Train Epoch 5: 500/821 Loss: 0.287032
2026-08-18 22:37: Train Epoch 5: 520/821 Loss: 0.296458
2026-08-18 22:37: Train Epoch 5: 540/821 Loss: 0.294018
2026-08-18 22:37: Train Epoch 5: 560/821 Loss: 0.284863
2026-08-18 22:37: Train Epoch 5: 580/821 Loss: 0.274681
2026-08-18 22:38: Train Epoch 5: 600/821 Loss: 0.277972
2026-08-18 22:38: Train Epoch 5: 620/821 Loss: 0.288384
2026-08-18 22:38: Train Epoch 5: 640/821 Loss: 0.276060
2026-08-18 22:38: Train Epoch 5: 660/821 Loss: 0.287014
2026-08-18 22:38: Train Epoch 5: 680/821 Loss: 0.275217
2026-08-18 22:38: Train Epoch 5: 700/821 Loss: 0.274136
2026-08-18 22:38: Train Epoch 5: 720/821 Loss: 0.299873
2026-08-18 22:38: Train Epoch 5: 740/821 Loss: 0.282264
2026-08-18 22:38: Train Epoch 5: 760/821 Loss: 0.281172
2026-08-18 22:38: Train Epoch 5: 780/821 Loss: 0.285898
2026-08-18 22:38: Train Epoch 5: 800/821 Loss: 0.278409
2026-08-18 22:38: Train Epoch 5: 820/821 Loss: 0.284277
2026-08-18 22:38: **********Train Epoch 5: averaged Loss: 0.289462, tf_ratio: 1.000000
2026-08-18 22:38: **********Val Epoch 5: average Loss: 0.321250
2026-08-18 22:38: Train Epoch 6: 0/821 Loss: 0.290502
2026-08-18 22:38: Train Epoch 6: 20/821 Loss: 0.273853
2026-08-18 22:38: Train Epoch 6: 40/821 Loss: 0.276462
2026-08-18 22:38: Train Epoch 6: 60/821 Loss: 0.279083
2026-08-18 22:38: Train Epoch 6: 80/821 Loss: 0.291243
2026-08-18 22:38: Train Epoch 6: 100/821 Loss: 0.280277
2026-08-18 22:38: Train Epoch 6: 120/821 Loss: 0.297810
2026-08-18 22:38: Train Epoch 6: 140/821 Loss: 0.278346
2026-08-18 22:38: Train Epoch 6: 160/821 Loss: 0.273221
2026-08-18 22:38: Train Epoch 6: 180/821 Loss: 0.290848
2026-08-18 22:38: Train Epoch 6: 200/821 Loss: 0.283427
2026-08-18 22:38: Train Epoch 6: 220/821 Loss: 0.283387
2026-08-18 22:38: Train Epoch 6: 240/821 Loss: 0.281322
2026-08-18 22:38: Train Epoch 6: 260/821 Loss: 0.278906
2026-08-18 22:39: Train Epoch 6: 280/821 Loss: 0.290055
2026-08-18 22:39: Train Epoch 6: 300/821 Loss: 0.293021
2026-08-18 22:39: Train Epoch 6: 320/821 Loss: 0.291338
2026-08-18 22:39: Train Epoch 6: 340/821 Loss: 0.265566
2026-08-18 22:39: Train Epoch 6: 360/821 Loss: 0.268978
2026-08-18 22:39: Train Epoch 6: 380/821 Loss: 0.290129
2026-08-18 22:39: Train Epoch 6: 400/821 Loss: 0.295473
2026-08-18 22:39: Train Epoch 6: 420/821 Loss: 0.291817
2026-08-18 22:39: Train Epoch 6: 440/821 Loss: 0.292840
2026-08-18 22:39: Train Epoch 6: 460/821 Loss: 0.288697
2026-08-18 22:39: Train Epoch 6: 480/821 Loss: 0.276371
2026-08-18 22:39: Train Epoch 6: 500/821 Loss: 0.270484
2026-08-18 22:39: Train Epoch 6: 520/821 Loss: 0.286592
2026-08-18 22:39: Train Epoch 6: 540/821 Loss: 0.275985
2026-08-18 22:39: Train Epoch 6: 560/821 Loss: 0.277593
2026-08-18 22:39: Train Epoch 6: 580/821 Loss: 0.289276
2026-08-18 22:39: Train Epoch 6: 600/821 Loss: 0.280143
2026-08-18 22:39: Train Epoch 6: 620/821 Loss: 0.279916
2026-08-18 22:39: Train Epoch 6: 640/821 Loss: 0.280150
2026-08-18 22:39: Train Epoch 6: 660/821 Loss: 0.286157
2026-08-18 22:39: Train Epoch 6: 680/821 Loss: 0.268314
2026-08-18 22:39: Train Epoch 6: 700/821 Loss: 0.294042
2026-08-18 22:39: Train Epoch 6: 720/821 Loss: 0.266081
2026-08-18 22:39: Train Epoch 6: 740/821 Loss: 0.276702
2026-08-18 22:39: Train Epoch 6: 760/821 Loss: 0.273935
2026-08-18 22:39: Train Epoch 6: 780/821 Loss: 0.271200
2026-08-18 22:39: Train Epoch 6: 800/821 Loss: 0.277402
2026-08-18 22:39: Train Epoch 6: 820/821 Loss: 0.267115
2026-08-18 22:39: **********Train Epoch 6: averaged Loss: 0.278092, tf_ratio: 1.000000
2026-08-18 22:40: **********Val Epoch 6: average Loss: 0.326471
2026-08-18 22:40: Train Epoch 7: 0/821 Loss: 0.284500
2026-08-18 22:40: Train Epoch 7: 20/821 Loss: 0.269802
2026-08-18 22:40: Train Epoch 7: 40/821 Loss: 0.273847
2026-08-18 22:40: Train Epoch 7: 60/821 Loss: 0.268834
2026-08-18 22:40: Train Epoch 7: 80/821 Loss: 0.269508
2026-08-18 22:40: Train Epoch 7: 100/821 Loss: 0.275543
2026-08-18 22:40: Train Epoch 7: 120/821 Loss: 0.262901
2026-08-18 22:40: Train Epoch 7: 140/821 Loss: 0.264721
2026-08-18 22:40: Train Epoch 7: 160/821 Loss: 0.267864
2026-08-18 22:40: Train Epoch 7: 180/821 Loss: 0.272016
2026-08-18 22:40: Train Epoch 7: 200/821 Loss: 0.269481
2026-08-18 22:40: Train Epoch 7: 220/821 Loss: 0.269654
2026-08-18 22:40: Train Epoch 7: 240/821 Loss: 0.273455
2026-08-18 22:40: Train Epoch 7: 260/821 Loss: 0.264935
2026-08-18 22:40: Train Epoch 7: 280/821 Loss: 0.259849
2026-08-18 22:40: Train Epoch 7: 300/821 Loss: 0.266614
2026-08-18 22:40: Train Epoch 7: 320/821 Loss: 0.276968
2026-08-18 22:40: Train Epoch 7: 340/821 Loss: 0.254833
2026-08-18 22:40: Train Epoch 7: 360/821 Loss: 0.267546
2026-08-18 22:40: Train Epoch 7: 380/821 Loss: 0.263718
2026-08-18 22:40: Train Epoch 7: 400/821 Loss: 0.263984
2026-08-18 22:40: Train Epoch 7: 420/821 Loss: 0.265142
2026-08-18 22:40: Train Epoch 7: 440/821 Loss: 0.257743
2026-08-18 22:40: Train Epoch 7: 460/821 Loss: 0.262866
2026-08-18 22:40: Train Epoch 7: 480/821 Loss: 0.272651
2026-08-18 22:40: Train Epoch 7: 500/821 Loss: 0.267676
2026-08-18 22:41: Train Epoch 7: 520/821 Loss: 0.264582
2026-08-18 22:41: Train Epoch 7: 540/821 Loss: 0.266507
2026-08-18 22:41: Train Epoch 7: 560/821 Loss: 0.260083
2026-08-18 22:41: Train Epoch 7: 580/821 Loss: 0.282993
2026-08-18 22:41: Train Epoch 7: 600/821 Loss: 0.257741
2026-08-18 22:41: Train Epoch 7: 620/821 Loss: 0.255965
2026-08-18 22:41: Train Epoch 7: 640/821 Loss: 0.268013
2026-08-18 22:41: Train Epoch 7: 660/821 Loss: 0.260148
2026-08-18 22:41: Train Epoch 7: 680/821 Loss: 0.271949
2026-08-18 22:41: Train Epoch 7: 700/821 Loss: 0.278828
2026-08-18 22:41: Train Epoch 7: 720/821 Loss: 0.261624
2026-08-18 22:41: Train Epoch 7: 740/821 Loss: 0.264068
2026-08-18 22:41: Train Epoch 7: 760/821 Loss: 0.267198
2026-08-18 22:41: Train Epoch 7: 780/821 Loss: 0.263350
2026-08-18 22:41: Train Epoch 7: 800/821 Loss: 0.264513
2026-08-18 22:41: Train Epoch 7: 820/821 Loss: 0.264230
2026-08-18 22:41: **********Train Epoch 7: averaged Loss: 0.267123, tf_ratio: 1.000000
2026-08-18 22:41: **********Val Epoch 7: average Loss: 0.323465
2026-08-18 22:41: Train Epoch 8: 0/821 Loss: 0.264614
2026-08-18 22:41: Train Epoch 8: 20/821 Loss: 0.268467
2026-08-18 22:41: Train Epoch 8: 40/821 Loss: 0.255530
2026-08-18 22:41: Train Epoch 8: 60/821 Loss: 0.274840
2026-08-18 22:41: Train Epoch 8: 80/821 Loss: 0.269651
2026-08-18 22:41: Train Epoch 8: 100/821 Loss: 0.267867
2026-08-18 22:41: Train Epoch 8: 120/821 Loss: 0.257352
2026-08-18 22:41: Train Epoch 8: 140/821 Loss: 0.260857
2026-08-18 22:41: Train Epoch 8: 160/821 Loss: 0.274131
2026-08-18 22:41: Train Epoch 8: 180/821 Loss: 0.263055
2026-08-18 22:42: Train Epoch 8: 200/821 Loss: 0.256679
2026-08-18 22:42: Train Epoch 8: 220/821 Loss: 0.255375
2026-08-18 22:42: Train Epoch 8: 240/821 Loss: 0.255695
2026-08-18 22:42: Train Epoch 8: 260/821 Loss: 0.251806
2026-08-18 22:42: Train Epoch 8: 280/821 Loss: 0.260606
2026-08-18 22:42: Train Epoch 8: 300/821 Loss: 0.264390
2026-08-18 22:42: Train Epoch 8: 320/821 Loss: 0.261690
2026-08-18 22:42: Train Epoch 8: 340/821 Loss: 0.257374
2026-08-18 22:42: Train Epoch 8: 360/821 Loss: 0.262875
2026-08-18 22:42: Train Epoch 8: 380/821 Loss: 0.259253
2026-08-18 22:42: Train Epoch 8: 400/821 Loss: 0.263323
2026-08-18 22:42: Train Epoch 8: 420/821 Loss: 0.252527
2026-08-18 22:42: Train Epoch 8: 440/821 Loss: 0.268513
2026-08-18 22:42: Train Epoch 8: 460/821 Loss: 0.243956
2026-08-18 22:42: Train Epoch 8: 480/821 Loss: 0.263496
2026-08-18 22:42: Train Epoch 8: 500/821 Loss: 0.255421
2026-08-18 22:42: Train Epoch 8: 520/821 Loss: 0.263677
2026-08-18 22:42: Train Epoch 8: 540/821 Loss: 0.252384
2026-08-18 22:42: Train Epoch 8: 560/821 Loss: 0.260792
2026-08-18 22:42: Train Epoch 8: 580/821 Loss: 0.266649
2026-08-18 22:42: Train Epoch 8: 600/821 Loss: 0.256009
2026-08-18 22:42: Train Epoch 8: 620/821 Loss: 0.254314
2026-08-18 22:42: Train Epoch 8: 640/821 Loss: 0.254084
2026-08-18 22:42: Train Epoch 8: 660/821 Loss: 0.257829
2026-08-18 22:42: Train Epoch 8: 680/821 Loss: 0.249308
2026-08-18 22:42: Train Epoch 8: 700/821 Loss: 0.250283
2026-08-18 22:42: Train Epoch 8: 720/821 Loss: 0.252011
2026-08-18 22:42: Train Epoch 8: 740/821 Loss: 0.255920
2026-08-18 22:43: Train Epoch 8: 760/821 Loss: 0.264329
2026-08-18 22:43: Train Epoch 8: 780/821 Loss: 0.248551
2026-08-18 22:43: Train Epoch 8: 800/821 Loss: 0.259839
2026-08-18 22:43: Train Epoch 8: 820/821 Loss: 0.245609
2026-08-18 22:43: **********Train Epoch 8: averaged Loss: 0.257083, tf_ratio: 1.000000
2026-08-18 22:43: **********Val Epoch 8: average Loss: 0.324835
2026-08-18 22:43: Train Epoch 9: 0/821 Loss: 0.251271
2026-08-18 22:43: Train Epoch 9: 20/821 Loss: 0.248446
2026-08-18 22:43: Train Epoch 9: 40/821 Loss: 0.249713
2026-08-18 22:43: Train Epoch 9: 60/821 Loss: 0.253304
2026-08-18 22:43: Train Epoch 9: 80/821 Loss: 0.252334
2026-08-18 22:43: Train Epoch 9: 100/821 Loss: 0.239165
2026-08-18 22:43: Train Epoch 9: 120/821 Loss: 0.248572
2026-08-18 22:43: Train Epoch 9: 140/821 Loss: 0.250809
2026-08-18 22:43: Train Epoch 9: 160/821 Loss: 0.257950
2026-08-18 22:43: Train Epoch 9: 180/821 Loss: 0.247567
2026-08-18 22:43: Train Epoch 9: 200/821 Loss: 0.263099
2026-08-18 22:43: Train Epoch 9: 220/821 Loss: 0.249587
2026-08-18 22:43: Train Epoch 9: 240/821 Loss: 0.260438
2026-08-18 22:43: Train Epoch 9: 260/821 Loss: 0.254890
2026-08-18 22:43: Train Epoch 9: 280/821 Loss: 0.241697
2026-08-18 22:43: Train Epoch 9: 300/821 Loss: 0.240614
2026-08-18 22:43: Train Epoch 9: 320/821 Loss: 0.243334
2026-08-18 22:43: Train Epoch 9: 340/821 Loss: 0.248763
2026-08-18 22:43: Train Epoch 9: 360/821 Loss: 0.248667
2026-08-18 22:43: Train Epoch 9: 380/821 Loss: 0.250778
2026-08-18 22:43: Train Epoch 9: 400/821 Loss: 0.248716
2026-08-18 22:43: Train Epoch 9: 420/821 Loss: 0.250423
2026-08-18 22:44: Train Epoch 9: 440/821 Loss: 0.252934
2026-08-18 22:44: Train Epoch 9: 460/821 Loss: 0.249472
2026-08-18 22:44: Train Epoch 9: 480/821 Loss: 0.243557
2026-08-18 22:44: Train Epoch 9: 500/821 Loss: 0.239952
2026-08-18 22:44: Train Epoch 9: 520/821 Loss: 0.248463
2026-08-18 22:44: Train Epoch 9: 540/821 Loss: 0.241023
2026-08-18 22:44: Train Epoch 9: 560/821 Loss: 0.249394
2026-08-18 22:44: Train Epoch 9: 580/821 Loss: 0.243593
2026-08-18 22:44: Train Epoch 9: 600/821 Loss: 0.240380
2026-08-18 22:44: Train Epoch 9: 620/821 Loss: 0.256211
2026-08-18 22:44: Train Epoch 9: 640/821 Loss: 0.245445
2026-08-18 22:44: Train Epoch 9: 660/821 Loss: 0.232191
2026-08-18 22:44: Train Epoch 9: 680/821 Loss: 0.250818
2026-08-18 22:44: Train Epoch 9: 700/821 Loss: 0.245234
2026-08-18 22:44: Train Epoch 9: 720/821 Loss: 0.235818
2026-08-18 22:44: Train Epoch 9: 740/821 Loss: 0.245748
2026-08-18 22:44: Train Epoch 9: 760/821 Loss: 0.248020
2026-08-18 22:44: Train Epoch 9: 780/821 Loss: 0.244392
2026-08-18 22:44: Train Epoch 9: 800/821 Loss: 0.251103
2026-08-18 22:44: Train Epoch 9: 820/821 Loss: 0.244802
2026-08-18 22:44: **********Train Epoch 9: averaged Loss: 0.248555, tf_ratio: 1.000000
2026-08-18 22:44: **********Val Epoch 9: average Loss: 0.324548
2026-08-18 22:44: Train Epoch 10: 0/821 Loss: 0.246369
2026-08-18 22:44: Train Epoch 10: 20/821 Loss: 0.244330
2026-08-18 22:44: Train Epoch 10: 40/821 Loss: 0.248206
2026-08-18 22:44: Train Epoch 10: 60/821 Loss: 0.243183
2026-08-18 22:44: Train Epoch 10: 80/821 Loss: 0.240778
2026-08-18 22:45: Train Epoch 10: 100/821 Loss: 0.231065
2026-08-18 22:45: Train Epoch 10: 120/821 Loss: 0.244057
2026-08-18 22:45: Train Epoch 10: 140/821 Loss: 0.234777
2026-08-18 22:45: Train Epoch 10: 160/821 Loss: 0.243065
2026-08-18 22:45: Train Epoch 10: 180/821 Loss: 0.243572
2026-08-18 22:45: Train Epoch 10: 200/821 Loss: 0.239443
2026-08-18 22:45: Train Epoch 10: 220/821 Loss: 0.237566
2026-08-18 22:45: Train Epoch 10: 240/821 Loss: 0.240554
2026-08-18 22:45: Train Epoch 10: 260/821 Loss: 0.239797
2026-08-18 22:45: Train Epoch 10: 280/821 Loss: 0.246126
2026-08-18 22:45: Train Epoch 10: 300/821 Loss: 0.238616
2026-08-18 22:45: Train Epoch 10: 320/821 Loss: 0.244965
2026-08-18 22:45: Train Epoch 10: 340/821 Loss: 0.249535
2026-08-18 22:45: Train Epoch 10: 360/821 Loss: 0.234945
2026-08-18 22:45: Train Epoch 10: 380/821 Loss: 0.240911
2026-08-18 22:45: Train Epoch 10: 400/821 Loss: 0.243951
2026-08-18 22:45: Train Epoch 10: 420/821 Loss: 0.239239
2026-08-18 22:45: Train Epoch 10: 440/821 Loss: 0.241589
2026-08-18 22:45: Train Epoch 10: 460/821 Loss: 0.247898
2026-08-18 22:45: Train Epoch 10: 480/821 Loss: 0.235089
2026-08-18 22:45: Train Epoch 10: 500/821 Loss: 0.237996
2026-08-18 22:45: Train Epoch 10: 520/821 Loss: 0.235009
2026-08-18 22:45: Train Epoch 10: 540/821 Loss: 0.240411
2026-08-18 22:45: Train Epoch 10: 560/821 Loss: 0.240931
2026-08-18 22:45: Train Epoch 10: 580/821 Loss: 0.241834
2026-08-18 22:45: Train Epoch 10: 600/821 Loss: 0.237408
2026-08-18 22:45: Train Epoch 10: 620/821 Loss: 0.241639
2026-08-18 22:45: Train Epoch 10: 640/821 Loss: 0.254955
2026-08-18 22:46: Train Epoch 10: 660/821 Loss: 0.241677
2026-08-18 22:46: Train Epoch 10: 680/821 Loss: 0.243763
2026-08-18 22:46: Train Epoch 10: 700/821 Loss: 0.237655
2026-08-18 22:46: Train Epoch 10: 720/821 Loss: 0.236605
2026-08-18 22:46: Train Epoch 10: 740/821 Loss: 0.227631
2026-08-18 22:46: Train Epoch 10: 760/821 Loss: 0.233847
2026-08-18 22:46: Train Epoch 10: 780/821 Loss: 0.235457
2026-08-18 22:46: Train Epoch 10: 800/821 Loss: 0.238192
2026-08-18 22:46: Train Epoch 10: 820/821 Loss: 0.237567
2026-08-18 22:46: **********Train Epoch 10: averaged Loss: 0.240705, tf_ratio: 1.000000
2026-08-18 22:46: **********Val Epoch 10: average Loss: 0.328194
2026-08-18 22:46: Train Epoch 11: 0/821 Loss: 0.229320
2026-08-18 22:46: Train Epoch 11: 20/821 Loss: 0.223556
2026-08-18 22:46: Train Epoch 11: 40/821 Loss: 0.234977
2026-08-18 22:46: Train Epoch 11: 60/821 Loss: 0.231915
2026-08-18 22:46: Train Epoch 11: 80/821 Loss: 0.241543
2026-08-18 22:46: Train Epoch 11: 100/821 Loss: 0.236746
2026-08-18 22:46: Train Epoch 11: 120/821 Loss: 0.239552
2026-08-18 22:46: Train Epoch 11: 140/821 Loss: 0.236439
2026-08-18 22:46: Train Epoch 11: 160/821 Loss: 0.243632
2026-08-18 22:46: Train Epoch 11: 180/821 Loss: 0.239532
2026-08-18 22:46: Train Epoch 11: 200/821 Loss: 0.239710
2026-08-18 22:46: Train Epoch 11: 220/821 Loss: 0.238524
2026-08-18 22:46: Train Epoch 11: 240/821 Loss: 0.226084
2026-08-18 22:46: Train Epoch 11: 260/821 Loss: 0.236060
2026-08-18 22:46: Train Epoch 11: 280/821 Loss: 0.231274
2026-08-18 22:46: Train Epoch 11: 300/821 Loss: 0.233422
2026-08-18 22:46: Train Epoch 11: 320/821 Loss: 0.233685
2026-08-18 22:47: Train Epoch 11: 340/821 Loss: 0.235886
2026-08-18 22:47: Train Epoch 11: 360/821 Loss: 0.232912
2026-08-18 22:47: Train Epoch 11: 380/821 Loss: 0.238591
2026-08-18 22:47: Train Epoch 11: 400/821 Loss: 0.238021
2026-08-18 22:47: Train Epoch 11: 420/821 Loss: 0.226400
2026-08-18 22:47: Train Epoch 11: 440/821 Loss: 0.228263
2026-08-18 22:47: Train Epoch 11: 460/821 Loss: 0.234708
2026-08-18 22:47: Train Epoch 11: 480/821 Loss: 0.227081
2026-08-18 22:47: Train Epoch 11: 500/821 Loss: 0.240401
2026-08-18 22:47: Train Epoch 11: 520/821 Loss: 0.237985
2026-08-18 22:47: Train Epoch 11: 540/821 Loss: 0.237522
2026-08-18 22:47: Train Epoch 11: 560/821 Loss: 0.231271
2026-08-18 22:47: Train Epoch 11: 580/821 Loss: 0.240827
2026-08-18 22:47: Train Epoch 11: 600/821 Loss: 0.236055
2026-08-18 22:47: Train Epoch 11: 620/821 Loss: 0.227534
2026-08-18 22:47: Train Epoch 11: 640/821 Loss: 0.230718
2026-08-18 22:47: Train Epoch 11: 660/821 Loss: 0.234104
2026-08-18 22:47: Train Epoch 11: 680/821 Loss: 0.232436
2026-08-18 22:47: Train Epoch 11: 700/821 Loss: 0.238583
2026-08-18 22:47: Train Epoch 11: 720/821 Loss: 0.237537
2026-08-18 22:47: Train Epoch 11: 740/821 Loss: 0.232776
2026-08-18 22:47: Train Epoch 11: 760/821 Loss: 0.235229
2026-08-18 22:47: Train Epoch 11: 780/821 Loss: 0.235994
2026-08-18 22:47: Train Epoch 11: 800/821 Loss: 0.232924
2026-08-18 22:47: Train Epoch 11: 820/821 Loss: 0.236853
2026-08-18 22:47: **********Train Epoch 11: averaged Loss: 0.234057, tf_ratio: 1.000000
2026-08-18 22:47: **********Val Epoch 11: average Loss: 0.328397
2026-08-18 22:47: Train Epoch 12: 0/821 Loss: 0.231199
2026-08-18 22:48: Train Epoch 12: 20/821 Loss: 0.228702
2026-08-18 22:48: Train Epoch 12: 40/821 Loss: 0.221130
2026-08-18 22:48: Train Epoch 12: 60/821 Loss: 0.228706
2026-08-18 22:48: Train Epoch 12: 80/821 Loss: 0.233560
2026-08-18 22:48: Train Epoch 12: 100/821 Loss: 0.225405
2026-08-18 22:48: Train Epoch 12: 120/821 Loss: 0.239983
2026-08-18 22:48: Train Epoch 12: 140/821 Loss: 0.228391
2026-08-18 22:48: Train Epoch 12: 160/821 Loss: 0.228121
2026-08-18 22:48: Train Epoch 12: 180/821 Loss: 0.224832
2026-08-18 22:48: Train Epoch 12: 200/821 Loss: 0.227407
2026-08-18 22:48: Train Epoch 12: 220/821 Loss: 0.228690
2026-08-18 22:48: Train Epoch 12: 240/821 Loss: 0.230152
2026-08-18 22:48: Train Epoch 12: 260/821 Loss: 0.230666
2026-08-18 22:48: Train Epoch 12: 280/821 Loss: 0.236765
2026-08-18 22:48: Train Epoch 12: 300/821 Loss: 0.226756
2026-08-18 22:48: Train Epoch 12: 320/821 Loss: 0.227379
2026-08-18 22:48: Train Epoch 12: 340/821 Loss: 0.228245
2026-08-18 22:48: Train Epoch 12: 360/821 Loss: 0.230187
2026-08-18 22:48: Train Epoch 12: 380/821 Loss: 0.233912
2026-08-18 22:48: Train Epoch 12: 400/821 Loss: 0.224300
2026-08-18 22:48: Train Epoch 12: 420/821 Loss: 0.229591
2026-08-18 22:48: Train Epoch 12: 440/821 Loss: 0.233758
2026-08-18 22:48: Train Epoch 12: 460/821 Loss: 0.231486
2026-08-18 22:48: Train Epoch 12: 480/821 Loss: 0.234996
2026-08-18 22:48: Train Epoch 12: 500/821 Loss: 0.232533
2026-08-18 22:48: Train Epoch 12: 520/821 Loss: 0.227976
2026-08-18 22:48: Train Epoch 12: 540/821 Loss: 0.235495
2026-08-18 22:48: Train Epoch 12: 560/821 Loss: 0.232480
2026-08-18 22:49: Train Epoch 12: 580/821 Loss: 0.228192
2026-08-18 22:49: Train Epoch 12: 600/821 Loss: 0.228364
2026-08-18 22:49: Train Epoch 12: 620/821 Loss: 0.227332
2026-08-18 22:49: Train Epoch 12: 640/821 Loss: 0.223147
2026-08-18 22:49: Train Epoch 12: 660/821 Loss: 0.227000
2026-08-18 22:49: Train Epoch 12: 680/821 Loss: 0.224316
2026-08-18 22:49: Train Epoch 12: 700/821 Loss: 0.229476
2026-08-18 22:49: Train Epoch 12: 720/821 Loss: 0.230498
2026-08-18 22:49: Train Epoch 12: 740/821 Loss: 0.231432
2026-08-18 22:49: Train Epoch 12: 760/821 Loss: 0.221646
2026-08-18 22:49: Train Epoch 12: 780/821 Loss: 0.226425
2026-08-18 22:49: Train Epoch 12: 800/821 Loss: 0.228497
2026-08-18 22:49: Train Epoch 12: 820/821 Loss: 0.226329
2026-08-18 22:49: **********Train Epoch 12: averaged Loss: 0.227764, tf_ratio: 1.000000
2026-08-18 22:49: **********Val Epoch 12: average Loss: 0.328016
2026-08-18 22:49: Train Epoch 13: 0/821 Loss: 0.221157
2026-08-18 22:49: Train Epoch 13: 20/821 Loss: 0.224616
2026-08-18 22:49: Train Epoch 13: 40/821 Loss: 0.227167
2026-08-18 22:49: Train Epoch 13: 60/821 Loss: 0.220358
2026-08-18 22:49: Train Epoch 13: 80/821 Loss: 0.234507
2026-08-18 22:49: Train Epoch 13: 100/821 Loss: 0.221663
2026-08-18 22:49: Train Epoch 13: 120/821 Loss: 0.228155
2026-08-18 22:49: Train Epoch 13: 140/821 Loss: 0.224557
2026-08-18 22:49: Train Epoch 13: 160/821 Loss: 0.221450
2026-08-18 22:49: Train Epoch 13: 180/821 Loss: 0.220706
2026-08-18 22:49: Train Epoch 13: 200/821 Loss: 0.220322
2026-08-18 22:49: Train Epoch 13: 220/821 Loss: 0.213488
2026-08-18 22:49: Train Epoch 13: 240/821 Loss: 0.220557
2026-08-18 22:50: Train Epoch 13: 260/821 Loss: 0.225648
2026-08-18 22:50: Train Epoch 13: 280/821 Loss: 0.221110
2026-08-18 22:50: Train Epoch 13: 300/821 Loss: 0.217482
2026-08-18 22:50: Train Epoch 13: 320/821 Loss: 0.230468
2026-08-18 22:50: Train Epoch 13: 340/821 Loss: 0.222090
2026-08-18 22:50: Train Epoch 13: 360/821 Loss: 0.226407
2026-08-18 22:50: Train Epoch 13: 380/821 Loss: 0.222696
2026-08-18 22:50: Train Epoch 13: 400/821 Loss: 0.223337
2026-08-18 22:50: Train Epoch 13: 420/821 Loss: 0.226636
2026-08-18 22:50: Train Epoch 13: 440/821 Loss: 0.215175
2026-08-18 22:50: Train Epoch 13: 460/821 Loss: 0.227345
2026-08-18 22:50: Train Epoch 13: 480/821 Loss: 0.227328
2026-08-18 22:50: Train Epoch 13: 500/821 Loss: 0.224089
2026-08-18 22:50: Train Epoch 13: 520/821 Loss: 0.226971
2026-08-18 22:50: Train Epoch 13: 540/821 Loss: 0.225373
2026-08-18 22:50: Train Epoch 13: 560/821 Loss: 0.222725
2026-08-18 22:50: Train Epoch 13: 580/821 Loss: 0.224914
2026-08-18 22:50: Train Epoch 13: 600/821 Loss: 0.219018
2026-08-18 22:50: Train Epoch 13: 620/821 Loss: 0.222942
2026-08-18 22:50: Train Epoch 13: 640/821 Loss: 0.218976
2026-08-18 22:50: Train Epoch 13: 660/821 Loss: 0.216823
2026-08-18 22:50: Train Epoch 13: 680/821 Loss: 0.219018
2026-08-18 22:50: Train Epoch 13: 700/821 Loss: 0.219182
2026-08-18 22:50: Train Epoch 13: 720/821 Loss: 0.224224
2026-08-18 22:50: Train Epoch 13: 740/821 Loss: 0.225894
2026-08-18 22:50: Train Epoch 13: 760/821 Loss: 0.228926
2026-08-18 22:50: Train Epoch 13: 780/821 Loss: 0.225612
2026-08-18 22:50: Train Epoch 13: 800/821 Loss: 0.222379
2026-08-18 22:50: Train Epoch 13: 820/821 Loss: 0.225933
2026-08-18 22:50: **********Train Epoch 13: averaged Loss: 0.222460, tf_ratio: 1.000000
2026-08-18 22:51: **********Val Epoch 13: average Loss: 0.329428
2026-08-18 22:51: Train Epoch 14: 0/821 Loss: 0.219826
2026-08-18 22:51: Train Epoch 14: 20/821 Loss: 0.214796
2026-08-18 22:51: Train Epoch 14: 40/821 Loss: 0.212435
2026-08-18 22:51: Train Epoch 14: 60/821 Loss: 0.222343
2026-08-18 22:51: Train Epoch 14: 80/821 Loss: 0.219987
2026-08-18 22:51: Train Epoch 14: 100/821 Loss: 0.211125
2026-08-18 22:51: Train Epoch 14: 120/821 Loss: 0.221708
2026-08-18 22:51: Train Epoch 14: 140/821 Loss: 0.218171
2026-08-18 22:51: Train Epoch 14: 160/821 Loss: 0.217973
2026-08-18 22:51: Train Epoch 14: 180/821 Loss: 0.217512
2026-08-18 22:51: Train Epoch 14: 200/821 Loss: 0.207512
2026-08-18 22:51: Train Epoch 14: 220/821 Loss: 0.224869
2026-08-18 22:51: Train Epoch 14: 240/821 Loss: 0.221814
2026-08-18 22:51: Train Epoch 14: 260/821 Loss: 0.216422
2026-08-18 22:51: Train Epoch 14: 280/821 Loss: 0.223265
2026-08-18 22:51: Train Epoch 14: 300/821 Loss: 0.216110
2026-08-18 22:51: Train Epoch 14: 320/821 Loss: 0.220476
2026-08-18 22:51: Train Epoch 14: 340/821 Loss: 0.219077
2026-08-18 22:51: Train Epoch 14: 360/821 Loss: 0.226041
2026-08-18 22:51: Train Epoch 14: 380/821 Loss: 0.219458
2026-08-18 22:51: Train Epoch 14: 400/821 Loss: 0.215499
2026-08-18 22:51: Train Epoch 14: 420/821 Loss: 0.209611
2026-08-18 22:51: Train Epoch 14: 440/821 Loss: 0.211630
2026-08-18 22:51: Train Epoch 14: 460/821 Loss: 0.222549
2026-08-18 22:52: Train Epoch 14: 480/821 Loss: 0.220696
2026-08-18 22:52: Train Epoch 14: 500/821 Loss: 0.225750
2026-08-18 22:52: Train Epoch 14: 520/821 Loss: 0.217420
2026-08-18 22:52: Train Epoch 14: 540/821 Loss: 0.215093
2026-08-18 22:52: Train Epoch 14: 560/821 Loss: 0.218249
2026-08-18 22:52: Train Epoch 14: 580/821 Loss: 0.218474
2026-08-18 22:52: Train Epoch 14: 600/821 Loss: 0.224398
2026-08-18 22:52: Train Epoch 14: 620/821 Loss: 0.222505
2026-08-18 22:52: Train Epoch 14: 640/821 Loss: 0.219738
2026-08-18 22:52: Train Epoch 14: 660/821 Loss: 0.218546
2026-08-18 22:52: Train Epoch 14: 680/821 Loss: 0.215348
2026-08-18 22:52: Train Epoch 14: 700/821 Loss: 0.223450
2026-08-18 22:52: Train Epoch 14: 720/821 Loss: 0.226490
2026-08-18 22:52: Train Epoch 14: 740/821 Loss: 0.222076
2026-08-18 22:52: Train Epoch 14: 760/821 Loss: 0.220844
2026-08-18 22:52: Train Epoch 14: 780/821 Loss: 0.220682
2026-08-18 22:52: Train Epoch 14: 800/821 Loss: 0.220009
2026-08-18 22:52: Train Epoch 14: 820/821 Loss: 0.210298
2026-08-18 22:52: **********Train Epoch 14: averaged Loss: 0.217643, tf_ratio: 1.000000
2026-08-18 22:52: **********Val Epoch 14: average Loss: 0.331135
2026-08-18 22:52: Train Epoch 15: 0/821 Loss: 0.227937
2026-08-18 22:52: Train Epoch 15: 20/821 Loss: 0.218300
2026-08-18 22:52: Train Epoch 15: 40/821 Loss: 0.207775
2026-08-18 22:52: Train Epoch 15: 60/821 Loss: 0.210203
2026-08-18 22:52: Train Epoch 15: 80/821 Loss: 0.213821
2026-08-18 22:52: Train Epoch 15: 100/821 Loss: 0.214444
2026-08-18 22:53: Train Epoch 15: 120/821 Loss: 0.213669
2026-08-18 22:53: Train Epoch 15: 140/821 Loss: 0.206866
2026-08-18 22:53: Train Epoch 15: 160/821 Loss: 0.215725
2026-08-18 22:53: Train Epoch 15: 180/821 Loss: 0.202661
2026-08-18 22:53: Train Epoch 15: 200/821 Loss: 0.214640
2026-08-18 22:53: Train Epoch 15: 220/821 Loss: 0.225003
2026-08-18 22:53: Train Epoch 15: 240/821 Loss: 0.211468
2026-08-18 22:53: Train Epoch 15: 260/821 Loss: 0.212154
2026-08-18 22:53: Train Epoch 15: 280/821 Loss: 0.208240
2026-08-18 22:53: Train Epoch 15: 300/821 Loss: 0.216988
2026-08-18 22:53: Train Epoch 15: 320/821 Loss: 0.206693
2026-08-18 22:53: Train Epoch 15: 340/821 Loss: 0.215178
2026-08-18 22:53: Train Epoch 15: 360/821 Loss: 0.211838
2026-08-18 22:53: Train Epoch 15: 380/821 Loss: 0.215141
2026-08-18 22:53: Train Epoch 15: 400/821 Loss: 0.207810
2026-08-18 22:53: Train Epoch 15: 420/821 Loss: 0.205465
2026-08-18 22:53: Train Epoch 15: 440/821 Loss: 0.206497
2026-08-18 22:53: Train Epoch 15: 460/821 Loss: 0.215149
2026-08-18 22:53: Train Epoch 15: 480/821 Loss: 0.215811
2026-08-18 22:53: Train Epoch 15: 500/821 Loss: 0.210286
2026-08-18 22:53: Train Epoch 15: 520/821 Loss: 0.208597
2026-08-18 22:53: Train Epoch 15: 540/821 Loss: 0.221977
2026-08-18 22:53: Train Epoch 15: 560/821 Loss: 0.212313
2026-08-18 22:53: Train Epoch 15: 580/821 Loss: 0.209498
2026-08-18 22:53: Train Epoch 15: 600/821 Loss: 0.210623
2026-08-18 22:53: Train Epoch 15: 620/821 Loss: 0.215246
2026-08-18 22:53: Train Epoch 15: 640/821 Loss: 0.208172
2026-08-18 22:53: Train Epoch 15: 660/821 Loss: 0.212381
2026-08-18 22:53: Train Epoch 15: 680/821 Loss: 0.205022
2026-08-18 22:54: Train Epoch 15: 700/821 Loss: 0.217521
2026-08-18 22:54: Train Epoch 15: 720/821 Loss: 0.214054
2026-08-18 22:54: Train Epoch 15: 740/821 Loss: 0.206618
2026-08-18 22:54: Train Epoch 15: 760/821 Loss: 0.210423
2026-08-18 22:54: Train Epoch 15: 780/821 Loss: 0.212472
2026-08-18 22:54: Train Epoch 15: 800/821 Loss: 0.214790
2026-08-18 22:54: Train Epoch 15: 820/821 Loss: 0.215217
2026-08-18 22:54: **********Train Epoch 15: averaged Loss: 0.212879, tf_ratio: 1.000000
2026-08-18 22:54: **********Val Epoch 15: average Loss: 0.332226
2026-08-18 22:54: Train Epoch 16: 0/821 Loss: 0.210658
2026-08-18 22:54: Train Epoch 16: 20/821 Loss: 0.199069
2026-08-18 22:54: Train Epoch 16: 40/821 Loss: 0.211067
2026-08-18 22:54: Train Epoch 16: 60/821 Loss: 0.207986
2026-08-18 22:54: Train Epoch 16: 80/821 Loss: 0.204479
2026-08-18 22:54: Train Epoch 16: 100/821 Loss: 0.213391
2026-08-18 22:54: Train Epoch 16: 120/821 Loss: 0.205499
2026-08-18 22:54: Train Epoch 16: 140/821 Loss: 0.211202
2026-08-18 22:54: Train Epoch 16: 160/821 Loss: 0.206940
2026-08-18 22:54: Train Epoch 16: 180/821 Loss: 0.212724
2026-08-18 22:54: Train Epoch 16: 200/821 Loss: 0.207996
2026-08-18 22:54: Train Epoch 16: 220/821 Loss: 0.223423
2026-08-18 22:54: Train Epoch 16: 240/821 Loss: 0.209481
2026-08-18 22:54: Train Epoch 16: 260/821 Loss: 0.210269
2026-08-18 22:54: Train Epoch 16: 280/821 Loss: 0.209379
2026-08-18 22:54: Train Epoch 16: 300/821 Loss: 0.212135
2026-08-18 22:54: Train Epoch 16: 320/821 Loss: 0.212756
2026-08-18 22:54: Train Epoch 16: 340/821 Loss: 0.204587
2026-08-18 22:55: Train Epoch 16: 360/821 Loss: 0.210789
2026-08-18 22:55: Train Epoch 16: 380/821 Loss: 0.213323
2026-08-18 22:55: Train Epoch 16: 400/821 Loss: 0.212016
2026-08-18 22:55: Train Epoch 16: 420/821 Loss: 0.210244
2026-08-18 22:55: Train Epoch 16: 440/821 Loss: 0.208158
2026-08-18 22:55: Train Epoch 16: 460/821 Loss: 0.212335
2026-08-18 22:55: Train Epoch 16: 480/821 Loss: 0.210573
2026-08-18 22:55: Train Epoch 16: 500/821 Loss: 0.213062
2026-08-18 22:55: Train Epoch 16: 520/821 Loss: 0.210866
2026-08-18 22:55: Train Epoch 16: 540/821 Loss: 0.207840
2026-08-18 22:55: Train Epoch 16: 560/821 Loss: 0.211538
2026-08-18 22:55: Train Epoch 16: 580/821 Loss: 0.207264
2026-08-18 22:55: Train Epoch 16: 600/821 Loss: 0.204472
2026-08-18 22:55: Train Epoch 16: 620/821 Loss: 0.211166
2026-08-18 22:55: Train Epoch 16: 640/821 Loss: 0.213036
2026-08-18 22:55: Train Epoch 16: 660/821 Loss: 0.219836
2026-08-18 22:55: Train Epoch 16: 680/821 Loss: 0.200211
2026-08-18 22:55: Train Epoch 16: 700/821 Loss: 0.204783
2026-08-18 22:55: Train Epoch 16: 720/821 Loss: 0.206939
2026-08-18 22:55: Train Epoch 16: 740/821 Loss: 0.206480
2026-08-18 22:55: Train Epoch 16: 760/821 Loss: 0.207315
2026-08-18 22:55: Train Epoch 16: 780/821 Loss: 0.206055
2026-08-18 22:55: Train Epoch 16: 800/821 Loss: 0.206415
2026-08-18 22:55: Train Epoch 16: 820/821 Loss: 0.206689
2026-08-18 22:55: **********Train Epoch 16: averaged Loss: 0.208828, tf_ratio: 1.000000
2026-08-18 22:56: **********Val Epoch 16: average Loss: 0.330950
2026-08-18 22:56: Train Epoch 17: 0/821 Loss: 0.204866
2026-08-18 22:56: Train Epoch 17: 20/821 Loss: 0.212188
2026-08-18 22:56: Train Epoch 17: 40/821 Loss: 0.208660
2026-08-18 22:56: Train Epoch 17: 60/821 Loss: 0.196115
2026-08-18 22:56: Train Epoch 17: 80/821 Loss: 0.205606
2026-08-18 22:56: Train Epoch 17: 100/821 Loss: 0.199746
2026-08-18 22:56: Train Epoch 17: 120/821 Loss: 0.209617
2026-08-18 22:56: Train Epoch 17: 140/821 Loss: 0.208285
2026-08-18 22:56: Train Epoch 17: 160/821 Loss: 0.205448
2026-08-18 22:56: Train Epoch 17: 180/821 Loss: 0.205854
2026-08-18 22:56: Train Epoch 17: 200/821 Loss: 0.204346
2026-08-18 22:56: Train Epoch 17: 220/821 Loss: 0.206578
2026-08-18 22:56: Train Epoch 17: 240/821 Loss: 0.201687
2026-08-18 22:56: Train Epoch 17: 260/821 Loss: 0.206857
2026-08-18 22:56: Train Epoch 17: 280/821 Loss: 0.205001
2026-08-18 22:56: Train Epoch 17: 300/821 Loss: 0.205387
2026-08-18 22:56: Train Epoch 17: 320/821 Loss: 0.206584
2026-08-18 22:56: Train Epoch 17: 340/821 Loss: 0.206244
2026-08-18 22:56: Train Epoch 17: 360/821 Loss: 0.201771
2026-08-18 22:56: Train Epoch 17: 380/821 Loss: 0.203739
2026-08-18 22:56: Train Epoch 17: 400/821 Loss: 0.201384
2026-08-18 22:56: Train Epoch 17: 420/821 Loss: 0.204233
2026-08-18 22:56: Train Epoch 17: 440/821 Loss: 0.204149
2026-08-18 22:56: Train Epoch 17: 460/821 Loss: 0.196900
2026-08-18 22:56: Train Epoch 17: 480/821 Loss: 0.200346
2026-08-18 22:56: Train Epoch 17: 500/821 Loss: 0.208159
2026-08-18 22:56: Train Epoch 17: 520/821 Loss: 0.204898
2026-08-18 22:57: Train Epoch 17: 540/821 Loss: 0.200694
2026-08-18 22:57: Train Epoch 17: 560/821 Loss: 0.205640
2026-08-18 22:57: Train Epoch 17: 580/821 Loss: 0.201794
2026-08-18 22:57: Train Epoch 17: 600/821 Loss: 0.209410
2026-08-18 22:57: Train Epoch 17: 620/821 Loss: 0.208446
2026-08-18 22:57: Train Epoch 17: 640/821 Loss: 0.206236
2026-08-18 22:57: Train Epoch 17: 660/821 Loss: 0.210412
2026-08-18 22:57: Train Epoch 17: 680/821 Loss: 0.202996
2026-08-18 22:57: Train Epoch 17: 700/821 Loss: 0.205973
2026-08-18 22:57: Train Epoch 17: 720/821 Loss: 0.205186
2026-08-18 22:57: Train Epoch 17: 740/821 Loss: 0.205130
2026-08-18 22:57: Train Epoch 17: 760/821 Loss: 0.203530
2026-08-18 22:57: Train Epoch 17: 780/821 Loss: 0.209708
2026-08-18 22:57: Train Epoch 17: 800/821 Loss: 0.202423
2026-08-18 22:57: Train Epoch 17: 820/821 Loss: 0.199823
2026-08-18 22:57: **********Train Epoch 17: averaged Loss: 0.205196, tf_ratio: 1.000000
2026-08-18 22:57: **********Val Epoch 17: average Loss: 0.332226
2026-08-18 22:57: Train Epoch 18: 0/821 Loss: 0.198326
2026-08-18 22:57: Train Epoch 18: 20/821 Loss: 0.199984
2026-08-18 22:57: Train Epoch 18: 40/821 Loss: 0.196444
2026-08-18 22:57: Train Epoch 18: 60/821 Loss: 0.201709
2026-08-18 22:57: Train Epoch 18: 80/821 Loss: 0.202918
2026-08-18 22:57: Train Epoch 18: 100/821 Loss: 0.202170
2026-08-18 22:57: Train Epoch 18: 120/821 Loss: 0.202071
2026-08-18 22:57: Train Epoch 18: 140/821 Loss: 0.195781
2026-08-18 22:57: Train Epoch 18: 160/821 Loss: 0.202787
2026-08-18 22:58: Train Epoch 18: 180/821 Loss: 0.201972
2026-08-18 22:58: Train Epoch 18: 200/821 Loss: 0.199852
2026-08-18 22:58: Train Epoch 18: 220/821 Loss: 0.195644
2026-08-18 22:58: Train Epoch 18: 240/821 Loss: 0.206685
2026-08-18 22:58: Train Epoch 18: 260/821 Loss: 0.205711
2026-08-18 22:58: Train Epoch 18: 280/821 Loss: 0.201097
2026-08-18 22:58: Train Epoch 18: 300/821 Loss: 0.201353
2026-08-18 22:58: Train Epoch 18: 320/821 Loss: 0.206368
2026-08-18 22:58: Train Epoch 18: 340/821 Loss: 0.201033
2026-08-18 22:58: Train Epoch 18: 360/821 Loss: 0.199105
2026-08-18 22:58: Train Epoch 18: 380/821 Loss: 0.200613
2026-08-18 22:58: Train Epoch 18: 400/821 Loss: 0.198850
2026-08-18 22:58: Train Epoch 18: 420/821 Loss: 0.197086
2026-08-18 22:58: Train Epoch 18: 440/821 Loss: 0.203636
2026-08-18 22:58: Train Epoch 18: 460/821 Loss: 0.203585
2026-08-18 22:58: Train Epoch 18: 480/821 Loss: 0.206309
2026-08-18 22:58: Train Epoch 18: 500/821 Loss: 0.192269
2026-08-18 22:58: Train Epoch 18: 520/821 Loss: 0.199136
2026-08-18 22:58: Train Epoch 18: 540/821 Loss: 0.204778
2026-08-18 22:58: Train Epoch 18: 560/821 Loss: 0.203815
2026-08-18 22:58: Train Epoch 18: 580/821 Loss: 0.203524
2026-08-18 22:58: Train Epoch 18: 600/821 Loss: 0.214885
2026-08-18 22:58: Train Epoch 18: 620/821 Loss: 0.205345
2026-08-18 22:58: Train Epoch 18: 640/821 Loss: 0.202528
2026-08-18 22:58: Train Epoch 18: 660/821 Loss: 0.200178
2026-08-18 22:58: Train Epoch 18: 680/821 Loss: 0.197289
2026-08-18 22:58: Train Epoch 18: 700/821 Loss: 0.200992
2026-08-18 22:59: Train Epoch 18: 720/821 Loss: 0.206233
2026-08-18 22:59: Train Epoch 18: 740/821 Loss: 0.198876
2026-08-18 22:59: Train Epoch 18: 760/821 Loss: 0.202048
2026-08-18 22:59: Train Epoch 18: 780/821 Loss: 0.201110
2026-08-18 22:59: Train Epoch 18: 800/821 Loss: 0.203857
2026-08-18 22:59: Train Epoch 18: 820/821 Loss: 0.194798
2026-08-18 22:59: **********Train Epoch 18: averaged Loss: 0.201822, tf_ratio: 1.000000
2026-08-18 22:59: **********Val Epoch 18: average Loss: 0.331737
2026-08-18 22:59: Validation performance didn't improve for 15 epochs. Training stops.
2026-08-18 22:59: Total training time: 28.7109min, best loss: 0.315768
2026-08-18 22:59: Saving current best model to /scratch/chkkar002/Diffusion_Based_STGNNs/AGCRN/model/experiments/SAWS/trial27_20260818223035/best_model.pth
2026-08-18 22:59: Horizon 01, MAE: 0.13, RMSE: 0.19, MAPE: 69.2708%
2026-08-18 22:59: Horizon 02, MAE: 0.17, RMSE: 0.24, MAPE: 88.3799%
2026-08-18 22:59: Horizon 03, MAE: 0.20, RMSE: 0.28, MAPE: 104.0169%
2026-08-18 22:59: Horizon 04, MAE: 0.23, RMSE: 0.31, MAPE: 121.0173%
2026-08-18 22:59: Horizon 05, MAE: 0.24, RMSE: 0.33, MAPE: 135.1216%
2026-08-18 22:59: Horizon 06, MAE: 0.26, RMSE: 0.35, MAPE: 139.7313%
2026-08-18 22:59: Horizon 07, MAE: 0.27, RMSE: 0.36, MAPE: 149.5666%
2026-08-18 22:59: Horizon 08, MAE: 0.28, RMSE: 0.37, MAPE: 153.0665%
2026-08-18 22:59: Horizon 09, MAE: 0.28, RMSE: 0.38, MAPE: 154.7629%
2026-08-18 22:59: Horizon 10, MAE: 0.29, RMSE: 0.39, MAPE: 163.1423%
2026-08-18 22:59: Horizon 11, MAE: 0.29, RMSE: 0.39, MAPE: 163.0905%
2026-08-18 22:59: Horizon 12, MAE: 0.29, RMSE: 0.39, MAPE: 161.8250%
2026-08-18 22:59: Horizon 13, MAE: 0.29, RMSE: 0.40, MAPE: 161.8635%
2026-08-18 22:59: Horizon 14, MAE: 0.30, RMSE: 0.40, MAPE: 162.4312%
2026-08-18 22:59: Horizon 15, MAE: 0.30, RMSE: 0.40, MAPE: 162.9561%
2026-08-18 22:59: Horizon 16, MAE: 0.30, RMSE: 0.41, MAPE: 163.3225%
2026-08-18 22:59: Horizon 17, MAE: 0.30, RMSE: 0.41, MAPE: 163.1204%
2026-08-18 22:59: Horizon 18, MAE: 0.31, RMSE: 0.41, MAPE: 165.1288%
2026-08-18 22:59: Horizon 19, MAE: 0.31, RMSE: 0.42, MAPE: 163.1774%
2026-08-18 22:59: Horizon 20, MAE: 0.31, RMSE: 0.42, MAPE: 163.7007%
2026-08-18 22:59: Horizon 21, MAE: 0.31, RMSE: 0.42, MAPE: 163.0168%
2026-08-18 22:59: Horizon 22, MAE: 0.32, RMSE: 0.43, MAPE: 164.8651%
2026-08-18 22:59: Horizon 23, MAE: 0.32, RMSE: 0.43, MAPE: 167.0988%
2026-08-18 22:59: Horizon 24, MAE: 0.32, RMSE: 0.43, MAPE: 170.8222%
2026-08-18 22:59: Horizon 25, MAE: 0.33, RMSE: 0.44, MAPE: 175.5373%
2026-08-18 22:59: Horizon 26, MAE: 0.34, RMSE: 0.46, MAPE: 179.1733%
2026-08-18 22:59: Horizon 27, MAE: 0.35, RMSE: 0.47, MAPE: 183.1460%
2026-08-18 22:59: Horizon 28, MAE: 0.36, RMSE: 0.48, MAPE: 183.9688%
2026-08-18 22:59: Horizon 29, MAE: 0.36, RMSE: 0.48, MAPE: 184.2174%
2026-08-18 22:59: Horizon 30, MAE: 0.37, RMSE: 0.49, MAPE: 186.4807%
2026-08-18 22:59: Horizon 31, MAE: 0.37, RMSE: 0.49, MAPE: 188.8684%
2026-08-18 22:59: Horizon 32, MAE: 0.37, RMSE: 0.49, MAPE: 189.5585%
2026-08-18 22:59: Horizon 33, MAE: 0.37, RMSE: 0.49, MAPE: 187.0007%
2026-08-18 22:59: Horizon 34, MAE: 0.37, RMSE: 0.50, MAPE: 188.9549%
2026-08-18 22:59: Horizon 35, MAE: 0.37, RMSE: 0.50, MAPE: 187.3766%
2026-08-18 22:59: Horizon 36, MAE: 0.37, RMSE: 0.50, MAPE: 192.3890%
2026-08-18 22:59: Horizon 37, MAE: 0.37, RMSE: 0.50, MAPE: 191.9100%
2026-08-18 22:59: Horizon 38, MAE: 0.37, RMSE: 0.50, MAPE: 193.6281%
2026-08-18 22:59: Horizon 39, MAE: 0.38, RMSE: 0.50, MAPE: 194.0761%
2026-08-18 22:59: Horizon 40, MAE: 0.38, RMSE: 0.51, MAPE: 193.1697%
2026-08-18 22:59: Horizon 41, MAE: 0.38, RMSE: 0.51, MAPE: 192.5356%
2026-08-18 22:59: Horizon 42, MAE: 0.38, RMSE: 0.51, MAPE: 194.0963%
2026-08-18 22:59: Horizon 43, MAE: 0.38, RMSE: 0.51, MAPE: 192.5991%
2026-08-18 22:59: Horizon 44, MAE: 0.38, RMSE: 0.51, MAPE: 193.0687%
2026-08-18 22:59: Horizon 45, MAE: 0.38, RMSE: 0.51, MAPE: 190.8728%
2026-08-18 22:59: Horizon 46, MAE: 0.38, RMSE: 0.51, MAPE: 193.4650%
2026-08-18 22:59: Horizon 47, MAE: 0.38, RMSE: 0.51, MAPE: 193.8315%
2026-08-18 22:59: Horizon 48, MAE: 0.39, RMSE: 0.52, MAPE: 195.2326%
2026-08-18 22:59: Average Horizon, MAE: 0.32, RMSE: 0.44, MAPE: 169.1635%
