2026-08-17 05:31: Experiment log path in: /scratch/chkkar002/Diffusion_Based_STGNNs/AGCRN/model/experiments/SAWS/trial30_20260817053120
2026-08-17 05:31: Train Epoch 1: 0/410 Loss: 16.705482
2026-08-17 05:31: Train Epoch 1: 20/410 Loss: 9.405880
2026-08-17 05:31: Train Epoch 1: 40/410 Loss: 5.181816
2026-08-17 05:31: Train Epoch 1: 60/410 Loss: 5.408000
2026-08-17 05:31: Train Epoch 1: 80/410 Loss: 5.316583
2026-08-17 05:31: Train Epoch 1: 100/410 Loss: 5.213365
2026-08-17 05:31: Train Epoch 1: 120/410 Loss: 4.952340
2026-08-17 05:31: Train Epoch 1: 140/410 Loss: 4.620288
2026-08-17 05:31: Train Epoch 1: 160/410 Loss: 4.114572
2026-08-17 05:31: Train Epoch 1: 180/410 Loss: 3.977428
2026-08-17 05:31: Train Epoch 1: 200/410 Loss: 3.515828
2026-08-17 05:31: Train Epoch 1: 220/410 Loss: 3.523906
2026-08-17 05:31: Train Epoch 1: 240/410 Loss: 3.366932
2026-08-17 05:31: Train Epoch 1: 260/410 Loss: 3.554348
2026-08-17 05:31: Train Epoch 1: 280/410 Loss: 3.189808
2026-08-17 05:31: Train Epoch 1: 300/410 Loss: 2.950840
2026-08-17 05:31: Train Epoch 1: 320/410 Loss: 2.705436
2026-08-17 05:31: Train Epoch 1: 340/410 Loss: 2.768200
2026-08-17 05:31: Train Epoch 1: 360/410 Loss: 2.696013
2026-08-17 05:31: Train Epoch 1: 380/410 Loss: 2.583743
2026-08-17 05:31: Train Epoch 1: 400/410 Loss: 2.562668
2026-08-17 05:31: **********Train Epoch 1: averaged Loss: 4.413206, tf_ratio: 1.000000
2026-08-17 05:31: **********Val Epoch 1: average Loss: 2.419222
2026-08-17 05:31: *********************************Current best model saved!
2026-08-17 05:31: Train Epoch 2: 0/410 Loss: 2.456271
2026-08-17 05:31: Train Epoch 2: 20/410 Loss: 2.426525
2026-08-17 05:31: Train Epoch 2: 40/410 Loss: 2.294838
2026-08-17 05:31: Train Epoch 2: 60/410 Loss: 2.258608
2026-08-17 05:31: Train Epoch 2: 80/410 Loss: 2.385346
2026-08-17 05:31: Train Epoch 2: 100/410 Loss: 2.469202
2026-08-17 05:31: Train Epoch 2: 120/410 Loss: 2.362954
2026-08-17 05:31: Train Epoch 2: 140/410 Loss: 2.308152
2026-08-17 05:31: Train Epoch 2: 160/410 Loss: 2.198363
2026-08-17 05:31: Train Epoch 2: 180/410 Loss: 2.255821
2026-08-17 05:31: Train Epoch 2: 200/410 Loss: 2.184157
2026-08-17 05:31: Train Epoch 2: 220/410 Loss: 2.177164
2026-08-17 05:31: Train Epoch 2: 240/410 Loss: 2.237173
2026-08-17 05:31: Train Epoch 2: 260/410 Loss: 2.206565
2026-08-17 05:31: Train Epoch 2: 280/410 Loss: 2.109195
2026-08-17 05:31: Train Epoch 2: 300/410 Loss: 2.108341
2026-08-17 05:31: Train Epoch 2: 320/410 Loss: 2.194131
2026-08-17 05:31: Train Epoch 2: 340/410 Loss: 2.121779
2026-08-17 05:31: Train Epoch 2: 360/410 Loss: 2.113055
2026-08-17 05:31: Train Epoch 2: 380/410 Loss: 2.113965
2026-08-17 05:31: Train Epoch 2: 400/410 Loss: 2.077251
2026-08-17 05:31: **********Train Epoch 2: averaged Loss: 2.254744, tf_ratio: 1.000000
2026-08-17 05:31: **********Val Epoch 2: average Loss: 2.100948
2026-08-17 05:31: *********************************Current best model saved!
2026-08-17 05:31: Train Epoch 3: 0/410 Loss: 2.177103
2026-08-17 05:31: Train Epoch 3: 20/410 Loss: 2.103333
2026-08-17 05:31: Train Epoch 3: 40/410 Loss: 2.180020
2026-08-17 05:31: Train Epoch 3: 60/410 Loss: 2.027422
2026-08-17 05:31: Train Epoch 3: 80/410 Loss: 2.066316
2026-08-17 05:31: Train Epoch 3: 100/410 Loss: 2.112669
2026-08-17 05:31: Train Epoch 3: 120/410 Loss: 2.053843
2026-08-17 05:32: Train Epoch 3: 140/410 Loss: 2.010359
2026-08-17 05:32: Train Epoch 3: 160/410 Loss: 2.036526
2026-08-17 05:32: Train Epoch 3: 180/410 Loss: 2.055295
2026-08-17 05:32: Train Epoch 3: 200/410 Loss: 2.047309
2026-08-17 05:32: Train Epoch 3: 220/410 Loss: 2.124166
2026-08-17 05:32: Train Epoch 3: 240/410 Loss: 2.094026
2026-08-17 05:32: Train Epoch 3: 260/410 Loss: 2.027825
2026-08-17 05:32: Train Epoch 3: 280/410 Loss: 2.033688
2026-08-17 05:32: Train Epoch 3: 300/410 Loss: 2.020240
2026-08-17 05:32: Train Epoch 3: 320/410 Loss: 1.995665
2026-08-17 05:32: Train Epoch 3: 340/410 Loss: 2.031351
2026-08-17 05:32: Train Epoch 3: 360/410 Loss: 1.989341
2026-08-17 05:32: Train Epoch 3: 380/410 Loss: 1.992190
2026-08-17 05:32: Train Epoch 3: 400/410 Loss: 1.966718
2026-08-17 05:32: **********Train Epoch 3: averaged Loss: 2.036485, tf_ratio: 1.000000
2026-08-17 05:32: **********Val Epoch 3: average Loss: 1.971200
2026-08-17 05:32: *********************************Current best model saved!
2026-08-17 05:32: Train Epoch 4: 0/410 Loss: 1.974445
2026-08-17 05:32: Train Epoch 4: 20/410 Loss: 1.951723
2026-08-17 05:32: Train Epoch 4: 40/410 Loss: 1.974482
2026-08-17 05:32: Train Epoch 4: 60/410 Loss: 1.959113
2026-08-17 05:32: Train Epoch 4: 80/410 Loss: 2.031571
2026-08-17 05:32: Train Epoch 4: 100/410 Loss: 1.946261
2026-08-17 05:32: Train Epoch 4: 120/410 Loss: 1.991203
2026-08-17 05:32: Train Epoch 4: 140/410 Loss: 1.946271
2026-08-17 05:32: Train Epoch 4: 160/410 Loss: 2.017999
2026-08-17 05:32: Train Epoch 4: 180/410 Loss: 1.867680
2026-08-17 05:32: Train Epoch 4: 200/410 Loss: 1.978511
2026-08-17 05:32: Train Epoch 4: 220/410 Loss: 1.930586
2026-08-17 05:32: Train Epoch 4: 240/410 Loss: 1.921172
2026-08-17 05:32: Train Epoch 4: 260/410 Loss: 2.021700
2026-08-17 05:32: Train Epoch 4: 280/410 Loss: 1.995865
2026-08-17 05:32: Train Epoch 4: 300/410 Loss: 1.986181
2026-08-17 05:32: Train Epoch 4: 320/410 Loss: 1.982836
2026-08-17 05:32: Train Epoch 4: 340/410 Loss: 1.951399
2026-08-17 05:32: Train Epoch 4: 360/410 Loss: 1.935199
2026-08-17 05:32: Train Epoch 4: 380/410 Loss: 1.899209
2026-08-17 05:32: Train Epoch 4: 400/410 Loss: 1.893183
2026-08-17 05:32: **********Train Epoch 4: averaged Loss: 1.959694, tf_ratio: 1.000000
2026-08-17 05:32: **********Val Epoch 4: average Loss: 1.922559
2026-08-17 05:32: *********************************Current best model saved!
2026-08-17 05:32: Train Epoch 5: 0/410 Loss: 1.934540
2026-08-17 05:32: Train Epoch 5: 20/410 Loss: 1.868596
2026-08-17 05:32: Train Epoch 5: 40/410 Loss: 2.023085
2026-08-17 05:32: Train Epoch 5: 60/410 Loss: 1.944625
2026-08-17 05:32: Train Epoch 5: 80/410 Loss: 1.848034
2026-08-17 05:32: Train Epoch 5: 100/410 Loss: 1.953482
2026-08-17 05:32: Train Epoch 5: 120/410 Loss: 1.927512
2026-08-17 05:32: Train Epoch 5: 140/410 Loss: 1.895385
2026-08-17 05:32: Train Epoch 5: 160/410 Loss: 1.948216
2026-08-17 05:32: Train Epoch 5: 180/410 Loss: 1.839013
2026-08-17 05:32: Train Epoch 5: 200/410 Loss: 1.822735
2026-08-17 05:32: Train Epoch 5: 220/410 Loss: 1.947907
2026-08-17 05:32: Train Epoch 5: 240/410 Loss: 1.852274
2026-08-17 05:32: Train Epoch 5: 260/410 Loss: 1.896348
2026-08-17 05:32: Train Epoch 5: 280/410 Loss: 1.892225
2026-08-17 05:32: Train Epoch 5: 300/410 Loss: 1.958972
2026-08-17 05:32: Train Epoch 5: 320/410 Loss: 1.947470
2026-08-17 05:32: Train Epoch 5: 340/410 Loss: 1.880858
2026-08-17 05:32: Train Epoch 5: 360/410 Loss: 1.794091
2026-08-17 05:32: Train Epoch 5: 380/410 Loss: 1.885413
2026-08-17 05:32: Train Epoch 5: 400/410 Loss: 1.914860
2026-08-17 05:32: **********Train Epoch 5: averaged Loss: 1.914392, tf_ratio: 1.000000
2026-08-17 05:32: **********Val Epoch 5: average Loss: 1.888233
