2026-08-17 00:07: Experiment log path in: /scratch/chkkar002/Diffusion_Based_STGNNs/AGCRN/model/experiments/SAWS/trial18_20260817000733
2026-08-17 00:07: Train Epoch 1: 0/821 Loss: 16.794003
2026-08-17 00:07: Train Epoch 1: 20/821 Loss: 11.533880
2026-08-17 00:07: Train Epoch 1: 40/821 Loss: 6.251064
2026-08-17 00:07: Train Epoch 1: 60/821 Loss: 5.282611
2026-08-17 00:07: Train Epoch 1: 80/821 Loss: 5.037357
2026-08-17 00:07: Train Epoch 1: 100/821 Loss: 5.250434
2026-08-17 00:07: Train Epoch 1: 120/821 Loss: 4.346641
2026-08-17 00:07: Train Epoch 1: 140/821 Loss: 4.162244
2026-08-17 00:07: Train Epoch 1: 160/821 Loss: 4.028028
2026-08-17 00:07: Train Epoch 1: 180/821 Loss: 4.220719
2026-08-17 00:08: Train Epoch 1: 200/821 Loss: 4.018610
2026-08-17 00:08: Train Epoch 1: 220/821 Loss: 3.984494
2026-08-17 00:08: Train Epoch 1: 240/821 Loss: 3.858421
2026-08-17 00:08: Train Epoch 1: 260/821 Loss: 3.347558
2026-08-17 00:08: Train Epoch 1: 280/821 Loss: 3.585838
2026-08-17 00:08: Train Epoch 1: 300/821 Loss: 3.609947
2026-08-17 00:08: Train Epoch 1: 320/821 Loss: 3.263383
2026-08-17 00:08: Train Epoch 1: 340/821 Loss: 2.833846
2026-08-17 00:08: Train Epoch 1: 360/821 Loss: 2.952980
2026-08-17 00:08: Train Epoch 1: 380/821 Loss: 2.686194
2026-08-17 00:08: Train Epoch 1: 400/821 Loss: 2.569798
2026-08-17 00:08: Train Epoch 1: 420/821 Loss: 2.540091
2026-08-17 00:08: Train Epoch 1: 440/821 Loss: 2.378654
2026-08-17 00:08: Train Epoch 1: 460/821 Loss: 2.430922
2026-08-17 00:08: Train Epoch 1: 480/821 Loss: 2.365583
2026-08-17 00:08: Train Epoch 1: 500/821 Loss: 2.364183
2026-08-17 00:08: Train Epoch 1: 520/821 Loss: 2.360525
2026-08-17 00:08: Train Epoch 1: 540/821 Loss: 2.407240
2026-08-17 00:08: Train Epoch 1: 560/821 Loss: 2.483554
2026-08-17 00:08: Train Epoch 1: 580/821 Loss: 2.203256
2026-08-17 00:09: Train Epoch 1: 600/821 Loss: 2.169984
2026-08-17 00:09: Train Epoch 1: 620/821 Loss: 2.316686
2026-08-17 00:09: Train Epoch 1: 640/821 Loss: 2.152924
2026-08-17 00:09: Train Epoch 1: 660/821 Loss: 2.267612
2026-08-17 00:09: Train Epoch 1: 680/821 Loss: 2.128347
2026-08-17 00:09: Train Epoch 1: 700/821 Loss: 2.140921
2026-08-17 00:09: Train Epoch 1: 720/821 Loss: 2.023804
2026-08-17 00:09: Train Epoch 1: 740/821 Loss: 2.124722
2026-08-17 00:09: Train Epoch 1: 760/821 Loss: 2.028751
2026-08-17 00:09: Train Epoch 1: 780/821 Loss: 2.088771
2026-08-17 00:09: Train Epoch 1: 800/821 Loss: 2.026877
2026-08-17 00:09: Train Epoch 1: 820/821 Loss: 2.017913
2026-08-17 00:09: **********Train Epoch 1: averaged Loss: 3.404780, tf_ratio: 1.000000
2026-08-17 00:09: **********Val Epoch 1: average Loss: 2.002579
2026-08-17 00:09: *********************************Current best model saved!
2026-08-17 00:09: Train Epoch 2: 0/821 Loss: 2.048671
2026-08-17 00:09: Train Epoch 2: 20/821 Loss: 2.083556
2026-08-17 00:09: Train Epoch 2: 40/821 Loss: 1.964467
2026-08-17 00:09: Train Epoch 2: 60/821 Loss: 2.126665
2026-08-17 00:09: Train Epoch 2: 80/821 Loss: 1.937328
2026-08-17 00:09: Train Epoch 2: 100/821 Loss: 1.891926
2026-08-17 00:10: Train Epoch 2: 120/821 Loss: 1.948070
2026-08-17 00:10: Train Epoch 2: 140/821 Loss: 1.916207
2026-08-17 00:10: Train Epoch 2: 160/821 Loss: 1.977200
2026-08-17 00:10: Train Epoch 2: 180/821 Loss: 1.958036
2026-08-17 00:10: Train Epoch 2: 200/821 Loss: 2.038942
2026-08-17 00:10: Train Epoch 2: 220/821 Loss: 1.872991
2026-08-17 00:10: Train Epoch 2: 240/821 Loss: 2.002534
2026-08-17 00:10: Train Epoch 2: 260/821 Loss: 1.939312
2026-08-17 00:10: Train Epoch 2: 280/821 Loss: 2.021789
2026-08-17 00:10: Train Epoch 2: 300/821 Loss: 1.954224
2026-08-17 00:10: Train Epoch 2: 320/821 Loss: 1.823353
2026-08-17 00:10: Train Epoch 2: 340/821 Loss: 1.916777
2026-08-17 00:10: Train Epoch 2: 360/821 Loss: 1.875028
2026-08-17 00:10: Train Epoch 2: 380/821 Loss: 2.015047
2026-08-17 00:10: Train Epoch 2: 400/821 Loss: 1.959434
2026-08-17 00:10: Train Epoch 2: 420/821 Loss: 1.844295
2026-08-17 00:10: Train Epoch 2: 440/821 Loss: 1.907410
2026-08-17 00:10: Train Epoch 2: 460/821 Loss: 1.860486
2026-08-17 00:10: Train Epoch 2: 480/821 Loss: 1.861745
2026-08-17 00:10: Train Epoch 2: 500/821 Loss: 1.853921
2026-08-17 00:10: Train Epoch 2: 520/821 Loss: 1.781006
2026-08-17 00:10: Train Epoch 2: 540/821 Loss: 1.972943
2026-08-17 00:11: Train Epoch 2: 560/821 Loss: 1.866565
2026-08-17 00:11: Train Epoch 2: 580/821 Loss: 1.856068
2026-08-17 00:11: Train Epoch 2: 600/821 Loss: 1.924635
2026-08-17 00:11: Train Epoch 2: 620/821 Loss: 1.848345
2026-08-17 00:11: Train Epoch 2: 640/821 Loss: 1.861876
2026-08-17 00:11: Train Epoch 2: 660/821 Loss: 1.903478
2026-08-17 00:11: Train Epoch 2: 680/821 Loss: 1.887424
2026-08-17 00:11: Train Epoch 2: 700/821 Loss: 1.926407
2026-08-17 00:11: Train Epoch 2: 720/821 Loss: 1.877901
2026-08-17 00:11: Train Epoch 2: 740/821 Loss: 1.936679
2026-08-17 00:11: Train Epoch 2: 760/821 Loss: 1.873557
2026-08-17 00:11: Train Epoch 2: 780/821 Loss: 2.003294
2026-08-17 00:11: Train Epoch 2: 800/821 Loss: 1.792163
2026-08-17 00:11: Train Epoch 2: 820/821 Loss: 1.858805
2026-08-17 00:11: **********Train Epoch 2: averaged Loss: 1.912511, tf_ratio: 1.000000
2026-08-17 00:11: **********Val Epoch 2: average Loss: 1.864034
2026-08-17 00:11: *********************************Current best model saved!
2026-08-17 00:11: Train Epoch 3: 0/821 Loss: 1.920456
2026-08-17 00:11: Train Epoch 3: 20/821 Loss: 1.863282
2026-08-17 00:11: Train Epoch 3: 40/821 Loss: 1.799871
2026-08-17 00:11: Train Epoch 3: 60/821 Loss: 1.810669
2026-08-17 00:11: Train Epoch 3: 80/821 Loss: 1.903782
2026-08-17 00:12: Train Epoch 3: 100/821 Loss: 1.801804
2026-08-17 00:12: Train Epoch 3: 120/821 Loss: 1.816347
2026-08-17 00:12: Train Epoch 3: 140/821 Loss: 1.840399
2026-08-17 00:12: Train Epoch 3: 160/821 Loss: 1.777138
2026-08-17 00:12: Train Epoch 3: 180/821 Loss: 1.904794
2026-08-17 00:12: Train Epoch 3: 200/821 Loss: 1.746170
2026-08-17 00:12: Train Epoch 3: 220/821 Loss: 1.792974
2026-08-17 00:12: Train Epoch 3: 240/821 Loss: 1.828538
2026-08-17 00:12: Train Epoch 3: 260/821 Loss: 1.833723
2026-08-17 00:12: Train Epoch 3: 280/821 Loss: 1.769322
2026-08-17 00:12: Train Epoch 3: 300/821 Loss: 1.851231
2026-08-17 00:12: Train Epoch 3: 320/821 Loss: 1.706592
2026-08-17 00:12: Train Epoch 3: 340/821 Loss: 1.758281
2026-08-17 00:12: Train Epoch 3: 360/821 Loss: 1.816667
2026-08-17 00:12: Train Epoch 3: 380/821 Loss: 1.822029
2026-08-17 00:12: Train Epoch 3: 400/821 Loss: 1.858969
2026-08-17 00:12: Train Epoch 3: 420/821 Loss: 1.771243
2026-08-17 00:12: Train Epoch 3: 440/821 Loss: 1.838229
2026-08-17 00:12: Train Epoch 3: 460/821 Loss: 1.777745
2026-08-17 00:12: Train Epoch 3: 480/821 Loss: 1.864974
2026-08-17 00:12: Train Epoch 3: 500/821 Loss: 1.826201
2026-08-17 00:12: Train Epoch 3: 520/821 Loss: 1.701826
2026-08-17 00:13: Train Epoch 3: 540/821 Loss: 1.842132
2026-08-17 00:13: Train Epoch 3: 560/821 Loss: 1.891115
2026-08-17 00:13: Train Epoch 3: 580/821 Loss: 1.792471
2026-08-17 00:13: Train Epoch 3: 600/821 Loss: 1.703936
2026-08-17 00:13: Train Epoch 3: 620/821 Loss: 1.785673
2026-08-17 00:13: Train Epoch 3: 640/821 Loss: 1.813560
2026-08-17 00:13: Train Epoch 3: 660/821 Loss: 1.726812
2026-08-17 00:13: Train Epoch 3: 680/821 Loss: 1.767698
2026-08-17 00:13: Train Epoch 3: 700/821 Loss: 1.797138
2026-08-17 00:13: Train Epoch 3: 720/821 Loss: 1.746214
2026-08-17 00:13: Train Epoch 3: 740/821 Loss: 1.624692
2026-08-17 00:13: Train Epoch 3: 760/821 Loss: 1.748876
2026-08-17 00:13: Train Epoch 3: 780/821 Loss: 1.790351
2026-08-17 00:13: Train Epoch 3: 800/821 Loss: 1.734110
2026-08-17 00:13: Train Epoch 3: 820/821 Loss: 1.735109
2026-08-17 00:13: **********Train Epoch 3: averaged Loss: 1.790493, tf_ratio: 1.000000
2026-08-17 00:13: **********Val Epoch 3: average Loss: 1.797941
2026-08-17 00:13: *********************************Current best model saved!
2026-08-17 00:13: Train Epoch 4: 0/821 Loss: 1.722489
2026-08-17 00:13: Train Epoch 4: 20/821 Loss: 1.728968
2026-08-17 00:13: Train Epoch 4: 40/821 Loss: 1.724150
2026-08-17 00:13: Train Epoch 4: 60/821 Loss: 1.661984
2026-08-17 00:14: Train Epoch 4: 80/821 Loss: 1.807819
2026-08-17 00:14: Train Epoch 4: 100/821 Loss: 1.727980
2026-08-17 00:14: Train Epoch 4: 120/821 Loss: 1.671952
2026-08-17 00:14: Train Epoch 4: 140/821 Loss: 1.739362
2026-08-17 00:14: Train Epoch 4: 160/821 Loss: 1.640650
2026-08-17 00:14: Train Epoch 4: 180/821 Loss: 1.681589
2026-08-17 00:14: Train Epoch 4: 200/821 Loss: 1.749221
2026-08-17 00:14: Train Epoch 4: 220/821 Loss: 1.805712
2026-08-17 00:14: Train Epoch 4: 240/821 Loss: 1.721721
2026-08-17 00:14: Train Epoch 4: 260/821 Loss: 1.752352
2026-08-17 00:14: Train Epoch 4: 280/821 Loss: 1.710586
2026-08-17 00:14: Train Epoch 4: 300/821 Loss: 1.724306
2026-08-17 00:14: Train Epoch 4: 320/821 Loss: 1.647854
2026-08-17 00:14: Train Epoch 4: 340/821 Loss: 1.738008
2026-08-17 00:14: Train Epoch 4: 360/821 Loss: 1.679553
2026-08-17 00:14: Train Epoch 4: 380/821 Loss: 1.700998
2026-08-17 00:14: Train Epoch 4: 400/821 Loss: 1.644184
2026-08-17 00:14: Train Epoch 4: 420/821 Loss: 1.678177
2026-08-17 00:14: Train Epoch 4: 440/821 Loss: 1.764084
2026-08-17 00:14: Train Epoch 4: 460/821 Loss: 1.775044
2026-08-17 00:14: Train Epoch 4: 480/821 Loss: 1.777734
2026-08-17 00:14: Train Epoch 4: 500/821 Loss: 1.721501
2026-08-17 00:15: Train Epoch 4: 520/821 Loss: 1.700459
2026-08-17 00:15: Train Epoch 4: 540/821 Loss: 1.683512
2026-08-17 00:15: Train Epoch 4: 560/821 Loss: 1.711113
2026-08-17 00:15: Train Epoch 4: 580/821 Loss: 1.680299
2026-08-17 00:15: Train Epoch 4: 600/821 Loss: 1.677043
2026-08-17 00:15: Train Epoch 4: 620/821 Loss: 1.738806
2026-08-17 00:15: Train Epoch 4: 640/821 Loss: 1.659505
2026-08-17 00:15: Train Epoch 4: 660/821 Loss: 1.617501
2026-08-17 00:15: Train Epoch 4: 680/821 Loss: 1.743800
2026-08-17 00:15: Train Epoch 4: 700/821 Loss: 1.594838
2026-08-17 00:15: Train Epoch 4: 720/821 Loss: 1.708038
2026-08-17 00:15: Train Epoch 4: 740/821 Loss: 1.750987
2026-08-17 00:15: Train Epoch 4: 760/821 Loss: 1.662424
2026-08-17 00:15: Train Epoch 4: 780/821 Loss: 1.625359
2026-08-17 00:15: Train Epoch 4: 800/821 Loss: 1.708950
2026-08-17 00:15: Train Epoch 4: 820/821 Loss: 1.604566
2026-08-17 00:15: **********Train Epoch 4: averaged Loss: 1.712986, tf_ratio: 1.000000
2026-08-17 00:15: **********Val Epoch 4: average Loss: 1.795931
2026-08-17 00:15: *********************************Current best model saved!
2026-08-17 00:15: Train Epoch 5: 0/821 Loss: 1.706422
2026-08-17 00:15: Train Epoch 5: 20/821 Loss: 1.628529
2026-08-17 00:16: Train Epoch 5: 40/821 Loss: 1.612003
2026-08-17 00:16: Train Epoch 5: 60/821 Loss: 1.642900
2026-08-17 00:16: Train Epoch 5: 80/821 Loss: 1.687459
2026-08-17 00:16: Train Epoch 5: 100/821 Loss: 1.628492
2026-08-17 00:16: Train Epoch 5: 120/821 Loss: 1.663845
2026-08-17 00:16: Train Epoch 5: 140/821 Loss: 1.603765
2026-08-17 00:16: Train Epoch 5: 160/821 Loss: 1.640215
2026-08-17 00:16: Train Epoch 5: 180/821 Loss: 1.665529
2026-08-17 00:16: Train Epoch 5: 200/821 Loss: 1.826449
2026-08-17 00:16: Train Epoch 5: 220/821 Loss: 1.653601
2026-08-17 00:16: Train Epoch 5: 240/821 Loss: 1.643246
2026-08-17 00:16: Train Epoch 5: 260/821 Loss: 1.633359
2026-08-17 00:16: Train Epoch 5: 280/821 Loss: 1.651524
2026-08-17 00:16: Train Epoch 5: 300/821 Loss: 1.682627
2026-08-17 00:16: Train Epoch 5: 320/821 Loss: 1.709422
2026-08-17 00:16: Train Epoch 5: 340/821 Loss: 1.643536
2026-08-17 00:16: Train Epoch 5: 360/821 Loss: 1.621019
2026-08-17 00:16: Train Epoch 5: 380/821 Loss: 1.646608
2026-08-17 00:16: Train Epoch 5: 400/821 Loss: 1.620428
2026-08-17 00:16: Train Epoch 5: 420/821 Loss: 1.635426
2026-08-17 00:16: Train Epoch 5: 440/821 Loss: 1.622499
2026-08-17 00:16: Train Epoch 5: 460/821 Loss: 1.602880
2026-08-17 00:17: Train Epoch 5: 480/821 Loss: 1.645727
2026-08-17 00:17: Train Epoch 5: 500/821 Loss: 1.657249
2026-08-17 00:17: Train Epoch 5: 520/821 Loss: 1.630071
2026-08-17 00:17: Train Epoch 5: 540/821 Loss: 1.565682
2026-08-17 00:17: Train Epoch 5: 560/821 Loss: 1.673600
2026-08-17 00:17: Train Epoch 5: 580/821 Loss: 1.637717
2026-08-17 00:17: Train Epoch 5: 600/821 Loss: 1.686117
2026-08-17 00:17: Train Epoch 5: 620/821 Loss: 1.637348
2026-08-17 00:17: Train Epoch 5: 640/821 Loss: 1.632827
2026-08-17 00:17: Train Epoch 5: 660/821 Loss: 1.608529
2026-08-17 00:17: Train Epoch 5: 680/821 Loss: 1.695195
2026-08-17 00:17: Train Epoch 5: 700/821 Loss: 1.615729
2026-08-17 00:17: Train Epoch 5: 720/821 Loss: 1.708858
2026-08-17 00:17: Train Epoch 5: 740/821 Loss: 1.758564
2026-08-17 00:17: Train Epoch 5: 760/821 Loss: 1.661673
2026-08-17 00:17: Train Epoch 5: 780/821 Loss: 1.668416
2026-08-17 00:17: Train Epoch 5: 800/821 Loss: 1.664784
2026-08-17 00:17: Train Epoch 5: 820/821 Loss: 1.600122
2026-08-17 00:17: **********Train Epoch 5: averaged Loss: 1.641561, tf_ratio: 1.000000
2026-08-17 00:17: **********Val Epoch 5: average Loss: 1.771135
2026-08-17 00:17: *********************************Current best model saved!
2026-08-17 00:17: Train Epoch 6: 0/821 Loss: 1.608678
2026-08-17 00:18: Train Epoch 6: 20/821 Loss: 1.605366
2026-08-17 00:18: Train Epoch 6: 40/821 Loss: 1.577090
2026-08-17 00:18: Train Epoch 6: 60/821 Loss: 1.539312
2026-08-17 00:18: Train Epoch 6: 80/821 Loss: 1.552867
2026-08-17 00:18: Train Epoch 6: 100/821 Loss: 1.559751
2026-08-17 00:18: Train Epoch 6: 120/821 Loss: 1.629294
2026-08-17 00:18: Train Epoch 6: 140/821 Loss: 1.630978
2026-08-17 00:18: Train Epoch 6: 160/821 Loss: 1.570694
2026-08-17 00:18: Train Epoch 6: 180/821 Loss: 1.666010
2026-08-17 00:18: Train Epoch 6: 200/821 Loss: 1.688985
2026-08-17 00:18: Train Epoch 6: 220/821 Loss: 1.575668
2026-08-17 00:18: Train Epoch 6: 240/821 Loss: 1.546423
2026-08-17 00:18: Train Epoch 6: 260/821 Loss: 1.656552
2026-08-17 00:18: Train Epoch 6: 280/821 Loss: 1.683468
2026-08-17 00:18: Train Epoch 6: 300/821 Loss: 1.587629
2026-08-17 00:18: Train Epoch 6: 320/821 Loss: 1.565962
2026-08-17 00:18: Train Epoch 6: 340/821 Loss: 1.529345
2026-08-17 00:18: Train Epoch 6: 360/821 Loss: 1.597165
2026-08-17 00:18: Train Epoch 6: 380/821 Loss: 1.657891
2026-08-17 00:18: Train Epoch 6: 400/821 Loss: 1.580915
2026-08-17 00:18: Train Epoch 6: 420/821 Loss: 1.589775
2026-08-17 00:18: Train Epoch 6: 440/821 Loss: 1.537117
2026-08-17 00:19: Train Epoch 6: 460/821 Loss: 1.592846
2026-08-17 00:19: Train Epoch 6: 480/821 Loss: 1.565131
2026-08-17 00:19: Train Epoch 6: 500/821 Loss: 1.613581
2026-08-17 00:19: Train Epoch 6: 520/821 Loss: 1.582615
2026-08-17 00:19: Train Epoch 6: 540/821 Loss: 1.514986
2026-08-17 00:19: Train Epoch 6: 560/821 Loss: 1.476397
2026-08-17 00:19: Train Epoch 6: 580/821 Loss: 1.578753
2026-08-17 00:19: Train Epoch 6: 600/821 Loss: 1.626927
2026-08-17 00:19: Train Epoch 6: 620/821 Loss: 1.552185
2026-08-17 00:19: Train Epoch 6: 640/821 Loss: 1.593600
2026-08-17 00:19: Train Epoch 6: 660/821 Loss: 1.547756
2026-08-17 00:19: Train Epoch 6: 680/821 Loss: 1.540891
2026-08-17 00:19: Train Epoch 6: 700/821 Loss: 1.588673
2026-08-17 00:19: Train Epoch 6: 720/821 Loss: 1.571658
2026-08-17 00:19: Train Epoch 6: 740/821 Loss: 1.557204
2026-08-17 00:19: Train Epoch 6: 760/821 Loss: 1.619041
2026-08-17 00:19: Train Epoch 6: 780/821 Loss: 1.643309
2026-08-17 00:19: Train Epoch 6: 800/821 Loss: 1.525547
2026-08-17 00:19: Train Epoch 6: 820/821 Loss: 1.615330
2026-08-17 00:19: **********Train Epoch 6: averaged Loss: 1.580100, tf_ratio: 1.000000
2026-08-17 00:20: **********Val Epoch 6: average Loss: 1.779949
2026-08-17 00:20: Train Epoch 7: 0/821 Loss: 1.623473
2026-08-17 00:20: Train Epoch 7: 20/821 Loss: 1.448771
2026-08-17 00:20: Train Epoch 7: 40/821 Loss: 1.634143
2026-08-17 00:20: Train Epoch 7: 60/821 Loss: 1.552773
2026-08-17 00:20: Train Epoch 7: 80/821 Loss: 1.577124
2026-08-17 00:20: Train Epoch 7: 100/821 Loss: 1.571597
2026-08-17 00:20: Train Epoch 7: 120/821 Loss: 1.514236
2026-08-17 00:20: Train Epoch 7: 140/821 Loss: 1.516214
2026-08-17 00:20: Train Epoch 7: 160/821 Loss: 1.527936
2026-08-17 00:20: Train Epoch 7: 180/821 Loss: 1.550731
2026-08-17 00:20: Train Epoch 7: 200/821 Loss: 1.506071
2026-08-17 00:20: Train Epoch 7: 220/821 Loss: 1.574601
2026-08-17 00:20: Train Epoch 7: 240/821 Loss: 1.515400
2026-08-17 00:20: Train Epoch 7: 260/821 Loss: 1.538102
2026-08-17 00:20: Train Epoch 7: 280/821 Loss: 1.524321
2026-08-17 00:20: Train Epoch 7: 300/821 Loss: 1.606733
2026-08-17 00:20: Train Epoch 7: 320/821 Loss: 1.485579
2026-08-17 00:20: Train Epoch 7: 340/821 Loss: 1.564077
2026-08-17 00:20: Train Epoch 7: 360/821 Loss: 1.519439
2026-08-17 00:20: Train Epoch 7: 380/821 Loss: 1.517136
2026-08-17 00:20: Train Epoch 7: 400/821 Loss: 1.499017
2026-08-17 00:20: Train Epoch 7: 420/821 Loss: 1.479462
2026-08-17 00:21: Train Epoch 7: 440/821 Loss: 1.509975
2026-08-17 00:21: Train Epoch 7: 460/821 Loss: 1.513457
2026-08-17 00:21: Train Epoch 7: 480/821 Loss: 1.551410
2026-08-17 00:21: Train Epoch 7: 500/821 Loss: 1.524607
2026-08-17 00:21: Train Epoch 7: 520/821 Loss: 1.501314
2026-08-17 00:21: Train Epoch 7: 540/821 Loss: 1.523765
2026-08-17 00:21: Train Epoch 7: 560/821 Loss: 1.506768
2026-08-17 00:21: Train Epoch 7: 580/821 Loss: 1.530705
2026-08-17 00:21: Train Epoch 7: 600/821 Loss: 1.576096
2026-08-17 00:21: Train Epoch 7: 620/821 Loss: 1.518061
2026-08-17 00:21: Train Epoch 7: 640/821 Loss: 1.499519
2026-08-17 00:21: Train Epoch 7: 660/821 Loss: 1.561243
2026-08-17 00:21: Train Epoch 7: 680/821 Loss: 1.530539
2026-08-17 00:21: Train Epoch 7: 700/821 Loss: 1.510741
2026-08-17 00:21: Train Epoch 7: 720/821 Loss: 1.471757
2026-08-17 00:21: Train Epoch 7: 740/821 Loss: 1.469922
2026-08-17 00:21: Train Epoch 7: 760/821 Loss: 1.495739
2026-08-17 00:21: Train Epoch 7: 780/821 Loss: 1.503345
2026-08-17 00:21: Train Epoch 7: 800/821 Loss: 1.498255
2026-08-17 00:21: Train Epoch 7: 820/821 Loss: 1.594212
2026-08-17 00:21: **********Train Epoch 7: averaged Loss: 1.527022, tf_ratio: 1.000000
2026-08-17 00:22: **********Val Epoch 7: average Loss: 1.781176
2026-08-17 00:22: Train Epoch 8: 0/821 Loss: 1.530676
2026-08-17 00:22: Train Epoch 8: 20/821 Loss: 1.538549
2026-08-17 00:22: Train Epoch 8: 40/821 Loss: 1.459806
2026-08-17 00:22: Train Epoch 8: 60/821 Loss: 1.470745
2026-08-17 00:22: Train Epoch 8: 80/821 Loss: 1.552081
2026-08-17 00:22: Train Epoch 8: 100/821 Loss: 1.462591
2026-08-17 00:22: Train Epoch 8: 120/821 Loss: 1.458029
2026-08-17 00:22: Train Epoch 8: 140/821 Loss: 1.473115
2026-08-17 00:22: Train Epoch 8: 160/821 Loss: 1.467169
2026-08-17 00:22: Train Epoch 8: 180/821 Loss: 1.395742
2026-08-17 00:22: Train Epoch 8: 200/821 Loss: 1.496769
2026-08-17 00:22: Train Epoch 8: 220/821 Loss: 1.506338
2026-08-17 00:22: Train Epoch 8: 240/821 Loss: 1.445694
2026-08-17 00:22: Train Epoch 8: 260/821 Loss: 1.495314
2026-08-17 00:22: Train Epoch 8: 280/821 Loss: 1.494008
2026-08-17 00:22: Train Epoch 8: 300/821 Loss: 1.454480
2026-08-17 00:22: Train Epoch 8: 320/821 Loss: 1.428287
2026-08-17 00:22: Train Epoch 8: 340/821 Loss: 1.414003
2026-08-17 00:22: Train Epoch 8: 360/821 Loss: 1.476224
2026-08-17 00:22: Train Epoch 8: 380/821 Loss: 1.431759
2026-08-17 00:22: Train Epoch 8: 400/821 Loss: 1.485852
2026-08-17 00:23: Train Epoch 8: 420/821 Loss: 1.500585
2026-08-17 00:23: Train Epoch 8: 440/821 Loss: 1.533024
2026-08-17 00:23: Train Epoch 8: 460/821 Loss: 1.562314
2026-08-17 00:23: Train Epoch 8: 480/821 Loss: 1.494056
2026-08-17 00:23: Train Epoch 8: 500/821 Loss: 1.434982
2026-08-17 00:23: Train Epoch 8: 520/821 Loss: 1.412464
2026-08-17 00:23: Train Epoch 8: 540/821 Loss: 1.420124
2026-08-17 00:23: Train Epoch 8: 560/821 Loss: 1.411964
2026-08-17 00:23: Train Epoch 8: 580/821 Loss: 1.532506
2026-08-17 00:23: Train Epoch 8: 600/821 Loss: 1.470330
2026-08-17 00:23: Train Epoch 8: 620/821 Loss: 1.431634
2026-08-17 00:23: Train Epoch 8: 640/821 Loss: 1.446609
2026-08-17 00:23: Train Epoch 8: 660/821 Loss: 1.394979
2026-08-17 00:23: Train Epoch 8: 680/821 Loss: 1.455592
2026-08-17 00:23: Train Epoch 8: 700/821 Loss: 1.446211
2026-08-17 00:23: Train Epoch 8: 720/821 Loss: 1.480635
2026-08-17 00:23: Train Epoch 8: 740/821 Loss: 1.508464
2026-08-17 00:23: Train Epoch 8: 760/821 Loss: 1.472443
2026-08-17 00:23: Train Epoch 8: 780/821 Loss: 1.499389
2026-08-17 00:23: Train Epoch 8: 800/821 Loss: 1.481397
2026-08-17 00:23: Train Epoch 8: 820/821 Loss: 1.452713
2026-08-17 00:23: **********Train Epoch 8: averaged Loss: 1.476729, tf_ratio: 1.000000
2026-08-17 00:24: **********Val Epoch 8: average Loss: 1.782026
2026-08-17 00:24: Train Epoch 9: 0/821 Loss: 1.368438
2026-08-17 00:24: Train Epoch 9: 20/821 Loss: 1.411516
2026-08-17 00:24: Train Epoch 9: 40/821 Loss: 1.392985
2026-08-17 00:24: Train Epoch 9: 60/821 Loss: 1.442713
2026-08-17 00:24: Train Epoch 9: 80/821 Loss: 1.379826
2026-08-17 00:24: Train Epoch 9: 100/821 Loss: 1.426025
2026-08-17 00:24: Train Epoch 9: 120/821 Loss: 1.421855
2026-08-17 00:24: Train Epoch 9: 140/821 Loss: 1.446553
2026-08-17 00:24: Train Epoch 9: 160/821 Loss: 1.434903
2026-08-17 00:24: Train Epoch 9: 180/821 Loss: 1.420651
2026-08-17 00:24: Train Epoch 9: 200/821 Loss: 1.506394
2026-08-17 00:24: Train Epoch 9: 220/821 Loss: 1.440169
2026-08-17 00:24: Train Epoch 9: 240/821 Loss: 1.476632
2026-08-17 00:24: Train Epoch 9: 260/821 Loss: 1.417440
2026-08-17 00:24: Train Epoch 9: 280/821 Loss: 1.489819
2026-08-17 00:24: Train Epoch 9: 300/821 Loss: 1.474058
2026-08-17 00:24: Train Epoch 9: 320/821 Loss: 1.475002
2026-08-17 00:24: Train Epoch 9: 340/821 Loss: 1.444695
2026-08-17 00:24: Train Epoch 9: 360/821 Loss: 1.529394
2026-08-17 00:24: Train Epoch 9: 380/821 Loss: 1.413313
2026-08-17 00:25: Train Epoch 9: 400/821 Loss: 1.427022
2026-08-17 00:25: Train Epoch 9: 420/821 Loss: 1.404038
2026-08-17 00:25: Train Epoch 9: 440/821 Loss: 1.446421
2026-08-17 00:25: Train Epoch 9: 460/821 Loss: 1.425742
2026-08-17 00:25: Train Epoch 9: 480/821 Loss: 1.428570
2026-08-17 00:25: Train Epoch 9: 500/821 Loss: 1.503173
2026-08-17 00:25: Train Epoch 9: 520/821 Loss: 1.414629
2026-08-17 00:25: Train Epoch 9: 540/821 Loss: 1.403241
2026-08-17 00:25: Train Epoch 9: 560/821 Loss: 1.409598
2026-08-17 00:25: Train Epoch 9: 580/821 Loss: 1.421216
2026-08-17 00:25: Train Epoch 9: 600/821 Loss: 1.393256
2026-08-17 00:25: Train Epoch 9: 620/821 Loss: 1.372544
2026-08-17 00:25: Train Epoch 9: 640/821 Loss: 1.486833
2026-08-17 00:25: Train Epoch 9: 660/821 Loss: 1.398023
2026-08-17 00:25: Train Epoch 9: 680/821 Loss: 1.481192
2026-08-17 00:25: Train Epoch 9: 700/821 Loss: 1.498717
2026-08-17 00:25: Train Epoch 9: 720/821 Loss: 1.416877
2026-08-17 00:25: Train Epoch 9: 740/821 Loss: 1.477241
2026-08-17 00:25: Train Epoch 9: 760/821 Loss: 1.457027
2026-08-17 00:25: Train Epoch 9: 780/821 Loss: 1.403734
2026-08-17 00:25: Train Epoch 9: 800/821 Loss: 1.415185
2026-08-17 00:26: Train Epoch 9: 820/821 Loss: 1.470903
2026-08-17 00:26: **********Train Epoch 9: averaged Loss: 1.438151, tf_ratio: 1.000000
2026-08-17 00:26: **********Val Epoch 9: average Loss: 1.800657
2026-08-17 00:26: Train Epoch 10: 0/821 Loss: 1.406860
2026-08-17 00:26: Train Epoch 10: 20/821 Loss: 1.433661
2026-08-17 00:26: Train Epoch 10: 40/821 Loss: 1.353374
2026-08-17 00:26: Train Epoch 10: 60/821 Loss: 1.394429
2026-08-17 00:26: Train Epoch 10: 80/821 Loss: 1.362894
2026-08-17 00:26: Train Epoch 10: 100/821 Loss: 1.395579
2026-08-17 00:26: Train Epoch 10: 120/821 Loss: 1.348883
2026-08-17 00:26: Train Epoch 10: 140/821 Loss: 1.415734
2026-08-17 00:26: Train Epoch 10: 160/821 Loss: 1.378099
2026-08-17 00:26: Train Epoch 10: 180/821 Loss: 1.395245
2026-08-17 00:26: Train Epoch 10: 200/821 Loss: 1.439570
2026-08-17 00:26: Train Epoch 10: 220/821 Loss: 1.417875
2026-08-17 00:26: Train Epoch 10: 240/821 Loss: 1.389210
2026-08-17 00:26: Train Epoch 10: 260/821 Loss: 1.448005
2026-08-17 00:26: Train Epoch 10: 280/821 Loss: 1.457767
2026-08-17 00:26: Train Epoch 10: 300/821 Loss: 1.385636
2026-08-17 00:26: Train Epoch 10: 320/821 Loss: 1.371882
2026-08-17 00:26: Train Epoch 10: 340/821 Loss: 1.454045
2026-08-17 00:27: Train Epoch 10: 360/821 Loss: 1.410737
2026-08-17 00:27: Train Epoch 10: 380/821 Loss: 1.366736
2026-08-17 00:27: Train Epoch 10: 400/821 Loss: 1.437187
2026-08-17 00:27: Train Epoch 10: 420/821 Loss: 1.363052
2026-08-17 00:27: Train Epoch 10: 440/821 Loss: 1.481404
2026-08-17 00:27: Train Epoch 10: 460/821 Loss: 1.473806
2026-08-17 00:27: Train Epoch 10: 480/821 Loss: 1.426658
2026-08-17 00:27: Train Epoch 10: 500/821 Loss: 1.432388
2026-08-17 00:27: Train Epoch 10: 520/821 Loss: 1.386160
2026-08-17 00:27: Train Epoch 10: 540/821 Loss: 1.407473
2026-08-17 00:27: Train Epoch 10: 560/821 Loss: 1.396340
2026-08-17 00:27: Train Epoch 10: 580/821 Loss: 1.425306
2026-08-17 00:27: Train Epoch 10: 600/821 Loss: 1.423863
2026-08-17 00:27: Train Epoch 10: 620/821 Loss: 1.422183
2026-08-17 00:27: Train Epoch 10: 640/821 Loss: 1.394729
2026-08-17 00:27: Train Epoch 10: 660/821 Loss: 1.395905
2026-08-17 00:27: Train Epoch 10: 680/821 Loss: 1.421144
2026-08-17 00:27: Train Epoch 10: 700/821 Loss: 1.410226
2026-08-17 00:27: Train Epoch 10: 720/821 Loss: 1.437999
2026-08-17 00:27: Train Epoch 10: 740/821 Loss: 1.390361
2026-08-17 00:27: Train Epoch 10: 760/821 Loss: 1.372984
2026-08-17 00:27: Train Epoch 10: 780/821 Loss: 1.413985
2026-08-17 00:28: Train Epoch 10: 800/821 Loss: 1.390366
2026-08-17 00:28: Train Epoch 10: 820/821 Loss: 1.418247
2026-08-17 00:28: **********Train Epoch 10: averaged Loss: 1.401204, tf_ratio: 1.000000
2026-08-17 00:28: **********Val Epoch 10: average Loss: 1.791903
2026-08-17 00:28: Train Epoch 11: 0/821 Loss: 1.417563
2026-08-17 00:28: Train Epoch 11: 20/821 Loss: 1.415974
2026-08-17 00:28: Train Epoch 11: 40/821 Loss: 1.351402
2026-08-17 00:28: Train Epoch 11: 60/821 Loss: 1.379441
2026-08-17 00:28: Train Epoch 11: 80/821 Loss: 1.351067
2026-08-17 00:28: Train Epoch 11: 100/821 Loss: 1.355173
2026-08-17 00:28: Train Epoch 11: 120/821 Loss: 1.411184
2026-08-17 00:28: Train Epoch 11: 140/821 Loss: 1.361153
2026-08-17 00:28: Train Epoch 11: 160/821 Loss: 1.374389
2026-08-17 00:28: Train Epoch 11: 180/821 Loss: 1.347825
2026-08-17 00:28: Train Epoch 11: 200/821 Loss: 1.396232
2026-08-17 00:28: Train Epoch 11: 220/821 Loss: 1.435782
2026-08-17 00:28: Train Epoch 11: 240/821 Loss: 1.355385
2026-08-17 00:28: Train Epoch 11: 260/821 Loss: 1.337567
2026-08-17 00:28: Train Epoch 11: 280/821 Loss: 1.390534
2026-08-17 00:28: Train Epoch 11: 300/821 Loss: 1.420566
2026-08-17 00:29: Train Epoch 11: 320/821 Loss: 1.392607
2026-08-17 00:29: Train Epoch 11: 340/821 Loss: 1.351776
2026-08-17 00:29: Train Epoch 11: 360/821 Loss: 1.342367
2026-08-17 00:29: Train Epoch 11: 380/821 Loss: 1.387873
2026-08-17 00:29: Train Epoch 11: 400/821 Loss: 1.374674
2026-08-17 00:29: Train Epoch 11: 420/821 Loss: 1.337543
2026-08-17 00:29: Train Epoch 11: 440/821 Loss: 1.341794
2026-08-17 00:29: Train Epoch 11: 460/821 Loss: 1.390767
2026-08-17 00:29: Train Epoch 11: 480/821 Loss: 1.387186
2026-08-17 00:29: Train Epoch 11: 500/821 Loss: 1.412217
2026-08-17 00:29: Train Epoch 11: 520/821 Loss: 1.381196
2026-08-17 00:29: Train Epoch 11: 540/821 Loss: 1.324096
2026-08-17 00:29: Train Epoch 11: 560/821 Loss: 1.412423
2026-08-17 00:29: Train Epoch 11: 580/821 Loss: 1.364419
2026-08-17 00:29: Train Epoch 11: 600/821 Loss: 1.344921
2026-08-17 00:29: Train Epoch 11: 620/821 Loss: 1.360491
2026-08-17 00:29: Train Epoch 11: 640/821 Loss: 1.402537
2026-08-17 00:29: Train Epoch 11: 660/821 Loss: 1.332988
2026-08-17 00:29: Train Epoch 11: 680/821 Loss: 1.356309
2026-08-17 00:29: Train Epoch 11: 700/821 Loss: 1.354191
2026-08-17 00:29: Train Epoch 11: 720/821 Loss: 1.348524
2026-08-17 00:29: Train Epoch 11: 740/821 Loss: 1.304451
2026-08-17 00:30: Train Epoch 11: 760/821 Loss: 1.356246
2026-08-17 00:30: Train Epoch 11: 780/821 Loss: 1.362570
2026-08-17 00:30: Train Epoch 11: 800/821 Loss: 1.370337
2026-08-17 00:30: Train Epoch 11: 820/821 Loss: 1.349627
2026-08-17 00:30: **********Train Epoch 11: averaged Loss: 1.371932, tf_ratio: 1.000000
2026-08-17 00:30: **********Val Epoch 11: average Loss: 1.801389
2026-08-17 00:30: Train Epoch 12: 0/821 Loss: 1.314977
2026-08-17 00:30: Train Epoch 12: 20/821 Loss: 1.348303
2026-08-17 00:30: Train Epoch 12: 40/821 Loss: 1.307984
2026-08-17 00:30: Train Epoch 12: 60/821 Loss: 1.301587
2026-08-17 00:30: Train Epoch 12: 80/821 Loss: 1.375680
2026-08-17 00:30: Train Epoch 12: 100/821 Loss: 1.361372
2026-08-17 00:30: Train Epoch 12: 120/821 Loss: 1.346474
2026-08-17 00:30: Train Epoch 12: 140/821 Loss: 1.347651
2026-08-17 00:30: Train Epoch 12: 160/821 Loss: 1.333803
2026-08-17 00:30: Train Epoch 12: 180/821 Loss: 1.366458
2026-08-17 00:30: Train Epoch 12: 200/821 Loss: 1.322042
2026-08-17 00:30: Train Epoch 12: 220/821 Loss: 1.345783
2026-08-17 00:30: Train Epoch 12: 240/821 Loss: 1.327730
2026-08-17 00:30: Train Epoch 12: 260/821 Loss: 1.358480
2026-08-17 00:30: Train Epoch 12: 280/821 Loss: 1.327485
2026-08-17 00:31: Train Epoch 12: 300/821 Loss: 1.327621
2026-08-17 00:31: Train Epoch 12: 320/821 Loss: 1.356075
2026-08-17 00:31: Train Epoch 12: 340/821 Loss: 1.361558
2026-08-17 00:31: Train Epoch 12: 360/821 Loss: 1.373268
2026-08-17 00:31: Train Epoch 12: 380/821 Loss: 1.350084
2026-08-17 00:31: Train Epoch 12: 400/821 Loss: 1.292730
2026-08-17 00:31: Train Epoch 12: 420/821 Loss: 1.379116
2026-08-17 00:31: Train Epoch 12: 440/821 Loss: 1.383651
2026-08-17 00:31: Train Epoch 12: 460/821 Loss: 1.380684
2026-08-17 00:31: Train Epoch 12: 480/821 Loss: 1.288803
2026-08-17 00:31: Train Epoch 12: 500/821 Loss: 1.386963
2026-08-17 00:31: Train Epoch 12: 520/821 Loss: 1.379076
2026-08-17 00:31: Train Epoch 12: 540/821 Loss: 1.391417
2026-08-17 00:31: Train Epoch 12: 560/821 Loss: 1.315791
2026-08-17 00:31: Train Epoch 12: 580/821 Loss: 1.352607
2026-08-17 00:31: Train Epoch 12: 600/821 Loss: 1.332557
2026-08-17 00:31: Train Epoch 12: 620/821 Loss: 1.344071
2026-08-17 00:31: Train Epoch 12: 640/821 Loss: 1.340100
2026-08-17 00:31: Train Epoch 12: 660/821 Loss: 1.328945
2026-08-17 00:31: Train Epoch 12: 680/821 Loss: 1.379961
2026-08-17 00:31: Train Epoch 12: 700/821 Loss: 1.341161
2026-08-17 00:31: Train Epoch 12: 720/821 Loss: 1.351087
2026-08-17 00:32: Train Epoch 12: 740/821 Loss: 1.347731
2026-08-17 00:32: Train Epoch 12: 760/821 Loss: 1.301213
2026-08-17 00:32: Train Epoch 12: 780/821 Loss: 1.345886
2026-08-17 00:32: Train Epoch 12: 800/821 Loss: 1.393483
2026-08-17 00:32: Train Epoch 12: 820/821 Loss: 1.328922
2026-08-17 00:32: **********Train Epoch 12: averaged Loss: 1.344226, tf_ratio: 1.000000
2026-08-17 00:32: **********Val Epoch 12: average Loss: 1.796414
2026-08-17 00:32: Train Epoch 13: 0/821 Loss: 1.331838
2026-08-17 00:32: Train Epoch 13: 20/821 Loss: 1.326052
2026-08-17 00:32: Train Epoch 13: 40/821 Loss: 1.305740
2026-08-17 00:32: Train Epoch 13: 60/821 Loss: 1.343340
2026-08-17 00:32: Train Epoch 13: 80/821 Loss: 1.307099
2026-08-17 00:32: Train Epoch 13: 100/821 Loss: 1.297404
2026-08-17 00:32: Train Epoch 13: 120/821 Loss: 1.322886
2026-08-17 00:32: Train Epoch 13: 140/821 Loss: 1.380731
2026-08-17 00:32: Train Epoch 13: 160/821 Loss: 1.364667
2026-08-17 00:32: Train Epoch 13: 180/821 Loss: 1.282839
2026-08-17 00:32: Train Epoch 13: 200/821 Loss: 1.363389
2026-08-17 00:32: Train Epoch 13: 220/821 Loss: 1.341414
2026-08-17 00:32: Train Epoch 13: 240/821 Loss: 1.339854
2026-08-17 00:32: Train Epoch 13: 260/821 Loss: 1.330630
2026-08-17 00:33: Train Epoch 13: 280/821 Loss: 1.384367
2026-08-17 00:33: Train Epoch 13: 300/821 Loss: 1.314745
2026-08-17 00:33: Train Epoch 13: 320/821 Loss: 1.319997
2026-08-17 00:33: Train Epoch 13: 340/821 Loss: 1.318004
2026-08-17 00:33: Train Epoch 13: 360/821 Loss: 1.281491
2026-08-17 00:33: Train Epoch 13: 380/821 Loss: 1.380214
2026-08-17 00:33: Train Epoch 13: 400/821 Loss: 1.388470
2026-08-17 00:33: Train Epoch 13: 420/821 Loss: 1.304131
2026-08-17 00:33: Train Epoch 13: 440/821 Loss: 1.314008
2026-08-17 00:33: Train Epoch 13: 460/821 Loss: 1.315157
2026-08-17 00:33: Train Epoch 13: 480/821 Loss: 1.284137
2026-08-17 00:33: Train Epoch 13: 500/821 Loss: 1.373392
2026-08-17 00:33: Train Epoch 13: 520/821 Loss: 1.254991
2026-08-17 00:33: Train Epoch 13: 540/821 Loss: 1.347315
2026-08-17 00:33: Train Epoch 13: 560/821 Loss: 1.302805
2026-08-17 00:33: Train Epoch 13: 580/821 Loss: 1.398299
2026-08-17 00:33: Train Epoch 13: 600/821 Loss: 1.320746
2026-08-17 00:33: Train Epoch 13: 620/821 Loss: 1.330061
2026-08-17 00:33: Train Epoch 13: 640/821 Loss: 1.290088
2026-08-17 00:33: Train Epoch 13: 660/821 Loss: 1.339489
2026-08-17 00:33: Train Epoch 13: 680/821 Loss: 1.333566
2026-08-17 00:33: Train Epoch 13: 700/821 Loss: 1.304066
2026-08-17 00:34: Train Epoch 13: 720/821 Loss: 1.387359
2026-08-17 00:34: Train Epoch 13: 740/821 Loss: 1.332863
2026-08-17 00:34: Train Epoch 13: 760/821 Loss: 1.329890
2026-08-17 00:34: Train Epoch 13: 780/821 Loss: 1.288569
2026-08-17 00:34: Train Epoch 13: 800/821 Loss: 1.281585
2026-08-17 00:34: Train Epoch 13: 820/821 Loss: 1.312555
2026-08-17 00:34: **********Train Epoch 13: averaged Loss: 1.319159, tf_ratio: 1.000000
2026-08-17 00:34: **********Val Epoch 13: average Loss: 1.806080
2026-08-17 00:34: Train Epoch 14: 0/821 Loss: 1.310340
2026-08-17 00:34: Train Epoch 14: 20/821 Loss: 1.299280
2026-08-17 00:34: Train Epoch 14: 40/821 Loss: 1.315146
2026-08-17 00:34: Train Epoch 14: 60/821 Loss: 1.294795
2026-08-17 00:34: Train Epoch 14: 80/821 Loss: 1.322720
2026-08-17 00:34: Train Epoch 14: 100/821 Loss: 1.284132
2026-08-17 00:34: Train Epoch 14: 120/821 Loss: 1.319261
2026-08-17 00:34: Train Epoch 14: 140/821 Loss: 1.290977
2026-08-17 00:34: Train Epoch 14: 160/821 Loss: 1.316512
2026-08-17 00:34: Train Epoch 14: 180/821 Loss: 1.316707
2026-08-17 00:34: Train Epoch 14: 200/821 Loss: 1.288810
2026-08-17 00:34: Train Epoch 14: 220/821 Loss: 1.334504
2026-08-17 00:34: Train Epoch 14: 240/821 Loss: 1.374108
2026-08-17 00:35: Train Epoch 14: 260/821 Loss: 1.285763
2026-08-17 00:35: Train Epoch 14: 280/821 Loss: 1.293846
2026-08-17 00:35: Train Epoch 14: 300/821 Loss: 1.347532
2026-08-17 00:35: Train Epoch 14: 320/821 Loss: 1.298643
2026-08-17 00:35: Train Epoch 14: 340/821 Loss: 1.331329
2026-08-17 00:35: Train Epoch 14: 360/821 Loss: 1.276518
2026-08-17 00:35: Train Epoch 14: 380/821 Loss: 1.280128
2026-08-17 00:35: Train Epoch 14: 400/821 Loss: 1.273337
2026-08-17 00:35: Train Epoch 14: 420/821 Loss: 1.261547
2026-08-17 00:35: Train Epoch 14: 440/821 Loss: 1.336249
2026-08-17 00:35: Train Epoch 14: 460/821 Loss: 1.306561
2026-08-17 00:35: Train Epoch 14: 480/821 Loss: 1.286390
2026-08-17 00:35: Train Epoch 14: 500/821 Loss: 1.289903
2026-08-17 00:35: Train Epoch 14: 520/821 Loss: 1.262680
2026-08-17 00:35: Train Epoch 14: 540/821 Loss: 1.290538
2026-08-17 00:35: Train Epoch 14: 560/821 Loss: 1.267628
2026-08-17 00:35: Train Epoch 14: 580/821 Loss: 1.238828
2026-08-17 00:35: Train Epoch 14: 600/821 Loss: 1.272716
2026-08-17 00:35: Train Epoch 14: 620/821 Loss: 1.296417
2026-08-17 00:35: Train Epoch 14: 640/821 Loss: 1.294788
2026-08-17 00:35: Train Epoch 14: 660/821 Loss: 1.282791
2026-08-17 00:35: Train Epoch 14: 680/821 Loss: 1.266194
2026-08-17 00:36: Train Epoch 14: 700/821 Loss: 1.324551
2026-08-17 00:36: Train Epoch 14: 720/821 Loss: 1.318091
2026-08-17 00:36: Train Epoch 14: 740/821 Loss: 1.284783
2026-08-17 00:36: Train Epoch 14: 760/821 Loss: 1.307217
2026-08-17 00:36: Train Epoch 14: 780/821 Loss: 1.266395
2026-08-17 00:36: Train Epoch 14: 800/821 Loss: 1.287396
2026-08-17 00:36: Train Epoch 14: 820/821 Loss: 1.269723
2026-08-17 00:36: **********Train Epoch 14: averaged Loss: 1.297617, tf_ratio: 1.000000
2026-08-17 00:36: **********Val Epoch 14: average Loss: 1.814251
2026-08-17 00:36: Train Epoch 15: 0/821 Loss: 1.268860
2026-08-17 00:36: Train Epoch 15: 20/821 Loss: 1.289231
2026-08-17 00:36: Train Epoch 15: 40/821 Loss: 1.282922
2026-08-17 00:36: Train Epoch 15: 60/821 Loss: 1.307101
2026-08-17 00:36: Train Epoch 15: 80/821 Loss: 1.334930
2026-08-17 00:36: Train Epoch 15: 100/821 Loss: 1.286272
2026-08-17 00:36: Train Epoch 15: 120/821 Loss: 1.249070
2026-08-17 00:36: Train Epoch 15: 140/821 Loss: 1.261444
2026-08-17 00:36: Train Epoch 15: 160/821 Loss: 1.259699
2026-08-17 00:36: Train Epoch 15: 180/821 Loss: 1.294495
2026-08-17 00:36: Train Epoch 15: 200/821 Loss: 1.333475
2026-08-17 00:36: Train Epoch 15: 220/821 Loss: 1.242513
2026-08-17 00:37: Train Epoch 15: 240/821 Loss: 1.279683
2026-08-17 00:37: Train Epoch 15: 260/821 Loss: 1.259571
2026-08-17 00:37: Train Epoch 15: 280/821 Loss: 1.345605
2026-08-17 00:37: Train Epoch 15: 300/821 Loss: 1.210407
2026-08-17 00:37: Train Epoch 15: 320/821 Loss: 1.261415
2026-08-17 00:37: Train Epoch 15: 340/821 Loss: 1.281487
2026-08-17 00:37: Train Epoch 15: 360/821 Loss: 1.293831
2026-08-17 00:37: Train Epoch 15: 380/821 Loss: 1.295275
2026-08-17 00:37: Train Epoch 15: 400/821 Loss: 1.248020
2026-08-17 00:37: Train Epoch 15: 420/821 Loss: 1.243111
2026-08-17 00:37: Train Epoch 15: 440/821 Loss: 1.297926
2026-08-17 00:37: Train Epoch 15: 460/821 Loss: 1.272698
2026-08-17 00:37: Train Epoch 15: 480/821 Loss: 1.281785
2026-08-17 00:37: Train Epoch 15: 500/821 Loss: 1.291362
2026-08-17 00:37: Train Epoch 15: 520/821 Loss: 1.296652
2026-08-17 00:37: Train Epoch 15: 540/821 Loss: 1.275117
2026-08-17 00:37: Train Epoch 15: 560/821 Loss: 1.273689
2026-08-17 00:37: Train Epoch 15: 580/821 Loss: 1.290575
2026-08-17 00:37: Train Epoch 15: 600/821 Loss: 1.273486
2026-08-17 00:37: Train Epoch 15: 620/821 Loss: 1.245983
2026-08-17 00:37: Train Epoch 15: 640/821 Loss: 1.266398
2026-08-17 00:38: Train Epoch 15: 660/821 Loss: 1.271309
2026-08-17 00:38: Train Epoch 15: 680/821 Loss: 1.263664
2026-08-17 00:38: Train Epoch 15: 700/821 Loss: 1.262238
2026-08-17 00:38: Train Epoch 15: 720/821 Loss: 1.300609
2026-08-17 00:38: Train Epoch 15: 740/821 Loss: 1.358982
2026-08-17 00:38: Train Epoch 15: 760/821 Loss: 1.250738
2026-08-17 00:38: Train Epoch 15: 780/821 Loss: 1.255699
2026-08-17 00:38: Train Epoch 15: 800/821 Loss: 1.221735
2026-08-17 00:38: Train Epoch 15: 820/821 Loss: 1.266287
2026-08-17 00:38: **********Train Epoch 15: averaged Loss: 1.277917, tf_ratio: 1.000000
2026-08-17 00:38: **********Val Epoch 15: average Loss: 1.807163
2026-08-17 00:38: Train Epoch 16: 0/821 Loss: 1.218280
2026-08-17 00:38: Train Epoch 16: 20/821 Loss: 1.253085
2026-08-17 00:38: Train Epoch 16: 40/821 Loss: 1.250690
2026-08-17 00:38: Train Epoch 16: 60/821 Loss: 1.300279
2026-08-17 00:38: Train Epoch 16: 80/821 Loss: 1.224059
2026-08-17 00:38: Train Epoch 16: 100/821 Loss: 1.259633
2026-08-17 00:38: Train Epoch 16: 120/821 Loss: 1.215605
2026-08-17 00:38: Train Epoch 16: 140/821 Loss: 1.233372
2026-08-17 00:38: Train Epoch 16: 160/821 Loss: 1.239143
2026-08-17 00:38: Train Epoch 16: 180/821 Loss: 1.280558
2026-08-17 00:39: Train Epoch 16: 200/821 Loss: 1.250194
2026-08-17 00:39: Train Epoch 16: 220/821 Loss: 1.314638
2026-08-17 00:39: Train Epoch 16: 240/821 Loss: 1.289334
2026-08-17 00:39: Train Epoch 16: 260/821 Loss: 1.276368
2026-08-17 00:39: Train Epoch 16: 280/821 Loss: 1.276159
2026-08-17 00:39: Train Epoch 16: 300/821 Loss: 1.308799
2026-08-17 00:39: Train Epoch 16: 320/821 Loss: 1.250456
2026-08-17 00:39: Train Epoch 16: 340/821 Loss: 1.246996
2026-08-17 00:39: Train Epoch 16: 360/821 Loss: 1.260343
2026-08-17 00:39: Train Epoch 16: 380/821 Loss: 1.250883
2026-08-17 00:39: Train Epoch 16: 400/821 Loss: 1.259119
2026-08-17 00:39: Train Epoch 16: 420/821 Loss: 1.244352
2026-08-17 00:39: Train Epoch 16: 440/821 Loss: 1.259338
2026-08-17 00:39: Train Epoch 16: 460/821 Loss: 1.309587
2026-08-17 00:39: Train Epoch 16: 480/821 Loss: 1.255502
2026-08-17 00:39: Train Epoch 16: 500/821 Loss: 1.278202
2026-08-17 00:39: Train Epoch 16: 520/821 Loss: 1.245896
2026-08-17 00:39: Train Epoch 16: 540/821 Loss: 1.263845
2026-08-17 00:39: Train Epoch 16: 560/821 Loss: 1.262316
2026-08-17 00:39: Train Epoch 16: 580/821 Loss: 1.237098
2026-08-17 00:39: Train Epoch 16: 600/821 Loss: 1.253188
2026-08-17 00:40: Train Epoch 16: 620/821 Loss: 1.235443
2026-08-17 00:40: Train Epoch 16: 640/821 Loss: 1.308352
2026-08-17 00:40: Train Epoch 16: 660/821 Loss: 1.309901
2026-08-17 00:40: Train Epoch 16: 680/821 Loss: 1.238314
2026-08-17 00:40: Train Epoch 16: 700/821 Loss: 1.272349
2026-08-17 00:40: Train Epoch 16: 720/821 Loss: 1.229691
2026-08-17 00:40: Train Epoch 16: 740/821 Loss: 1.289546
2026-08-17 00:40: Train Epoch 16: 760/821 Loss: 1.255377
2026-08-17 00:40: Train Epoch 16: 780/821 Loss: 1.257849
2026-08-17 00:40: Train Epoch 16: 800/821 Loss: 1.242104
2026-08-17 00:40: Train Epoch 16: 820/821 Loss: 1.240025
2026-08-17 00:40: **********Train Epoch 16: averaged Loss: 1.260659, tf_ratio: 1.000000
2026-08-17 00:40: **********Val Epoch 16: average Loss: 1.835125
2026-08-17 00:40: Train Epoch 17: 0/821 Loss: 1.274642
2026-08-17 00:40: Train Epoch 17: 20/821 Loss: 1.251713
2026-08-17 00:40: Train Epoch 17: 40/821 Loss: 1.184997
2026-08-17 00:40: Train Epoch 17: 60/821 Loss: 1.221937
2026-08-17 00:40: Train Epoch 17: 80/821 Loss: 1.245054
2026-08-17 00:40: Train Epoch 17: 100/821 Loss: 1.271473
2026-08-17 00:40: Train Epoch 17: 120/821 Loss: 1.216685
2026-08-17 00:41: Train Epoch 17: 140/821 Loss: 1.292463
2026-08-17 00:41: Train Epoch 17: 160/821 Loss: 1.194820
2026-08-17 00:41: Train Epoch 17: 180/821 Loss: 1.289656
2026-08-17 00:41: Train Epoch 17: 200/821 Loss: 1.230647
2026-08-17 00:41: Train Epoch 17: 220/821 Loss: 1.292593
2026-08-17 00:41: Train Epoch 17: 240/821 Loss: 1.286654
2026-08-17 00:41: Train Epoch 17: 260/821 Loss: 1.249062
2026-08-17 00:41: Train Epoch 17: 280/821 Loss: 1.254386
2026-08-17 00:41: Train Epoch 17: 300/821 Loss: 1.262240
2026-08-17 00:41: Train Epoch 17: 320/821 Loss: 1.269111
2026-08-17 00:41: Train Epoch 17: 340/821 Loss: 1.253823
2026-08-17 00:41: Train Epoch 17: 360/821 Loss: 1.231898
2026-08-17 00:41: Train Epoch 17: 380/821 Loss: 1.259267
2026-08-17 00:41: Train Epoch 17: 400/821 Loss: 1.284495
2026-08-17 00:41: Train Epoch 17: 420/821 Loss: 1.214864
2026-08-17 00:41: Train Epoch 17: 440/821 Loss: 1.250361
2026-08-17 00:41: Train Epoch 17: 460/821 Loss: 1.276885
2026-08-17 00:41: Train Epoch 17: 480/821 Loss: 1.251606
2026-08-17 00:41: Train Epoch 17: 500/821 Loss: 1.216276
2026-08-17 00:41: Train Epoch 17: 520/821 Loss: 1.250075
2026-08-17 00:41: Train Epoch 17: 540/821 Loss: 1.237138
2026-08-17 00:41: Train Epoch 17: 560/821 Loss: 1.220773
2026-08-17 00:42: Train Epoch 17: 580/821 Loss: 1.219649
2026-08-17 00:42: Train Epoch 17: 600/821 Loss: 1.281736
2026-08-17 00:42: Train Epoch 17: 620/821 Loss: 1.245970
2026-08-17 00:42: Train Epoch 17: 640/821 Loss: 1.266777
2026-08-17 00:42: Train Epoch 17: 660/821 Loss: 1.274314
2026-08-17 00:42: Train Epoch 17: 680/821 Loss: 1.228453
2026-08-17 00:42: Train Epoch 17: 700/821 Loss: 1.220618
2026-08-17 00:42: Train Epoch 17: 720/821 Loss: 1.264581
2026-08-17 00:42: Train Epoch 17: 740/821 Loss: 1.258471
2026-08-17 00:42: Train Epoch 17: 760/821 Loss: 1.240664
2026-08-17 00:42: Train Epoch 17: 780/821 Loss: 1.275808
2026-08-17 00:42: Train Epoch 17: 800/821 Loss: 1.258774
2026-08-17 00:42: Train Epoch 17: 820/821 Loss: 1.232491
2026-08-17 00:42: **********Train Epoch 17: averaged Loss: 1.244885, tf_ratio: 1.000000
2026-08-17 00:42: **********Val Epoch 17: average Loss: 1.821869
2026-08-17 00:42: Train Epoch 18: 0/821 Loss: 1.221801
2026-08-17 00:42: Train Epoch 18: 20/821 Loss: 1.248184
2026-08-17 00:42: Train Epoch 18: 40/821 Loss: 1.203401
2026-08-17 00:42: Train Epoch 18: 60/821 Loss: 1.243737
2026-08-17 00:42: Train Epoch 18: 80/821 Loss: 1.248701
2026-08-17 00:43: Train Epoch 18: 100/821 Loss: 1.209090
2026-08-17 00:43: Train Epoch 18: 120/821 Loss: 1.234561
2026-08-17 00:43: Train Epoch 18: 140/821 Loss: 1.251600
2026-08-17 00:43: Train Epoch 18: 160/821 Loss: 1.238134
2026-08-17 00:43: Train Epoch 18: 180/821 Loss: 1.210266
2026-08-17 00:43: Train Epoch 18: 200/821 Loss: 1.232892
2026-08-17 00:43: Train Epoch 18: 220/821 Loss: 1.209894
2026-08-17 00:43: Train Epoch 18: 240/821 Loss: 1.182745
2026-08-17 00:43: Train Epoch 18: 260/821 Loss: 1.219042
2026-08-17 00:43: Train Epoch 18: 280/821 Loss: 1.204892
2026-08-17 00:43: Train Epoch 18: 300/821 Loss: 1.207996
2026-08-17 00:43: Train Epoch 18: 320/821 Loss: 1.242032
2026-08-17 00:43: Train Epoch 18: 340/821 Loss: 1.174630
2026-08-17 00:43: Train Epoch 18: 360/821 Loss: 1.240288
2026-08-17 00:43: Train Epoch 18: 380/821 Loss: 1.237416
2026-08-17 00:43: Train Epoch 18: 400/821 Loss: 1.231386
2026-08-17 00:43: Train Epoch 18: 420/821 Loss: 1.241376
2026-08-17 00:43: Train Epoch 18: 440/821 Loss: 1.238494
2026-08-17 00:43: Train Epoch 18: 460/821 Loss: 1.230455
2026-08-17 00:43: Train Epoch 18: 480/821 Loss: 1.261767
2026-08-17 00:43: Train Epoch 18: 500/821 Loss: 1.255043
2026-08-17 00:43: Train Epoch 18: 520/821 Loss: 1.226328
2026-08-17 00:44: Train Epoch 18: 540/821 Loss: 1.208321
2026-08-17 00:44: Train Epoch 18: 560/821 Loss: 1.304143
2026-08-17 00:44: Train Epoch 18: 580/821 Loss: 1.257417
2026-08-17 00:44: Train Epoch 18: 600/821 Loss: 1.245889
2026-08-17 00:44: Train Epoch 18: 620/821 Loss: 1.216879
2026-08-17 00:44: Train Epoch 18: 640/821 Loss: 1.241570
2026-08-17 00:44: Train Epoch 18: 660/821 Loss: 1.227865
2026-08-17 00:44: Train Epoch 18: 680/821 Loss: 1.243535
2026-08-17 00:44: Train Epoch 18: 700/821 Loss: 1.217243
2026-08-17 00:44: Train Epoch 18: 720/821 Loss: 1.186102
2026-08-17 00:44: Train Epoch 18: 740/821 Loss: 1.210100
2026-08-17 00:44: Train Epoch 18: 760/821 Loss: 1.228486
2026-08-17 00:44: Train Epoch 18: 780/821 Loss: 1.249691
2026-08-17 00:44: Train Epoch 18: 800/821 Loss: 1.239917
2026-08-17 00:44: Train Epoch 18: 820/821 Loss: 1.226896
2026-08-17 00:44: **********Train Epoch 18: averaged Loss: 1.230323, tf_ratio: 1.000000
2026-08-17 00:44: **********Val Epoch 18: average Loss: 1.822604
2026-08-17 00:44: Train Epoch 19: 0/821 Loss: 1.245178
2026-08-17 00:44: Train Epoch 19: 20/821 Loss: 1.178724
2026-08-17 00:44: Train Epoch 19: 40/821 Loss: 1.205252
2026-08-17 00:45: Train Epoch 19: 60/821 Loss: 1.267297
2026-08-17 00:45: Train Epoch 19: 80/821 Loss: 1.209646
2026-08-17 00:45: Train Epoch 19: 100/821 Loss: 1.201684
2026-08-17 00:45: Train Epoch 19: 120/821 Loss: 1.216914
2026-08-17 00:45: Train Epoch 19: 140/821 Loss: 1.212339
2026-08-17 00:45: Train Epoch 19: 160/821 Loss: 1.251997
2026-08-17 00:45: Train Epoch 19: 180/821 Loss: 1.167116
2026-08-17 00:45: Train Epoch 19: 200/821 Loss: 1.215554
2026-08-17 00:45: Train Epoch 19: 220/821 Loss: 1.197131
2026-08-17 00:45: Train Epoch 19: 240/821 Loss: 1.256342
2026-08-17 00:45: Train Epoch 19: 260/821 Loss: 1.191154
2026-08-17 00:45: Train Epoch 19: 280/821 Loss: 1.239617
2026-08-17 00:45: Train Epoch 19: 300/821 Loss: 1.198471
2026-08-17 00:45: Train Epoch 19: 320/821 Loss: 1.213828
2026-08-17 00:45: Train Epoch 19: 340/821 Loss: 1.235649
2026-08-17 00:45: Train Epoch 19: 360/821 Loss: 1.226674
2026-08-17 00:45: Train Epoch 19: 380/821 Loss: 1.229225
2026-08-17 00:45: Train Epoch 19: 400/821 Loss: 1.206226
2026-08-17 00:45: Train Epoch 19: 420/821 Loss: 1.231139
2026-08-17 00:45: Train Epoch 19: 440/821 Loss: 1.253417
2026-08-17 00:45: Train Epoch 19: 460/821 Loss: 1.285895
2026-08-17 00:45: Train Epoch 19: 480/821 Loss: 1.267812
2026-08-17 00:46: Train Epoch 19: 500/821 Loss: 1.235016
2026-08-17 00:46: Train Epoch 19: 520/821 Loss: 1.184959
2026-08-17 00:46: Train Epoch 19: 540/821 Loss: 1.217045
2026-08-17 00:46: Train Epoch 19: 560/821 Loss: 1.184966
2026-08-17 00:46: Train Epoch 19: 580/821 Loss: 1.192375
2026-08-17 00:46: Train Epoch 19: 600/821 Loss: 1.220211
2026-08-17 00:46: Train Epoch 19: 620/821 Loss: 1.256845
2026-08-17 00:46: Train Epoch 19: 640/821 Loss: 1.138952
2026-08-17 00:46: Train Epoch 19: 660/821 Loss: 1.201747
2026-08-17 00:46: Train Epoch 19: 680/821 Loss: 1.245426
2026-08-17 00:46: Train Epoch 19: 700/821 Loss: 1.200523
2026-08-17 00:46: Train Epoch 19: 720/821 Loss: 1.190684
2026-08-17 00:46: Train Epoch 19: 740/821 Loss: 1.198163
2026-08-17 00:46: Train Epoch 19: 760/821 Loss: 1.272274
2026-08-17 00:46: Train Epoch 19: 780/821 Loss: 1.206836
2026-08-17 00:46: Train Epoch 19: 800/821 Loss: 1.201634
2026-08-17 00:46: Train Epoch 19: 820/821 Loss: 1.190597
2026-08-17 00:46: **********Train Epoch 19: averaged Loss: 1.217244, tf_ratio: 1.000000
2026-08-17 00:46: **********Val Epoch 19: average Loss: 1.827792
2026-08-17 00:46: Train Epoch 20: 0/821 Loss: 1.241261
2026-08-17 00:46: Train Epoch 20: 20/821 Loss: 1.183114
2026-08-17 00:46: Train Epoch 20: 40/821 Loss: 1.194460
2026-08-17 00:47: Train Epoch 20: 60/821 Loss: 1.222633
2026-08-17 00:47: Train Epoch 20: 80/821 Loss: 1.185166
2026-08-17 00:47: Train Epoch 20: 100/821 Loss: 1.204411
2026-08-17 00:47: Train Epoch 20: 120/821 Loss: 1.206886
2026-08-17 00:47: Train Epoch 20: 140/821 Loss: 1.202718
2026-08-17 00:47: Train Epoch 20: 160/821 Loss: 1.181823
2026-08-17 00:47: Train Epoch 20: 180/821 Loss: 1.202013
2026-08-17 00:47: Train Epoch 20: 200/821 Loss: 1.205531
2026-08-17 00:47: Train Epoch 20: 220/821 Loss: 1.208836
2026-08-17 00:47: Train Epoch 20: 240/821 Loss: 1.212291
2026-08-17 00:47: Train Epoch 20: 260/821 Loss: 1.220067
2026-08-17 00:47: Train Epoch 20: 280/821 Loss: 1.228668
2026-08-17 00:47: Train Epoch 20: 300/821 Loss: 1.238026
2026-08-17 00:47: Train Epoch 20: 320/821 Loss: 1.225111
2026-08-17 00:47: Train Epoch 20: 340/821 Loss: 1.172976
2026-08-17 00:47: Train Epoch 20: 360/821 Loss: 1.193020
2026-08-17 00:47: Train Epoch 20: 380/821 Loss: 1.169104
2026-08-17 00:47: Train Epoch 20: 400/821 Loss: 1.215991
2026-08-17 00:47: Train Epoch 20: 420/821 Loss: 1.236781
2026-08-17 00:47: Train Epoch 20: 440/821 Loss: 1.230769
2026-08-17 00:47: Train Epoch 20: 460/821 Loss: 1.224470
2026-08-17 00:48: Train Epoch 20: 480/821 Loss: 1.195531
2026-08-17 00:48: Train Epoch 20: 500/821 Loss: 1.191605
2026-08-17 00:48: Train Epoch 20: 520/821 Loss: 1.182133
2026-08-17 00:48: Train Epoch 20: 540/821 Loss: 1.190144
2026-08-17 00:48: Train Epoch 20: 560/821 Loss: 1.163134
2026-08-17 00:48: Train Epoch 20: 580/821 Loss: 1.232717
2026-08-17 00:48: Train Epoch 20: 600/821 Loss: 1.184185
2026-08-17 00:48: Train Epoch 20: 620/821 Loss: 1.195840
2026-08-17 00:48: Train Epoch 20: 640/821 Loss: 1.169080
2026-08-17 00:48: Train Epoch 20: 660/821 Loss: 1.182225
2026-08-17 00:48: Train Epoch 20: 680/821 Loss: 1.204488
2026-08-17 00:48: Train Epoch 20: 700/821 Loss: 1.228975
2026-08-17 00:48: Train Epoch 20: 720/821 Loss: 1.187142
2026-08-17 00:48: Train Epoch 20: 740/821 Loss: 1.251235
2026-08-17 00:48: Train Epoch 20: 760/821 Loss: 1.195655
2026-08-17 00:48: Train Epoch 20: 780/821 Loss: 1.251862
2026-08-17 00:48: Train Epoch 20: 800/821 Loss: 1.247132
2026-08-17 00:48: Train Epoch 20: 820/821 Loss: 1.176492
2026-08-17 00:48: **********Train Epoch 20: averaged Loss: 1.202334, tf_ratio: 1.000000
2026-08-17 00:48: **********Val Epoch 20: average Loss: 1.820041
2026-08-17 00:48: Validation performance didn't improve for 15 epochs. Training stops.
2026-08-17 00:48: Total training time: 41.4033min, best loss: 1.771135
2026-08-17 00:48: Saving current best model to /scratch/chkkar002/Diffusion_Based_STGNNs/AGCRN/model/experiments/SAWS/trial18_20260817000733/best_model.pth
2026-08-17 00:49: Horizon 01, MAE: 0.85, RMSE: 1.19, MAPE: 7.4086%
2026-08-17 00:49: Horizon 02, MAE: 1.08, RMSE: 1.51, MAPE: 9.2506%
2026-08-17 00:49: Horizon 03, MAE: 1.27, RMSE: 1.76, MAPE: 10.8905%
2026-08-17 00:49: Horizon 04, MAE: 1.42, RMSE: 1.95, MAPE: 12.1767%
2026-08-17 00:49: Horizon 05, MAE: 1.53, RMSE: 2.10, MAPE: 13.0101%
2026-08-17 00:49: Horizon 06, MAE: 1.62, RMSE: 2.21, MAPE: 13.6728%
2026-08-17 00:49: Horizon 07, MAE: 1.70, RMSE: 2.32, MAPE: 14.4882%
2026-08-17 00:49: Horizon 08, MAE: 1.76, RMSE: 2.41, MAPE: 15.1577%
2026-08-17 00:49: Horizon 09, MAE: 1.82, RMSE: 2.48, MAPE: 15.7048%
2026-08-17 00:49: Horizon 10, MAE: 1.88, RMSE: 2.55, MAPE: 16.0718%
2026-08-17 00:49: Horizon 11, MAE: 1.92, RMSE: 2.61, MAPE: 16.3230%
2026-08-17 00:49: Horizon 12, MAE: 1.96, RMSE: 2.66, MAPE: 16.6614%
2026-08-17 00:49: Horizon 13, MAE: 1.99, RMSE: 2.70, MAPE: 16.9428%
2026-08-17 00:49: Horizon 14, MAE: 2.01, RMSE: 2.73, MAPE: 17.1699%
2026-08-17 00:49: Horizon 15, MAE: 2.04, RMSE: 2.76, MAPE: 17.4507%
2026-08-17 00:49: Horizon 16, MAE: 2.07, RMSE: 2.80, MAPE: 17.6023%
2026-08-17 00:49: Horizon 17, MAE: 2.10, RMSE: 2.83, MAPE: 17.8054%
2026-08-17 00:49: Horizon 18, MAE: 2.12, RMSE: 2.86, MAPE: 18.0290%
2026-08-17 00:49: Horizon 19, MAE: 2.13, RMSE: 2.88, MAPE: 18.1427%
2026-08-17 00:49: Horizon 20, MAE: 2.15, RMSE: 2.90, MAPE: 18.3741%
2026-08-17 00:49: Horizon 21, MAE: 2.17, RMSE: 2.93, MAPE: 18.4771%
2026-08-17 00:49: Horizon 22, MAE: 2.18, RMSE: 2.95, MAPE: 18.6601%
2026-08-17 00:49: Horizon 23, MAE: 2.20, RMSE: 2.97, MAPE: 18.6831%
2026-08-17 00:49: Horizon 24, MAE: 2.21, RMSE: 2.99, MAPE: 18.8310%
2026-08-17 00:49: Average Horizon, MAE: 1.84, RMSE: 2.55, MAPE: 15.7077%
