2026-08-14 01:06: Experiment log path in: /scratch/chkkar002/Diffusion_Based_STGNNs/AGCRN/model/experiments/SAWS/20260814010653
2026-08-14 01:06: Train Epoch 1: 0/821 Loss: 16.903475
2026-08-14 01:06: Train Epoch 1: 20/821 Loss: 6.887366
2026-08-14 01:07: Train Epoch 1: 40/821 Loss: 6.070550
2026-08-14 01:07: Train Epoch 1: 60/821 Loss: 5.319861
2026-08-14 01:07: Train Epoch 1: 80/821 Loss: 4.929456
2026-08-14 01:07: Train Epoch 1: 100/821 Loss: 4.542328
2026-08-14 01:07: Train Epoch 1: 120/821 Loss: 4.749925
2026-08-14 01:07: Train Epoch 1: 140/821 Loss: 4.585577
2026-08-14 01:07: Train Epoch 1: 160/821 Loss: 4.478569
2026-08-14 01:07: Train Epoch 1: 180/821 Loss: 4.094535
2026-08-14 01:07: Train Epoch 1: 200/821 Loss: 3.623531
2026-08-14 01:07: Train Epoch 1: 220/821 Loss: 3.437331
2026-08-14 01:07: Train Epoch 1: 240/821 Loss: 3.611566
2026-08-14 01:07: Train Epoch 1: 260/821 Loss: 3.643443
2026-08-14 01:07: Train Epoch 1: 280/821 Loss: 3.342514
2026-08-14 01:07: Train Epoch 1: 300/821 Loss: 3.243061
2026-08-14 01:07: Train Epoch 1: 320/821 Loss: 3.262187
2026-08-14 01:07: Train Epoch 1: 340/821 Loss: 3.022006
2026-08-14 01:07: Train Epoch 1: 360/821 Loss: 3.031028
2026-08-14 01:07: Train Epoch 1: 380/821 Loss: 2.784219
2026-08-14 01:07: Train Epoch 1: 400/821 Loss: 2.637703
2026-08-14 01:07: Train Epoch 1: 420/821 Loss: 2.510547
2026-08-14 01:07: Train Epoch 1: 440/821 Loss: 2.546288
2026-08-14 01:07: Train Epoch 1: 460/821 Loss: 2.519731
2026-08-14 01:07: Train Epoch 1: 480/821 Loss: 2.556349
2026-08-14 01:07: Train Epoch 1: 500/821 Loss: 2.540291
2026-08-14 01:07: Train Epoch 1: 520/821 Loss: 2.454717
2026-08-14 01:07: Train Epoch 1: 540/821 Loss: 2.508923
2026-08-14 01:07: Train Epoch 1: 560/821 Loss: 2.609737
2026-08-14 01:07: Train Epoch 1: 580/821 Loss: 2.409129
2026-08-14 01:07: Train Epoch 1: 600/821 Loss: 2.473981
2026-08-14 01:07: Train Epoch 1: 620/821 Loss: 2.378815
2026-08-14 01:07: Train Epoch 1: 640/821 Loss: 2.362394
2026-08-14 01:07: Train Epoch 1: 660/821 Loss: 2.299317
2026-08-14 01:07: Train Epoch 1: 680/821 Loss: 2.441473
2026-08-14 01:07: Train Epoch 1: 700/821 Loss: 2.287302
2026-08-14 01:07: Train Epoch 1: 720/821 Loss: 2.324118
2026-08-14 01:07: Train Epoch 1: 740/821 Loss: 2.330198
2026-08-14 01:07: Train Epoch 1: 760/821 Loss: 2.356337
2026-08-14 01:07: Train Epoch 1: 780/821 Loss: 2.236063
2026-08-14 01:07: Train Epoch 1: 800/821 Loss: 2.251580
2026-08-14 01:07: Train Epoch 1: 820/821 Loss: 2.315634
2026-08-14 01:08: **********Train Epoch 1: averaged Loss: 3.400953, tf_ratio: 1.000000
2026-08-14 01:08: **********Val Epoch 1: average Loss: 2.275862
2026-08-14 01:08: *********************************Current best model saved!
2026-08-14 01:08: Train Epoch 2: 0/821 Loss: 2.384195
2026-08-14 01:08: Train Epoch 2: 20/821 Loss: 2.300820
2026-08-14 01:08: Train Epoch 2: 40/821 Loss: 2.395372
2026-08-14 01:08: Train Epoch 2: 60/821 Loss: 2.196677
2026-08-14 01:08: Train Epoch 2: 80/821 Loss: 2.364815
2026-08-14 01:08: Train Epoch 2: 100/821 Loss: 2.243210
2026-08-14 01:08: Train Epoch 2: 120/821 Loss: 2.210767
2026-08-14 01:08: Train Epoch 2: 140/821 Loss: 2.301665
2026-08-14 01:08: Train Epoch 2: 160/821 Loss: 2.438367
2026-08-14 01:08: Train Epoch 2: 180/821 Loss: 2.297263
2026-08-14 01:08: Train Epoch 2: 200/821 Loss: 2.089516
2026-08-14 01:08: Train Epoch 2: 220/821 Loss: 2.220003
2026-08-14 01:08: Train Epoch 2: 240/821 Loss: 2.279243
2026-08-14 01:08: Train Epoch 2: 260/821 Loss: 2.378440
2026-08-14 01:08: Train Epoch 2: 280/821 Loss: 2.269164
2026-08-14 01:08: Train Epoch 2: 300/821 Loss: 2.260992
2026-08-14 01:08: Train Epoch 2: 320/821 Loss: 2.103906
2026-08-14 01:08: Train Epoch 2: 340/821 Loss: 2.149498
2026-08-14 01:08: Train Epoch 2: 360/821 Loss: 2.418935
2026-08-14 01:08: Train Epoch 2: 380/821 Loss: 2.228350
2026-08-14 01:08: Train Epoch 2: 400/821 Loss: 2.162219
2026-08-14 01:08: Train Epoch 2: 420/821 Loss: 2.132502
2026-08-14 01:08: Train Epoch 2: 440/821 Loss: 2.210277
2026-08-14 01:08: Train Epoch 2: 460/821 Loss: 2.069269
2026-08-14 01:08: Train Epoch 2: 480/821 Loss: 2.283279
2026-08-14 01:08: Train Epoch 2: 500/821 Loss: 2.233306
2026-08-14 01:08: Train Epoch 2: 520/821 Loss: 2.243948
2026-08-14 01:08: Train Epoch 2: 540/821 Loss: 2.254218
2026-08-14 01:08: Train Epoch 2: 560/821 Loss: 2.269440
2026-08-14 01:08: Train Epoch 2: 580/821 Loss: 2.141627
2026-08-14 01:08: Train Epoch 2: 600/821 Loss: 2.134027
2026-08-14 01:08: Train Epoch 2: 620/821 Loss: 2.236423
2026-08-14 01:08: Train Epoch 2: 640/821 Loss: 2.110533
2026-08-14 01:08: Train Epoch 2: 660/821 Loss: 2.124704
2026-08-14 01:08: Train Epoch 2: 680/821 Loss: 2.174894
2026-08-14 01:08: Train Epoch 2: 700/821 Loss: 2.100289
2026-08-14 01:09: Train Epoch 2: 720/821 Loss: 2.123747
2026-08-14 01:09: Train Epoch 2: 740/821 Loss: 1.992663
2026-08-14 01:09: Train Epoch 2: 760/821 Loss: 2.116937
2026-08-14 01:09: Train Epoch 2: 780/821 Loss: 2.011138
2026-08-14 01:09: Train Epoch 2: 800/821 Loss: 2.061615
2026-08-14 01:09: Train Epoch 2: 820/821 Loss: 2.093868
2026-08-14 01:09: **********Train Epoch 2: averaged Loss: 2.217279, tf_ratio: 1.000000
2026-08-14 01:09: **********Val Epoch 2: average Loss: 2.079391
2026-08-14 01:09: *********************************Current best model saved!
2026-08-14 01:09: Train Epoch 3: 0/821 Loss: 2.129647
2026-08-14 01:09: Train Epoch 3: 20/821 Loss: 2.079869
2026-08-14 01:09: Train Epoch 3: 40/821 Loss: 2.256854
2026-08-14 01:09: Train Epoch 3: 60/821 Loss: 2.294037
2026-08-14 01:09: Train Epoch 3: 80/821 Loss: 2.125612
2026-08-14 01:09: Train Epoch 3: 100/821 Loss: 2.203042
2026-08-14 01:09: Train Epoch 3: 120/821 Loss: 2.116808
2026-08-14 01:09: Train Epoch 3: 140/821 Loss: 2.083251
2026-08-14 01:09: Train Epoch 3: 160/821 Loss: 2.184222
2026-08-14 01:09: Train Epoch 3: 180/821 Loss: 2.198408
2026-08-14 01:09: Train Epoch 3: 200/821 Loss: 2.025378
2026-08-14 01:09: Train Epoch 3: 220/821 Loss: 2.133484
2026-08-14 01:09: Train Epoch 3: 240/821 Loss: 2.148185
2026-08-14 01:09: Train Epoch 3: 260/821 Loss: 2.171517
2026-08-14 01:09: Train Epoch 3: 280/821 Loss: 2.133844
2026-08-14 01:09: Train Epoch 3: 300/821 Loss: 2.143009
2026-08-14 01:09: Train Epoch 3: 320/821 Loss: 2.053668
2026-08-14 01:09: Train Epoch 3: 340/821 Loss: 2.140340
2026-08-14 01:09: Train Epoch 3: 360/821 Loss: 2.115647
2026-08-14 01:09: Train Epoch 3: 380/821 Loss: 1.978533
2026-08-14 01:09: Train Epoch 3: 400/821 Loss: 2.152702
2026-08-14 01:09: Train Epoch 3: 420/821 Loss: 2.021630
2026-08-14 01:09: Train Epoch 3: 440/821 Loss: 2.064320
2026-08-14 01:09: Train Epoch 3: 460/821 Loss: 2.052350
2026-08-14 01:09: Train Epoch 3: 480/821 Loss: 2.115247
2026-08-14 01:09: Train Epoch 3: 500/821 Loss: 2.058253
2026-08-14 01:09: Train Epoch 3: 520/821 Loss: 1.901061
2026-08-14 01:09: Train Epoch 3: 540/821 Loss: 2.085422
2026-08-14 01:09: Train Epoch 3: 560/821 Loss: 2.154355
2026-08-14 01:09: Train Epoch 3: 580/821 Loss: 2.051604
2026-08-14 01:10: Train Epoch 3: 600/821 Loss: 2.076401
2026-08-14 01:10: Train Epoch 3: 620/821 Loss: 2.135144
2026-08-14 01:10: Train Epoch 3: 640/821 Loss: 2.075088
2026-08-14 01:10: Train Epoch 3: 660/821 Loss: 2.139614
2026-08-14 01:10: Train Epoch 3: 680/821 Loss: 2.036832
2026-08-14 01:10: Train Epoch 3: 700/821 Loss: 2.082836
2026-08-14 01:10: Train Epoch 3: 720/821 Loss: 2.107033
2026-08-14 01:10: Train Epoch 3: 740/821 Loss: 1.992808
2026-08-14 01:10: Train Epoch 3: 760/821 Loss: 2.172387
2026-08-14 01:10: Train Epoch 3: 780/821 Loss: 2.082317
2026-08-14 01:10: Train Epoch 3: 800/821 Loss: 2.058769
2026-08-14 01:10: Train Epoch 3: 820/821 Loss: 2.145574
2026-08-14 01:10: **********Train Epoch 3: averaged Loss: 2.092342, tf_ratio: 1.000000
2026-08-14 01:10: **********Val Epoch 3: average Loss: 2.046704
2026-08-14 01:10: *********************************Current best model saved!
2026-08-14 01:10: Train Epoch 4: 0/821 Loss: 2.118890
2026-08-14 01:10: Train Epoch 4: 20/821 Loss: 2.087056
2026-08-14 01:10: Train Epoch 4: 40/821 Loss: 2.018095
2026-08-14 01:10: Train Epoch 4: 60/821 Loss: 2.107993
2026-08-14 01:10: Train Epoch 4: 80/821 Loss: 2.003476
2026-08-14 01:10: Train Epoch 4: 100/821 Loss: 2.196261
2026-08-14 01:10: Train Epoch 4: 120/821 Loss: 2.166201
2026-08-14 01:10: Train Epoch 4: 140/821 Loss: 2.081080
2026-08-14 01:10: Train Epoch 4: 160/821 Loss: 2.057782
2026-08-14 01:10: Train Epoch 4: 180/821 Loss: 1.957245
2026-08-14 01:10: Train Epoch 4: 200/821 Loss: 1.976826
2026-08-14 01:10: Train Epoch 4: 220/821 Loss: 1.943241
2026-08-14 01:10: Train Epoch 4: 240/821 Loss: 2.024201
2026-08-14 01:10: Train Epoch 4: 260/821 Loss: 2.040677
2026-08-14 01:10: Train Epoch 4: 280/821 Loss: 2.093287
2026-08-14 01:10: Train Epoch 4: 300/821 Loss: 1.898344
2026-08-14 01:10: Train Epoch 4: 320/821 Loss: 1.980307
2026-08-14 01:10: Train Epoch 4: 340/821 Loss: 2.079784
2026-08-14 01:10: Train Epoch 4: 360/821 Loss: 2.087947
2026-08-14 01:10: Train Epoch 4: 380/821 Loss: 2.059909
2026-08-14 01:10: Train Epoch 4: 400/821 Loss: 1.982904
2026-08-14 01:10: Train Epoch 4: 420/821 Loss: 2.097009
2026-08-14 01:10: Train Epoch 4: 440/821 Loss: 1.965407
2026-08-14 01:10: Train Epoch 4: 460/821 Loss: 2.027149
2026-08-14 01:10: Train Epoch 4: 480/821 Loss: 1.974923
2026-08-14 01:11: Train Epoch 4: 500/821 Loss: 2.016048
2026-08-14 01:11: Train Epoch 4: 520/821 Loss: 1.968027
2026-08-14 01:11: Train Epoch 4: 540/821 Loss: 2.018034
2026-08-14 01:11: Train Epoch 4: 560/821 Loss: 2.062801
2026-08-14 01:11: Train Epoch 4: 580/821 Loss: 1.998101
2026-08-14 01:11: Train Epoch 4: 600/821 Loss: 2.055180
2026-08-14 01:11: Train Epoch 4: 620/821 Loss: 2.045019
2026-08-14 01:11: Train Epoch 4: 640/821 Loss: 2.130015
2026-08-14 01:11: Train Epoch 4: 660/821 Loss: 2.009414
2026-08-14 01:11: Train Epoch 4: 680/821 Loss: 1.995177
2026-08-14 01:11: Train Epoch 4: 700/821 Loss: 1.969399
2026-08-14 01:11: Train Epoch 4: 720/821 Loss: 1.925412
2026-08-14 01:11: Train Epoch 4: 740/821 Loss: 2.110507
2026-08-14 01:11: Train Epoch 4: 760/821 Loss: 2.086230
2026-08-14 01:11: Train Epoch 4: 780/821 Loss: 2.028762
2026-08-14 01:11: Train Epoch 4: 800/821 Loss: 1.981614
2026-08-14 01:11: Train Epoch 4: 820/821 Loss: 1.981514
2026-08-14 01:11: **********Train Epoch 4: averaged Loss: 2.023624, tf_ratio: 1.000000
2026-08-14 01:11: **********Val Epoch 4: average Loss: 1.969637
2026-08-14 01:11: *********************************Current best model saved!
2026-08-14 01:11: Train Epoch 5: 0/821 Loss: 1.959541
2026-08-14 01:11: Train Epoch 5: 20/821 Loss: 1.946485
2026-08-14 01:11: Train Epoch 5: 40/821 Loss: 2.001804
2026-08-14 01:11: Train Epoch 5: 60/821 Loss: 2.048849
2026-08-14 01:11: Train Epoch 5: 80/821 Loss: 1.952569
2026-08-14 01:11: Train Epoch 5: 100/821 Loss: 1.911532
2026-08-14 01:11: Train Epoch 5: 120/821 Loss: 2.049709
2026-08-14 01:11: Train Epoch 5: 140/821 Loss: 1.972378
2026-08-14 01:11: Train Epoch 5: 160/821 Loss: 1.933818
2026-08-14 01:11: Train Epoch 5: 180/821 Loss: 1.997120
2026-08-14 01:11: Train Epoch 5: 200/821 Loss: 1.948496
2026-08-14 01:11: Train Epoch 5: 220/821 Loss: 1.926421
2026-08-14 01:11: Train Epoch 5: 240/821 Loss: 1.956011
2026-08-14 01:11: Train Epoch 5: 260/821 Loss: 2.082026
2026-08-14 01:11: Train Epoch 5: 280/821 Loss: 1.953450
2026-08-14 01:11: Train Epoch 5: 300/821 Loss: 1.956957
2026-08-14 01:11: Train Epoch 5: 320/821 Loss: 1.820385
2026-08-14 01:11: Train Epoch 5: 340/821 Loss: 1.909132
2026-08-14 01:11: Train Epoch 5: 360/821 Loss: 1.966603
2026-08-14 01:11: Train Epoch 5: 380/821 Loss: 2.025339
2026-08-14 01:11: Train Epoch 5: 400/821 Loss: 1.991205
2026-08-14 01:12: Train Epoch 5: 420/821 Loss: 1.859372
2026-08-14 01:12: Train Epoch 5: 440/821 Loss: 2.014282
2026-08-14 01:12: Train Epoch 5: 460/821 Loss: 1.926678
2026-08-14 01:12: Train Epoch 5: 480/821 Loss: 1.937978
2026-08-14 01:12: Train Epoch 5: 500/821 Loss: 1.935116
2026-08-14 01:12: Train Epoch 5: 520/821 Loss: 2.004150
2026-08-14 01:12: Train Epoch 5: 540/821 Loss: 2.011074
2026-08-14 01:12: Train Epoch 5: 560/821 Loss: 1.881083
2026-08-14 01:12: Train Epoch 5: 580/821 Loss: 1.944124
2026-08-14 01:12: Train Epoch 5: 600/821 Loss: 1.866964
2026-08-14 01:12: Train Epoch 5: 620/821 Loss: 1.967598
2026-08-14 01:12: Train Epoch 5: 640/821 Loss: 1.948648
2026-08-14 01:12: Train Epoch 5: 660/821 Loss: 1.876752
2026-08-14 01:12: Train Epoch 5: 680/821 Loss: 1.917385
2026-08-14 01:12: Train Epoch 5: 700/821 Loss: 1.930411
2026-08-14 01:12: Train Epoch 5: 720/821 Loss: 2.080526
2026-08-14 01:12: Train Epoch 5: 740/821 Loss: 1.897066
2026-08-14 01:12: Train Epoch 5: 760/821 Loss: 1.971592
2026-08-14 01:12: Train Epoch 5: 780/821 Loss: 1.871490
2026-08-14 01:12: Train Epoch 5: 800/821 Loss: 1.984813
2026-08-14 01:12: Train Epoch 5: 820/821 Loss: 1.961776
2026-08-14 01:12: **********Train Epoch 5: averaged Loss: 1.963632, tf_ratio: 1.000000
2026-08-14 01:12: **********Val Epoch 5: average Loss: 1.952155
2026-08-14 01:12: *********************************Current best model saved!
2026-08-14 01:12: Train Epoch 6: 0/821 Loss: 1.964084
2026-08-14 01:12: Train Epoch 6: 20/821 Loss: 2.017677
2026-08-14 01:12: Train Epoch 6: 40/821 Loss: 1.918688
2026-08-14 01:12: Train Epoch 6: 60/821 Loss: 1.883339
2026-08-14 01:12: Train Epoch 6: 80/821 Loss: 1.838932
2026-08-14 01:12: Train Epoch 6: 100/821 Loss: 1.877901
2026-08-14 01:12: Train Epoch 6: 120/821 Loss: 1.905739
2026-08-14 01:12: Train Epoch 6: 140/821 Loss: 1.905506
2026-08-14 01:12: Train Epoch 6: 160/821 Loss: 1.983533
2026-08-14 01:12: Train Epoch 6: 180/821 Loss: 2.008770
2026-08-14 01:12: Train Epoch 6: 200/821 Loss: 1.901946
2026-08-14 01:12: Train Epoch 6: 220/821 Loss: 1.920854
2026-08-14 01:12: Train Epoch 6: 240/821 Loss: 1.978168
2026-08-14 01:12: Train Epoch 6: 260/821 Loss: 1.882111
2026-08-14 01:12: Train Epoch 6: 280/821 Loss: 1.954994
2026-08-14 01:12: Train Epoch 6: 300/821 Loss: 1.966218
2026-08-14 01:13: Train Epoch 6: 320/821 Loss: 1.810027
2026-08-14 01:13: Train Epoch 6: 340/821 Loss: 1.928807
2026-08-14 01:13: Train Epoch 6: 360/821 Loss: 1.940474
2026-08-14 01:13: Train Epoch 6: 380/821 Loss: 1.903442
2026-08-14 01:13: Train Epoch 6: 400/821 Loss: 1.955847
2026-08-14 01:13: Train Epoch 6: 420/821 Loss: 1.880692
2026-08-14 01:13: Train Epoch 6: 440/821 Loss: 1.849242
2026-08-14 01:13: Train Epoch 6: 460/821 Loss: 1.979560
2026-08-14 01:13: Train Epoch 6: 480/821 Loss: 1.981030
2026-08-14 01:13: Train Epoch 6: 500/821 Loss: 2.035084
2026-08-14 01:13: Train Epoch 6: 520/821 Loss: 1.904195
2026-08-14 01:13: Train Epoch 6: 540/821 Loss: 1.885788
2026-08-14 01:13: Train Epoch 6: 560/821 Loss: 1.909453
2026-08-14 01:13: Train Epoch 6: 580/821 Loss: 2.051115
2026-08-14 01:13: Train Epoch 6: 600/821 Loss: 1.895021
2026-08-14 01:13: Train Epoch 6: 620/821 Loss: 1.791754
2026-08-14 01:13: Train Epoch 6: 640/821 Loss: 2.067451
2026-08-14 01:13: Train Epoch 6: 660/821 Loss: 1.921147
2026-08-14 01:13: Train Epoch 6: 680/821 Loss: 1.887270
2026-08-14 01:13: Train Epoch 6: 700/821 Loss: 1.839506
2026-08-14 01:13: Train Epoch 6: 720/821 Loss: 1.879660
2026-08-14 01:13: Train Epoch 6: 740/821 Loss: 1.952604
2026-08-14 01:13: Train Epoch 6: 760/821 Loss: 1.982032
2026-08-14 01:13: Train Epoch 6: 780/821 Loss: 1.836251
2026-08-14 01:13: Train Epoch 6: 800/821 Loss: 1.783356
2026-08-14 01:13: Train Epoch 6: 820/821 Loss: 1.859635
2026-08-14 01:13: **********Train Epoch 6: averaged Loss: 1.927086, tf_ratio: 1.000000
2026-08-14 01:13: **********Val Epoch 6: average Loss: 1.908570
2026-08-14 01:13: *********************************Current best model saved!
2026-08-14 01:13: Train Epoch 7: 0/821 Loss: 1.780405
2026-08-14 01:13: Train Epoch 7: 20/821 Loss: 1.903747
2026-08-14 01:13: Train Epoch 7: 40/821 Loss: 1.929777
2026-08-14 01:13: Train Epoch 7: 60/821 Loss: 2.018656
2026-08-14 01:13: Train Epoch 7: 80/821 Loss: 1.882729
2026-08-14 01:13: Train Epoch 7: 100/821 Loss: 1.982899
2026-08-14 01:13: Train Epoch 7: 120/821 Loss: 1.904116
2026-08-14 01:13: Train Epoch 7: 140/821 Loss: 1.918079
2026-08-14 01:13: Train Epoch 7: 160/821 Loss: 2.033221
2026-08-14 01:13: Train Epoch 7: 180/821 Loss: 1.875241
2026-08-14 01:13: Train Epoch 7: 200/821 Loss: 1.889990
2026-08-14 01:14: Train Epoch 7: 220/821 Loss: 1.996742
2026-08-14 01:14: Train Epoch 7: 240/821 Loss: 1.927812
2026-08-14 01:14: Train Epoch 7: 260/821 Loss: 1.874894
2026-08-14 01:14: Train Epoch 7: 280/821 Loss: 1.844371
2026-08-14 01:14: Train Epoch 7: 300/821 Loss: 1.831095
2026-08-14 01:14: Train Epoch 7: 320/821 Loss: 1.943888
2026-08-14 01:14: Train Epoch 7: 340/821 Loss: 1.925170
2026-08-14 01:14: Train Epoch 7: 360/821 Loss: 1.968970
2026-08-14 01:14: Train Epoch 7: 380/821 Loss: 2.011937
2026-08-14 01:14: Train Epoch 7: 400/821 Loss: 1.935603
2026-08-14 01:14: Train Epoch 7: 420/821 Loss: 1.868350
2026-08-14 01:14: Train Epoch 7: 440/821 Loss: 1.857654
2026-08-14 01:14: Train Epoch 7: 460/821 Loss: 2.029176
2026-08-14 01:14: Train Epoch 7: 480/821 Loss: 1.954080
2026-08-14 01:14: Train Epoch 7: 500/821 Loss: 1.933534
2026-08-14 01:14: Train Epoch 7: 520/821 Loss: 1.948624
2026-08-14 01:14: Train Epoch 7: 540/821 Loss: 1.845659
2026-08-14 01:14: Train Epoch 7: 560/821 Loss: 1.898857
2026-08-14 01:14: Train Epoch 7: 580/821 Loss: 1.837836
2026-08-14 01:14: Train Epoch 7: 600/821 Loss: 1.750268
2026-08-14 01:14: Train Epoch 7: 620/821 Loss: 1.828661
2026-08-14 01:14: Train Epoch 7: 640/821 Loss: 1.875960
2026-08-14 01:14: Train Epoch 7: 660/821 Loss: 1.946995
2026-08-14 01:14: Train Epoch 7: 680/821 Loss: 1.879353
2026-08-14 01:14: Train Epoch 7: 700/821 Loss: 1.853585
2026-08-14 01:14: Train Epoch 7: 720/821 Loss: 1.871220
2026-08-14 01:14: Train Epoch 7: 740/821 Loss: 1.871781
2026-08-14 01:14: Train Epoch 7: 760/821 Loss: 1.854117
2026-08-14 01:14: Train Epoch 7: 780/821 Loss: 1.851480
2026-08-14 01:14: Train Epoch 7: 800/821 Loss: 1.951328
2026-08-14 01:14: Train Epoch 7: 820/821 Loss: 1.800336
2026-08-14 01:14: **********Train Epoch 7: averaged Loss: 1.900013, tf_ratio: 1.000000
2026-08-14 01:14: **********Val Epoch 7: average Loss: 1.911977
2026-08-14 01:14: Train Epoch 8: 0/821 Loss: 1.889281
2026-08-14 01:14: Train Epoch 8: 20/821 Loss: 1.879229
2026-08-14 01:14: Train Epoch 8: 40/821 Loss: 1.816851
2026-08-14 01:14: Train Epoch 8: 60/821 Loss: 1.814291
2026-08-14 01:14: Train Epoch 8: 80/821 Loss: 1.859554
2026-08-14 01:14: Train Epoch 8: 100/821 Loss: 1.950059
2026-08-14 01:15: Train Epoch 8: 120/821 Loss: 1.896792
2026-08-14 01:15: Train Epoch 8: 140/821 Loss: 1.886234
2026-08-14 01:15: Train Epoch 8: 160/821 Loss: 1.982700
2026-08-14 01:15: Train Epoch 8: 180/821 Loss: 1.897708
2026-08-14 01:15: Train Epoch 8: 200/821 Loss: 1.818620
2026-08-14 01:15: Train Epoch 8: 220/821 Loss: 1.727523
2026-08-14 01:15: Train Epoch 8: 240/821 Loss: 1.919462
2026-08-14 01:15: Train Epoch 8: 260/821 Loss: 1.812064
2026-08-14 01:15: Train Epoch 8: 280/821 Loss: 1.876617
2026-08-14 01:15: Train Epoch 8: 300/821 Loss: 1.858247
2026-08-14 01:15: Train Epoch 8: 320/821 Loss: 1.817191
2026-08-14 01:15: Train Epoch 8: 340/821 Loss: 1.926319
2026-08-14 01:15: Train Epoch 8: 360/821 Loss: 1.792799
2026-08-14 01:15: Train Epoch 8: 380/821 Loss: 1.888050
2026-08-14 01:15: Train Epoch 8: 400/821 Loss: 1.792604
2026-08-14 01:15: Train Epoch 8: 420/821 Loss: 1.861794
2026-08-14 01:15: Train Epoch 8: 440/821 Loss: 1.907951
2026-08-14 01:15: Train Epoch 8: 460/821 Loss: 1.925149
2026-08-14 01:15: Train Epoch 8: 480/821 Loss: 1.913975
2026-08-14 01:15: Train Epoch 8: 500/821 Loss: 1.936068
2026-08-14 01:15: Train Epoch 8: 520/821 Loss: 1.914763
2026-08-14 01:15: Train Epoch 8: 540/821 Loss: 1.838118
2026-08-14 01:15: Train Epoch 8: 560/821 Loss: 1.868533
2026-08-14 01:15: Train Epoch 8: 580/821 Loss: 1.911572
2026-08-14 01:15: Train Epoch 8: 600/821 Loss: 1.837980
2026-08-14 01:15: Train Epoch 8: 620/821 Loss: 1.947716
2026-08-14 01:15: Train Epoch 8: 640/821 Loss: 1.932585
2026-08-14 01:15: Train Epoch 8: 660/821 Loss: 1.904051
2026-08-14 01:15: Train Epoch 8: 680/821 Loss: 1.905203
2026-08-14 01:15: Train Epoch 8: 700/821 Loss: 1.891441
2026-08-14 01:15: Train Epoch 8: 720/821 Loss: 1.855696
2026-08-14 01:15: Train Epoch 8: 740/821 Loss: 1.816509
2026-08-14 01:15: Train Epoch 8: 760/821 Loss: 1.814777
2026-08-14 01:15: Train Epoch 8: 780/821 Loss: 1.908228
2026-08-14 01:15: Train Epoch 8: 800/821 Loss: 1.816083
2026-08-14 01:15: Train Epoch 8: 820/821 Loss: 1.907308
2026-08-14 01:15: **********Train Epoch 8: averaged Loss: 1.872548, tf_ratio: 1.000000
2026-08-14 01:15: **********Val Epoch 8: average Loss: 1.891892
2026-08-14 01:15: *********************************Current best model saved!
2026-08-14 01:15: Train Epoch 9: 0/821 Loss: 1.919657
2026-08-14 01:16: Train Epoch 9: 20/821 Loss: 1.836665
2026-08-14 01:16: Train Epoch 9: 40/821 Loss: 1.788956
2026-08-14 01:16: Train Epoch 9: 60/821 Loss: 1.891425
2026-08-14 01:16: Train Epoch 9: 80/821 Loss: 1.923755
2026-08-14 01:16: Train Epoch 9: 100/821 Loss: 1.809074
2026-08-14 01:16: Train Epoch 9: 120/821 Loss: 1.947129
2026-08-14 01:16: Train Epoch 9: 140/821 Loss: 1.844679
2026-08-14 01:16: Train Epoch 9: 160/821 Loss: 1.831044
2026-08-14 01:16: Train Epoch 9: 180/821 Loss: 1.943976
2026-08-14 01:16: Train Epoch 9: 200/821 Loss: 1.908862
2026-08-14 01:16: Train Epoch 9: 220/821 Loss: 1.918267
2026-08-14 01:16: Train Epoch 9: 240/821 Loss: 1.790729
2026-08-14 01:16: Train Epoch 9: 260/821 Loss: 1.866722
2026-08-14 01:16: Train Epoch 9: 280/821 Loss: 1.887110
2026-08-14 01:16: Train Epoch 9: 300/821 Loss: 1.807694
2026-08-14 01:16: Train Epoch 9: 320/821 Loss: 1.839087
2026-08-14 01:16: Train Epoch 9: 340/821 Loss: 1.814161
2026-08-14 01:16: Train Epoch 9: 360/821 Loss: 1.887205
2026-08-14 01:16: Train Epoch 9: 380/821 Loss: 1.758180
2026-08-14 01:16: Train Epoch 9: 400/821 Loss: 1.807865
2026-08-14 01:16: Train Epoch 9: 420/821 Loss: 1.834377
2026-08-14 01:16: Train Epoch 9: 440/821 Loss: 1.917622
2026-08-14 01:16: Train Epoch 9: 460/821 Loss: 1.919086
2026-08-14 01:16: Train Epoch 9: 480/821 Loss: 1.858667
2026-08-14 01:16: Train Epoch 9: 500/821 Loss: 1.862464
2026-08-14 01:16: Train Epoch 9: 520/821 Loss: 1.827923
2026-08-14 01:16: Train Epoch 9: 540/821 Loss: 1.871312
2026-08-14 01:16: Train Epoch 9: 560/821 Loss: 1.753336
2026-08-14 01:16: Train Epoch 9: 580/821 Loss: 1.830168
2026-08-14 01:16: Train Epoch 9: 600/821 Loss: 1.791604
2026-08-14 01:16: Train Epoch 9: 620/821 Loss: 1.818126
2026-08-14 01:16: Train Epoch 9: 640/821 Loss: 1.796155
2026-08-14 01:16: Train Epoch 9: 660/821 Loss: 1.773475
2026-08-14 01:16: Train Epoch 9: 680/821 Loss: 1.846955
2026-08-14 01:16: Train Epoch 9: 700/821 Loss: 1.854533
2026-08-14 01:16: Train Epoch 9: 720/821 Loss: 1.877842
2026-08-14 01:16: Train Epoch 9: 740/821 Loss: 1.829483
2026-08-14 01:16: Train Epoch 9: 760/821 Loss: 1.861884
2026-08-14 01:16: Train Epoch 9: 780/821 Loss: 1.882208
2026-08-14 01:16: Train Epoch 9: 800/821 Loss: 1.891114
2026-08-14 01:17: Train Epoch 9: 820/821 Loss: 1.898896
2026-08-14 01:17: **********Train Epoch 9: averaged Loss: 1.851783, tf_ratio: 1.000000
2026-08-14 01:17: **********Val Epoch 9: average Loss: 1.901714
2026-08-14 01:17: Train Epoch 10: 0/821 Loss: 1.811065
2026-08-14 01:17: Train Epoch 10: 20/821 Loss: 1.782429
2026-08-14 01:17: Train Epoch 10: 40/821 Loss: 1.911414
2026-08-14 01:17: Train Epoch 10: 60/821 Loss: 1.953782
2026-08-14 01:17: Train Epoch 10: 80/821 Loss: 1.835834
2026-08-14 01:17: Train Epoch 10: 100/821 Loss: 1.796149
2026-08-14 01:17: Train Epoch 10: 120/821 Loss: 1.873712
2026-08-14 01:17: Train Epoch 10: 140/821 Loss: 1.887185
2026-08-14 01:17: Train Epoch 10: 160/821 Loss: 1.788720
2026-08-14 01:17: Train Epoch 10: 180/821 Loss: 1.796161
2026-08-14 01:17: Train Epoch 10: 200/821 Loss: 1.823372
2026-08-14 01:17: Train Epoch 10: 220/821 Loss: 1.802023
2026-08-14 01:17: Train Epoch 10: 240/821 Loss: 1.898444
2026-08-14 01:17: Train Epoch 10: 260/821 Loss: 1.766510
2026-08-14 01:17: Train Epoch 10: 280/821 Loss: 1.811107
2026-08-14 01:17: Train Epoch 10: 300/821 Loss: 1.743548
2026-08-14 01:17: Train Epoch 10: 320/821 Loss: 1.837736
2026-08-14 01:17: Train Epoch 10: 340/821 Loss: 1.776605
2026-08-14 01:17: Train Epoch 10: 360/821 Loss: 1.851413
2026-08-14 01:17: Train Epoch 10: 380/821 Loss: 1.779535
2026-08-14 01:17: Train Epoch 10: 400/821 Loss: 1.833010
2026-08-14 01:17: Train Epoch 10: 420/821 Loss: 1.736174
2026-08-14 01:17: Train Epoch 10: 440/821 Loss: 1.902607
2026-08-14 01:17: Train Epoch 10: 460/821 Loss: 1.841950
2026-08-14 01:17: Train Epoch 10: 480/821 Loss: 1.790956
2026-08-14 01:17: Train Epoch 10: 500/821 Loss: 1.827766
2026-08-14 01:17: Train Epoch 10: 520/821 Loss: 1.768122
2026-08-14 01:17: Train Epoch 10: 540/821 Loss: 1.754430
2026-08-14 01:17: Train Epoch 10: 560/821 Loss: 1.874212
2026-08-14 01:17: Train Epoch 10: 580/821 Loss: 1.776933
2026-08-14 01:17: Train Epoch 10: 600/821 Loss: 1.926329
2026-08-14 01:17: Train Epoch 10: 620/821 Loss: 1.808934
2026-08-14 01:17: Train Epoch 10: 640/821 Loss: 1.872644
2026-08-14 01:17: Train Epoch 10: 660/821 Loss: 1.829547
2026-08-14 01:17: Train Epoch 10: 680/821 Loss: 1.806502
2026-08-14 01:17: Train Epoch 10: 700/821 Loss: 1.748710
2026-08-14 01:17: Train Epoch 10: 720/821 Loss: 1.917048
2026-08-14 01:18: Train Epoch 10: 740/821 Loss: 1.779765
2026-08-14 01:18: Train Epoch 10: 760/821 Loss: 1.807441
2026-08-14 01:18: Train Epoch 10: 780/821 Loss: 1.790121
2026-08-14 01:18: Train Epoch 10: 800/821 Loss: 1.824583
2026-08-14 01:18: Train Epoch 10: 820/821 Loss: 1.795020
2026-08-14 01:18: **********Train Epoch 10: averaged Loss: 1.832604, tf_ratio: 1.000000
2026-08-14 01:18: **********Val Epoch 10: average Loss: 1.851813
2026-08-14 01:18: *********************************Current best model saved!
2026-08-14 01:18: Train Epoch 11: 0/821 Loss: 1.782598
2026-08-14 01:18: Train Epoch 11: 20/821 Loss: 1.839545
2026-08-14 01:18: Train Epoch 11: 40/821 Loss: 1.815042
2026-08-14 01:18: Train Epoch 11: 60/821 Loss: 1.765769
2026-08-14 01:18: Train Epoch 11: 80/821 Loss: 1.697159
2026-08-14 01:18: Train Epoch 11: 100/821 Loss: 1.906603
2026-08-14 01:18: Train Epoch 11: 120/821 Loss: 1.845181
2026-08-14 01:18: Train Epoch 11: 140/821 Loss: 1.764381
2026-08-14 01:18: Train Epoch 11: 160/821 Loss: 1.899625
2026-08-14 01:18: Train Epoch 11: 180/821 Loss: 1.827438
2026-08-14 01:18: Train Epoch 11: 200/821 Loss: 1.766711
2026-08-14 01:18: Train Epoch 11: 220/821 Loss: 1.858726
2026-08-14 01:18: Train Epoch 11: 240/821 Loss: 1.828967
2026-08-14 01:18: Train Epoch 11: 260/821 Loss: 1.857119
2026-08-14 01:18: Train Epoch 11: 280/821 Loss: 1.840765
2026-08-14 01:18: Train Epoch 11: 300/821 Loss: 1.854446
2026-08-14 01:18: Train Epoch 11: 320/821 Loss: 1.789038
2026-08-14 01:18: Train Epoch 11: 340/821 Loss: 1.692633
2026-08-14 01:18: Train Epoch 11: 360/821 Loss: 1.734505
2026-08-14 01:18: Train Epoch 11: 380/821 Loss: 1.834818
2026-08-14 01:18: Train Epoch 11: 400/821 Loss: 1.798148
2026-08-14 01:18: Train Epoch 11: 420/821 Loss: 1.945004
2026-08-14 01:18: Train Epoch 11: 440/821 Loss: 1.774425
2026-08-14 01:18: Train Epoch 11: 460/821 Loss: 1.739368
2026-08-14 01:18: Train Epoch 11: 480/821 Loss: 1.817686
2026-08-14 01:18: Train Epoch 11: 500/821 Loss: 1.824323
2026-08-14 01:18: Train Epoch 11: 520/821 Loss: 1.779207
2026-08-14 01:18: Train Epoch 11: 540/821 Loss: 1.852330
2026-08-14 01:18: Train Epoch 11: 560/821 Loss: 1.844663
2026-08-14 01:18: Train Epoch 11: 580/821 Loss: 1.757212
2026-08-14 01:18: Train Epoch 11: 600/821 Loss: 1.878846
2026-08-14 01:18: Train Epoch 11: 620/821 Loss: 1.739576
2026-08-14 01:19: Train Epoch 11: 640/821 Loss: 1.826926
2026-08-14 01:19: Train Epoch 11: 660/821 Loss: 1.752308
2026-08-14 01:19: Train Epoch 11: 680/821 Loss: 1.814940
2026-08-14 01:19: Train Epoch 11: 700/821 Loss: 1.837735
2026-08-14 01:19: Train Epoch 11: 720/821 Loss: 1.860176
2026-08-14 01:19: Train Epoch 11: 740/821 Loss: 1.862588
2026-08-14 01:19: Train Epoch 11: 760/821 Loss: 1.725679
2026-08-14 01:19: Train Epoch 11: 780/821 Loss: 1.786706
2026-08-14 01:19: Train Epoch 11: 800/821 Loss: 1.881114
2026-08-14 01:19: Train Epoch 11: 820/821 Loss: 1.885208
2026-08-14 01:19: **********Train Epoch 11: averaged Loss: 1.816966, tf_ratio: 1.000000
2026-08-14 01:19: **********Val Epoch 11: average Loss: 1.858569
2026-08-14 01:19: Train Epoch 12: 0/821 Loss: 1.807618
2026-08-14 01:19: Train Epoch 12: 20/821 Loss: 1.678395
2026-08-14 01:19: Train Epoch 12: 40/821 Loss: 1.836125
2026-08-14 01:19: Train Epoch 12: 60/821 Loss: 1.900811
2026-08-14 01:19: Train Epoch 12: 80/821 Loss: 1.866028
2026-08-14 01:19: Train Epoch 12: 100/821 Loss: 1.794624
2026-08-14 01:19: Train Epoch 12: 120/821 Loss: 1.806360
2026-08-14 01:19: Train Epoch 12: 140/821 Loss: 1.741172
2026-08-14 01:19: Train Epoch 12: 160/821 Loss: 1.748437
2026-08-14 01:19: Train Epoch 12: 180/821 Loss: 1.891978
2026-08-14 01:19: Train Epoch 12: 200/821 Loss: 1.744246
2026-08-14 01:19: Train Epoch 12: 220/821 Loss: 1.812436
2026-08-14 01:19: Train Epoch 12: 240/821 Loss: 1.819065
2026-08-14 01:19: Train Epoch 12: 260/821 Loss: 1.841863
2026-08-14 01:19: Train Epoch 12: 280/821 Loss: 1.771489
2026-08-14 01:19: Train Epoch 12: 300/821 Loss: 1.924258
2026-08-14 01:19: Train Epoch 12: 320/821 Loss: 1.872608
2026-08-14 01:19: Train Epoch 12: 340/821 Loss: 1.791869
2026-08-14 01:19: Train Epoch 12: 360/821 Loss: 1.782451
2026-08-14 01:19: Train Epoch 12: 380/821 Loss: 1.769740
2026-08-14 01:19: Train Epoch 12: 400/821 Loss: 1.794892
2026-08-14 01:19: Train Epoch 12: 420/821 Loss: 1.820993
2026-08-14 01:19: Train Epoch 12: 440/821 Loss: 1.766395
2026-08-14 01:19: Train Epoch 12: 460/821 Loss: 1.937072
2026-08-14 01:19: Train Epoch 12: 480/821 Loss: 1.764559
2026-08-14 01:19: Train Epoch 12: 500/821 Loss: 1.732712
2026-08-14 01:19: Train Epoch 12: 520/821 Loss: 1.788490
2026-08-14 01:19: Train Epoch 12: 540/821 Loss: 1.816789
2026-08-14 01:20: Train Epoch 12: 560/821 Loss: 1.778401
2026-08-14 01:20: Train Epoch 12: 580/821 Loss: 1.797372
2026-08-14 01:20: Train Epoch 12: 600/821 Loss: 1.793970
2026-08-14 01:20: Train Epoch 12: 620/821 Loss: 1.804852
2026-08-14 01:20: Train Epoch 12: 640/821 Loss: 1.813051
2026-08-14 01:20: Train Epoch 12: 660/821 Loss: 1.874460
2026-08-14 01:20: Train Epoch 12: 680/821 Loss: 1.819621
2026-08-14 01:20: Train Epoch 12: 700/821 Loss: 1.882770
2026-08-14 01:20: Train Epoch 12: 720/821 Loss: 1.920686
2026-08-14 01:20: Train Epoch 12: 740/821 Loss: 1.832714
2026-08-14 01:20: Train Epoch 12: 760/821 Loss: 1.862424
2026-08-14 01:20: Train Epoch 12: 780/821 Loss: 1.704178
2026-08-14 01:20: Train Epoch 12: 800/821 Loss: 1.863355
2026-08-14 01:20: Train Epoch 12: 820/821 Loss: 1.718110
2026-08-14 01:20: **********Train Epoch 12: averaged Loss: 1.802275, tf_ratio: 1.000000
2026-08-14 01:20: **********Val Epoch 12: average Loss: 1.862836
2026-08-14 01:20: Train Epoch 13: 0/821 Loss: 1.918497
2026-08-14 01:20: Train Epoch 13: 20/821 Loss: 1.779614
2026-08-14 01:20: Train Epoch 13: 40/821 Loss: 1.846526
2026-08-14 01:20: Train Epoch 13: 60/821 Loss: 1.738672
2026-08-14 01:20: Train Epoch 13: 80/821 Loss: 1.794781
2026-08-14 01:20: Train Epoch 13: 100/821 Loss: 1.734710
2026-08-14 01:20: Train Epoch 13: 120/821 Loss: 1.849643
2026-08-14 01:20: Train Epoch 13: 140/821 Loss: 1.794599
2026-08-14 01:20: Train Epoch 13: 160/821 Loss: 1.763055
2026-08-14 01:20: Train Epoch 13: 180/821 Loss: 1.829784
2026-08-14 01:20: Train Epoch 13: 200/821 Loss: 1.925271
2026-08-14 01:20: Train Epoch 13: 220/821 Loss: 1.847425
2026-08-14 01:20: Train Epoch 13: 240/821 Loss: 1.864013
2026-08-14 01:20: Train Epoch 13: 260/821 Loss: 1.769339
2026-08-14 01:20: Train Epoch 13: 280/821 Loss: 1.715228
2026-08-14 01:20: Train Epoch 13: 300/821 Loss: 1.764017
2026-08-14 01:20: Train Epoch 13: 320/821 Loss: 1.783588
2026-08-14 01:20: Train Epoch 13: 340/821 Loss: 1.754036
2026-08-14 01:20: Train Epoch 13: 360/821 Loss: 1.778285
2026-08-14 01:20: Train Epoch 13: 380/821 Loss: 1.733244
2026-08-14 01:20: Train Epoch 13: 400/821 Loss: 1.829233
2026-08-14 01:20: Train Epoch 13: 420/821 Loss: 1.736169
2026-08-14 01:20: Train Epoch 13: 440/821 Loss: 1.850063
2026-08-14 01:20: Train Epoch 13: 460/821 Loss: 1.829903
2026-08-14 01:21: Train Epoch 13: 480/821 Loss: 1.790560
2026-08-14 01:21: Train Epoch 13: 500/821 Loss: 1.794795
2026-08-14 01:21: Train Epoch 13: 520/821 Loss: 1.853861
2026-08-14 01:21: Train Epoch 13: 540/821 Loss: 1.785487
2026-08-14 01:21: Train Epoch 13: 560/821 Loss: 1.792075
2026-08-14 01:21: Train Epoch 13: 580/821 Loss: 1.801814
2026-08-14 01:21: Train Epoch 13: 600/821 Loss: 1.767408
2026-08-14 01:21: Train Epoch 13: 620/821 Loss: 1.822692
2026-08-14 01:21: Train Epoch 13: 640/821 Loss: 1.811172
2026-08-14 01:21: Train Epoch 13: 660/821 Loss: 1.733532
2026-08-14 01:21: Train Epoch 13: 680/821 Loss: 1.762778
2026-08-14 01:21: Train Epoch 13: 700/821 Loss: 1.756492
2026-08-14 01:21: Train Epoch 13: 720/821 Loss: 1.744723
2026-08-14 01:21: Train Epoch 13: 740/821 Loss: 1.752175
2026-08-14 01:21: Train Epoch 13: 760/821 Loss: 1.821693
2026-08-14 01:21: Train Epoch 13: 780/821 Loss: 1.753139
2026-08-14 01:21: Train Epoch 13: 800/821 Loss: 1.694088
2026-08-14 01:21: Train Epoch 13: 820/821 Loss: 1.794180
2026-08-14 01:21: **********Train Epoch 13: averaged Loss: 1.786346, tf_ratio: 1.000000
2026-08-14 01:21: **********Val Epoch 13: average Loss: 1.858932
2026-08-14 01:21: Train Epoch 14: 0/821 Loss: 1.732615
2026-08-14 01:21: Train Epoch 14: 20/821 Loss: 1.763634
2026-08-14 01:21: Train Epoch 14: 40/821 Loss: 1.843670
2026-08-14 01:21: Train Epoch 14: 60/821 Loss: 1.773997
2026-08-14 01:21: Train Epoch 14: 80/821 Loss: 1.857319
2026-08-14 01:21: Train Epoch 14: 100/821 Loss: 1.764941
2026-08-14 01:21: Train Epoch 14: 120/821 Loss: 1.642728
2026-08-14 01:21: Train Epoch 14: 140/821 Loss: 1.865890
2026-08-14 01:21: Train Epoch 14: 160/821 Loss: 1.789907
2026-08-14 01:21: Train Epoch 14: 180/821 Loss: 1.846271
2026-08-14 01:21: Train Epoch 14: 200/821 Loss: 1.816726
2026-08-14 01:21: Train Epoch 14: 220/821 Loss: 1.883785
2026-08-14 01:21: Train Epoch 14: 240/821 Loss: 1.760708
2026-08-14 01:21: Train Epoch 14: 260/821 Loss: 1.681699
2026-08-14 01:21: Train Epoch 14: 280/821 Loss: 1.813334
2026-08-14 01:21: Train Epoch 14: 300/821 Loss: 1.738495
2026-08-14 01:21: Train Epoch 14: 320/821 Loss: 1.763855
2026-08-14 01:21: Train Epoch 14: 340/821 Loss: 1.789187
2026-08-14 01:21: Train Epoch 14: 360/821 Loss: 1.786039
2026-08-14 01:21: Train Epoch 14: 380/821 Loss: 1.821584
2026-08-14 01:21: Train Epoch 14: 400/821 Loss: 1.780321
2026-08-14 01:22: Train Epoch 14: 420/821 Loss: 1.787760
2026-08-14 01:22: Train Epoch 14: 440/821 Loss: 1.749600
2026-08-14 01:22: Train Epoch 14: 460/821 Loss: 1.770123
2026-08-14 01:22: Train Epoch 14: 480/821 Loss: 1.845994
2026-08-14 01:22: Train Epoch 14: 500/821 Loss: 1.793946
2026-08-14 01:22: Train Epoch 14: 520/821 Loss: 1.736943
2026-08-14 01:22: Train Epoch 14: 540/821 Loss: 1.753840
2026-08-14 01:22: Train Epoch 14: 560/821 Loss: 1.753247
2026-08-14 01:22: Train Epoch 14: 580/821 Loss: 1.887900
2026-08-14 01:22: Train Epoch 14: 600/821 Loss: 1.720766
2026-08-14 01:22: Train Epoch 14: 620/821 Loss: 1.730813
2026-08-14 01:22: Train Epoch 14: 640/821 Loss: 1.702494
2026-08-14 01:22: Train Epoch 14: 660/821 Loss: 1.772971
2026-08-14 01:22: Train Epoch 14: 680/821 Loss: 1.783845
2026-08-14 01:22: Train Epoch 14: 700/821 Loss: 1.917097
2026-08-14 01:22: Train Epoch 14: 720/821 Loss: 1.766538
2026-08-14 01:22: Train Epoch 14: 740/821 Loss: 1.841825
2026-08-14 01:22: Train Epoch 14: 760/821 Loss: 1.759983
2026-08-14 01:22: Train Epoch 14: 780/821 Loss: 1.670080
2026-08-14 01:22: Train Epoch 14: 800/821 Loss: 1.872634
2026-08-14 01:22: Train Epoch 14: 820/821 Loss: 1.849751
2026-08-14 01:22: **********Train Epoch 14: averaged Loss: 1.774915, tf_ratio: 1.000000
2026-08-14 01:22: **********Val Epoch 14: average Loss: 1.841812
2026-08-14 01:22: *********************************Current best model saved!
2026-08-14 01:22: Train Epoch 15: 0/821 Loss: 1.738501
2026-08-14 01:22: Train Epoch 15: 20/821 Loss: 1.714597
2026-08-14 01:22: Train Epoch 15: 40/821 Loss: 1.731718
2026-08-14 01:22: Train Epoch 15: 60/821 Loss: 1.719824
2026-08-14 01:22: Train Epoch 15: 80/821 Loss: 1.725517
2026-08-14 01:22: Train Epoch 15: 100/821 Loss: 1.791470
2026-08-14 01:22: Train Epoch 15: 120/821 Loss: 1.782024
2026-08-14 01:22: Train Epoch 15: 140/821 Loss: 1.695093
2026-08-14 01:22: Train Epoch 15: 160/821 Loss: 1.808419
2026-08-14 01:22: Train Epoch 15: 180/821 Loss: 1.910461
2026-08-14 01:22: Train Epoch 15: 200/821 Loss: 1.742329
2026-08-14 01:22: Train Epoch 15: 220/821 Loss: 1.807972
2026-08-14 01:22: Train Epoch 15: 240/821 Loss: 1.677644
2026-08-14 01:22: Train Epoch 15: 260/821 Loss: 1.752913
2026-08-14 01:22: Train Epoch 15: 280/821 Loss: 1.811756
2026-08-14 01:22: Train Epoch 15: 300/821 Loss: 1.795716
2026-08-14 01:22: Train Epoch 15: 320/821 Loss: 1.740981
2026-08-14 01:23: Train Epoch 15: 340/821 Loss: 1.802065
2026-08-14 01:23: Train Epoch 15: 360/821 Loss: 1.821576
2026-08-14 01:23: Train Epoch 15: 380/821 Loss: 1.777987
2026-08-14 01:23: Train Epoch 15: 400/821 Loss: 1.797948
2026-08-14 01:23: Train Epoch 15: 420/821 Loss: 1.724582
2026-08-14 01:23: Train Epoch 15: 440/821 Loss: 1.724396
2026-08-14 01:23: Train Epoch 15: 460/821 Loss: 1.707887
2026-08-14 01:23: Train Epoch 15: 480/821 Loss: 1.835759
2026-08-14 01:23: Train Epoch 15: 500/821 Loss: 1.757910
2026-08-14 01:23: Train Epoch 15: 520/821 Loss: 1.705533
2026-08-14 01:23: Train Epoch 15: 540/821 Loss: 1.790872
2026-08-14 01:23: Train Epoch 15: 560/821 Loss: 1.777045
2026-08-14 01:23: Train Epoch 15: 580/821 Loss: 1.786499
2026-08-14 01:23: Train Epoch 15: 600/821 Loss: 1.753626
2026-08-14 01:23: Train Epoch 15: 620/821 Loss: 1.715781
2026-08-14 01:23: Train Epoch 15: 640/821 Loss: 1.840235
2026-08-14 01:23: Train Epoch 15: 660/821 Loss: 1.691837
2026-08-14 01:23: Train Epoch 15: 680/821 Loss: 1.725491
2026-08-14 01:23: Train Epoch 15: 700/821 Loss: 1.760252
2026-08-14 01:23: Train Epoch 15: 720/821 Loss: 1.838587
2026-08-14 01:23: Train Epoch 15: 740/821 Loss: 1.732801
2026-08-14 01:23: Train Epoch 15: 760/821 Loss: 1.727496
2026-08-14 01:23: Train Epoch 15: 780/821 Loss: 1.721244
2026-08-14 01:23: Train Epoch 15: 800/821 Loss: 1.682407
2026-08-14 01:23: Train Epoch 15: 820/821 Loss: 1.724800
2026-08-14 01:23: **********Train Epoch 15: averaged Loss: 1.761959, tf_ratio: 1.000000
2026-08-14 01:23: **********Val Epoch 15: average Loss: 1.842474
2026-08-14 01:23: Train Epoch 16: 0/821 Loss: 1.751852
2026-08-14 01:23: Train Epoch 16: 20/821 Loss: 1.704346
2026-08-14 01:23: Train Epoch 16: 40/821 Loss: 1.757405
2026-08-14 01:23: Train Epoch 16: 60/821 Loss: 1.856266
2026-08-14 01:23: Train Epoch 16: 80/821 Loss: 1.772752
2026-08-14 01:23: Train Epoch 16: 100/821 Loss: 1.738247
2026-08-14 01:23: Train Epoch 16: 120/821 Loss: 1.735557
2026-08-14 01:23: Train Epoch 16: 140/821 Loss: 1.690840
2026-08-14 01:23: Train Epoch 16: 160/821 Loss: 1.776266
2026-08-14 01:23: Train Epoch 16: 180/821 Loss: 1.753954
2026-08-14 01:23: Train Epoch 16: 200/821 Loss: 1.767291
2026-08-14 01:23: Train Epoch 16: 220/821 Loss: 1.817712
2026-08-14 01:23: Train Epoch 16: 240/821 Loss: 1.739910
2026-08-14 01:23: Train Epoch 16: 260/821 Loss: 1.787247
2026-08-14 01:24: Train Epoch 16: 280/821 Loss: 1.720165
2026-08-14 01:24: Train Epoch 16: 300/821 Loss: 1.877344
2026-08-14 01:24: Train Epoch 16: 320/821 Loss: 1.860745
2026-08-14 01:24: Train Epoch 16: 340/821 Loss: 1.811080
2026-08-14 01:24: Train Epoch 16: 360/821 Loss: 1.743512
2026-08-14 01:24: Train Epoch 16: 380/821 Loss: 1.755457
2026-08-14 01:24: Train Epoch 16: 400/821 Loss: 1.764220
2026-08-14 01:24: Train Epoch 16: 420/821 Loss: 1.796501
2026-08-14 01:24: Train Epoch 16: 440/821 Loss: 1.731180
2026-08-14 01:24: Train Epoch 16: 460/821 Loss: 1.718027
2026-08-14 01:24: Train Epoch 16: 480/821 Loss: 1.738809
2026-08-14 01:24: Train Epoch 16: 500/821 Loss: 1.813006
2026-08-14 01:24: Train Epoch 16: 520/821 Loss: 1.750473
2026-08-14 01:24: Train Epoch 16: 540/821 Loss: 1.810480
2026-08-14 01:24: Train Epoch 16: 560/821 Loss: 1.780478
2026-08-14 01:24: Train Epoch 16: 580/821 Loss: 1.722925
2026-08-14 01:24: Train Epoch 16: 600/821 Loss: 1.657335
2026-08-14 01:24: Train Epoch 16: 620/821 Loss: 1.746266
2026-08-14 01:24: Train Epoch 16: 640/821 Loss: 1.802468
2026-08-14 01:24: Train Epoch 16: 660/821 Loss: 1.789070
2026-08-14 01:24: Train Epoch 16: 680/821 Loss: 1.766334
2026-08-14 01:24: Train Epoch 16: 700/821 Loss: 1.726335
2026-08-14 01:24: Train Epoch 16: 720/821 Loss: 1.764344
2026-08-14 01:24: Train Epoch 16: 740/821 Loss: 1.760663
2026-08-14 01:24: Train Epoch 16: 760/821 Loss: 1.726701
2026-08-14 01:24: Train Epoch 16: 780/821 Loss: 1.758622
2026-08-14 01:24: Train Epoch 16: 800/821 Loss: 1.760261
2026-08-14 01:24: Train Epoch 16: 820/821 Loss: 1.710784
2026-08-14 01:24: **********Train Epoch 16: averaged Loss: 1.749668, tf_ratio: 1.000000
2026-08-14 01:24: **********Val Epoch 16: average Loss: 1.843994
2026-08-14 01:24: Train Epoch 17: 0/821 Loss: 1.757016
2026-08-14 01:24: Train Epoch 17: 20/821 Loss: 1.666369
2026-08-14 01:24: Train Epoch 17: 40/821 Loss: 1.801817
2026-08-14 01:24: Train Epoch 17: 60/821 Loss: 1.761999
2026-08-14 01:24: Train Epoch 17: 80/821 Loss: 1.738021
2026-08-14 01:24: Train Epoch 17: 100/821 Loss: 1.674998
2026-08-14 01:24: Train Epoch 17: 120/821 Loss: 1.748626
2026-08-14 01:24: Train Epoch 17: 140/821 Loss: 1.814711
2026-08-14 01:24: Train Epoch 17: 160/821 Loss: 1.785505
2026-08-14 01:24: Train Epoch 17: 180/821 Loss: 1.807776
2026-08-14 01:24: Train Epoch 17: 200/821 Loss: 1.814195
2026-08-14 01:25: Train Epoch 17: 220/821 Loss: 1.709507
2026-08-14 01:25: Train Epoch 17: 240/821 Loss: 1.690777
2026-08-14 01:25: Train Epoch 17: 260/821 Loss: 1.637059
2026-08-14 01:25: Train Epoch 17: 280/821 Loss: 1.781865
2026-08-14 01:25: Train Epoch 17: 300/821 Loss: 1.681385
2026-08-14 01:25: Train Epoch 17: 320/821 Loss: 1.715153
2026-08-14 01:25: Train Epoch 17: 340/821 Loss: 1.750114
2026-08-14 01:25: Train Epoch 17: 360/821 Loss: 1.783584
2026-08-14 01:25: Train Epoch 17: 380/821 Loss: 1.792609
2026-08-14 01:25: Train Epoch 17: 400/821 Loss: 1.849192
2026-08-14 01:25: Train Epoch 17: 420/821 Loss: 1.767191
2026-08-14 01:25: Train Epoch 17: 440/821 Loss: 1.677354
2026-08-14 01:25: Train Epoch 17: 460/821 Loss: 1.694012
2026-08-14 01:25: Train Epoch 17: 480/821 Loss: 1.763461
2026-08-14 01:25: Train Epoch 17: 500/821 Loss: 1.782079
2026-08-14 01:25: Train Epoch 17: 520/821 Loss: 1.860436
2026-08-14 01:25: Train Epoch 17: 540/821 Loss: 1.708956
2026-08-14 01:25: Train Epoch 17: 560/821 Loss: 1.786777
2026-08-14 01:25: Train Epoch 17: 580/821 Loss: 1.701682
2026-08-14 01:25: Train Epoch 17: 600/821 Loss: 1.713145
2026-08-14 01:25: Train Epoch 17: 620/821 Loss: 1.736696
2026-08-14 01:25: Train Epoch 17: 640/821 Loss: 1.681150
2026-08-14 01:25: Train Epoch 17: 660/821 Loss: 1.746035
2026-08-14 01:25: Train Epoch 17: 680/821 Loss: 1.773144
2026-08-14 01:25: Train Epoch 17: 700/821 Loss: 1.719480
2026-08-14 01:25: Train Epoch 17: 720/821 Loss: 1.704925
2026-08-14 01:25: Train Epoch 17: 740/821 Loss: 1.875577
2026-08-14 01:25: Train Epoch 17: 760/821 Loss: 1.762196
2026-08-14 01:25: Train Epoch 17: 780/821 Loss: 1.828475
2026-08-14 01:25: Train Epoch 17: 800/821 Loss: 1.704621
2026-08-14 01:25: Train Epoch 17: 820/821 Loss: 1.769254
2026-08-14 01:25: **********Train Epoch 17: averaged Loss: 1.738699, tf_ratio: 1.000000
2026-08-14 01:25: **********Val Epoch 17: average Loss: 1.861065
2026-08-14 01:25: Train Epoch 18: 0/821 Loss: 1.644448
2026-08-14 01:25: Train Epoch 18: 20/821 Loss: 1.662053
2026-08-14 01:25: Train Epoch 18: 40/821 Loss: 1.732698
2026-08-14 01:25: Train Epoch 18: 60/821 Loss: 1.761591
2026-08-14 01:25: Train Epoch 18: 80/821 Loss: 1.686513
2026-08-14 01:25: Train Epoch 18: 100/821 Loss: 1.729231
2026-08-14 01:25: Train Epoch 18: 120/821 Loss: 1.745728
2026-08-14 01:25: Train Epoch 18: 140/821 Loss: 1.628143
2026-08-14 01:26: Train Epoch 18: 160/821 Loss: 1.850550
2026-08-14 01:26: Train Epoch 18: 180/821 Loss: 1.634821
2026-08-14 01:26: Train Epoch 18: 200/821 Loss: 1.744300
2026-08-14 01:26: Train Epoch 18: 220/821 Loss: 1.745729
2026-08-14 01:26: Train Epoch 18: 240/821 Loss: 1.742568
2026-08-14 01:26: Train Epoch 18: 260/821 Loss: 1.749539
2026-08-14 01:26: Train Epoch 18: 280/821 Loss: 1.723526
2026-08-14 01:26: Train Epoch 18: 300/821 Loss: 1.728471
2026-08-14 01:26: Train Epoch 18: 320/821 Loss: 1.689991
2026-08-14 01:26: Train Epoch 18: 340/821 Loss: 1.727857
2026-08-14 01:26: Train Epoch 18: 360/821 Loss: 1.738350
2026-08-14 01:26: Train Epoch 18: 380/821 Loss: 1.739561
2026-08-14 01:26: Train Epoch 18: 400/821 Loss: 1.685089
2026-08-14 01:26: Train Epoch 18: 420/821 Loss: 1.819445
2026-08-14 01:26: Train Epoch 18: 440/821 Loss: 1.738286
2026-08-14 01:26: Train Epoch 18: 460/821 Loss: 1.679405
2026-08-14 01:26: Train Epoch 18: 480/821 Loss: 1.806061
2026-08-14 01:26: Train Epoch 18: 500/821 Loss: 1.726209
2026-08-14 01:26: Train Epoch 18: 520/821 Loss: 1.724406
2026-08-14 01:26: Train Epoch 18: 540/821 Loss: 1.744248
2026-08-14 01:26: Train Epoch 18: 560/821 Loss: 1.783938
2026-08-14 01:26: Train Epoch 18: 580/821 Loss: 1.726373
2026-08-14 01:26: Train Epoch 18: 600/821 Loss: 1.644931
2026-08-14 01:26: Train Epoch 18: 620/821 Loss: 1.781232
2026-08-14 01:26: Train Epoch 18: 640/821 Loss: 1.776597
2026-08-14 01:26: Train Epoch 18: 660/821 Loss: 1.686079
2026-08-14 01:26: Train Epoch 18: 680/821 Loss: 1.757901
2026-08-14 01:26: Train Epoch 18: 700/821 Loss: 1.778499
2026-08-14 01:26: Train Epoch 18: 720/821 Loss: 1.620848
2026-08-14 01:26: Train Epoch 18: 740/821 Loss: 1.780829
2026-08-14 01:26: Train Epoch 18: 760/821 Loss: 1.752354
2026-08-14 01:26: Train Epoch 18: 780/821 Loss: 1.729794
2026-08-14 01:26: Train Epoch 18: 800/821 Loss: 1.717046
2026-08-14 01:26: Train Epoch 18: 820/821 Loss: 1.729008
2026-08-14 01:26: **********Train Epoch 18: averaged Loss: 1.729576, tf_ratio: 1.000000
2026-08-14 01:26: **********Val Epoch 18: average Loss: 1.837467
2026-08-14 01:26: *********************************Current best model saved!
2026-08-14 01:26: Train Epoch 19: 0/821 Loss: 1.841316
2026-08-14 01:26: Train Epoch 19: 20/821 Loss: 1.778276
2026-08-14 01:26: Train Epoch 19: 40/821 Loss: 1.661848
2026-08-14 01:27: Train Epoch 19: 60/821 Loss: 1.728831
2026-08-14 01:27: Train Epoch 19: 80/821 Loss: 1.787387
2026-08-14 01:27: Train Epoch 19: 100/821 Loss: 1.723366
2026-08-14 01:27: Train Epoch 19: 120/821 Loss: 1.696022
2026-08-14 01:27: Train Epoch 19: 140/821 Loss: 1.673437
2026-08-14 01:27: Train Epoch 19: 160/821 Loss: 1.658609
2026-08-14 01:27: Train Epoch 19: 180/821 Loss: 1.722570
2026-08-14 01:27: Train Epoch 19: 200/821 Loss: 1.771703
2026-08-14 01:27: Train Epoch 19: 220/821 Loss: 1.742778
2026-08-14 01:27: Train Epoch 19: 240/821 Loss: 1.687000
2026-08-14 01:27: Train Epoch 19: 260/821 Loss: 1.792653
2026-08-14 01:27: Train Epoch 19: 280/821 Loss: 1.837836
2026-08-14 01:27: Train Epoch 19: 300/821 Loss: 1.769796
2026-08-14 01:27: Train Epoch 19: 320/821 Loss: 1.694468
2026-08-14 01:27: Train Epoch 19: 340/821 Loss: 1.764330
2026-08-14 01:27: Train Epoch 19: 360/821 Loss: 1.761320
2026-08-14 01:27: Train Epoch 19: 380/821 Loss: 1.756053
2026-08-14 01:27: Train Epoch 19: 400/821 Loss: 1.746359
2026-08-14 01:27: Train Epoch 19: 420/821 Loss: 1.746142
2026-08-14 01:27: Train Epoch 19: 440/821 Loss: 1.791691
2026-08-14 01:27: Train Epoch 19: 460/821 Loss: 1.715987
2026-08-14 01:27: Train Epoch 19: 480/821 Loss: 1.798636
2026-08-14 01:27: Train Epoch 19: 500/821 Loss: 1.722872
2026-08-14 01:27: Train Epoch 19: 520/821 Loss: 1.724445
2026-08-14 01:27: Train Epoch 19: 540/821 Loss: 1.744816
2026-08-14 01:27: Train Epoch 19: 560/821 Loss: 1.852924
2026-08-14 01:27: Train Epoch 19: 580/821 Loss: 1.666223
2026-08-14 01:27: Train Epoch 19: 600/821 Loss: 1.766832
2026-08-14 01:27: Train Epoch 19: 620/821 Loss: 1.755965
2026-08-14 01:27: Train Epoch 19: 640/821 Loss: 1.659091
2026-08-14 01:27: Train Epoch 19: 660/821 Loss: 1.665697
2026-08-14 01:27: Train Epoch 19: 680/821 Loss: 1.766576
2026-08-14 01:27: Train Epoch 19: 700/821 Loss: 1.739542
2026-08-14 01:27: Train Epoch 19: 720/821 Loss: 1.806430
2026-08-14 01:27: Train Epoch 19: 740/821 Loss: 1.822195
2026-08-14 01:27: Train Epoch 19: 760/821 Loss: 1.666126
2026-08-14 01:27: Train Epoch 19: 780/821 Loss: 1.685928
2026-08-14 01:27: Train Epoch 19: 800/821 Loss: 1.704047
2026-08-14 01:27: Train Epoch 19: 820/821 Loss: 1.690619
2026-08-14 01:27: **********Train Epoch 19: averaged Loss: 1.719021, tf_ratio: 1.000000
2026-08-14 01:28: **********Val Epoch 19: average Loss: 1.850618
2026-08-14 01:28: Train Epoch 20: 0/821 Loss: 1.697058
2026-08-14 01:28: Train Epoch 20: 20/821 Loss: 1.691125
2026-08-14 01:28: Train Epoch 20: 40/821 Loss: 1.728976
2026-08-14 01:28: Train Epoch 20: 60/821 Loss: 1.811697
2026-08-14 01:28: Train Epoch 20: 80/821 Loss: 1.672765
2026-08-14 01:28: Train Epoch 20: 100/821 Loss: 1.656247
2026-08-14 01:28: Train Epoch 20: 120/821 Loss: 1.705274
2026-08-14 01:28: Train Epoch 20: 140/821 Loss: 1.746773
2026-08-14 01:28: Train Epoch 20: 160/821 Loss: 1.687014
2026-08-14 01:28: Train Epoch 20: 180/821 Loss: 1.721759
2026-08-14 01:28: Train Epoch 20: 200/821 Loss: 1.690608
2026-08-14 01:28: Train Epoch 20: 220/821 Loss: 1.697447
2026-08-14 01:28: Train Epoch 20: 240/821 Loss: 1.724216
2026-08-14 01:28: Train Epoch 20: 260/821 Loss: 1.729465
2026-08-14 01:28: Train Epoch 20: 280/821 Loss: 1.731180
2026-08-14 01:28: Train Epoch 20: 300/821 Loss: 1.661225
2026-08-14 01:28: Train Epoch 20: 320/821 Loss: 1.685605
2026-08-14 01:28: Train Epoch 20: 340/821 Loss: 1.694922
2026-08-14 01:28: Train Epoch 20: 360/821 Loss: 1.722108
2026-08-14 01:28: Train Epoch 20: 380/821 Loss: 1.780787
2026-08-14 01:28: Train Epoch 20: 400/821 Loss: 1.738210
2026-08-14 01:28: Train Epoch 20: 420/821 Loss: 1.702783
2026-08-14 01:28: Train Epoch 20: 440/821 Loss: 1.681915
2026-08-14 01:28: Train Epoch 20: 460/821 Loss: 1.614397
2026-08-14 01:28: Train Epoch 20: 480/821 Loss: 1.729263
2026-08-14 01:28: Train Epoch 20: 500/821 Loss: 1.730723
2026-08-14 01:28: Train Epoch 20: 520/821 Loss: 1.712948
2026-08-14 01:28: Train Epoch 20: 540/821 Loss: 1.735329
2026-08-14 01:28: Train Epoch 20: 560/821 Loss: 1.740859
2026-08-14 01:28: Train Epoch 20: 580/821 Loss: 1.636404
2026-08-14 01:28: Train Epoch 20: 600/821 Loss: 1.629926
2026-08-14 01:28: Train Epoch 20: 620/821 Loss: 1.683161
2026-08-14 01:28: Train Epoch 20: 640/821 Loss: 1.680306
2026-08-14 01:28: Train Epoch 20: 660/821 Loss: 1.639237
2026-08-14 01:28: Train Epoch 20: 680/821 Loss: 1.716715
2026-08-14 01:28: Train Epoch 20: 700/821 Loss: 1.786703
2026-08-14 01:28: Train Epoch 20: 720/821 Loss: 1.639329
2026-08-14 01:28: Train Epoch 20: 740/821 Loss: 1.723267
2026-08-14 01:28: Train Epoch 20: 760/821 Loss: 1.732027
2026-08-14 01:28: Train Epoch 20: 780/821 Loss: 1.680051
2026-08-14 01:28: Train Epoch 20: 800/821 Loss: 1.746615
2026-08-14 01:29: Train Epoch 20: 820/821 Loss: 1.659168
2026-08-14 01:29: **********Train Epoch 20: averaged Loss: 1.709039, tf_ratio: 1.000000
2026-08-14 01:29: **********Val Epoch 20: average Loss: 1.841311
2026-08-14 01:29: Train Epoch 21: 0/821 Loss: 1.661561
2026-08-14 01:29: Train Epoch 21: 20/821 Loss: 1.730306
2026-08-14 01:29: Train Epoch 21: 40/821 Loss: 1.677494
2026-08-14 01:29: Train Epoch 21: 60/821 Loss: 1.701553
2026-08-14 01:29: Train Epoch 21: 80/821 Loss: 1.774019
2026-08-14 01:29: Train Epoch 21: 100/821 Loss: 1.701976
2026-08-14 01:29: Train Epoch 21: 120/821 Loss: 1.673536
2026-08-14 01:29: Train Epoch 21: 140/821 Loss: 1.645091
2026-08-14 01:29: Train Epoch 21: 160/821 Loss: 1.665097
2026-08-14 01:29: Train Epoch 21: 180/821 Loss: 1.703395
2026-08-14 01:29: Train Epoch 21: 200/821 Loss: 1.670050
2026-08-14 01:29: Train Epoch 21: 220/821 Loss: 1.723907
2026-08-14 01:29: Train Epoch 21: 240/821 Loss: 1.650914
2026-08-14 01:29: Train Epoch 21: 260/821 Loss: 1.637023
2026-08-14 01:29: Train Epoch 21: 280/821 Loss: 1.693676
2026-08-14 01:29: Train Epoch 21: 300/821 Loss: 1.655384
2026-08-14 01:29: Train Epoch 21: 320/821 Loss: 1.727569
2026-08-14 01:29: Train Epoch 21: 340/821 Loss: 1.640667
2026-08-14 01:29: Train Epoch 21: 360/821 Loss: 1.731648
2026-08-14 01:29: Train Epoch 21: 380/821 Loss: 1.719613
2026-08-14 01:29: Train Epoch 21: 400/821 Loss: 1.720834
2026-08-14 01:29: Train Epoch 21: 420/821 Loss: 1.654872
2026-08-14 01:29: Train Epoch 21: 440/821 Loss: 1.692456
2026-08-14 01:29: Train Epoch 21: 460/821 Loss: 1.678078
2026-08-14 01:29: Train Epoch 21: 480/821 Loss: 1.730815
2026-08-14 01:29: Train Epoch 21: 500/821 Loss: 1.843426
2026-08-14 01:29: Train Epoch 21: 520/821 Loss: 1.689327
2026-08-14 01:29: Train Epoch 21: 540/821 Loss: 1.723633
2026-08-14 01:29: Train Epoch 21: 560/821 Loss: 1.688822
2026-08-14 01:29: Train Epoch 21: 580/821 Loss: 1.706012
2026-08-14 01:29: Train Epoch 21: 600/821 Loss: 1.693726
2026-08-14 01:29: Train Epoch 21: 620/821 Loss: 1.690591
2026-08-14 01:29: Train Epoch 21: 640/821 Loss: 1.655586
2026-08-14 01:29: Train Epoch 21: 660/821 Loss: 1.704915
2026-08-14 01:29: Train Epoch 21: 680/821 Loss: 1.711596
2026-08-14 01:29: Train Epoch 21: 700/821 Loss: 1.698359
2026-08-14 01:29: Train Epoch 21: 720/821 Loss: 1.713652
2026-08-14 01:29: Train Epoch 21: 740/821 Loss: 1.719253
2026-08-14 01:30: Train Epoch 21: 760/821 Loss: 1.724746
2026-08-14 01:30: Train Epoch 21: 780/821 Loss: 1.648048
2026-08-14 01:30: Train Epoch 21: 800/821 Loss: 1.622126
2026-08-14 01:30: Train Epoch 21: 820/821 Loss: 1.648598
2026-08-14 01:30: **********Train Epoch 21: averaged Loss: 1.699533, tf_ratio: 1.000000
2026-08-14 01:30: **********Val Epoch 21: average Loss: 1.857380
2026-08-14 01:30: Train Epoch 22: 0/821 Loss: 1.645030
2026-08-14 01:30: Train Epoch 22: 20/821 Loss: 1.700014
2026-08-14 01:30: Train Epoch 22: 40/821 Loss: 1.687744
2026-08-14 01:30: Train Epoch 22: 60/821 Loss: 1.699440
2026-08-14 01:30: Train Epoch 22: 80/821 Loss: 1.666539
2026-08-14 01:30: Train Epoch 22: 100/821 Loss: 1.679312
2026-08-14 01:30: Train Epoch 22: 120/821 Loss: 1.646041
2026-08-14 01:30: Train Epoch 22: 140/821 Loss: 1.715934
2026-08-14 01:30: Train Epoch 22: 160/821 Loss: 1.650589
2026-08-14 01:30: Train Epoch 22: 180/821 Loss: 1.620793
2026-08-14 01:30: Train Epoch 22: 200/821 Loss: 1.680155
2026-08-14 01:30: Train Epoch 22: 220/821 Loss: 1.662942
2026-08-14 01:30: Train Epoch 22: 240/821 Loss: 1.780560
2026-08-14 01:30: Train Epoch 22: 260/821 Loss: 1.656984
2026-08-14 01:30: Train Epoch 22: 280/821 Loss: 1.692329
2026-08-14 01:30: Train Epoch 22: 300/821 Loss: 1.783053
2026-08-14 01:30: Train Epoch 22: 320/821 Loss: 1.673070
2026-08-14 01:30: Train Epoch 22: 340/821 Loss: 1.724707
2026-08-14 01:30: Train Epoch 22: 360/821 Loss: 1.644239
2026-08-14 01:30: Train Epoch 22: 380/821 Loss: 1.660575
2026-08-14 01:30: Train Epoch 22: 400/821 Loss: 1.642095
2026-08-14 01:30: Train Epoch 22: 420/821 Loss: 1.665729
2026-08-14 01:30: Train Epoch 22: 440/821 Loss: 1.730941
2026-08-14 01:30: Train Epoch 22: 460/821 Loss: 1.735919
2026-08-14 01:30: Train Epoch 22: 480/821 Loss: 1.724933
2026-08-14 01:30: Train Epoch 22: 500/821 Loss: 1.648465
2026-08-14 01:30: Train Epoch 22: 520/821 Loss: 1.722804
2026-08-14 01:30: Train Epoch 22: 540/821 Loss: 1.642041
2026-08-14 01:30: Train Epoch 22: 560/821 Loss: 1.717891
2026-08-14 01:30: Train Epoch 22: 580/821 Loss: 1.713053
2026-08-14 01:30: Train Epoch 22: 600/821 Loss: 1.747457
2026-08-14 01:30: Train Epoch 22: 620/821 Loss: 1.748080
2026-08-14 01:30: Train Epoch 22: 640/821 Loss: 1.727083
2026-08-14 01:30: Train Epoch 22: 660/821 Loss: 1.709781
2026-08-14 01:30: Train Epoch 22: 680/821 Loss: 1.680207
2026-08-14 01:31: Train Epoch 22: 700/821 Loss: 1.711196
2026-08-14 01:31: Train Epoch 22: 720/821 Loss: 1.631648
2026-08-14 01:31: Train Epoch 22: 740/821 Loss: 1.657763
2026-08-14 01:31: Train Epoch 22: 760/821 Loss: 1.704849
2026-08-14 01:31: Train Epoch 22: 780/821 Loss: 1.675191
2026-08-14 01:31: Train Epoch 22: 800/821 Loss: 1.653871
2026-08-14 01:31: Train Epoch 22: 820/821 Loss: 1.610225
2026-08-14 01:31: **********Train Epoch 22: averaged Loss: 1.690540, tf_ratio: 1.000000
2026-08-14 01:31: **********Val Epoch 22: average Loss: 1.835000
2026-08-14 01:31: *********************************Current best model saved!
2026-08-14 01:31: Train Epoch 23: 0/821 Loss: 1.603055
2026-08-14 01:31: Train Epoch 23: 20/821 Loss: 1.731451
2026-08-14 01:31: Train Epoch 23: 40/821 Loss: 1.707864
2026-08-14 01:31: Train Epoch 23: 60/821 Loss: 1.700335
2026-08-14 01:31: Train Epoch 23: 80/821 Loss: 1.747848
2026-08-14 01:31: Train Epoch 23: 100/821 Loss: 1.658169
2026-08-14 01:31: Train Epoch 23: 120/821 Loss: 1.678432
2026-08-14 01:31: Train Epoch 23: 140/821 Loss: 1.640261
2026-08-14 01:31: Train Epoch 23: 160/821 Loss: 1.787037
2026-08-14 01:31: Train Epoch 23: 180/821 Loss: 1.733506
2026-08-14 01:31: Train Epoch 23: 200/821 Loss: 1.669369
2026-08-14 01:31: Train Epoch 23: 220/821 Loss: 1.741587
2026-08-14 01:31: Train Epoch 23: 240/821 Loss: 1.682229
2026-08-14 01:31: Train Epoch 23: 260/821 Loss: 1.658919
2026-08-14 01:31: Train Epoch 23: 280/821 Loss: 1.683986
2026-08-14 01:31: Train Epoch 23: 300/821 Loss: 1.701608
2026-08-14 01:31: Train Epoch 23: 320/821 Loss: 1.704899
2026-08-14 01:31: Train Epoch 23: 340/821 Loss: 1.671339
2026-08-14 01:31: Train Epoch 23: 360/821 Loss: 1.674167
2026-08-14 01:31: Train Epoch 23: 380/821 Loss: 1.734545
2026-08-14 01:31: Train Epoch 23: 400/821 Loss: 1.683746
2026-08-14 01:31: Train Epoch 23: 420/821 Loss: 1.566044
2026-08-14 01:31: Train Epoch 23: 440/821 Loss: 1.702392
2026-08-14 01:31: Train Epoch 23: 460/821 Loss: 1.805493
2026-08-14 01:31: Train Epoch 23: 480/821 Loss: 1.673140
2026-08-14 01:31: Train Epoch 23: 500/821 Loss: 1.657165
2026-08-14 01:31: Train Epoch 23: 520/821 Loss: 1.696380
2026-08-14 01:31: Train Epoch 23: 540/821 Loss: 1.700426
2026-08-14 01:31: Train Epoch 23: 560/821 Loss: 1.668493
2026-08-14 01:31: Train Epoch 23: 580/821 Loss: 1.645305
2026-08-14 01:31: Train Epoch 23: 600/821 Loss: 1.739683
2026-08-14 01:32: Train Epoch 23: 620/821 Loss: 1.676221
2026-08-14 01:32: Train Epoch 23: 640/821 Loss: 1.701364
2026-08-14 01:32: Train Epoch 23: 660/821 Loss: 1.673687
2026-08-14 01:32: Train Epoch 23: 680/821 Loss: 1.699105
2026-08-14 01:32: Train Epoch 23: 700/821 Loss: 1.656567
2026-08-14 01:32: Train Epoch 23: 720/821 Loss: 1.630195
2026-08-14 01:32: Train Epoch 23: 740/821 Loss: 1.713230
2026-08-14 01:32: Train Epoch 23: 760/821 Loss: 1.662812
2026-08-14 01:32: Train Epoch 23: 780/821 Loss: 1.699037
2026-08-14 01:32: Train Epoch 23: 800/821 Loss: 1.744416
2026-08-14 01:32: Train Epoch 23: 820/821 Loss: 1.673213
2026-08-14 01:32: **********Train Epoch 23: averaged Loss: 1.684399, tf_ratio: 1.000000
2026-08-14 01:32: **********Val Epoch 23: average Loss: 1.851235
2026-08-14 01:32: Train Epoch 24: 0/821 Loss: 1.697668
2026-08-14 01:32: Train Epoch 24: 20/821 Loss: 1.691446
2026-08-14 01:32: Train Epoch 24: 40/821 Loss: 1.669388
2026-08-14 01:32: Train Epoch 24: 60/821 Loss: 1.732046
2026-08-14 01:32: Train Epoch 24: 80/821 Loss: 1.685536
2026-08-14 01:32: Train Epoch 24: 100/821 Loss: 1.740673
2026-08-14 01:32: Train Epoch 24: 120/821 Loss: 1.634671
2026-08-14 01:32: Train Epoch 24: 140/821 Loss: 1.703137
2026-08-14 01:32: Train Epoch 24: 160/821 Loss: 1.558363
2026-08-14 01:32: Train Epoch 24: 180/821 Loss: 1.636829
2026-08-14 01:32: Train Epoch 24: 200/821 Loss: 1.672591
2026-08-14 01:32: Train Epoch 24: 220/821 Loss: 1.730481
2026-08-14 01:32: Train Epoch 24: 240/821 Loss: 1.687550
2026-08-14 01:32: Train Epoch 24: 260/821 Loss: 1.686529
2026-08-14 01:32: Train Epoch 24: 280/821 Loss: 1.616202
2026-08-14 01:32: Train Epoch 24: 300/821 Loss: 1.655481
2026-08-14 01:32: Train Epoch 24: 320/821 Loss: 1.685946
2026-08-14 01:32: Train Epoch 24: 340/821 Loss: 1.676961
2026-08-14 01:32: Train Epoch 24: 360/821 Loss: 1.652259
2026-08-14 01:32: Train Epoch 24: 380/821 Loss: 1.754925
2026-08-14 01:32: Train Epoch 24: 400/821 Loss: 1.798651
2026-08-14 01:32: Train Epoch 24: 420/821 Loss: 1.704509
2026-08-14 01:32: Train Epoch 24: 440/821 Loss: 1.641322
2026-08-14 01:32: Train Epoch 24: 460/821 Loss: 1.738559
2026-08-14 01:32: Train Epoch 24: 480/821 Loss: 1.702605
2026-08-14 01:32: Train Epoch 24: 500/821 Loss: 1.682596
2026-08-14 01:32: Train Epoch 24: 520/821 Loss: 1.695352
2026-08-14 01:33: Train Epoch 24: 540/821 Loss: 1.737833
2026-08-14 01:33: Train Epoch 24: 560/821 Loss: 1.663840
2026-08-14 01:33: Train Epoch 24: 580/821 Loss: 1.708683
2026-08-14 01:33: Train Epoch 24: 600/821 Loss: 1.680972
2026-08-14 01:33: Train Epoch 24: 620/821 Loss: 1.660703
2026-08-14 01:33: Train Epoch 24: 640/821 Loss: 1.665909
2026-08-14 01:33: Train Epoch 24: 660/821 Loss: 1.789029
2026-08-14 01:33: Train Epoch 24: 680/821 Loss: 1.690043
2026-08-14 01:33: Train Epoch 24: 700/821 Loss: 1.706313
2026-08-14 01:33: Train Epoch 24: 720/821 Loss: 1.635617
2026-08-14 01:33: Train Epoch 24: 740/821 Loss: 1.668848
2026-08-14 01:33: Train Epoch 24: 760/821 Loss: 1.744107
2026-08-14 01:33: Train Epoch 24: 780/821 Loss: 1.657895
2026-08-14 01:33: Train Epoch 24: 800/821 Loss: 1.640204
2026-08-14 01:33: Train Epoch 24: 820/821 Loss: 1.646989
2026-08-14 01:33: **********Train Epoch 24: averaged Loss: 1.675125, tf_ratio: 1.000000
2026-08-14 01:33: **********Val Epoch 24: average Loss: 1.839725
2026-08-14 01:33: Train Epoch 25: 0/821 Loss: 1.780998
2026-08-14 01:33: Train Epoch 25: 20/821 Loss: 1.661371
2026-08-14 01:33: Train Epoch 25: 40/821 Loss: 1.647546
2026-08-14 01:33: Train Epoch 25: 60/821 Loss: 1.649153
2026-08-14 01:33: Train Epoch 25: 80/821 Loss: 1.706750
2026-08-14 01:33: Train Epoch 25: 100/821 Loss: 1.661379
2026-08-14 01:33: Train Epoch 25: 120/821 Loss: 1.690410
2026-08-14 01:33: Train Epoch 25: 140/821 Loss: 1.674761
2026-08-14 01:33: Train Epoch 25: 160/821 Loss: 1.599039
2026-08-14 01:33: Train Epoch 25: 180/821 Loss: 1.664747
2026-08-14 01:33: Train Epoch 25: 200/821 Loss: 1.578290
2026-08-14 01:33: Train Epoch 25: 220/821 Loss: 1.654814
2026-08-14 01:33: Train Epoch 25: 240/821 Loss: 1.656784
2026-08-14 01:33: Train Epoch 25: 260/821 Loss: 1.676705
2026-08-14 01:33: Train Epoch 25: 280/821 Loss: 1.693736
2026-08-14 01:33: Train Epoch 25: 300/821 Loss: 1.623499
2026-08-14 01:33: Train Epoch 25: 320/821 Loss: 1.613194
2026-08-14 01:33: Train Epoch 25: 340/821 Loss: 1.633711
2026-08-14 01:33: Train Epoch 25: 360/821 Loss: 1.725614
2026-08-14 01:33: Train Epoch 25: 380/821 Loss: 1.704121
2026-08-14 01:33: Train Epoch 25: 400/821 Loss: 1.652494
2026-08-14 01:33: Train Epoch 25: 420/821 Loss: 1.714290
2026-08-14 01:34: Train Epoch 25: 440/821 Loss: 1.678155
2026-08-14 01:34: Train Epoch 25: 460/821 Loss: 1.620190
2026-08-14 01:34: Train Epoch 25: 480/821 Loss: 1.603064
2026-08-14 01:34: Train Epoch 25: 500/821 Loss: 1.647795
2026-08-14 01:34: Train Epoch 25: 520/821 Loss: 1.608768
2026-08-14 01:34: Train Epoch 25: 540/821 Loss: 1.584990
2026-08-14 01:34: Train Epoch 25: 560/821 Loss: 1.600670
2026-08-14 01:34: Train Epoch 25: 580/821 Loss: 1.675292
2026-08-14 01:34: Train Epoch 25: 600/821 Loss: 1.642127
2026-08-14 01:34: Train Epoch 25: 620/821 Loss: 1.692682
2026-08-14 01:34: Train Epoch 25: 640/821 Loss: 1.669067
2026-08-14 01:34: Train Epoch 25: 660/821 Loss: 1.667545
2026-08-14 01:34: Train Epoch 25: 680/821 Loss: 1.578710
2026-08-14 01:34: Train Epoch 25: 700/821 Loss: 1.733821
2026-08-14 01:34: Train Epoch 25: 720/821 Loss: 1.710942
2026-08-14 01:34: Train Epoch 25: 740/821 Loss: 1.686396
2026-08-14 01:34: Train Epoch 25: 760/821 Loss: 1.645733
2026-08-14 01:34: Train Epoch 25: 780/821 Loss: 1.668545
2026-08-14 01:34: Train Epoch 25: 800/821 Loss: 1.622889
2026-08-14 01:34: Train Epoch 25: 820/821 Loss: 1.655974
2026-08-14 01:34: **********Train Epoch 25: averaged Loss: 1.665897, tf_ratio: 1.000000
2026-08-14 01:34: **********Val Epoch 25: average Loss: 1.855941
2026-08-14 01:34: Train Epoch 26: 0/821 Loss: 1.653606
2026-08-14 01:34: Train Epoch 26: 20/821 Loss: 1.605709
2026-08-14 01:34: Train Epoch 26: 40/821 Loss: 1.666934
2026-08-14 01:34: Train Epoch 26: 60/821 Loss: 1.696160
2026-08-14 01:34: Train Epoch 26: 80/821 Loss: 1.652202
2026-08-14 01:34: Train Epoch 26: 100/821 Loss: 1.664331
2026-08-14 01:34: Train Epoch 26: 120/821 Loss: 1.646317
2026-08-14 01:34: Train Epoch 26: 140/821 Loss: 1.573293
2026-08-14 01:34: Train Epoch 26: 160/821 Loss: 1.630028
2026-08-14 01:34: Train Epoch 26: 180/821 Loss: 1.651718
2026-08-14 01:34: Train Epoch 26: 200/821 Loss: 1.679471
2026-08-14 01:34: Train Epoch 26: 220/821 Loss: 1.673928
2026-08-14 01:34: Train Epoch 26: 240/821 Loss: 1.633700
2026-08-14 01:34: Train Epoch 26: 260/821 Loss: 1.644419
2026-08-14 01:34: Train Epoch 26: 280/821 Loss: 1.707653
2026-08-14 01:34: Train Epoch 26: 300/821 Loss: 1.682952
2026-08-14 01:34: Train Epoch 26: 320/821 Loss: 1.627602
2026-08-14 01:34: Train Epoch 26: 340/821 Loss: 1.688151
2026-08-14 01:35: Train Epoch 26: 360/821 Loss: 1.677160
2026-08-14 01:35: Train Epoch 26: 380/821 Loss: 1.705194
2026-08-14 01:35: Train Epoch 26: 400/821 Loss: 1.632143
2026-08-14 01:35: Train Epoch 26: 420/821 Loss: 1.599878
2026-08-14 01:35: Train Epoch 26: 440/821 Loss: 1.703528
2026-08-14 01:35: Train Epoch 26: 460/821 Loss: 1.682825
2026-08-14 01:35: Train Epoch 26: 480/821 Loss: 1.736082
2026-08-14 01:35: Train Epoch 26: 500/821 Loss: 1.681956
2026-08-14 01:35: Train Epoch 26: 520/821 Loss: 1.609257
2026-08-14 01:35: Train Epoch 26: 540/821 Loss: 1.719389
2026-08-14 01:35: Train Epoch 26: 560/821 Loss: 1.726755
2026-08-14 01:35: Train Epoch 26: 580/821 Loss: 1.733395
2026-08-14 01:35: Train Epoch 26: 600/821 Loss: 1.636563
2026-08-14 01:35: Train Epoch 26: 620/821 Loss: 1.620201
2026-08-14 01:35: Train Epoch 26: 640/821 Loss: 1.605689
2026-08-14 01:35: Train Epoch 26: 660/821 Loss: 1.721523
2026-08-14 01:35: Train Epoch 26: 680/821 Loss: 1.644755
2026-08-14 01:35: Train Epoch 26: 700/821 Loss: 1.690597
2026-08-14 01:35: Train Epoch 26: 720/821 Loss: 1.610865
2026-08-14 01:35: Train Epoch 26: 740/821 Loss: 1.581902
2026-08-14 01:35: Train Epoch 26: 760/821 Loss: 1.626297
2026-08-14 01:35: Train Epoch 26: 780/821 Loss: 1.653454
2026-08-14 01:35: Train Epoch 26: 800/821 Loss: 1.632413
2026-08-14 01:35: Train Epoch 26: 820/821 Loss: 1.718631
2026-08-14 01:35: **********Train Epoch 26: averaged Loss: 1.659388, tf_ratio: 1.000000
2026-08-14 01:35: **********Val Epoch 26: average Loss: 1.858828
2026-08-14 01:35: Train Epoch 27: 0/821 Loss: 1.584642
2026-08-14 01:35: Train Epoch 27: 20/821 Loss: 1.656145
2026-08-14 01:35: Train Epoch 27: 40/821 Loss: 1.644202
2026-08-14 01:35: Train Epoch 27: 60/821 Loss: 1.560588
2026-08-14 01:35: Train Epoch 27: 80/821 Loss: 1.629796
2026-08-14 01:35: Train Epoch 27: 100/821 Loss: 1.686331
2026-08-14 01:35: Train Epoch 27: 120/821 Loss: 1.716899
2026-08-14 01:35: Train Epoch 27: 140/821 Loss: 1.630079
2026-08-14 01:35: Train Epoch 27: 160/821 Loss: 1.609927
2026-08-14 01:35: Train Epoch 27: 180/821 Loss: 1.582975
2026-08-14 01:35: Train Epoch 27: 200/821 Loss: 1.639421
2026-08-14 01:35: Train Epoch 27: 220/821 Loss: 1.592731
2026-08-14 01:35: Train Epoch 27: 240/821 Loss: 1.676125
2026-08-14 01:35: Train Epoch 27: 260/821 Loss: 1.720834
2026-08-14 01:36: Train Epoch 27: 280/821 Loss: 1.696543
2026-08-14 01:36: Train Epoch 27: 300/821 Loss: 1.672867
2026-08-14 01:36: Train Epoch 27: 320/821 Loss: 1.694482
2026-08-14 01:36: Train Epoch 27: 340/821 Loss: 1.654846
2026-08-14 01:36: Train Epoch 27: 360/821 Loss: 1.588330
2026-08-14 01:36: Train Epoch 27: 380/821 Loss: 1.577544
2026-08-14 01:36: Train Epoch 27: 400/821 Loss: 1.611163
2026-08-14 01:36: Train Epoch 27: 420/821 Loss: 1.688594
2026-08-14 01:36: Train Epoch 27: 440/821 Loss: 1.613006
2026-08-14 01:36: Train Epoch 27: 460/821 Loss: 1.631572
2026-08-14 01:36: Train Epoch 27: 480/821 Loss: 1.651645
2026-08-14 01:36: Train Epoch 27: 500/821 Loss: 1.564498
2026-08-14 01:36: Train Epoch 27: 520/821 Loss: 1.647167
2026-08-14 01:36: Train Epoch 27: 540/821 Loss: 1.572257
2026-08-14 01:36: Train Epoch 27: 560/821 Loss: 1.594063
2026-08-14 01:36: Train Epoch 27: 580/821 Loss: 1.591028
2026-08-14 01:36: Train Epoch 27: 600/821 Loss: 1.676116
2026-08-14 01:36: Train Epoch 27: 620/821 Loss: 1.748977
2026-08-14 01:36: Train Epoch 27: 640/821 Loss: 1.680010
2026-08-14 01:36: Train Epoch 27: 660/821 Loss: 1.680210
2026-08-14 01:36: Train Epoch 27: 680/821 Loss: 1.646730
2026-08-14 01:36: Train Epoch 27: 700/821 Loss: 1.658841
2026-08-14 01:36: Train Epoch 27: 720/821 Loss: 1.609736
2026-08-14 01:36: Train Epoch 27: 740/821 Loss: 1.623270
2026-08-14 01:36: Train Epoch 27: 760/821 Loss: 1.701983
2026-08-14 01:36: Train Epoch 27: 780/821 Loss: 1.675681
2026-08-14 01:36: Train Epoch 27: 800/821 Loss: 1.718056
2026-08-14 01:36: Train Epoch 27: 820/821 Loss: 1.702469
2026-08-14 01:36: **********Train Epoch 27: averaged Loss: 1.654110, tf_ratio: 1.000000
2026-08-14 01:36: **********Val Epoch 27: average Loss: 1.848495
2026-08-14 01:36: Train Epoch 28: 0/821 Loss: 1.687372
2026-08-14 01:36: Train Epoch 28: 20/821 Loss: 1.572301
2026-08-14 01:36: Train Epoch 28: 40/821 Loss: 1.726504
2026-08-14 01:36: Train Epoch 28: 60/821 Loss: 1.699874
2026-08-14 01:36: Train Epoch 28: 80/821 Loss: 1.593946
2026-08-14 01:36: Train Epoch 28: 100/821 Loss: 1.586094
2026-08-14 01:36: Train Epoch 28: 120/821 Loss: 1.588282
2026-08-14 01:36: Train Epoch 28: 140/821 Loss: 1.611973
2026-08-14 01:36: Train Epoch 28: 160/821 Loss: 1.643981
2026-08-14 01:37: Train Epoch 28: 180/821 Loss: 1.704497
2026-08-14 01:37: Train Epoch 28: 200/821 Loss: 1.552667
2026-08-14 01:37: Train Epoch 28: 220/821 Loss: 1.680553
2026-08-14 01:37: Train Epoch 28: 240/821 Loss: 1.604056
2026-08-14 01:37: Train Epoch 28: 260/821 Loss: 1.618317
2026-08-14 01:37: Train Epoch 28: 280/821 Loss: 1.634992
2026-08-14 01:37: Train Epoch 28: 300/821 Loss: 1.628693
2026-08-14 01:37: Train Epoch 28: 320/821 Loss: 1.657231
2026-08-14 01:37: Train Epoch 28: 340/821 Loss: 1.611193
2026-08-14 01:37: Train Epoch 28: 360/821 Loss: 1.631022
2026-08-14 01:37: Train Epoch 28: 380/821 Loss: 1.612234
2026-08-14 01:37: Train Epoch 28: 400/821 Loss: 1.661847
2026-08-14 01:37: Train Epoch 28: 420/821 Loss: 1.694747
2026-08-14 01:37: Train Epoch 28: 440/821 Loss: 1.574396
2026-08-14 01:37: Train Epoch 28: 460/821 Loss: 1.640436
2026-08-14 01:37: Train Epoch 28: 480/821 Loss: 1.570283
2026-08-14 01:37: Train Epoch 28: 500/821 Loss: 1.641784
2026-08-14 01:37: Train Epoch 28: 520/821 Loss: 1.588974
2026-08-14 01:37: Train Epoch 28: 540/821 Loss: 1.623756
2026-08-14 01:37: Train Epoch 28: 560/821 Loss: 1.650383
2026-08-14 01:37: Train Epoch 28: 580/821 Loss: 1.630363
2026-08-14 01:37: Train Epoch 28: 600/821 Loss: 1.622363
2026-08-14 01:37: Train Epoch 28: 620/821 Loss: 1.562399
2026-08-14 01:37: Train Epoch 28: 640/821 Loss: 1.667177
2026-08-14 01:37: Train Epoch 28: 660/821 Loss: 1.627138
2026-08-14 01:37: Train Epoch 28: 680/821 Loss: 1.661474
2026-08-14 01:37: Train Epoch 28: 700/821 Loss: 1.571212
2026-08-14 01:37: Train Epoch 28: 720/821 Loss: 1.641625
2026-08-14 01:37: Train Epoch 28: 740/821 Loss: 1.684067
2026-08-14 01:37: Train Epoch 28: 760/821 Loss: 1.631863
2026-08-14 01:37: Train Epoch 28: 780/821 Loss: 1.715639
2026-08-14 01:37: Train Epoch 28: 800/821 Loss: 1.680938
2026-08-14 01:37: Train Epoch 28: 820/821 Loss: 1.641409
2026-08-14 01:37: **********Train Epoch 28: averaged Loss: 1.647446, tf_ratio: 1.000000
2026-08-14 01:37: **********Val Epoch 28: average Loss: 1.859643
2026-08-14 01:37: Train Epoch 29: 0/821 Loss: 1.752432
2026-08-14 01:37: Train Epoch 29: 20/821 Loss: 1.597474
2026-08-14 01:37: Train Epoch 29: 40/821 Loss: 1.622978
2026-08-14 01:37: Train Epoch 29: 60/821 Loss: 1.598520
2026-08-14 01:37: Train Epoch 29: 80/821 Loss: 1.587826
2026-08-14 01:38: Train Epoch 29: 100/821 Loss: 1.676787
2026-08-14 01:38: Train Epoch 29: 120/821 Loss: 1.606339
2026-08-14 01:38: Train Epoch 29: 140/821 Loss: 1.682680
2026-08-14 01:38: Train Epoch 29: 160/821 Loss: 1.639949
2026-08-14 01:38: Train Epoch 29: 180/821 Loss: 1.647291
2026-08-14 01:38: Train Epoch 29: 200/821 Loss: 1.606988
2026-08-14 01:38: Train Epoch 29: 220/821 Loss: 1.657498
2026-08-14 01:38: Train Epoch 29: 240/821 Loss: 1.647503
2026-08-14 01:38: Train Epoch 29: 260/821 Loss: 1.609138
2026-08-14 01:38: Train Epoch 29: 280/821 Loss: 1.620459
2026-08-14 01:38: Train Epoch 29: 300/821 Loss: 1.665646
2026-08-14 01:38: Train Epoch 29: 320/821 Loss: 1.625049
2026-08-14 01:38: Train Epoch 29: 340/821 Loss: 1.559262
2026-08-14 01:38: Train Epoch 29: 360/821 Loss: 1.654324
2026-08-14 01:38: Train Epoch 29: 380/821 Loss: 1.671784
2026-08-14 01:38: Train Epoch 29: 400/821 Loss: 1.668553
2026-08-14 01:38: Train Epoch 29: 420/821 Loss: 1.616229
2026-08-14 01:38: Train Epoch 29: 440/821 Loss: 1.672885
2026-08-14 01:38: Train Epoch 29: 460/821 Loss: 1.625116
2026-08-14 01:38: Train Epoch 29: 480/821 Loss: 1.570816
2026-08-14 01:38: Train Epoch 29: 500/821 Loss: 1.574889
2026-08-14 01:38: Train Epoch 29: 520/821 Loss: 1.562623
2026-08-14 01:38: Train Epoch 29: 540/821 Loss: 1.723300
2026-08-14 01:38: Train Epoch 29: 560/821 Loss: 1.658477
2026-08-14 01:38: Train Epoch 29: 580/821 Loss: 1.665094
2026-08-14 01:38: Train Epoch 29: 600/821 Loss: 1.613557
2026-08-14 01:38: Train Epoch 29: 620/821 Loss: 1.672104
2026-08-14 01:38: Train Epoch 29: 640/821 Loss: 1.683146
2026-08-14 01:38: Train Epoch 29: 660/821 Loss: 1.598472
2026-08-14 01:38: Train Epoch 29: 680/821 Loss: 1.519330
2026-08-14 01:38: Train Epoch 29: 700/821 Loss: 1.629769
2026-08-14 01:38: Train Epoch 29: 720/821 Loss: 1.652048
2026-08-14 01:38: Train Epoch 29: 740/821 Loss: 1.584255
2026-08-14 01:38: Train Epoch 29: 760/821 Loss: 1.616719
2026-08-14 01:38: Train Epoch 29: 780/821 Loss: 1.695624
2026-08-14 01:38: Train Epoch 29: 800/821 Loss: 1.595713
2026-08-14 01:38: Train Epoch 29: 820/821 Loss: 1.618749
2026-08-14 01:38: **********Train Epoch 29: averaged Loss: 1.640058, tf_ratio: 1.000000
2026-08-14 01:38: **********Val Epoch 29: average Loss: 1.853515
2026-08-14 01:38: Train Epoch 30: 0/821 Loss: 1.666525
2026-08-14 01:39: Train Epoch 30: 20/821 Loss: 1.610128
2026-08-14 01:39: Train Epoch 30: 40/821 Loss: 1.591584
2026-08-14 01:39: Train Epoch 30: 60/821 Loss: 1.604219
2026-08-14 01:39: Train Epoch 30: 80/821 Loss: 1.712240
2026-08-14 01:39: Train Epoch 30: 100/821 Loss: 1.662559
2026-08-14 01:39: Train Epoch 30: 120/821 Loss: 1.605716
2026-08-14 01:39: Train Epoch 30: 140/821 Loss: 1.580404
2026-08-14 01:39: Train Epoch 30: 160/821 Loss: 1.636495
2026-08-14 01:39: Train Epoch 30: 180/821 Loss: 1.578976
2026-08-14 01:39: Train Epoch 30: 200/821 Loss: 1.713516
2026-08-14 01:39: Train Epoch 30: 220/821 Loss: 1.668680
2026-08-14 01:39: Train Epoch 30: 240/821 Loss: 1.662931
2026-08-14 01:39: Train Epoch 30: 260/821 Loss: 1.727014
2026-08-14 01:39: Train Epoch 30: 280/821 Loss: 1.613745
2026-08-14 01:39: Train Epoch 30: 300/821 Loss: 1.674302
2026-08-14 01:39: Train Epoch 30: 320/821 Loss: 1.655417
2026-08-14 01:39: Train Epoch 30: 340/821 Loss: 1.641981
2026-08-14 01:39: Train Epoch 30: 360/821 Loss: 1.754084
2026-08-14 01:39: Train Epoch 30: 380/821 Loss: 1.640225
2026-08-14 01:39: Train Epoch 30: 400/821 Loss: 1.644426
2026-08-14 01:39: Train Epoch 30: 420/821 Loss: 1.636225
2026-08-14 01:39: Train Epoch 30: 440/821 Loss: 1.648786
2026-08-14 01:39: Train Epoch 30: 460/821 Loss: 1.587780
2026-08-14 01:39: Train Epoch 30: 480/821 Loss: 1.583022
2026-08-14 01:39: Train Epoch 30: 500/821 Loss: 1.650793
2026-08-14 01:39: Train Epoch 30: 520/821 Loss: 1.676816
2026-08-14 01:39: Train Epoch 30: 540/821 Loss: 1.731248
2026-08-14 01:39: Train Epoch 30: 560/821 Loss: 1.689624
2026-08-14 01:39: Train Epoch 30: 580/821 Loss: 1.630527
2026-08-14 01:39: Train Epoch 30: 600/821 Loss: 1.656909
2026-08-14 01:39: Train Epoch 30: 620/821 Loss: 1.661718
2026-08-14 01:39: Train Epoch 30: 640/821 Loss: 1.592811
2026-08-14 01:39: Train Epoch 30: 660/821 Loss: 1.661526
2026-08-14 01:39: Train Epoch 30: 680/821 Loss: 1.671818
2026-08-14 01:39: Train Epoch 30: 700/821 Loss: 1.682806
2026-08-14 01:39: Train Epoch 30: 720/821 Loss: 1.638597
2026-08-14 01:39: Train Epoch 30: 740/821 Loss: 1.627402
2026-08-14 01:39: Train Epoch 30: 760/821 Loss: 1.560249
2026-08-14 01:39: Train Epoch 30: 780/821 Loss: 1.626464
2026-08-14 01:39: Train Epoch 30: 800/821 Loss: 1.694963
2026-08-14 01:39: Train Epoch 30: 820/821 Loss: 1.720645
2026-08-14 01:39: **********Train Epoch 30: averaged Loss: 1.635199, tf_ratio: 1.000000
2026-08-14 01:40: **********Val Epoch 30: average Loss: 1.847780
2026-08-14 01:40: Train Epoch 31: 0/821 Loss: 1.628221
2026-08-14 01:40: Train Epoch 31: 20/821 Loss: 1.705526
2026-08-14 01:40: Train Epoch 31: 40/821 Loss: 1.553785
2026-08-14 01:40: Train Epoch 31: 60/821 Loss: 1.612639
2026-08-14 01:40: Train Epoch 31: 80/821 Loss: 1.581273
2026-08-14 01:40: Train Epoch 31: 100/821 Loss: 1.642827
2026-08-14 01:40: Train Epoch 31: 120/821 Loss: 1.612699
2026-08-14 01:40: Train Epoch 31: 140/821 Loss: 1.590108
2026-08-14 01:40: Train Epoch 31: 160/821 Loss: 1.615489
2026-08-14 01:40: Train Epoch 31: 180/821 Loss: 1.682295
2026-08-14 01:40: Train Epoch 31: 200/821 Loss: 1.551365
2026-08-14 01:40: Train Epoch 31: 220/821 Loss: 1.618979
2026-08-14 01:40: Train Epoch 31: 240/821 Loss: 1.661042
2026-08-14 01:40: Train Epoch 31: 260/821 Loss: 1.624154
2026-08-14 01:40: Train Epoch 31: 280/821 Loss: 1.714409
2026-08-14 01:40: Train Epoch 31: 300/821 Loss: 1.657607
2026-08-14 01:40: Train Epoch 31: 320/821 Loss: 1.551313
2026-08-14 01:40: Train Epoch 31: 340/821 Loss: 1.639576
2026-08-14 01:40: Train Epoch 31: 360/821 Loss: 1.616343
2026-08-14 01:40: Train Epoch 31: 380/821 Loss: 1.567584
2026-08-14 01:40: Train Epoch 31: 400/821 Loss: 1.616551
2026-08-14 01:40: Train Epoch 31: 420/821 Loss: 1.642963
2026-08-14 01:40: Train Epoch 31: 440/821 Loss: 1.576539
2026-08-14 01:40: Train Epoch 31: 460/821 Loss: 1.659864
2026-08-14 01:40: Train Epoch 31: 480/821 Loss: 1.599784
2026-08-14 01:40: Train Epoch 31: 500/821 Loss: 1.658656
2026-08-14 01:40: Train Epoch 31: 520/821 Loss: 1.593168
2026-08-14 01:40: Train Epoch 31: 540/821 Loss: 1.673534
2026-08-14 01:40: Train Epoch 31: 560/821 Loss: 1.651208
2026-08-14 01:40: Train Epoch 31: 580/821 Loss: 1.666436
2026-08-14 01:40: Train Epoch 31: 600/821 Loss: 1.608658
2026-08-14 01:40: Train Epoch 31: 620/821 Loss: 1.562041
2026-08-14 01:40: Train Epoch 31: 640/821 Loss: 1.536792
2026-08-14 01:40: Train Epoch 31: 660/821 Loss: 1.581242
2026-08-14 01:40: Train Epoch 31: 680/821 Loss: 1.645330
2026-08-14 01:40: Train Epoch 31: 700/821 Loss: 1.619037
2026-08-14 01:40: Train Epoch 31: 720/821 Loss: 1.665773
2026-08-14 01:41: Train Epoch 31: 740/821 Loss: 1.649911
2026-08-14 01:41: Train Epoch 31: 760/821 Loss: 1.637174
2026-08-14 01:41: Train Epoch 31: 780/821 Loss: 1.647886
2026-08-14 01:41: Train Epoch 31: 800/821 Loss: 1.701148
2026-08-14 01:41: Train Epoch 31: 820/821 Loss: 1.620651
2026-08-14 01:41: **********Train Epoch 31: averaged Loss: 1.629316, tf_ratio: 1.000000
2026-08-14 01:41: **********Val Epoch 31: average Loss: 1.857615
2026-08-14 01:41: Train Epoch 32: 0/821 Loss: 1.498270
2026-08-14 01:41: Train Epoch 32: 20/821 Loss: 1.643951
2026-08-14 01:41: Train Epoch 32: 40/821 Loss: 1.670130
2026-08-14 01:41: Train Epoch 32: 60/821 Loss: 1.624525
2026-08-14 01:41: Train Epoch 32: 80/821 Loss: 1.685405
2026-08-14 01:41: Train Epoch 32: 100/821 Loss: 1.614700
2026-08-14 01:41: Train Epoch 32: 120/821 Loss: 1.618019
2026-08-14 01:41: Train Epoch 32: 140/821 Loss: 1.683179
2026-08-14 01:41: Train Epoch 32: 160/821 Loss: 1.585782
2026-08-14 01:41: Train Epoch 32: 180/821 Loss: 1.653624
2026-08-14 01:41: Train Epoch 32: 200/821 Loss: 1.601448
2026-08-14 01:41: Train Epoch 32: 220/821 Loss: 1.676121
2026-08-14 01:41: Train Epoch 32: 240/821 Loss: 1.654144
2026-08-14 01:41: Train Epoch 32: 260/821 Loss: 1.625701
2026-08-14 01:41: Train Epoch 32: 280/821 Loss: 1.642740
2026-08-14 01:41: Train Epoch 32: 300/821 Loss: 1.670872
2026-08-14 01:41: Train Epoch 32: 320/821 Loss: 1.603869
2026-08-14 01:41: Train Epoch 32: 340/821 Loss: 1.613890
2026-08-14 01:41: Train Epoch 32: 360/821 Loss: 1.602233
2026-08-14 01:41: Train Epoch 32: 380/821 Loss: 1.582475
2026-08-14 01:41: Train Epoch 32: 400/821 Loss: 1.673794
2026-08-14 01:41: Train Epoch 32: 420/821 Loss: 1.607922
2026-08-14 01:41: Train Epoch 32: 440/821 Loss: 1.693065
2026-08-14 01:41: Train Epoch 32: 460/821 Loss: 1.572513
2026-08-14 01:41: Train Epoch 32: 480/821 Loss: 1.586405
2026-08-14 01:41: Train Epoch 32: 500/821 Loss: 1.651242
2026-08-14 01:41: Train Epoch 32: 520/821 Loss: 1.634457
2026-08-14 01:41: Train Epoch 32: 540/821 Loss: 1.658477
2026-08-14 01:41: Train Epoch 32: 560/821 Loss: 1.670707
2026-08-14 01:41: Train Epoch 32: 580/821 Loss: 1.646587
2026-08-14 01:41: Train Epoch 32: 600/821 Loss: 1.600447
2026-08-14 01:41: Train Epoch 32: 620/821 Loss: 1.668775
2026-08-14 01:41: Train Epoch 32: 640/821 Loss: 1.716536
2026-08-14 01:42: Train Epoch 32: 660/821 Loss: 1.584015
2026-08-14 01:42: Train Epoch 32: 680/821 Loss: 1.646361
2026-08-14 01:42: Train Epoch 32: 700/821 Loss: 1.580502
2026-08-14 01:42: Train Epoch 32: 720/821 Loss: 1.665760
2026-08-14 01:42: Train Epoch 32: 740/821 Loss: 1.638941
2026-08-14 01:42: Train Epoch 32: 760/821 Loss: 1.611740
2026-08-14 01:42: Train Epoch 32: 780/821 Loss: 1.671380
2026-08-14 01:42: Train Epoch 32: 800/821 Loss: 1.622268
2026-08-14 01:42: Train Epoch 32: 820/821 Loss: 1.605489
2026-08-14 01:42: **********Train Epoch 32: averaged Loss: 1.624354, tf_ratio: 1.000000
2026-08-14 01:42: **********Val Epoch 32: average Loss: 1.852415
2026-08-14 01:42: Validation performance didn't improve for 10 epochs. Training stops.
2026-08-14 01:42: Total training time: 35.3488min, best loss: 1.835000
2026-08-14 01:42: Saving current best model to /scratch/chkkar002/Diffusion_Based_STGNNs/AGCRN/model/experiments/SAWS/20260814010653/best_model.pth
2026-08-14 01:42: Horizon 01, MAE: 0.86, RMSE: 1.21, MAPE: 7.6917%
2026-08-14 01:42: Horizon 02, MAE: 1.14, RMSE: 1.60, MAPE: 9.7747%
2026-08-14 01:42: Horizon 03, MAE: 1.37, RMSE: 1.90, MAPE: 11.4246%
2026-08-14 01:42: Horizon 04, MAE: 1.54, RMSE: 2.11, MAPE: 12.6828%
2026-08-14 01:42: Horizon 05, MAE: 1.67, RMSE: 2.26, MAPE: 13.7887%
2026-08-14 01:42: Horizon 06, MAE: 1.76, RMSE: 2.37, MAPE: 14.7131%
2026-08-14 01:42: Horizon 07, MAE: 1.83, RMSE: 2.46, MAPE: 15.3748%
2026-08-14 01:42: Horizon 08, MAE: 1.88, RMSE: 2.53, MAPE: 15.9510%
2026-08-14 01:42: Horizon 09, MAE: 1.92, RMSE: 2.58, MAPE: 16.3804%
2026-08-14 01:42: Horizon 10, MAE: 1.95, RMSE: 2.62, MAPE: 16.6824%
2026-08-14 01:42: Horizon 11, MAE: 1.97, RMSE: 2.65, MAPE: 16.9501%
2026-08-14 01:42: Horizon 12, MAE: 1.98, RMSE: 2.67, MAPE: 17.1140%
2026-08-14 01:42: Horizon 13, MAE: 2.00, RMSE: 2.70, MAPE: 17.2519%
2026-08-14 01:42: Horizon 14, MAE: 2.03, RMSE: 2.73, MAPE: 17.4792%
2026-08-14 01:42: Horizon 15, MAE: 2.05, RMSE: 2.76, MAPE: 17.6495%
2026-08-14 01:42: Horizon 16, MAE: 2.06, RMSE: 2.78, MAPE: 17.7680%
2026-08-14 01:42: Horizon 17, MAE: 2.08, RMSE: 2.81, MAPE: 18.0685%
2026-08-14 01:42: Horizon 18, MAE: 2.11, RMSE: 2.84, MAPE: 18.4675%
2026-08-14 01:42: Horizon 19, MAE: 2.13, RMSE: 2.87, MAPE: 18.6334%
2026-08-14 01:42: Horizon 20, MAE: 2.15, RMSE: 2.90, MAPE: 18.9417%
2026-08-14 01:42: Horizon 21, MAE: 2.17, RMSE: 2.93, MAPE: 19.0484%
2026-08-14 01:42: Horizon 22, MAE: 2.19, RMSE: 2.95, MAPE: 19.2301%
2026-08-14 01:42: Horizon 23, MAE: 2.20, RMSE: 2.98, MAPE: 19.3017%
2026-08-14 01:42: Horizon 24, MAE: 2.25, RMSE: 3.03, MAPE: 19.6651%
2026-08-14 01:42: Average Horizon, MAE: 1.89, RMSE: 2.59, MAPE: 16.2514%
