/scratch/chkkar002/Diffusion_Based_STGNNs/AGCRN/lib/dataloader.py:80: UserWarning: The torch.cuda.*DtypeTensor constructors are no longer recommended. It's best to use methods such as torch.tensor(data, dtype=*, device='cuda') to create tensors. (Triggered internally at /pytorch/torch/csrc/tensor/python_tensor.cpp:78.)
  X, Y = TensorFloat(X), TensorFloat(Y)
wandb: [wandb.login()] Loaded credentials for https://api.wandb.ai from /home/chkkar002/.netrc.
wandb: Currently logged in as: chkkar002 (chkkar002-university-of-cape-town) to https://api.wandb.ai. Use `wandb login --relogin` to force relogin
wandb: WARNING Using a boolean value for 'reinit' is deprecated. Use 'return_previous' or 'finish_previous' instead.
wandb: setting up run 6ely6wal
wandb: Tracking run with wandb version 0.26.1
wandb: Run data is saved locally in /scratch/chkkar002/Diffusion_Based_STGNNs/AGCRN/model/wandb/run-20260815_213818-6ely6wal
wandb: Run `wandb offline` to turn off syncing.
wandb: Syncing run TF_CW_AGCRN
wandb: ⭐️ View project at https://wandb.ai/chkkar002-university-of-cape-town/stgnn-weather
wandb: 🚀 View run at https://wandb.ai/chkkar002-university-of-cape-town/stgnn-weather/runs/6ely6wal
2026-08-15 21:38: Experiment log path in: /scratch/chkkar002/Diffusion_Based_STGNNs/AGCRN/model/experiments/SAWS/20260815213817
2026-08-15 21:38: Train Epoch 1: 0/821 Loss: 16.903475
2026-08-15 21:38: Train Epoch 1: 20/821 Loss: 6.879871
2026-08-15 21:38: Train Epoch 1: 40/821 Loss: 6.069768
2026-08-15 21:38: Train Epoch 1: 60/821 Loss: 5.331297
2026-08-15 21:38: Train Epoch 1: 80/821 Loss: 5.145246
2026-08-15 21:38: Train Epoch 1: 100/821 Loss: 4.586668
2026-08-15 21:38: Train Epoch 1: 120/821 Loss: 4.683023
2026-08-15 21:38: Train Epoch 1: 140/821 Loss: 4.370692
2026-08-15 21:38: Train Epoch 1: 160/821 Loss: 4.258013
2026-08-15 21:38: Train Epoch 1: 180/821 Loss: 4.014985
2026-08-15 21:38: Train Epoch 1: 200/821 Loss: 3.510845
2026-08-15 21:38: Train Epoch 1: 220/821 Loss: 3.406166
2026-08-15 21:38: Train Epoch 1: 240/821 Loss: 3.614205
2026-08-15 21:38: Train Epoch 1: 260/821 Loss: 3.661340
2026-08-15 21:38: Train Epoch 1: 280/821 Loss: 3.390828
2026-08-15 21:38: Train Epoch 1: 300/821 Loss: 3.385697
2026-08-15 21:38: Train Epoch 1: 320/821 Loss: 3.333978
2026-08-15 21:38: Train Epoch 1: 340/821 Loss: 3.254741
2026-08-15 21:38: Train Epoch 1: 360/821 Loss: 3.303003
2026-08-15 21:38: Train Epoch 1: 380/821 Loss: 2.904183
2026-08-15 21:38: Train Epoch 1: 400/821 Loss: 2.851113
2026-08-15 21:38: Train Epoch 1: 420/821 Loss: 2.618455
2026-08-15 21:38: Train Epoch 1: 440/821 Loss: 2.647201
2026-08-15 21:38: Train Epoch 1: 460/821 Loss: 2.615257
2026-08-15 21:38: Train Epoch 1: 480/821 Loss: 2.646144
2026-08-15 21:38: Train Epoch 1: 500/821 Loss: 2.609998
2026-08-15 21:38: Train Epoch 1: 520/821 Loss: 2.518644
2026-08-15 21:39: Train Epoch 1: 540/821 Loss: 2.603601
2026-08-15 21:39: Train Epoch 1: 560/821 Loss: 2.663649
2026-08-15 21:39: Train Epoch 1: 580/821 Loss: 2.449825
2026-08-15 21:39: Train Epoch 1: 600/821 Loss: 2.555650
2026-08-15 21:39: Train Epoch 1: 620/821 Loss: 2.429764
2026-08-15 21:39: Train Epoch 1: 640/821 Loss: 2.430437
2026-08-15 21:39: Train Epoch 1: 660/821 Loss: 2.343783
2026-08-15 21:39: Train Epoch 1: 680/821 Loss: 2.500903
2026-08-15 21:39: Train Epoch 1: 700/821 Loss: 2.330235
2026-08-15 21:39: Train Epoch 1: 720/821 Loss: 2.420829
2026-08-15 21:39: Train Epoch 1: 740/821 Loss: 2.345900
2026-08-15 21:39: Train Epoch 1: 760/821 Loss: 2.372688
2026-08-15 21:39: Train Epoch 1: 780/821 Loss: 2.291303
2026-08-15 21:39: Train Epoch 1: 800/821 Loss: 2.290530
2026-08-15 21:39: Train Epoch 1: 820/821 Loss: 2.276966
2026-08-15 21:39: **********Train Epoch 1: averaged Loss: 3.441917, tf_ratio: 0.999247
2026-08-15 21:39: **********Val Epoch 1: average Loss: 2.266109
2026-08-15 21:39: *********************************Current best model saved!
2026-08-15 21:39: Train Epoch 2: 0/821 Loss: 2.331664
2026-08-15 21:39: Train Epoch 2: 20/821 Loss: 2.372397
2026-08-15 21:39: Train Epoch 2: 40/821 Loss: 2.338341
2026-08-15 21:39: Train Epoch 2: 60/821 Loss: 2.192460
2026-08-15 21:39: Train Epoch 2: 80/821 Loss: 2.349234
2026-08-15 21:39: Train Epoch 2: 100/821 Loss: 2.259077
2026-08-15 21:39: Train Epoch 2: 120/821 Loss: 2.221867
2026-08-15 21:39: Train Epoch 2: 140/821 Loss: 2.322481
2026-08-15 21:39: Train Epoch 2: 160/821 Loss: 2.343197
2026-08-15 21:39: Train Epoch 2: 180/821 Loss: 2.271396
2026-08-15 21:39: Train Epoch 2: 200/821 Loss: 2.100493
2026-08-15 21:39: Train Epoch 2: 220/821 Loss: 2.208879
2026-08-15 21:39: Train Epoch 2: 240/821 Loss: 2.234206
2026-08-15 21:39: Train Epoch 2: 260/821 Loss: 2.406343
2026-08-15 21:39: Train Epoch 2: 280/821 Loss: 2.241876
2026-08-15 21:39: Train Epoch 2: 300/821 Loss: 2.235965
2026-08-15 21:39: Train Epoch 2: 320/821 Loss: 2.134390
2026-08-15 21:39: Train Epoch 2: 340/821 Loss: 2.126087
2026-08-15 21:39: Train Epoch 2: 360/821 Loss: 2.436894
2026-08-15 21:39: Train Epoch 2: 380/821 Loss: 2.258087
2026-08-15 21:39: Train Epoch 2: 400/821 Loss: 2.173424
2026-08-15 21:39: Train Epoch 2: 420/821 Loss: 2.146887
2026-08-15 21:40: Train Epoch 2: 440/821 Loss: 2.196052
2026-08-15 21:40: Train Epoch 2: 460/821 Loss: 2.064309
2026-08-15 21:40: Train Epoch 2: 480/821 Loss: 2.258466
2026-08-15 21:40: Train Epoch 2: 500/821 Loss: 2.195848
2026-08-15 21:40: Train Epoch 2: 520/821 Loss: 2.190360
2026-08-15 21:40: Train Epoch 2: 540/821 Loss: 2.262500
2026-08-15 21:40: Train Epoch 2: 560/821 Loss: 2.257899
2026-08-15 21:40: Train Epoch 2: 580/821 Loss: 2.073616
2026-08-15 21:40: Train Epoch 2: 600/821 Loss: 2.104113
2026-08-15 21:40: Train Epoch 2: 620/821 Loss: 2.236410
2026-08-15 21:40: Train Epoch 2: 640/821 Loss: 2.102764
2026-08-15 21:40: Train Epoch 2: 660/821 Loss: 2.115993
2026-08-15 21:40: Train Epoch 2: 680/821 Loss: 2.201519
2026-08-15 21:40: Train Epoch 2: 700/821 Loss: 2.079108
2026-08-15 21:40: Train Epoch 2: 720/821 Loss: 2.067457
2026-08-15 21:40: Train Epoch 2: 740/821 Loss: 2.002091
2026-08-15 21:40: Train Epoch 2: 760/821 Loss: 2.114675
2026-08-15 21:40: Train Epoch 2: 780/821 Loss: 2.015302
2026-08-15 21:40: Train Epoch 2: 800/821 Loss: 2.086623
2026-08-15 21:40: Train Epoch 2: 820/821 Loss: 2.073128
2026-08-15 21:40: **********Train Epoch 2: averaged Loss: 2.200871, tf_ratio: 0.998865
2026-08-15 21:40: **********Val Epoch 2: average Loss: 2.076831
2026-08-15 21:40: *********************************Current best model saved!
2026-08-15 21:40: Train Epoch 3: 0/821 Loss: 2.086444
2026-08-15 21:40: Train Epoch 3: 20/821 Loss: 2.052495
2026-08-15 21:40: Train Epoch 3: 40/821 Loss: 2.216786
2026-08-15 21:40: Train Epoch 3: 60/821 Loss: 2.200499
2026-08-15 21:40: Train Epoch 3: 80/821 Loss: 2.145344
2026-08-15 21:40: Train Epoch 3: 100/821 Loss: 2.187055
2026-08-15 21:40: Train Epoch 3: 120/821 Loss: 2.158960
2026-08-15 21:40: Train Epoch 3: 140/821 Loss: 2.060681
2026-08-15 21:40: Train Epoch 3: 160/821 Loss: 2.194386
2026-08-15 21:40: Train Epoch 3: 180/821 Loss: 2.241726
2026-08-15 21:40: Train Epoch 3: 200/821 Loss: 1.985896
2026-08-15 21:40: Train Epoch 3: 220/821 Loss: 2.122909
2026-08-15 21:40: Train Epoch 3: 240/821 Loss: 2.148323
2026-08-15 21:40: Train Epoch 3: 260/821 Loss: 2.153905
2026-08-15 21:40: Train Epoch 3: 280/821 Loss: 2.119457
2026-08-15 21:40: Train Epoch 3: 300/821 Loss: 2.158329
2026-08-15 21:40: Train Epoch 3: 320/821 Loss: 2.074235
2026-08-15 21:41: Train Epoch 3: 340/821 Loss: 2.105290
2026-08-15 21:41: Train Epoch 3: 360/821 Loss: 2.110464
2026-08-15 21:41: Train Epoch 3: 380/821 Loss: 1.959966
2026-08-15 21:41: Train Epoch 3: 400/821 Loss: 2.200082
2026-08-15 21:41: Train Epoch 3: 420/821 Loss: 2.015767
2026-08-15 21:41: Train Epoch 3: 440/821 Loss: 2.075730
2026-08-15 21:41: Train Epoch 3: 460/821 Loss: 2.029377
2026-08-15 21:41: Train Epoch 3: 480/821 Loss: 2.102139
2026-08-15 21:41: Train Epoch 3: 500/821 Loss: 2.037779
2026-08-15 21:41: Train Epoch 3: 520/821 Loss: 1.848146
2026-08-15 21:41: Train Epoch 3: 540/821 Loss: 2.070670
2026-08-15 21:41: Train Epoch 3: 560/821 Loss: 2.199797
2026-08-15 21:41: Train Epoch 3: 580/821 Loss: 2.038063
2026-08-15 21:41: Train Epoch 3: 600/821 Loss: 2.093576
2026-08-15 21:41: Train Epoch 3: 620/821 Loss: 2.096861
2026-08-15 21:41: Train Epoch 3: 640/821 Loss: 2.084082
2026-08-15 21:41: Train Epoch 3: 660/821 Loss: 2.175910
2026-08-15 21:41: Train Epoch 3: 680/821 Loss: 2.050129
2026-08-15 21:41: Train Epoch 3: 700/821 Loss: 2.059248
2026-08-15 21:41: Train Epoch 3: 720/821 Loss: 2.130675
2026-08-15 21:41: Train Epoch 3: 740/821 Loss: 1.970920
2026-08-15 21:41: Train Epoch 3: 760/821 Loss: 2.151205
2026-08-15 21:41: Train Epoch 3: 780/821 Loss: 2.058100
2026-08-15 21:41: Train Epoch 3: 800/821 Loss: 2.076812
2026-08-15 21:41: Train Epoch 3: 820/821 Loss: 2.141863
2026-08-15 21:41: **********Train Epoch 3: averaged Loss: 2.081945, tf_ratio: 0.998291
2026-08-15 21:41: **********Val Epoch 3: average Loss: 2.044379
2026-08-15 21:41: *********************************Current best model saved!
2026-08-15 21:41: Train Epoch 4: 0/821 Loss: 2.112941
2026-08-15 21:41: Train Epoch 4: 20/821 Loss: 2.049767
2026-08-15 21:41: Train Epoch 4: 40/821 Loss: 2.015454
2026-08-15 21:41: Train Epoch 4: 60/821 Loss: 2.056489
2026-08-15 21:41: Train Epoch 4: 80/821 Loss: 1.990420
2026-08-15 21:41: Train Epoch 4: 100/821 Loss: 2.207141
2026-08-15 21:41: Train Epoch 4: 120/821 Loss: 2.139054
2026-08-15 21:41: Train Epoch 4: 140/821 Loss: 2.099030
2026-08-15 21:41: Train Epoch 4: 160/821 Loss: 2.049852
2026-08-15 21:41: Train Epoch 4: 180/821 Loss: 1.945546
2026-08-15 21:41: Train Epoch 4: 200/821 Loss: 1.945996
2026-08-15 21:42: Train Epoch 4: 220/821 Loss: 1.982549
2026-08-15 21:42: Train Epoch 4: 240/821 Loss: 2.006858
2026-08-15 21:42: Train Epoch 4: 260/821 Loss: 2.043784
2026-08-15 21:42: Train Epoch 4: 280/821 Loss: 2.056965
2026-08-15 21:42: Train Epoch 4: 300/821 Loss: 1.897139
2026-08-15 21:42: Train Epoch 4: 320/821 Loss: 1.990076
2026-08-15 21:42: Train Epoch 4: 340/821 Loss: 2.112671
2026-08-15 21:42: Train Epoch 4: 360/821 Loss: 2.059933
2026-08-15 21:42: Train Epoch 4: 380/821 Loss: 2.120486
2026-08-15 21:42: Train Epoch 4: 400/821 Loss: 1.953891
2026-08-15 21:42: Train Epoch 4: 420/821 Loss: 2.061166
2026-08-15 21:42: Train Epoch 4: 440/821 Loss: 1.957135
2026-08-15 21:42: Train Epoch 4: 460/821 Loss: 2.002174
2026-08-15 21:42: Train Epoch 4: 480/821 Loss: 1.983477
2026-08-15 21:42: Train Epoch 4: 500/821 Loss: 2.018438
2026-08-15 21:42: Train Epoch 4: 520/821 Loss: 2.009371
2026-08-15 21:42: Train Epoch 4: 540/821 Loss: 2.038492
2026-08-15 21:42: Train Epoch 4: 560/821 Loss: 1.968934
2026-08-15 21:42: Train Epoch 4: 580/821 Loss: 2.033124
2026-08-15 21:42: Train Epoch 4: 600/821 Loss: 2.089781
2026-08-15 21:42: Train Epoch 4: 620/821 Loss: 2.030887
2026-08-15 21:42: Train Epoch 4: 640/821 Loss: 2.083394
2026-08-15 21:42: Train Epoch 4: 660/821 Loss: 1.997845
2026-08-15 21:42: Train Epoch 4: 680/821 Loss: 2.018859
2026-08-15 21:42: Train Epoch 4: 700/821 Loss: 1.991880
2026-08-15 21:42: Train Epoch 4: 720/821 Loss: 2.000986
2026-08-15 21:42: Train Epoch 4: 740/821 Loss: 2.088026
2026-08-15 21:42: Train Epoch 4: 760/821 Loss: 2.034449
2026-08-15 21:42: Train Epoch 4: 780/821 Loss: 2.011447
2026-08-15 21:42: Train Epoch 4: 800/821 Loss: 1.977454
2026-08-15 21:42: Train Epoch 4: 820/821 Loss: 2.001743
2026-08-15 21:42: **********Train Epoch 4: averaged Loss: 2.016052, tf_ratio: 0.997425
2026-08-15 21:42: **********Val Epoch 4: average Loss: 1.983464
2026-08-15 21:42: *********************************Current best model saved!
2026-08-15 21:42: Train Epoch 5: 0/821 Loss: 1.979980
2026-08-15 21:42: Train Epoch 5: 20/821 Loss: 1.926649
2026-08-15 21:42: Train Epoch 5: 40/821 Loss: 2.005439
2026-08-15 21:42: Train Epoch 5: 60/821 Loss: 2.039818
2026-08-15 21:42: Train Epoch 5: 80/821 Loss: 1.934427
2026-08-15 21:42: Train Epoch 5: 100/821 Loss: 1.916124
2026-08-15 21:43: Train Epoch 5: 120/821 Loss: 2.078198
2026-08-15 21:43: Train Epoch 5: 140/821 Loss: 1.987226
2026-08-15 21:43: Train Epoch 5: 160/821 Loss: 1.969852
2026-08-15 21:43: Train Epoch 5: 180/821 Loss: 1.996654
2026-08-15 21:43: Train Epoch 5: 200/821 Loss: 1.949055
2026-08-15 21:43: Train Epoch 5: 220/821 Loss: 1.947396
2026-08-15 21:43: Train Epoch 5: 240/821 Loss: 1.984292
2026-08-15 21:43: Train Epoch 5: 260/821 Loss: 2.084472
2026-08-15 21:43: Train Epoch 5: 280/821 Loss: 1.965226
2026-08-15 21:43: Train Epoch 5: 300/821 Loss: 1.950606
2026-08-15 21:43: Train Epoch 5: 320/821 Loss: 1.839377
2026-08-15 21:43: Train Epoch 5: 340/821 Loss: 1.894925
2026-08-15 21:43: Train Epoch 5: 360/821 Loss: 1.939135
2026-08-15 21:43: Train Epoch 5: 380/821 Loss: 2.054875
2026-08-15 21:43: Train Epoch 5: 400/821 Loss: 2.022979
2026-08-15 21:43: Train Epoch 5: 420/821 Loss: 1.861704
2026-08-15 21:43: Train Epoch 5: 440/821 Loss: 2.021425
2026-08-15 21:43: Train Epoch 5: 460/821 Loss: 1.913337
2026-08-15 21:43: Train Epoch 5: 480/821 Loss: 1.917442
2026-08-15 21:43: Train Epoch 5: 500/821 Loss: 1.939790
2026-08-15 21:43: Train Epoch 5: 520/821 Loss: 1.965906
2026-08-15 21:43: Train Epoch 5: 540/821 Loss: 2.013485
2026-08-15 21:43: Train Epoch 5: 560/821 Loss: 1.887616
2026-08-15 21:43: Train Epoch 5: 580/821 Loss: 1.952609
2026-08-15 21:43: Train Epoch 5: 600/821 Loss: 1.880470
2026-08-15 21:43: Train Epoch 5: 620/821 Loss: 2.007723
2026-08-15 21:43: Train Epoch 5: 640/821 Loss: 1.938784
2026-08-15 21:43: Train Epoch 5: 660/821 Loss: 1.872011
2026-08-15 21:43: Train Epoch 5: 680/821 Loss: 1.900189
2026-08-15 21:43: Train Epoch 5: 700/821 Loss: 1.921450
2026-08-15 21:43: Train Epoch 5: 720/821 Loss: 2.074981
2026-08-15 21:43: Train Epoch 5: 740/821 Loss: 1.915267
2026-08-15 21:43: Train Epoch 5: 760/821 Loss: 2.045965
2026-08-15 21:43: Train Epoch 5: 780/821 Loss: 1.884708
2026-08-15 21:43: Train Epoch 5: 800/821 Loss: 2.000810
2026-08-15 21:43: Train Epoch 5: 820/821 Loss: 1.916901
2026-08-15 21:43: **********Train Epoch 5: averaged Loss: 1.966729, tf_ratio: 0.996123
2026-08-15 21:43: **********Val Epoch 5: average Loss: 1.941919
2026-08-15 21:43: *********************************Current best model saved!
2026-08-15 21:44: Train Epoch 6: 0/821 Loss: 1.959108
2026-08-15 21:44: Train Epoch 6: 20/821 Loss: 1.983592
2026-08-15 21:44: Train Epoch 6: 40/821 Loss: 1.860081
2026-08-15 21:44: Train Epoch 6: 60/821 Loss: 1.774610
2026-08-15 21:44: Train Epoch 6: 80/821 Loss: 1.779844
2026-08-15 21:44: Train Epoch 6: 100/821 Loss: 1.884892
2026-08-15 21:44: Train Epoch 6: 120/821 Loss: 1.850411
2026-08-15 21:44: Train Epoch 6: 140/821 Loss: 1.867496
2026-08-15 21:44: Train Epoch 6: 160/821 Loss: 1.877840
2026-08-15 21:44: Train Epoch 6: 180/821 Loss: 1.946184
2026-08-15 21:44: Train Epoch 6: 200/821 Loss: 1.825790
2026-08-15 21:44: Train Epoch 6: 220/821 Loss: 1.901712
2026-08-15 21:44: Train Epoch 6: 240/821 Loss: 1.923204
2026-08-15 21:44: Train Epoch 6: 260/821 Loss: 1.821942
2026-08-15 21:44: Train Epoch 6: 280/821 Loss: 1.909045
2026-08-15 21:44: Train Epoch 6: 300/821 Loss: 1.936847
2026-08-15 21:44: Train Epoch 6: 320/821 Loss: 1.751470
2026-08-15 21:44: Train Epoch 6: 340/821 Loss: 1.895442
2026-08-15 21:44: Train Epoch 6: 360/821 Loss: 1.913100
2026-08-15 21:44: Train Epoch 6: 380/821 Loss: 1.866565
2026-08-15 21:44: Train Epoch 6: 400/821 Loss: 1.900832
2026-08-15 21:44: Train Epoch 6: 420/821 Loss: 1.891766
2026-08-15 21:44: Train Epoch 6: 440/821 Loss: 1.827450
2026-08-15 21:44: Train Epoch 6: 460/821 Loss: 1.924606
2026-08-15 21:44: Train Epoch 6: 480/821 Loss: 1.869931
2026-08-15 21:44: Train Epoch 6: 500/821 Loss: 1.986407
2026-08-15 21:44: Train Epoch 6: 520/821 Loss: 1.863075
2026-08-15 21:44: Train Epoch 6: 540/821 Loss: 1.816190
2026-08-15 21:44: Train Epoch 6: 560/821 Loss: 1.862390
2026-08-15 21:44: Train Epoch 6: 580/821 Loss: 1.996913
2026-08-15 21:44: Train Epoch 6: 600/821 Loss: 1.871527
2026-08-15 21:44: Train Epoch 6: 620/821 Loss: 1.794219
2026-08-15 21:44: Train Epoch 6: 640/821 Loss: 2.024480
2026-08-15 21:44: Train Epoch 6: 660/821 Loss: 1.864079
2026-08-15 21:44: Train Epoch 6: 680/821 Loss: 1.872154
2026-08-15 21:44: Train Epoch 6: 700/821 Loss: 1.839780
2026-08-15 21:44: Train Epoch 6: 720/821 Loss: 1.905851
2026-08-15 21:44: Train Epoch 6: 740/821 Loss: 1.873234
2026-08-15 21:44: Train Epoch 6: 760/821 Loss: 1.970882
2026-08-15 21:45: Train Epoch 6: 780/821 Loss: 1.818195
2026-08-15 21:45: Train Epoch 6: 800/821 Loss: 1.781765
2026-08-15 21:45: Train Epoch 6: 820/821 Loss: 1.794124
2026-08-15 21:45: **********Train Epoch 6: averaged Loss: 1.883149, tf_ratio: 0.994167
2026-08-15 21:45: **********Val Epoch 6: average Loss: 1.888832
2026-08-15 21:45: *********************************Current best model saved!
2026-08-15 21:45: Train Epoch 7: 0/821 Loss: 1.754196
2026-08-15 21:45: Train Epoch 7: 20/821 Loss: 1.867690
2026-08-15 21:45: Train Epoch 7: 40/821 Loss: 1.845165
2026-08-15 21:45: Train Epoch 7: 60/821 Loss: 1.966953
2026-08-15 21:45: Train Epoch 7: 80/821 Loss: 1.835606
2026-08-15 21:45: Train Epoch 7: 100/821 Loss: 1.937074
2026-08-15 21:45: Train Epoch 7: 120/821 Loss: 1.861985
2026-08-15 21:45: Train Epoch 7: 140/821 Loss: 1.863102
2026-08-15 21:45: Train Epoch 7: 160/821 Loss: 1.935647
2026-08-15 21:45: Train Epoch 7: 180/821 Loss: 1.837067
2026-08-15 21:45: Train Epoch 7: 200/821 Loss: 1.839422
2026-08-15 21:45: Train Epoch 7: 220/821 Loss: 1.953219
2026-08-15 21:45: Train Epoch 7: 240/821 Loss: 1.926203
2026-08-15 21:45: Train Epoch 7: 260/821 Loss: 1.872942
2026-08-15 21:45: Train Epoch 7: 280/821 Loss: 1.817671
2026-08-15 21:45: Train Epoch 7: 300/821 Loss: 1.793749
2026-08-15 21:45: Train Epoch 7: 320/821 Loss: 1.875791
2026-08-15 21:45: Train Epoch 7: 340/821 Loss: 1.882352
2026-08-15 21:45: Train Epoch 7: 360/821 Loss: 1.875206
2026-08-15 21:45: Train Epoch 7: 380/821 Loss: 1.982893
2026-08-15 21:45: Train Epoch 7: 400/821 Loss: 1.890125
2026-08-15 21:45: Train Epoch 7: 420/821 Loss: 1.812541
2026-08-15 21:45: Train Epoch 7: 440/821 Loss: 1.857666
2026-08-15 21:45: Train Epoch 7: 460/821 Loss: 1.946312
2026-08-15 21:45: Train Epoch 7: 480/821 Loss: 1.885633
2026-08-15 21:45: Train Epoch 7: 500/821 Loss: 1.862376
2026-08-15 21:45: Train Epoch 7: 520/821 Loss: 1.862971
2026-08-15 21:45: Train Epoch 7: 540/821 Loss: 1.810941
2026-08-15 21:45: Train Epoch 7: 560/821 Loss: 1.878608
2026-08-15 21:45: Train Epoch 7: 580/821 Loss: 1.814885
2026-08-15 21:45: Train Epoch 7: 600/821 Loss: 1.766997
2026-08-15 21:45: Train Epoch 7: 620/821 Loss: 1.794945
2026-08-15 21:45: Train Epoch 7: 640/821 Loss: 1.819125
2026-08-15 21:45: Train Epoch 7: 660/821 Loss: 1.850342
2026-08-15 21:46: Train Epoch 7: 680/821 Loss: 1.848222
2026-08-15 21:46: Train Epoch 7: 700/821 Loss: 1.816828
2026-08-15 21:46: Train Epoch 7: 720/821 Loss: 1.847888
2026-08-15 21:46: Train Epoch 7: 740/821 Loss: 1.822035
2026-08-15 21:46: Train Epoch 7: 760/821 Loss: 1.846784
2026-08-15 21:46: Train Epoch 7: 780/821 Loss: 1.802694
2026-08-15 21:46: Train Epoch 7: 800/821 Loss: 1.918772
2026-08-15 21:46: Train Epoch 7: 820/821 Loss: 1.768692
2026-08-15 21:46: **********Train Epoch 7: averaged Loss: 1.864993, tf_ratio: 0.991233
2026-08-15 21:46: **********Val Epoch 7: average Loss: 1.873311
2026-08-15 21:46: *********************************Current best model saved!
2026-08-15 21:46: Train Epoch 8: 0/821 Loss: 1.841941
2026-08-15 21:46: Train Epoch 8: 20/821 Loss: 1.790713
2026-08-15 21:46: Train Epoch 8: 40/821 Loss: 1.793895
2026-08-15 21:46: Train Epoch 8: 60/821 Loss: 1.804197
2026-08-15 21:46: Train Epoch 8: 80/821 Loss: 1.850321
2026-08-15 21:46: Train Epoch 8: 100/821 Loss: 1.979622
2026-08-15 21:46: Train Epoch 8: 120/821 Loss: 1.856982
2026-08-15 21:46: Train Epoch 8: 140/821 Loss: 1.861398
2026-08-15 21:46: Train Epoch 8: 160/821 Loss: 1.981978
2026-08-15 21:46: Train Epoch 8: 180/821 Loss: 1.852701
2026-08-15 21:46: Train Epoch 8: 200/821 Loss: 1.773329
2026-08-15 21:46: Train Epoch 8: 220/821 Loss: 1.737778
2026-08-15 21:46: Train Epoch 8: 240/821 Loss: 1.853968
2026-08-15 21:46: Train Epoch 8: 260/821 Loss: 1.768690
2026-08-15 21:46: Train Epoch 8: 280/821 Loss: 1.835893
2026-08-15 21:46: Train Epoch 8: 300/821 Loss: 1.851338
2026-08-15 21:46: Train Epoch 8: 320/821 Loss: 1.797610
2026-08-15 21:46: Train Epoch 8: 340/821 Loss: 1.891593
2026-08-15 21:46: Train Epoch 8: 360/821 Loss: 1.786758
2026-08-15 21:46: Train Epoch 8: 380/821 Loss: 1.866826
2026-08-15 21:46: Train Epoch 8: 400/821 Loss: 1.758886
2026-08-15 21:46: Train Epoch 8: 420/821 Loss: 1.867833
2026-08-15 21:46: Train Epoch 8: 440/821 Loss: 1.905901
2026-08-15 21:46: Train Epoch 8: 460/821 Loss: 1.888080
2026-08-15 21:46: Train Epoch 8: 480/821 Loss: 1.928870
2026-08-15 21:46: Train Epoch 8: 500/821 Loss: 1.879054
2026-08-15 21:46: Train Epoch 8: 520/821 Loss: 1.879841
2026-08-15 21:46: Train Epoch 8: 540/821 Loss: 1.807600
2026-08-15 21:47: Train Epoch 8: 560/821 Loss: 1.829462
2026-08-15 21:47: Train Epoch 8: 580/821 Loss: 1.914595
2026-08-15 21:47: Train Epoch 8: 600/821 Loss: 1.853165
2026-08-15 21:47: Train Epoch 8: 620/821 Loss: 1.905129
2026-08-15 21:47: Train Epoch 8: 640/821 Loss: 1.893926
2026-08-15 21:47: Train Epoch 8: 660/821 Loss: 1.871795
2026-08-15 21:47: Train Epoch 8: 680/821 Loss: 1.851973
2026-08-15 21:47: Train Epoch 8: 700/821 Loss: 1.838521
2026-08-15 21:47: Train Epoch 8: 720/821 Loss: 1.841999
2026-08-15 21:47: Train Epoch 8: 740/821 Loss: 1.817130
2026-08-15 21:47: Train Epoch 8: 760/821 Loss: 1.828402
2026-08-15 21:47: Train Epoch 8: 780/821 Loss: 1.870322
2026-08-15 21:47: Train Epoch 8: 800/821 Loss: 1.805367
2026-08-15 21:47: Train Epoch 8: 820/821 Loss: 1.876721
2026-08-15 21:47: **********Train Epoch 8: averaged Loss: 1.850675, tf_ratio: 0.986841
2026-08-15 21:47: **********Val Epoch 8: average Loss: 1.881319
2026-08-15 21:47: Train Epoch 9: 0/821 Loss: 1.901791
2026-08-15 21:47: Train Epoch 9: 20/821 Loss: 1.798835
2026-08-15 21:47: Train Epoch 9: 40/821 Loss: 1.798705
2026-08-15 21:47: Train Epoch 9: 60/821 Loss: 1.889222
2026-08-15 21:47: Train Epoch 9: 80/821 Loss: 1.894442
2026-08-15 21:47: Train Epoch 9: 100/821 Loss: 1.792323
2026-08-15 21:47: Train Epoch 9: 120/821 Loss: 1.918517
2026-08-15 21:47: Train Epoch 9: 140/821 Loss: 1.821429
2026-08-15 21:47: Train Epoch 9: 160/821 Loss: 1.811577
2026-08-15 21:47: Train Epoch 9: 180/821 Loss: 1.913213
2026-08-15 21:47: Train Epoch 9: 200/821 Loss: 1.905014
2026-08-15 21:47: Train Epoch 9: 220/821 Loss: 1.921121
2026-08-15 21:47: Train Epoch 9: 240/821 Loss: 1.808160
2026-08-15 21:47: Train Epoch 9: 260/821 Loss: 1.853009
2026-08-15 21:47: Train Epoch 9: 280/821 Loss: 1.870671
2026-08-15 21:47: Train Epoch 9: 300/821 Loss: 1.781113
2026-08-15 21:47: Train Epoch 9: 320/821 Loss: 1.802422
2026-08-15 21:47: Train Epoch 9: 340/821 Loss: 1.806455
2026-08-15 21:47: Train Epoch 9: 360/821 Loss: 1.887400
2026-08-15 21:47: Train Epoch 9: 380/821 Loss: 1.786775
2026-08-15 21:47: Train Epoch 9: 400/821 Loss: 1.821625
2026-08-15 21:47: Train Epoch 9: 420/821 Loss: 1.816013
2026-08-15 21:48: Train Epoch 9: 440/821 Loss: 1.866059
2026-08-15 21:48: Train Epoch 9: 460/821 Loss: 1.844853
2026-08-15 21:48: Train Epoch 9: 480/821 Loss: 1.809574
2026-08-15 21:48: Train Epoch 9: 500/821 Loss: 1.816324
2026-08-15 21:48: Train Epoch 9: 520/821 Loss: 1.827370
2026-08-15 21:48: Train Epoch 9: 540/821 Loss: 1.826239
2026-08-15 21:48: Train Epoch 9: 560/821 Loss: 1.750646
2026-08-15 21:48: Train Epoch 9: 580/821 Loss: 1.890787
2026-08-15 21:48: Train Epoch 9: 600/821 Loss: 1.781929
2026-08-15 21:48: Train Epoch 9: 620/821 Loss: 1.817023
2026-08-15 21:48: Train Epoch 9: 640/821 Loss: 1.752731
2026-08-15 21:48: Train Epoch 9: 660/821 Loss: 1.736075
2026-08-15 21:48: Train Epoch 9: 680/821 Loss: 1.832731
2026-08-15 21:48: Train Epoch 9: 700/821 Loss: 1.823919
2026-08-15 21:48: Train Epoch 9: 720/821 Loss: 1.873808
2026-08-15 21:48: Train Epoch 9: 740/821 Loss: 1.828037
2026-08-15 21:48: Train Epoch 9: 760/821 Loss: 1.824964
2026-08-15 21:48: Train Epoch 9: 780/821 Loss: 1.901352
2026-08-15 21:48: Train Epoch 9: 800/821 Loss: 1.909146
2026-08-15 21:48: Train Epoch 9: 820/821 Loss: 1.853451
2026-08-15 21:48: **********Train Epoch 9: averaged Loss: 1.836398, tf_ratio: 0.980293
2026-08-15 21:48: **********Val Epoch 9: average Loss: 1.872546
2026-08-15 21:48: *********************************Current best model saved!
2026-08-15 21:48: Train Epoch 10: 0/821 Loss: 1.807237
2026-08-15 21:48: Train Epoch 10: 20/821 Loss: 1.771056
2026-08-15 21:48: Train Epoch 10: 40/821 Loss: 1.907765
2026-08-15 21:48: Train Epoch 10: 60/821 Loss: 1.946166
2026-08-15 21:48: Train Epoch 10: 80/821 Loss: 1.774386
2026-08-15 21:48: Train Epoch 10: 100/821 Loss: 1.818550
2026-08-15 21:48: Train Epoch 10: 120/821 Loss: 1.901674
2026-08-15 21:48: Train Epoch 10: 140/821 Loss: 1.864043
2026-08-15 21:48: Train Epoch 10: 160/821 Loss: 1.762736
2026-08-15 21:48: Train Epoch 10: 180/821 Loss: 1.810121
2026-08-15 21:48: Train Epoch 10: 200/821 Loss: 1.795774
2026-08-15 21:48: Train Epoch 10: 220/821 Loss: 1.793309
2026-08-15 21:48: Train Epoch 10: 240/821 Loss: 1.888255
2026-08-15 21:48: Train Epoch 10: 260/821 Loss: 1.741412
2026-08-15 21:48: Train Epoch 10: 280/821 Loss: 1.829907
2026-08-15 21:48: Train Epoch 10: 300/821 Loss: 1.691120
2026-08-15 21:48: Train Epoch 10: 320/821 Loss: 1.835427
2026-08-15 21:48: Train Epoch 10: 340/821 Loss: 1.842246
2026-08-15 21:49: Train Epoch 10: 360/821 Loss: 1.790008
2026-08-15 21:49: Train Epoch 10: 380/821 Loss: 1.762097
2026-08-15 21:49: Train Epoch 10: 400/821 Loss: 1.819667
2026-08-15 21:49: Train Epoch 10: 420/821 Loss: 1.782740
2026-08-15 21:49: Train Epoch 10: 440/821 Loss: 1.835238
2026-08-15 21:49: Train Epoch 10: 460/821 Loss: 1.800714
2026-08-15 21:49: Train Epoch 10: 480/821 Loss: 1.775703
2026-08-15 21:49: Train Epoch 10: 500/821 Loss: 1.787340
2026-08-15 21:49: Train Epoch 10: 520/821 Loss: 1.781631
2026-08-15 21:49: Train Epoch 10: 540/821 Loss: 1.742611
2026-08-15 21:49: Train Epoch 10: 560/821 Loss: 1.842695
2026-08-15 21:49: Train Epoch 10: 580/821 Loss: 1.802271
2026-08-15 21:49: Train Epoch 10: 600/821 Loss: 1.881392
2026-08-15 21:49: Train Epoch 10: 620/821 Loss: 1.849546
2026-08-15 21:49: Train Epoch 10: 640/821 Loss: 1.853551
2026-08-15 21:49: Train Epoch 10: 660/821 Loss: 1.821589
2026-08-15 21:49: Train Epoch 10: 680/821 Loss: 1.741346
2026-08-15 21:49: Train Epoch 10: 700/821 Loss: 1.722905
2026-08-15 21:49: Train Epoch 10: 720/821 Loss: 1.908179
2026-08-15 21:49: Train Epoch 10: 740/821 Loss: 1.823409
2026-08-15 21:49: Train Epoch 10: 760/821 Loss: 1.796499
2026-08-15 21:49: Train Epoch 10: 780/821 Loss: 1.751307
2026-08-15 21:49: Train Epoch 10: 800/821 Loss: 1.851905
2026-08-15 21:49: Train Epoch 10: 820/821 Loss: 1.747654
2026-08-15 21:49: **********Train Epoch 10: averaged Loss: 1.823248, tf_ratio: 0.970585
2026-08-15 21:49: **********Val Epoch 10: average Loss: 1.862772
2026-08-15 21:49: *********************************Current best model saved!
2026-08-15 21:49: Train Epoch 11: 0/821 Loss: 1.775092
2026-08-15 21:49: Train Epoch 11: 20/821 Loss: 1.837635
2026-08-15 21:49: Train Epoch 11: 40/821 Loss: 1.773475
2026-08-15 21:49: Train Epoch 11: 60/821 Loss: 1.778502
2026-08-15 21:49: Train Epoch 11: 80/821 Loss: 1.693522
2026-08-15 21:49: Train Epoch 11: 100/821 Loss: 1.909734
2026-08-15 21:49: Train Epoch 11: 120/821 Loss: 1.880309
2026-08-15 21:49: Train Epoch 11: 140/821 Loss: 1.734678
2026-08-15 21:49: Train Epoch 11: 160/821 Loss: 1.894201
2026-08-15 21:49: Train Epoch 11: 180/821 Loss: 1.801502
2026-08-15 21:49: Train Epoch 11: 200/821 Loss: 1.786230
2026-08-15 21:49: Train Epoch 11: 220/821 Loss: 1.847496
2026-08-15 21:49: Train Epoch 11: 240/821 Loss: 1.827718
2026-08-15 21:49: Train Epoch 11: 260/821 Loss: 1.819544
2026-08-15 21:49: Train Epoch 11: 280/821 Loss: 1.792172
2026-08-15 21:49: Train Epoch 11: 300/821 Loss: 1.868964
2026-08-15 21:50: Train Epoch 11: 320/821 Loss: 1.809831
2026-08-15 21:50: Train Epoch 11: 340/821 Loss: 1.722079
2026-08-15 21:50: Train Epoch 11: 360/821 Loss: 1.766739
2026-08-15 21:50: Train Epoch 11: 380/821 Loss: 1.848239
2026-08-15 21:50: Train Epoch 11: 400/821 Loss: 1.803911
2026-08-15 21:50: Train Epoch 11: 420/821 Loss: 1.926735
2026-08-15 21:50: Train Epoch 11: 440/821 Loss: 1.778461
2026-08-15 21:50: Train Epoch 11: 460/821 Loss: 1.729294
2026-08-15 21:50: Train Epoch 11: 480/821 Loss: 1.803903
2026-08-15 21:50: Train Epoch 11: 500/821 Loss: 1.823474
2026-08-15 21:50: Train Epoch 11: 520/821 Loss: 1.794423
2026-08-15 21:50: Train Epoch 11: 540/821 Loss: 1.834925
2026-08-15 21:50: Train Epoch 11: 560/821 Loss: 1.827251
2026-08-15 21:50: Train Epoch 11: 580/821 Loss: 1.746195
2026-08-15 21:50: Train Epoch 11: 600/821 Loss: 1.846759
2026-08-15 21:50: Train Epoch 11: 620/821 Loss: 1.749968
2026-08-15 21:50: Train Epoch 11: 640/821 Loss: 1.789343
2026-08-15 21:50: Train Epoch 11: 660/821 Loss: 1.738083
2026-08-15 21:50: Train Epoch 11: 680/821 Loss: 1.828344
2026-08-15 21:50: Train Epoch 11: 700/821 Loss: 1.817864
2026-08-15 21:50: Train Epoch 11: 720/821 Loss: 1.918871
2026-08-15 21:50: Train Epoch 11: 740/821 Loss: 1.837232
2026-08-15 21:50: Train Epoch 11: 760/821 Loss: 1.745709
2026-08-15 21:50: Train Epoch 11: 780/821 Loss: 1.775399
2026-08-15 21:50: Train Epoch 11: 800/821 Loss: 1.913957
2026-08-15 21:50: Train Epoch 11: 820/821 Loss: 1.909643
2026-08-15 21:50: **********Train Epoch 11: averaged Loss: 1.813054, tf_ratio: 0.956307
2026-08-15 21:50: **********Val Epoch 11: average Loss: 1.872272
2026-08-15 21:50: Train Epoch 12: 0/821 Loss: 1.825995
2026-08-15 21:50: Train Epoch 12: 20/821 Loss: 1.694815
2026-08-15 21:50: Train Epoch 12: 40/821 Loss: 1.897600
2026-08-15 21:50: Train Epoch 12: 60/821 Loss: 1.864260
2026-08-15 21:50: Train Epoch 12: 80/821 Loss: 1.910943
2026-08-15 21:50: Train Epoch 12: 100/821 Loss: 1.759212
2026-08-15 21:50: Train Epoch 12: 120/821 Loss: 1.847960
2026-08-15 21:50: Train Epoch 12: 140/821 Loss: 1.731859
2026-08-15 21:50: Train Epoch 12: 160/821 Loss: 1.756763
2026-08-15 21:50: Train Epoch 12: 180/821 Loss: 1.897160
2026-08-15 21:50: Train Epoch 12: 200/821 Loss: 1.764434
2026-08-15 21:50: Train Epoch 12: 220/821 Loss: 1.792289
2026-08-15 21:50: Train Epoch 12: 240/821 Loss: 1.814123
2026-08-15 21:51: Train Epoch 12: 260/821 Loss: 1.814719
2026-08-15 21:51: Train Epoch 12: 280/821 Loss: 1.754485
2026-08-15 21:51: Train Epoch 12: 300/821 Loss: 1.921447
2026-08-15 21:51: Train Epoch 12: 320/821 Loss: 1.870342
2026-08-15 21:51: Train Epoch 12: 340/821 Loss: 1.800011
2026-08-15 21:51: Train Epoch 12: 360/821 Loss: 1.778184
2026-08-15 21:51: Train Epoch 12: 380/821 Loss: 1.780706
2026-08-15 21:51: Train Epoch 12: 400/821 Loss: 1.784984
2026-08-15 21:51: Train Epoch 12: 420/821 Loss: 1.835400
2026-08-15 21:51: Train Epoch 12: 440/821 Loss: 1.726927
2026-08-15 21:51: Train Epoch 12: 460/821 Loss: 1.907170
2026-08-15 21:51: Train Epoch 12: 480/821 Loss: 1.758452
2026-08-15 21:51: Train Epoch 12: 500/821 Loss: 1.755856
2026-08-15 21:51: Train Epoch 12: 520/821 Loss: 1.741898
2026-08-15 21:51: Train Epoch 12: 540/821 Loss: 1.801409
2026-08-15 21:51: Train Epoch 12: 560/821 Loss: 1.834214
2026-08-15 21:51: Train Epoch 12: 580/821 Loss: 1.784996
2026-08-15 21:51: Train Epoch 12: 600/821 Loss: 1.742410
2026-08-15 21:51: Train Epoch 12: 620/821 Loss: 1.782493
2026-08-15 21:51: Train Epoch 12: 640/821 Loss: 1.825389
2026-08-15 21:51: Train Epoch 12: 660/821 Loss: 1.866736
2026-08-15 21:51: Train Epoch 12: 680/821 Loss: 1.838069
2026-08-15 21:51: Train Epoch 12: 700/821 Loss: 1.903905
2026-08-15 21:51: Train Epoch 12: 720/821 Loss: 1.938454
2026-08-15 21:51: Train Epoch 12: 740/821 Loss: 1.823191
2026-08-15 21:51: Train Epoch 12: 760/821 Loss: 1.840411
2026-08-15 21:51: Train Epoch 12: 780/821 Loss: 1.706787
2026-08-15 21:51: Train Epoch 12: 800/821 Loss: 1.846514
2026-08-15 21:51: Train Epoch 12: 820/821 Loss: 1.702104
2026-08-15 21:51: **********Train Epoch 12: averaged Loss: 1.802980, tf_ratio: 0.935560
2026-08-15 21:51: **********Val Epoch 12: average Loss: 1.865318
2026-08-15 21:51: Train Epoch 13: 0/821 Loss: 1.866243
2026-08-15 21:51: Train Epoch 13: 20/821 Loss: 1.742845
2026-08-15 21:51: Train Epoch 13: 40/821 Loss: 1.836735
2026-08-15 21:51: Train Epoch 13: 60/821 Loss: 1.780180
2026-08-15 21:51: Train Epoch 13: 80/821 Loss: 1.825817
2026-08-15 21:51: Train Epoch 13: 100/821 Loss: 1.736348
2026-08-15 21:51: Train Epoch 13: 120/821 Loss: 1.825182
2026-08-15 21:51: Train Epoch 13: 140/821 Loss: 1.761673
2026-08-15 21:51: Train Epoch 13: 160/821 Loss: 1.783411
2026-08-15 21:51: Train Epoch 13: 180/821 Loss: 1.901486
2026-08-15 21:51: Train Epoch 13: 200/821 Loss: 1.905920
2026-08-15 21:52: Train Epoch 13: 220/821 Loss: 1.843873
2026-08-15 21:52: Train Epoch 13: 240/821 Loss: 1.901389
2026-08-15 21:52: Train Epoch 13: 260/821 Loss: 1.809582
2026-08-15 21:52: Train Epoch 13: 280/821 Loss: 1.740157
2026-08-15 21:52: Train Epoch 13: 300/821 Loss: 1.779915
2026-08-15 21:52: Train Epoch 13: 320/821 Loss: 1.759685
2026-08-15 21:52: Train Epoch 13: 340/821 Loss: 1.763469
2026-08-15 21:52: Train Epoch 13: 360/821 Loss: 1.775647
2026-08-15 21:52: Train Epoch 13: 380/821 Loss: 1.757443
2026-08-15 21:52: Train Epoch 13: 400/821 Loss: 1.806581
2026-08-15 21:52: Train Epoch 13: 420/821 Loss: 1.761080
2026-08-15 21:52: Train Epoch 13: 440/821 Loss: 1.846184
2026-08-15 21:52: Train Epoch 13: 460/821 Loss: 1.878984
2026-08-15 21:52: Train Epoch 13: 480/821 Loss: 1.819185
2026-08-15 21:52: Train Epoch 13: 500/821 Loss: 1.857683
2026-08-15 21:52: Train Epoch 13: 520/821 Loss: 1.819645
2026-08-15 21:52: Train Epoch 13: 540/821 Loss: 1.781921
2026-08-15 21:52: Train Epoch 13: 560/821 Loss: 1.811652
2026-08-15 21:52: Train Epoch 13: 580/821 Loss: 1.787230
2026-08-15 21:52: Train Epoch 13: 600/821 Loss: 1.804058
2026-08-15 21:52: Train Epoch 13: 620/821 Loss: 1.814846
2026-08-15 21:52: Train Epoch 13: 640/821 Loss: 1.773148
2026-08-15 21:52: Train Epoch 13: 660/821 Loss: 1.737205
2026-08-15 21:52: Train Epoch 13: 680/821 Loss: 1.793839
2026-08-15 21:52: Train Epoch 13: 700/821 Loss: 1.783507
2026-08-15 21:52: Train Epoch 13: 720/821 Loss: 1.796802
2026-08-15 21:52: Train Epoch 13: 740/821 Loss: 1.787577
2026-08-15 21:52: Train Epoch 13: 760/821 Loss: 1.827985
2026-08-15 21:52: Train Epoch 13: 780/821 Loss: 1.736592
2026-08-15 21:52: Train Epoch 13: 800/821 Loss: 1.708842
2026-08-15 21:52: Train Epoch 13: 820/821 Loss: 1.805797
2026-08-15 21:52: **********Train Epoch 13: averaged Loss: 1.792480, tf_ratio: 0.905928
2026-08-15 21:52: **********Val Epoch 13: average Loss: 1.867436
2026-08-15 21:52: Train Epoch 14: 0/821 Loss: 1.796997
2026-08-15 21:52: Train Epoch 14: 20/821 Loss: 1.744673
2026-08-15 21:52: Train Epoch 14: 40/821 Loss: 1.867458
2026-08-15 21:52: Train Epoch 14: 60/821 Loss: 1.778826
2026-08-15 21:52: Train Epoch 14: 80/821 Loss: 1.822950
2026-08-15 21:52: Train Epoch 14: 100/821 Loss: 1.756069
2026-08-15 21:52: Train Epoch 14: 120/821 Loss: 1.667335
2026-08-15 21:52: Train Epoch 14: 140/821 Loss: 1.829647
2026-08-15 21:53: Train Epoch 14: 160/821 Loss: 1.812824
2026-08-15 21:53: Train Epoch 14: 180/821 Loss: 1.824057
2026-08-15 21:53: Train Epoch 14: 200/821 Loss: 1.829413
2026-08-15 21:53: Train Epoch 14: 220/821 Loss: 1.872104
2026-08-15 21:53: Train Epoch 14: 240/821 Loss: 1.799600
2026-08-15 21:53: Train Epoch 14: 260/821 Loss: 1.712882
2026-08-15 21:53: Train Epoch 14: 280/821 Loss: 1.774941
2026-08-15 21:53: Train Epoch 14: 300/821 Loss: 1.748297
2026-08-15 21:53: Train Epoch 14: 320/821 Loss: 1.767930
2026-08-15 21:53: Train Epoch 14: 340/821 Loss: 1.801317
2026-08-15 21:53: Train Epoch 14: 360/821 Loss: 1.766475
2026-08-15 21:53: Train Epoch 14: 380/821 Loss: 1.884736
2026-08-15 21:53: Train Epoch 14: 400/821 Loss: 1.790908
2026-08-15 21:53: Train Epoch 14: 420/821 Loss: 1.841324
2026-08-15 21:53: Train Epoch 14: 440/821 Loss: 1.789212
2026-08-15 21:53: Train Epoch 14: 460/821 Loss: 1.768222
2026-08-15 21:53: Train Epoch 14: 480/821 Loss: 1.820239
2026-08-15 21:53: Train Epoch 14: 500/821 Loss: 1.801005
2026-08-15 21:53: Train Epoch 14: 520/821 Loss: 1.714954
2026-08-15 21:53: Train Epoch 14: 540/821 Loss: 1.811441
2026-08-15 21:53: Train Epoch 14: 560/821 Loss: 1.763710
2026-08-15 21:53: Train Epoch 14: 580/821 Loss: 1.891345
2026-08-15 21:53: Train Epoch 14: 600/821 Loss: 1.784736
2026-08-15 21:53: Train Epoch 14: 620/821 Loss: 1.754827
2026-08-15 21:53: Train Epoch 14: 640/821 Loss: 1.710850
2026-08-15 21:53: Train Epoch 14: 660/821 Loss: 1.755539
2026-08-15 21:53: Train Epoch 14: 680/821 Loss: 1.802460
2026-08-15 21:53: Train Epoch 14: 700/821 Loss: 1.916834
2026-08-15 21:53: Train Epoch 14: 720/821 Loss: 1.770809
2026-08-15 21:53: Train Epoch 14: 740/821 Loss: 1.807401
2026-08-15 21:53: Train Epoch 14: 760/821 Loss: 1.744782
2026-08-15 21:53: Train Epoch 14: 780/821 Loss: 1.725077
2026-08-15 21:53: Train Epoch 14: 800/821 Loss: 1.876204
2026-08-15 21:53: Train Epoch 14: 820/821 Loss: 1.919231
2026-08-15 21:53: **********Train Epoch 14: averaged Loss: 1.783359, tf_ratio: 0.864643
2026-08-15 21:53: **********Val Epoch 14: average Loss: 1.872299
2026-08-15 21:53: Train Epoch 15: 0/821 Loss: 1.786351
2026-08-15 21:53: Train Epoch 15: 20/821 Loss: 1.770223
2026-08-15 21:53: Train Epoch 15: 40/821 Loss: 1.669673
2026-08-15 21:53: Train Epoch 15: 60/821 Loss: 1.732705
2026-08-15 21:53: Train Epoch 15: 80/821 Loss: 1.770880
2026-08-15 21:53: Train Epoch 15: 100/821 Loss: 1.864190
2026-08-15 21:54: Train Epoch 15: 120/821 Loss: 1.771090
2026-08-15 21:54: Train Epoch 15: 140/821 Loss: 1.675017
2026-08-15 21:54: Train Epoch 15: 160/821 Loss: 1.821675
2026-08-15 21:54: Train Epoch 15: 180/821 Loss: 1.917465
2026-08-15 21:54: Train Epoch 15: 200/821 Loss: 1.764547
2026-08-15 21:54: Train Epoch 15: 220/821 Loss: 1.814579
2026-08-15 21:54: Train Epoch 15: 240/821 Loss: 1.729342
2026-08-15 21:54: Train Epoch 15: 260/821 Loss: 1.761912
2026-08-15 21:54: Train Epoch 15: 280/821 Loss: 1.823019
2026-08-15 21:54: Train Epoch 15: 300/821 Loss: 1.737456
2026-08-15 21:54: Train Epoch 15: 320/821 Loss: 1.700408
2026-08-15 21:54: Train Epoch 15: 340/821 Loss: 1.844946
2026-08-15 21:54: Train Epoch 15: 360/821 Loss: 1.816809
2026-08-15 21:54: Train Epoch 15: 380/821 Loss: 1.802136
2026-08-15 21:54: Train Epoch 15: 400/821 Loss: 1.850868
2026-08-15 21:54: Train Epoch 15: 420/821 Loss: 1.745054
2026-08-15 21:54: Train Epoch 15: 440/821 Loss: 1.727035
2026-08-15 21:54: Train Epoch 15: 460/821 Loss: 1.709258
2026-08-15 21:54: Train Epoch 15: 480/821 Loss: 1.817174
2026-08-15 21:54: Train Epoch 15: 500/821 Loss: 1.748852
2026-08-15 21:54: Train Epoch 15: 520/821 Loss: 1.778849
2026-08-15 21:54: Train Epoch 15: 540/821 Loss: 1.810903
2026-08-15 21:54: Train Epoch 15: 560/821 Loss: 1.803337
2026-08-15 21:54: Train Epoch 15: 580/821 Loss: 1.780152
2026-08-15 21:54: Train Epoch 15: 600/821 Loss: 1.713678
2026-08-15 21:54: Train Epoch 15: 620/821 Loss: 1.711872
2026-08-15 21:54: Train Epoch 15: 640/821 Loss: 1.890505
2026-08-15 21:54: Train Epoch 15: 660/821 Loss: 1.697264
2026-08-15 21:54: Train Epoch 15: 680/821 Loss: 1.755882
2026-08-15 21:54: Train Epoch 15: 700/821 Loss: 1.756004
2026-08-15 21:54: Train Epoch 15: 720/821 Loss: 1.841236
2026-08-15 21:54: Train Epoch 15: 740/821 Loss: 1.747690
2026-08-15 21:54: Train Epoch 15: 760/821 Loss: 1.704787
2026-08-15 21:54: Train Epoch 15: 780/821 Loss: 1.778943
2026-08-15 21:54: Train Epoch 15: 800/821 Loss: 1.715865
2026-08-15 21:54: Train Epoch 15: 820/821 Loss: 1.738811
2026-08-15 21:54: **********Train Epoch 15: averaged Loss: 1.775105, tf_ratio: 0.809058
2026-08-15 21:54: **********Val Epoch 15: average Loss: 1.850099
2026-08-15 21:54: *********************************Current best model saved!
2026-08-15 21:54: Train Epoch 16: 0/821 Loss: 1.789896
2026-08-15 21:54: Train Epoch 16: 20/821 Loss: 1.727720
2026-08-15 21:54: Train Epoch 16: 40/821 Loss: 1.728680
2026-08-15 21:54: Train Epoch 16: 60/821 Loss: 1.865962
2026-08-15 21:55: Train Epoch 16: 80/821 Loss: 1.774642
2026-08-15 21:55: Train Epoch 16: 100/821 Loss: 1.746591
2026-08-15 21:55: Train Epoch 16: 120/821 Loss: 1.776676
2026-08-15 21:55: Train Epoch 16: 140/821 Loss: 1.737934
2026-08-15 21:55: Train Epoch 16: 160/821 Loss: 1.807033
2026-08-15 21:55: Train Epoch 16: 180/821 Loss: 1.738723
2026-08-15 21:55: Train Epoch 16: 200/821 Loss: 1.787786
2026-08-15 21:55: Train Epoch 16: 220/821 Loss: 1.837957
2026-08-15 21:55: Train Epoch 16: 240/821 Loss: 1.748624
2026-08-15 21:55: Train Epoch 16: 260/821 Loss: 1.804078
2026-08-15 21:55: Train Epoch 16: 280/821 Loss: 1.735671
2026-08-15 21:55: Train Epoch 16: 300/821 Loss: 1.880438
2026-08-15 21:55: Train Epoch 16: 320/821 Loss: 1.834224
2026-08-15 21:55: Train Epoch 16: 340/821 Loss: 1.805614
2026-08-15 21:55: Train Epoch 16: 360/821 Loss: 1.757799
2026-08-15 21:55: Train Epoch 16: 380/821 Loss: 1.785439
2026-08-15 21:55: Train Epoch 16: 400/821 Loss: 1.746013
2026-08-15 21:55: Train Epoch 16: 420/821 Loss: 1.781597
2026-08-15 21:55: Train Epoch 16: 440/821 Loss: 1.759657
2026-08-15 21:55: Train Epoch 16: 460/821 Loss: 1.757050
2026-08-15 21:55: Train Epoch 16: 480/821 Loss: 1.789000
2026-08-15 21:55: Train Epoch 16: 500/821 Loss: 1.866587
2026-08-15 21:55: Train Epoch 16: 520/821 Loss: 1.727642
2026-08-15 21:55: Train Epoch 16: 540/821 Loss: 1.810466
2026-08-15 21:55: Train Epoch 16: 560/821 Loss: 1.802365
2026-08-15 21:55: Train Epoch 16: 580/821 Loss: 1.744753
2026-08-15 21:55: Train Epoch 16: 600/821 Loss: 1.638931
2026-08-15 21:55: Train Epoch 16: 620/821 Loss: 1.775370
2026-08-15 21:55: Train Epoch 16: 640/821 Loss: 1.785259
2026-08-15 21:55: Train Epoch 16: 660/821 Loss: 1.833563
2026-08-15 21:55: Train Epoch 16: 680/821 Loss: 1.779748
2026-08-15 21:55: Train Epoch 16: 700/821 Loss: 1.686726
2026-08-15 21:55: Train Epoch 16: 720/821 Loss: 1.785349
2026-08-15 21:55: Train Epoch 16: 740/821 Loss: 1.732913
2026-08-15 21:55: Train Epoch 16: 760/821 Loss: 1.780571
2026-08-15 21:55: Train Epoch 16: 780/821 Loss: 1.798486
2026-08-15 21:55: Train Epoch 16: 800/821 Loss: 1.741763
2026-08-15 21:55: Train Epoch 16: 820/821 Loss: 1.780323
2026-08-15 21:55: **********Train Epoch 16: averaged Loss: 1.766488, tf_ratio: 0.737575
2026-08-15 21:55: **********Val Epoch 16: average Loss: 1.849217
2026-08-15 21:55: *********************************Current best model saved!
2026-08-15 21:55: Train Epoch 17: 0/821 Loss: 1.758717
2026-08-15 21:55: Train Epoch 17: 20/821 Loss: 1.699365
2026-08-15 21:56: Train Epoch 17: 40/821 Loss: 1.795177
2026-08-15 21:56: Train Epoch 17: 60/821 Loss: 1.757880
2026-08-15 21:56: Train Epoch 17: 80/821 Loss: 1.776710
2026-08-15 21:56: Train Epoch 17: 100/821 Loss: 1.734158
2026-08-15 21:56: Train Epoch 17: 120/821 Loss: 1.777780
2026-08-15 21:56: Train Epoch 17: 140/821 Loss: 1.809112
2026-08-15 21:56: Train Epoch 17: 160/821 Loss: 1.782325
2026-08-15 21:56: Train Epoch 17: 180/821 Loss: 1.841549
2026-08-15 21:56: Train Epoch 17: 200/821 Loss: 1.826930
2026-08-15 21:56: Train Epoch 17: 220/821 Loss: 1.737038
2026-08-15 21:56: Train Epoch 17: 240/821 Loss: 1.711802
2026-08-15 21:56: Train Epoch 17: 260/821 Loss: 1.695856
2026-08-15 21:56: Train Epoch 17: 280/821 Loss: 1.792697
2026-08-15 21:56: Train Epoch 17: 300/821 Loss: 1.722157
2026-08-15 21:56: Train Epoch 17: 320/821 Loss: 1.732505
2026-08-15 21:56: Train Epoch 17: 340/821 Loss: 1.760711
2026-08-15 21:56: Train Epoch 17: 360/821 Loss: 1.754544
2026-08-15 21:56: Train Epoch 17: 380/821 Loss: 1.808113
2026-08-15 21:56: Train Epoch 17: 400/821 Loss: 1.874832
2026-08-15 21:56: Train Epoch 17: 420/821 Loss: 1.798584
2026-08-15 21:56: Train Epoch 17: 440/821 Loss: 1.712010
2026-08-15 21:56: Train Epoch 17: 460/821 Loss: 1.738382
2026-08-15 21:56: Train Epoch 17: 480/821 Loss: 1.793966
2026-08-15 21:56: Train Epoch 17: 500/821 Loss: 1.768683
2026-08-15 21:56: Train Epoch 17: 520/821 Loss: 1.854129
2026-08-15 21:56: Train Epoch 17: 540/821 Loss: 1.742003
2026-08-15 21:56: Train Epoch 17: 560/821 Loss: 1.790568
2026-08-15 21:56: Train Epoch 17: 580/821 Loss: 1.701531
2026-08-15 21:56: Train Epoch 17: 600/821 Loss: 1.759087
2026-08-15 21:56: Train Epoch 17: 620/821 Loss: 1.747291
2026-08-15 21:56: Train Epoch 17: 640/821 Loss: 1.729253
2026-08-15 21:56: Train Epoch 17: 660/821 Loss: 1.769850
2026-08-15 21:56: Train Epoch 17: 680/821 Loss: 1.794847
2026-08-15 21:56: Train Epoch 17: 700/821 Loss: 1.738139
2026-08-15 21:56: Train Epoch 17: 720/821 Loss: 1.673227
2026-08-15 21:56: Train Epoch 17: 740/821 Loss: 1.918016
2026-08-15 21:56: Train Epoch 17: 760/821 Loss: 1.815167
2026-08-15 21:56: Train Epoch 17: 780/821 Loss: 1.862620
2026-08-15 21:56: Train Epoch 17: 800/821 Loss: 1.728121
2026-08-15 21:56: Train Epoch 17: 820/821 Loss: 1.778641
2026-08-15 21:56: **********Train Epoch 17: averaged Loss: 1.760588, tf_ratio: 0.650878
2026-08-15 21:57: **********Val Epoch 17: average Loss: 1.848718
2026-08-15 21:57: *********************************Current best model saved!
2026-08-15 21:57: Train Epoch 18: 0/821 Loss: 1.637108
2026-08-15 21:57: Train Epoch 18: 20/821 Loss: 1.689523
2026-08-15 21:57: Train Epoch 18: 40/821 Loss: 1.777867
2026-08-15 21:57: Train Epoch 18: 60/821 Loss: 1.776664
2026-08-15 21:57: Train Epoch 18: 80/821 Loss: 1.724885
2026-08-15 21:57: Train Epoch 18: 100/821 Loss: 1.744848
2026-08-15 21:57: Train Epoch 18: 120/821 Loss: 1.828910
2026-08-15 21:57: Train Epoch 18: 140/821 Loss: 1.662201
2026-08-15 21:57: Train Epoch 18: 160/821 Loss: 1.852944
2026-08-15 21:57: Train Epoch 18: 180/821 Loss: 1.652638
2026-08-15 21:57: Train Epoch 18: 200/821 Loss: 1.741134
2026-08-15 21:57: Train Epoch 18: 220/821 Loss: 1.800596
2026-08-15 21:57: Train Epoch 18: 240/821 Loss: 1.793386
2026-08-15 21:57: Train Epoch 18: 260/821 Loss: 1.819541
2026-08-15 21:57: Train Epoch 18: 280/821 Loss: 1.694609
2026-08-15 21:57: Train Epoch 18: 300/821 Loss: 1.719533
2026-08-15 21:57: Train Epoch 18: 320/821 Loss: 1.721067
2026-08-15 21:57: Train Epoch 18: 340/821 Loss: 1.758926
2026-08-15 21:57: Train Epoch 18: 360/821 Loss: 1.723375
2026-08-15 21:57: Train Epoch 18: 380/821 Loss: 1.780846
2026-08-15 21:57: Train Epoch 18: 400/821 Loss: 1.675355
2026-08-15 21:57: Train Epoch 18: 420/821 Loss: 1.838124
2026-08-15 21:57: Train Epoch 18: 440/821 Loss: 1.739331
2026-08-15 21:57: Train Epoch 18: 460/821 Loss: 1.735164
2026-08-15 21:57: Train Epoch 18: 480/821 Loss: 1.829591
2026-08-15 21:57: Train Epoch 18: 500/821 Loss: 1.739759
2026-08-15 21:57: Train Epoch 18: 520/821 Loss: 1.700224
2026-08-15 21:57: Train Epoch 18: 540/821 Loss: 1.795146
2026-08-15 21:57: Train Epoch 18: 560/821 Loss: 1.822315
2026-08-15 21:57: Train Epoch 18: 580/821 Loss: 1.786852
2026-08-15 21:57: Train Epoch 18: 600/821 Loss: 1.676353
2026-08-15 21:57: Train Epoch 18: 620/821 Loss: 1.749993
2026-08-15 21:57: Train Epoch 18: 640/821 Loss: 1.840382
2026-08-15 21:57: Train Epoch 18: 660/821 Loss: 1.705601
2026-08-15 21:57: Train Epoch 18: 680/821 Loss: 1.788357
2026-08-15 21:57: Train Epoch 18: 700/821 Loss: 1.788838
2026-08-15 21:57: Train Epoch 18: 720/821 Loss: 1.685686
2026-08-15 21:57: Train Epoch 18: 740/821 Loss: 1.809127
2026-08-15 21:57: Train Epoch 18: 760/821 Loss: 1.766087
2026-08-15 21:57: Train Epoch 18: 780/821 Loss: 1.728018
2026-08-15 21:57: Train Epoch 18: 800/821 Loss: 1.694735
2026-08-15 21:57: Train Epoch 18: 820/821 Loss: 1.780631
2026-08-15 21:57: **********Train Epoch 18: averaged Loss: 1.752622, tf_ratio: 0.552902
2026-08-15 21:58: **********Val Epoch 18: average Loss: 1.833170
2026-08-15 21:58: *********************************Current best model saved!
2026-08-15 21:58: Train Epoch 19: 0/821 Loss: 1.843049
2026-08-15 21:58: Train Epoch 19: 20/821 Loss: 1.812155
2026-08-15 21:58: Train Epoch 19: 40/821 Loss: 1.690122
2026-08-15 21:58: Train Epoch 19: 60/821 Loss: 1.725268
2026-08-15 21:58: Train Epoch 19: 80/821 Loss: 1.833949
2026-08-15 21:58: Train Epoch 19: 100/821 Loss: 1.743950
2026-08-15 21:58: Train Epoch 19: 120/821 Loss: 1.711466
2026-08-15 21:58: Train Epoch 19: 140/821 Loss: 1.702707
2026-08-15 21:58: Train Epoch 19: 160/821 Loss: 1.726561
2026-08-15 21:58: Train Epoch 19: 180/821 Loss: 1.728453
2026-08-15 21:58: Train Epoch 19: 200/821 Loss: 1.779684
2026-08-15 21:58: Train Epoch 19: 220/821 Loss: 1.803952
2026-08-15 21:58: Train Epoch 19: 240/821 Loss: 1.717119
2026-08-15 21:58: Train Epoch 19: 260/821 Loss: 1.784096
2026-08-15 21:58: Train Epoch 19: 280/821 Loss: 1.845701
2026-08-15 21:58: Train Epoch 19: 300/821 Loss: 1.775686
2026-08-15 21:58: Train Epoch 19: 320/821 Loss: 1.754173
2026-08-15 21:58: Train Epoch 19: 340/821 Loss: 1.724662
2026-08-15 21:58: Train Epoch 19: 360/821 Loss: 1.819749
2026-08-15 21:58: Train Epoch 19: 380/821 Loss: 1.767425
2026-08-15 21:58: Train Epoch 19: 400/821 Loss: 1.750579
2026-08-15 21:58: Train Epoch 19: 420/821 Loss: 1.745202
2026-08-15 21:58: Train Epoch 19: 440/821 Loss: 1.768791
2026-08-15 21:58: Train Epoch 19: 460/821 Loss: 1.714978
2026-08-15 21:58: Train Epoch 19: 480/821 Loss: 1.781019
2026-08-15 21:58: Train Epoch 19: 500/821 Loss: 1.726821
2026-08-15 21:58: Train Epoch 19: 520/821 Loss: 1.782534
2026-08-15 21:58: Train Epoch 19: 540/821 Loss: 1.832297
2026-08-15 21:58: Train Epoch 19: 560/821 Loss: 1.881296
2026-08-15 21:58: Train Epoch 19: 580/821 Loss: 1.739660
2026-08-15 21:58: Train Epoch 19: 600/821 Loss: 1.820090
2026-08-15 21:58: Train Epoch 19: 620/821 Loss: 1.787115
2026-08-15 21:58: Train Epoch 19: 640/821 Loss: 1.690150
2026-08-15 21:58: Train Epoch 19: 660/821 Loss: 1.727129
2026-08-15 21:58: Train Epoch 19: 680/821 Loss: 1.782112
2026-08-15 21:58: Train Epoch 19: 700/821 Loss: 1.762324
2026-08-15 21:58: Train Epoch 19: 720/821 Loss: 1.814021
2026-08-15 21:58: Train Epoch 19: 740/821 Loss: 1.848884
2026-08-15 21:58: Train Epoch 19: 760/821 Loss: 1.683328
2026-08-15 21:58: Train Epoch 19: 780/821 Loss: 1.717968
2026-08-15 21:59: Train Epoch 19: 800/821 Loss: 1.724701
2026-08-15 21:59: Train Epoch 19: 820/821 Loss: 1.710591
2026-08-15 21:59: **********Train Epoch 19: averaged Loss: 1.745480, tf_ratio: 0.450637
2026-08-15 21:59: **********Val Epoch 19: average Loss: 1.841251
2026-08-15 21:59: Train Epoch 20: 0/821 Loss: 1.719033
2026-08-15 21:59: Train Epoch 20: 20/821 Loss: 1.694617
2026-08-15 21:59: Train Epoch 20: 40/821 Loss: 1.797335
2026-08-15 21:59: Train Epoch 20: 60/821 Loss: 1.873984
2026-08-15 21:59: Train Epoch 20: 80/821 Loss: 1.716087
2026-08-15 21:59: Train Epoch 20: 100/821 Loss: 1.680264
2026-08-15 21:59: Train Epoch 20: 120/821 Loss: 1.740921
2026-08-15 21:59: Train Epoch 20: 140/821 Loss: 1.788692
2026-08-15 21:59: Train Epoch 20: 160/821 Loss: 1.762563
2026-08-15 21:59: Train Epoch 20: 180/821 Loss: 1.725345
2026-08-15 21:59: Train Epoch 20: 200/821 Loss: 1.686641
2026-08-15 21:59: Train Epoch 20: 220/821 Loss: 1.751730
2026-08-15 21:59: Train Epoch 20: 240/821 Loss: 1.795619
2026-08-15 21:59: Train Epoch 20: 260/821 Loss: 1.743173
2026-08-15 21:59: Train Epoch 20: 280/821 Loss: 1.724061
2026-08-15 21:59: Train Epoch 20: 300/821 Loss: 1.663180
2026-08-15 21:59: Train Epoch 20: 320/821 Loss: 1.734297
2026-08-15 21:59: Train Epoch 20: 340/821 Loss: 1.728811
2026-08-15 21:59: Train Epoch 20: 360/821 Loss: 1.753799
2026-08-15 21:59: Train Epoch 20: 380/821 Loss: 1.792298
2026-08-15 21:59: Train Epoch 20: 400/821 Loss: 1.786328
2026-08-15 21:59: Train Epoch 20: 420/821 Loss: 1.716581
2026-08-15 21:59: Train Epoch 20: 440/821 Loss: 1.734273
2026-08-15 21:59: Train Epoch 20: 460/821 Loss: 1.646557
2026-08-15 21:59: Train Epoch 20: 480/821 Loss: 1.739833
2026-08-15 21:59: Train Epoch 20: 500/821 Loss: 1.744402
2026-08-15 21:59: Train Epoch 20: 520/821 Loss: 1.723195
2026-08-15 21:59: Train Epoch 20: 540/821 Loss: 1.788647
2026-08-15 21:59: Train Epoch 20: 560/821 Loss: 1.788706
2026-08-15 21:59: Train Epoch 20: 580/821 Loss: 1.669646
2026-08-15 21:59: Train Epoch 20: 600/821 Loss: 1.684714
2026-08-15 21:59: Train Epoch 20: 620/821 Loss: 1.705437
2026-08-15 21:59: Train Epoch 20: 640/821 Loss: 1.716228
2026-08-15 21:59: Train Epoch 20: 660/821 Loss: 1.676007
2026-08-15 21:59: Train Epoch 20: 680/821 Loss: 1.743687
2026-08-15 21:59: Train Epoch 20: 700/821 Loss: 1.802574
2026-08-15 21:59: Train Epoch 20: 720/821 Loss: 1.627419
2026-08-15 21:59: Train Epoch 20: 740/821 Loss: 1.773466
2026-08-15 22:00: Train Epoch 20: 760/821 Loss: 1.758281
2026-08-15 22:00: Train Epoch 20: 780/821 Loss: 1.713815
2026-08-15 22:00: Train Epoch 20: 800/821 Loss: 1.754948
2026-08-15 22:00: Train Epoch 20: 820/821 Loss: 1.710272
2026-08-15 22:00: **********Train Epoch 20: averaged Loss: 1.741493, tf_ratio: 0.352379
2026-08-15 22:00: **********Val Epoch 20: average Loss: 1.830242
2026-08-15 22:00: *********************************Current best model saved!
2026-08-15 22:00: Train Epoch 21: 0/821 Loss: 1.695481
2026-08-15 22:00: Train Epoch 21: 20/821 Loss: 1.719860
2026-08-15 22:00: Train Epoch 21: 40/821 Loss: 1.706043
2026-08-15 22:00: Train Epoch 21: 60/821 Loss: 1.745834
2026-08-15 22:00: Train Epoch 21: 80/821 Loss: 1.809318
2026-08-15 22:00: Train Epoch 21: 100/821 Loss: 1.734016
2026-08-15 22:00: Train Epoch 21: 120/821 Loss: 1.675713
2026-08-15 22:00: Train Epoch 21: 140/821 Loss: 1.690718
2026-08-15 22:00: Train Epoch 21: 160/821 Loss: 1.629758
2026-08-15 22:00: Train Epoch 21: 180/821 Loss: 1.681691
2026-08-15 22:00: Train Epoch 21: 200/821 Loss: 1.673572
2026-08-15 22:00: Train Epoch 21: 220/821 Loss: 1.746269
2026-08-15 22:00: Train Epoch 21: 240/821 Loss: 1.693452
2026-08-15 22:00: Train Epoch 21: 260/821 Loss: 1.637601
2026-08-15 22:00: Train Epoch 21: 280/821 Loss: 1.723614
2026-08-15 22:00: Train Epoch 21: 300/821 Loss: 1.669562
2026-08-15 22:00: Train Epoch 21: 320/821 Loss: 1.755992
2026-08-15 22:00: Train Epoch 21: 340/821 Loss: 1.637920
2026-08-15 22:00: Train Epoch 21: 360/821 Loss: 1.750415
2026-08-15 22:00: Train Epoch 21: 380/821 Loss: 1.718120
2026-08-15 22:00: Train Epoch 21: 400/821 Loss: 1.714238
2026-08-15 22:00: Train Epoch 21: 420/821 Loss: 1.668114
2026-08-15 22:00: Train Epoch 21: 440/821 Loss: 1.725884
2026-08-15 22:00: Train Epoch 21: 460/821 Loss: 1.645868
2026-08-15 22:00: Train Epoch 21: 480/821 Loss: 1.715870
2026-08-15 22:00: Train Epoch 21: 500/821 Loss: 1.799998
2026-08-15 22:00: Train Epoch 21: 520/821 Loss: 1.682571
2026-08-15 22:00: Train Epoch 21: 540/821 Loss: 1.732565
2026-08-15 22:00: Train Epoch 21: 560/821 Loss: 1.690585
2026-08-15 22:00: Train Epoch 21: 580/821 Loss: 1.690044
2026-08-15 22:00: Train Epoch 21: 600/821 Loss: 1.706448
2026-08-15 22:00: Train Epoch 21: 620/821 Loss: 1.679335
2026-08-15 22:00: Train Epoch 21: 640/821 Loss: 1.651116
2026-08-15 22:00: Train Epoch 21: 660/821 Loss: 1.714653
2026-08-15 22:00: Train Epoch 21: 680/821 Loss: 1.707745
2026-08-15 22:01: Train Epoch 21: 700/821 Loss: 1.747749
2026-08-15 22:01: Train Epoch 21: 720/821 Loss: 1.720019
2026-08-15 22:01: Train Epoch 21: 740/821 Loss: 1.690623
2026-08-15 22:01: Train Epoch 21: 760/821 Loss: 1.737936
2026-08-15 22:01: Train Epoch 21: 780/821 Loss: 1.649173
2026-08-15 22:01: Train Epoch 21: 800/821 Loss: 1.656792
2026-08-15 22:01: Train Epoch 21: 820/821 Loss: 1.667052
2026-08-15 22:01: **********Train Epoch 21: averaged Loss: 1.703182, tf_ratio: 0.265203
2026-08-15 22:01: **********Val Epoch 21: average Loss: 1.819915
2026-08-15 22:01: *********************************Current best model saved!
2026-08-15 22:01: Train Epoch 22: 0/821 Loss: 1.654180
2026-08-15 22:01: Train Epoch 22: 20/821 Loss: 1.698054
2026-08-15 22:01: Train Epoch 22: 40/821 Loss: 1.671723
2026-08-15 22:01: Train Epoch 22: 60/821 Loss: 1.688761
2026-08-15 22:01: Train Epoch 22: 80/821 Loss: 1.694593
2026-08-15 22:01: Train Epoch 22: 100/821 Loss: 1.668344
2026-08-15 22:01: Train Epoch 22: 120/821 Loss: 1.660560
2026-08-15 22:01: Train Epoch 22: 140/821 Loss: 1.744489
2026-08-15 22:01: Train Epoch 22: 160/821 Loss: 1.665374
2026-08-15 22:01: Train Epoch 22: 180/821 Loss: 1.647438
2026-08-15 22:01: Train Epoch 22: 200/821 Loss: 1.719675
2026-08-15 22:01: Train Epoch 22: 220/821 Loss: 1.664564
2026-08-15 22:01: Train Epoch 22: 240/821 Loss: 1.763510
2026-08-15 22:01: Train Epoch 22: 260/821 Loss: 1.669328
2026-08-15 22:01: Train Epoch 22: 280/821 Loss: 1.696107
2026-08-15 22:01: Train Epoch 22: 300/821 Loss: 1.765919
2026-08-15 22:01: Train Epoch 22: 320/821 Loss: 1.646907
2026-08-15 22:01: Train Epoch 22: 340/821 Loss: 1.722384
2026-08-15 22:01: Train Epoch 22: 360/821 Loss: 1.599499
2026-08-15 22:01: Train Epoch 22: 380/821 Loss: 1.673992
2026-08-15 22:01: Train Epoch 22: 400/821 Loss: 1.648836
2026-08-15 22:01: Train Epoch 22: 420/821 Loss: 1.662865
2026-08-15 22:01: Train Epoch 22: 440/821 Loss: 1.755725
2026-08-15 22:01: Train Epoch 22: 460/821 Loss: 1.701702
2026-08-15 22:01: Train Epoch 22: 480/821 Loss: 1.688076
2026-08-15 22:01: Train Epoch 22: 500/821 Loss: 1.651661
2026-08-15 22:01: Train Epoch 22: 520/821 Loss: 1.718694
2026-08-15 22:01: Train Epoch 22: 540/821 Loss: 1.696413
2026-08-15 22:01: Train Epoch 22: 560/821 Loss: 1.722851
2026-08-15 22:01: Train Epoch 22: 580/821 Loss: 1.738327
2026-08-15 22:01: Train Epoch 22: 600/821 Loss: 1.806132
2026-08-15 22:01: Train Epoch 22: 620/821 Loss: 1.806347
2026-08-15 22:01: Train Epoch 22: 640/821 Loss: 1.706055
2026-08-15 22:02: Train Epoch 22: 660/821 Loss: 1.682446
2026-08-15 22:02: Train Epoch 22: 680/821 Loss: 1.693257
2026-08-15 22:02: Train Epoch 22: 700/821 Loss: 1.668489
2026-08-15 22:02: Train Epoch 22: 720/821 Loss: 1.667488
2026-08-15 22:02: Train Epoch 22: 740/821 Loss: 1.675215
2026-08-15 22:02: Train Epoch 22: 760/821 Loss: 1.709501
2026-08-15 22:02: Train Epoch 22: 780/821 Loss: 1.640290
2026-08-15 22:02: Train Epoch 22: 800/821 Loss: 1.676071
2026-08-15 22:02: Train Epoch 22: 820/821 Loss: 1.659765
2026-08-15 22:02: **********Train Epoch 22: averaged Loss: 1.698811, tf_ratio: 0.193161
2026-08-15 22:02: **********Val Epoch 22: average Loss: 1.825079
2026-08-15 22:02: Train Epoch 23: 0/821 Loss: 1.619352
2026-08-15 22:02: Train Epoch 23: 20/821 Loss: 1.748880
2026-08-15 22:02: Train Epoch 23: 40/821 Loss: 1.728271
2026-08-15 22:02: Train Epoch 23: 60/821 Loss: 1.717607
2026-08-15 22:02: Train Epoch 23: 80/821 Loss: 1.738375
2026-08-15 22:02: Train Epoch 23: 100/821 Loss: 1.666826
2026-08-15 22:02: Train Epoch 23: 120/821 Loss: 1.689242
2026-08-15 22:02: Train Epoch 23: 140/821 Loss: 1.672959
2026-08-15 22:02: Train Epoch 23: 160/821 Loss: 1.783429
2026-08-15 22:02: Train Epoch 23: 180/821 Loss: 1.794686
2026-08-15 22:02: Train Epoch 23: 200/821 Loss: 1.660366
2026-08-15 22:02: Train Epoch 23: 220/821 Loss: 1.779907
2026-08-15 22:02: Train Epoch 23: 240/821 Loss: 1.695343
2026-08-15 22:02: Train Epoch 23: 260/821 Loss: 1.697915
2026-08-15 22:02: Train Epoch 23: 280/821 Loss: 1.737857
2026-08-15 22:02: Train Epoch 23: 300/821 Loss: 1.717021
2026-08-15 22:02: Train Epoch 23: 320/821 Loss: 1.670942
2026-08-15 22:02: Train Epoch 23: 340/821 Loss: 1.698071
2026-08-15 22:02: Train Epoch 23: 360/821 Loss: 1.706372
2026-08-15 22:02: Train Epoch 23: 380/821 Loss: 1.718018
2026-08-15 22:02: Train Epoch 23: 400/821 Loss: 1.703972
2026-08-15 22:02: Train Epoch 23: 420/821 Loss: 1.604656
2026-08-15 22:02: Train Epoch 23: 440/821 Loss: 1.696600
2026-08-15 22:02: Train Epoch 23: 460/821 Loss: 1.810793
2026-08-15 22:02: Train Epoch 23: 480/821 Loss: 1.665204
2026-08-15 22:02: Train Epoch 23: 500/821 Loss: 1.622249
2026-08-15 22:02: Train Epoch 23: 520/821 Loss: 1.737550
2026-08-15 22:02: Train Epoch 23: 540/821 Loss: 1.729020
2026-08-15 22:02: Train Epoch 23: 560/821 Loss: 1.675922
2026-08-15 22:02: Train Epoch 23: 580/821 Loss: 1.655923
2026-08-15 22:03: Train Epoch 23: 600/821 Loss: 1.774114
2026-08-15 22:03: Train Epoch 23: 620/821 Loss: 1.672194
2026-08-15 22:03: Train Epoch 23: 640/821 Loss: 1.714604
2026-08-15 22:03: Train Epoch 23: 660/821 Loss: 1.689066
2026-08-15 22:03: Train Epoch 23: 680/821 Loss: 1.717675
2026-08-15 22:03: Train Epoch 23: 700/821 Loss: 1.705381
2026-08-15 22:03: Train Epoch 23: 720/821 Loss: 1.622728
2026-08-15 22:03: Train Epoch 23: 740/821 Loss: 1.729453
2026-08-15 22:03: Train Epoch 23: 760/821 Loss: 1.695020
2026-08-15 22:03: Train Epoch 23: 780/821 Loss: 1.710742
2026-08-15 22:03: Train Epoch 23: 800/821 Loss: 1.777792
2026-08-15 22:03: Train Epoch 23: 820/821 Loss: 1.680458
2026-08-15 22:03: **********Train Epoch 23: averaged Loss: 1.694815, tf_ratio: 0.137040
2026-08-15 22:03: **********Val Epoch 23: average Loss: 1.822312
2026-08-15 22:03: Train Epoch 24: 0/821 Loss: 1.752780
2026-08-15 22:03: Train Epoch 24: 20/821 Loss: 1.672080
2026-08-15 22:03: Train Epoch 24: 40/821 Loss: 1.698518
2026-08-15 22:03: Train Epoch 24: 60/821 Loss: 1.744795
2026-08-15 22:03: Train Epoch 24: 80/821 Loss: 1.736915
2026-08-15 22:03: Train Epoch 24: 100/821 Loss: 1.705694
2026-08-15 22:03: Train Epoch 24: 120/821 Loss: 1.635565
2026-08-15 22:03: Train Epoch 24: 140/821 Loss: 1.688535
2026-08-15 22:03: Train Epoch 24: 160/821 Loss: 1.590668
2026-08-15 22:03: Train Epoch 24: 180/821 Loss: 1.695594
2026-08-15 22:03: Train Epoch 24: 200/821 Loss: 1.675688
2026-08-15 22:03: Train Epoch 24: 220/821 Loss: 1.760134
2026-08-15 22:03: Train Epoch 24: 240/821 Loss: 1.684805
2026-08-15 22:03: Train Epoch 24: 260/821 Loss: 1.685094
2026-08-15 22:03: Train Epoch 24: 280/821 Loss: 1.643652
2026-08-15 22:03: Train Epoch 24: 300/821 Loss: 1.695065
2026-08-15 22:03: Train Epoch 24: 320/821 Loss: 1.758207
2026-08-15 22:03: Train Epoch 24: 340/821 Loss: 1.695161
2026-08-15 22:03: Train Epoch 24: 360/821 Loss: 1.657284
2026-08-15 22:03: Train Epoch 24: 380/821 Loss: 1.762622
2026-08-15 22:03: Train Epoch 24: 400/821 Loss: 1.785692
2026-08-15 22:03: Train Epoch 24: 420/821 Loss: 1.712639
2026-08-15 22:03: Train Epoch 24: 440/821 Loss: 1.709237
2026-08-15 22:03: Train Epoch 24: 460/821 Loss: 1.708584
2026-08-15 22:03: Train Epoch 24: 480/821 Loss: 1.687538
2026-08-15 22:03: Train Epoch 24: 500/821 Loss: 1.694467
2026-08-15 22:03: Train Epoch 24: 520/821 Loss: 1.682409
2026-08-15 22:04: Train Epoch 24: 540/821 Loss: 1.761655
2026-08-15 22:04: Train Epoch 24: 560/821 Loss: 1.660306
2026-08-15 22:04: Train Epoch 24: 580/821 Loss: 1.716981
2026-08-15 22:04: Train Epoch 24: 600/821 Loss: 1.666794
2026-08-15 22:04: Train Epoch 24: 620/821 Loss: 1.663128
2026-08-15 22:04: Train Epoch 24: 640/821 Loss: 1.705695
2026-08-15 22:04: Train Epoch 24: 660/821 Loss: 1.701476
2026-08-15 22:04: Train Epoch 24: 680/821 Loss: 1.707873
2026-08-15 22:04: Train Epoch 24: 700/821 Loss: 1.702392
2026-08-15 22:04: Train Epoch 24: 720/821 Loss: 1.663160
2026-08-15 22:04: Train Epoch 24: 740/821 Loss: 1.686305
2026-08-15 22:04: Train Epoch 24: 760/821 Loss: 1.753635
2026-08-15 22:04: Train Epoch 24: 780/821 Loss: 1.697252
2026-08-15 22:04: Train Epoch 24: 800/821 Loss: 1.705138
2026-08-15 22:04: Train Epoch 24: 820/821 Loss: 1.626719
2026-08-15 22:04: **********Train Epoch 24: averaged Loss: 1.692871, tf_ratio: 0.095298
2026-08-15 22:04: **********Val Epoch 24: average Loss: 1.824626
2026-08-15 22:04: Train Epoch 25: 0/821 Loss: 1.853594
2026-08-15 22:04: Train Epoch 25: 20/821 Loss: 1.667865
2026-08-15 22:04: Train Epoch 25: 40/821 Loss: 1.705792
2026-08-15 22:04: Train Epoch 25: 60/821 Loss: 1.621035
2026-08-15 22:04: Train Epoch 25: 80/821 Loss: 1.749912
2026-08-15 22:04: Train Epoch 25: 100/821 Loss: 1.679682
2026-08-15 22:04: Train Epoch 25: 120/821 Loss: 1.687772
2026-08-15 22:04: Train Epoch 25: 140/821 Loss: 1.680489
2026-08-15 22:04: Train Epoch 25: 160/821 Loss: 1.604687
2026-08-15 22:04: Train Epoch 25: 180/821 Loss: 1.724025
2026-08-15 22:04: Train Epoch 25: 200/821 Loss: 1.602477
2026-08-15 22:04: Train Epoch 25: 220/821 Loss: 1.674222
2026-08-15 22:04: Train Epoch 25: 240/821 Loss: 1.697801
2026-08-15 22:04: Train Epoch 25: 260/821 Loss: 1.695014
2026-08-15 22:04: Train Epoch 25: 280/821 Loss: 1.696807
2026-08-15 22:04: Train Epoch 25: 300/821 Loss: 1.674395
2026-08-15 22:04: Train Epoch 25: 320/821 Loss: 1.629909
2026-08-15 22:04: Train Epoch 25: 340/821 Loss: 1.665153
2026-08-15 22:04: Train Epoch 25: 360/821 Loss: 1.785767
2026-08-15 22:04: Train Epoch 25: 380/821 Loss: 1.714609
2026-08-15 22:04: Train Epoch 25: 400/821 Loss: 1.691553
2026-08-15 22:04: Train Epoch 25: 420/821 Loss: 1.787183
2026-08-15 22:04: Train Epoch 25: 440/821 Loss: 1.728415
2026-08-15 22:04: Train Epoch 25: 460/821 Loss: 1.646477
2026-08-15 22:04: Train Epoch 25: 480/821 Loss: 1.630705
2026-08-15 22:05: Train Epoch 25: 500/821 Loss: 1.677612
2026-08-15 22:05: Train Epoch 25: 520/821 Loss: 1.641953
2026-08-15 22:05: Train Epoch 25: 540/821 Loss: 1.661923
2026-08-15 22:05: Train Epoch 25: 560/821 Loss: 1.630273
2026-08-15 22:05: Train Epoch 25: 580/821 Loss: 1.702884
2026-08-15 22:05: Train Epoch 25: 600/821 Loss: 1.645853
2026-08-15 22:05: Train Epoch 25: 620/821 Loss: 1.681458
2026-08-15 22:05: Train Epoch 25: 640/821 Loss: 1.716239
2026-08-15 22:05: Train Epoch 25: 660/821 Loss: 1.657212
2026-08-15 22:05: Train Epoch 25: 680/821 Loss: 1.621144
2026-08-15 22:05: Train Epoch 25: 700/821 Loss: 1.725805
2026-08-15 22:05: Train Epoch 25: 720/821 Loss: 1.747042
2026-08-15 22:05: Train Epoch 25: 740/821 Loss: 1.708269
2026-08-15 22:05: Train Epoch 25: 760/821 Loss: 1.636785
2026-08-15 22:05: Train Epoch 25: 780/821 Loss: 1.711233
2026-08-15 22:05: Train Epoch 25: 800/821 Loss: 1.671193
2026-08-15 22:05: Train Epoch 25: 820/821 Loss: 1.680933
2026-08-15 22:05: **********Train Epoch 25: averaged Loss: 1.689480, tf_ratio: 0.065308
2026-08-15 22:05: **********Val Epoch 25: average Loss: 1.836161
2026-08-15 22:05: Train Epoch 26: 0/821 Loss: 1.722024
2026-08-15 22:05: Train Epoch 26: 20/821 Loss: 1.634204
2026-08-15 22:05: Train Epoch 26: 40/821 Loss: 1.737506
2026-08-15 22:05: Train Epoch 26: 60/821 Loss: 1.793937
2026-08-15 22:05: Train Epoch 26: 80/821 Loss: 1.683619
2026-08-15 22:05: Train Epoch 26: 100/821 Loss: 1.712623
2026-08-15 22:05: Train Epoch 26: 120/821 Loss: 1.669020
2026-08-15 22:05: Train Epoch 26: 140/821 Loss: 1.653927
2026-08-15 22:05: Train Epoch 26: 160/821 Loss: 1.672218
2026-08-15 22:05: Train Epoch 26: 180/821 Loss: 1.654068
2026-08-15 22:05: Train Epoch 26: 200/821 Loss: 1.705964
2026-08-15 22:05: Train Epoch 26: 220/821 Loss: 1.739836
2026-08-15 22:05: Train Epoch 26: 240/821 Loss: 1.647168
2026-08-15 22:05: Train Epoch 26: 260/821 Loss: 1.671297
2026-08-15 22:05: Train Epoch 26: 280/821 Loss: 1.724745
2026-08-15 22:05: Train Epoch 26: 300/821 Loss: 1.716037
2026-08-15 22:05: Train Epoch 26: 320/821 Loss: 1.678034
2026-08-15 22:05: Train Epoch 26: 340/821 Loss: 1.695193
2026-08-15 22:05: Train Epoch 26: 360/821 Loss: 1.712322
2026-08-15 22:05: Train Epoch 26: 380/821 Loss: 1.731952
2026-08-15 22:05: Train Epoch 26: 400/821 Loss: 1.603122
2026-08-15 22:05: Train Epoch 26: 420/821 Loss: 1.599371
2026-08-15 22:05: Train Epoch 26: 440/821 Loss: 1.756292
2026-08-15 22:06: Train Epoch 26: 460/821 Loss: 1.733999
2026-08-15 22:06: Train Epoch 26: 480/821 Loss: 1.762294
2026-08-15 22:06: Train Epoch 26: 500/821 Loss: 1.717353
2026-08-15 22:06: Train Epoch 26: 520/821 Loss: 1.624617
2026-08-15 22:06: Train Epoch 26: 540/821 Loss: 1.734654
2026-08-15 22:06: Train Epoch 26: 560/821 Loss: 1.763650
2026-08-15 22:06: Train Epoch 26: 580/821 Loss: 1.770607
2026-08-15 22:06: Train Epoch 26: 600/821 Loss: 1.641343
2026-08-15 22:06: Train Epoch 26: 620/821 Loss: 1.661288
2026-08-15 22:06: Train Epoch 26: 640/821 Loss: 1.613433
2026-08-15 22:06: Train Epoch 26: 660/821 Loss: 1.707591
2026-08-15 22:06: Train Epoch 26: 680/821 Loss: 1.626388
2026-08-15 22:06: Train Epoch 26: 700/821 Loss: 1.730798
2026-08-15 22:06: Train Epoch 26: 720/821 Loss: 1.624085
2026-08-15 22:06: Train Epoch 26: 740/821 Loss: 1.661614
2026-08-15 22:06: Train Epoch 26: 760/821 Loss: 1.653535
2026-08-15 22:06: Train Epoch 26: 780/821 Loss: 1.682952
2026-08-15 22:06: Train Epoch 26: 800/821 Loss: 1.650497
2026-08-15 22:06: Train Epoch 26: 820/821 Loss: 1.783085
2026-08-15 22:06: **********Train Epoch 26: averaged Loss: 1.686591, tf_ratio: 0.044294
2026-08-15 22:06: **********Val Epoch 26: average Loss: 1.828085
2026-08-15 22:06: Train Epoch 27: 0/821 Loss: 1.648297
2026-08-15 22:06: Train Epoch 27: 20/821 Loss: 1.669323
2026-08-15 22:06: Train Epoch 27: 40/821 Loss: 1.682487
2026-08-15 22:06: Train Epoch 27: 60/821 Loss: 1.605049
2026-08-15 22:06: Train Epoch 27: 80/821 Loss: 1.660256
2026-08-15 22:06: Train Epoch 27: 100/821 Loss: 1.729342
2026-08-15 22:06: Train Epoch 27: 120/821 Loss: 1.759997
2026-08-15 22:06: Train Epoch 27: 140/821 Loss: 1.679329
2026-08-15 22:06: Train Epoch 27: 160/821 Loss: 1.655313
2026-08-15 22:06: Train Epoch 27: 180/821 Loss: 1.628713
2026-08-15 22:06: Train Epoch 27: 200/821 Loss: 1.677807
2026-08-15 22:06: Train Epoch 27: 220/821 Loss: 1.642370
2026-08-15 22:06: Train Epoch 27: 240/821 Loss: 1.709646
2026-08-15 22:06: Train Epoch 27: 260/821 Loss: 1.730561
2026-08-15 22:06: Train Epoch 27: 280/821 Loss: 1.707476
2026-08-15 22:06: Train Epoch 27: 300/821 Loss: 1.717396
2026-08-15 22:06: Train Epoch 27: 320/821 Loss: 1.760912
2026-08-15 22:06: Train Epoch 27: 340/821 Loss: 1.654919
2026-08-15 22:06: Train Epoch 27: 360/821 Loss: 1.648666
2026-08-15 22:07: Train Epoch 27: 380/821 Loss: 1.625117
2026-08-15 22:07: Train Epoch 27: 400/821 Loss: 1.667753
2026-08-15 22:07: Train Epoch 27: 420/821 Loss: 1.717864
2026-08-15 22:07: Train Epoch 27: 440/821 Loss: 1.606937
2026-08-15 22:07: Train Epoch 27: 460/821 Loss: 1.654984
2026-08-15 22:07: Train Epoch 27: 480/821 Loss: 1.679342
2026-08-15 22:07: Train Epoch 27: 500/821 Loss: 1.591845
2026-08-15 22:07: Train Epoch 27: 520/821 Loss: 1.655696
2026-08-15 22:07: Train Epoch 27: 540/821 Loss: 1.594987
2026-08-15 22:07: Train Epoch 27: 560/821 Loss: 1.591929
2026-08-15 22:07: Train Epoch 27: 580/821 Loss: 1.605327
2026-08-15 22:07: Train Epoch 27: 600/821 Loss: 1.719801
2026-08-15 22:07: Train Epoch 27: 620/821 Loss: 1.762936
2026-08-15 22:07: Train Epoch 27: 640/821 Loss: 1.720836
2026-08-15 22:07: Train Epoch 27: 660/821 Loss: 1.703658
2026-08-15 22:07: Train Epoch 27: 680/821 Loss: 1.684144
2026-08-15 22:07: Train Epoch 27: 700/821 Loss: 1.710899
2026-08-15 22:07: Train Epoch 27: 720/821 Loss: 1.622801
2026-08-15 22:07: Train Epoch 27: 740/821 Loss: 1.684299
2026-08-15 22:07: Train Epoch 27: 760/821 Loss: 1.693340
2026-08-15 22:07: Train Epoch 27: 780/821 Loss: 1.710766
2026-08-15 22:07: Train Epoch 27: 800/821 Loss: 1.691187
2026-08-15 22:07: Train Epoch 27: 820/821 Loss: 1.763575
2026-08-15 22:07: **********Train Epoch 27: averaged Loss: 1.683300, tf_ratio: 0.029826
2026-08-15 22:07: **********Val Epoch 27: average Loss: 1.829103
2026-08-15 22:07: Train Epoch 28: 0/821 Loss: 1.732061
2026-08-15 22:07: Train Epoch 28: 20/821 Loss: 1.566932
2026-08-15 22:07: Train Epoch 28: 40/821 Loss: 1.758521
2026-08-15 22:07: Train Epoch 28: 60/821 Loss: 1.767304
2026-08-15 22:07: Train Epoch 28: 80/821 Loss: 1.633687
2026-08-15 22:07: Train Epoch 28: 100/821 Loss: 1.634327
2026-08-15 22:07: Train Epoch 28: 120/821 Loss: 1.582105
2026-08-15 22:07: Train Epoch 28: 140/821 Loss: 1.677724
2026-08-15 22:07: Train Epoch 28: 160/821 Loss: 1.686430
2026-08-15 22:07: Train Epoch 28: 180/821 Loss: 1.698017
2026-08-15 22:07: Train Epoch 28: 200/821 Loss: 1.592443
2026-08-15 22:07: Train Epoch 28: 220/821 Loss: 1.678111
2026-08-15 22:07: Train Epoch 28: 240/821 Loss: 1.655901
2026-08-15 22:07: Train Epoch 28: 260/821 Loss: 1.643019
2026-08-15 22:07: Train Epoch 28: 280/821 Loss: 1.684166
2026-08-15 22:07: Train Epoch 28: 300/821 Loss: 1.637427
2026-08-15 22:08: Train Epoch 28: 320/821 Loss: 1.698424
2026-08-15 22:08: Train Epoch 28: 340/821 Loss: 1.647720
2026-08-15 22:08: Train Epoch 28: 360/821 Loss: 1.685735
2026-08-15 22:08: Train Epoch 28: 380/821 Loss: 1.653853
2026-08-15 22:08: Train Epoch 28: 400/821 Loss: 1.711781
2026-08-15 22:08: Train Epoch 28: 420/821 Loss: 1.758806
2026-08-15 22:08: Train Epoch 28: 440/821 Loss: 1.625268
2026-08-15 22:08: Train Epoch 28: 460/821 Loss: 1.648130
2026-08-15 22:08: Train Epoch 28: 480/821 Loss: 1.600725
2026-08-15 22:08: Train Epoch 28: 500/821 Loss: 1.628643
2026-08-15 22:08: Train Epoch 28: 520/821 Loss: 1.618857
2026-08-15 22:08: Train Epoch 28: 540/821 Loss: 1.653293
2026-08-15 22:08: Train Epoch 28: 560/821 Loss: 1.660002
2026-08-15 22:08: Train Epoch 28: 580/821 Loss: 1.624574
2026-08-15 22:08: Train Epoch 28: 600/821 Loss: 1.651590
2026-08-15 22:08: Train Epoch 28: 620/821 Loss: 1.611516
2026-08-15 22:08: Train Epoch 28: 640/821 Loss: 1.673030
2026-08-15 22:08: Train Epoch 28: 660/821 Loss: 1.671353
2026-08-15 22:08: Train Epoch 28: 680/821 Loss: 1.717434
2026-08-15 22:08: Train Epoch 28: 700/821 Loss: 1.635494
2026-08-15 22:08: Train Epoch 28: 720/821 Loss: 1.647705
2026-08-15 22:08: Train Epoch 28: 740/821 Loss: 1.766586
2026-08-15 22:08: Train Epoch 28: 760/821 Loss: 1.704871
2026-08-15 22:08: Train Epoch 28: 780/821 Loss: 1.754807
2026-08-15 22:08: Train Epoch 28: 800/821 Loss: 1.695361
2026-08-15 22:08: Train Epoch 28: 820/821 Loss: 1.660952
2026-08-15 22:08: **********Train Epoch 28: averaged Loss: 1.681016, tf_ratio: 0.019985
2026-08-15 22:08: **********Val Epoch 28: average Loss: 1.835015
2026-08-15 22:08: Train Epoch 29: 0/821 Loss: 1.785724
2026-08-15 22:08: Train Epoch 29: 20/821 Loss: 1.643546
2026-08-15 22:08: Train Epoch 29: 40/821 Loss: 1.674935
2026-08-15 22:08: Train Epoch 29: 60/821 Loss: 1.654074
2026-08-15 22:08: Train Epoch 29: 80/821 Loss: 1.628413
2026-08-15 22:08: Train Epoch 29: 100/821 Loss: 1.729783
2026-08-15 22:08: Train Epoch 29: 120/821 Loss: 1.672973
2026-08-15 22:08: Train Epoch 29: 140/821 Loss: 1.721933
2026-08-15 22:08: Train Epoch 29: 160/821 Loss: 1.666183
2026-08-15 22:08: Train Epoch 29: 180/821 Loss: 1.694484
2026-08-15 22:08: Train Epoch 29: 200/821 Loss: 1.641245
2026-08-15 22:08: Train Epoch 29: 220/821 Loss: 1.660651
2026-08-15 22:08: Train Epoch 29: 240/821 Loss: 1.707079
2026-08-15 22:09: Train Epoch 29: 260/821 Loss: 1.669378
2026-08-15 22:09: Train Epoch 29: 280/821 Loss: 1.635036
2026-08-15 22:09: Train Epoch 29: 300/821 Loss: 1.761940
2026-08-15 22:09: Train Epoch 29: 320/821 Loss: 1.656233
2026-08-15 22:09: Train Epoch 29: 340/821 Loss: 1.600566
2026-08-15 22:09: Train Epoch 29: 360/821 Loss: 1.688961
2026-08-15 22:09: Train Epoch 29: 380/821 Loss: 1.704296
2026-08-15 22:09: Train Epoch 29: 400/821 Loss: 1.737235
2026-08-15 22:09: Train Epoch 29: 420/821 Loss: 1.685681
2026-08-15 22:09: Train Epoch 29: 440/821 Loss: 1.718210
2026-08-15 22:09: Train Epoch 29: 460/821 Loss: 1.641338
2026-08-15 22:09: Train Epoch 29: 480/821 Loss: 1.609221
2026-08-15 22:09: Train Epoch 29: 500/821 Loss: 1.628283
2026-08-15 22:09: Train Epoch 29: 520/821 Loss: 1.568342
2026-08-15 22:09: Train Epoch 29: 540/821 Loss: 1.802785
2026-08-15 22:09: Train Epoch 29: 560/821 Loss: 1.743232
2026-08-15 22:09: Train Epoch 29: 580/821 Loss: 1.722900
2026-08-15 22:09: Train Epoch 29: 600/821 Loss: 1.635645
2026-08-15 22:09: Train Epoch 29: 620/821 Loss: 1.675129
2026-08-15 22:09: Train Epoch 29: 640/821 Loss: 1.698564
2026-08-15 22:09: Train Epoch 29: 660/821 Loss: 1.715515
2026-08-15 22:09: Train Epoch 29: 680/821 Loss: 1.573615
2026-08-15 22:09: Train Epoch 29: 700/821 Loss: 1.652019
2026-08-15 22:09: Train Epoch 29: 720/821 Loss: 1.663906
2026-08-15 22:09: Train Epoch 29: 740/821 Loss: 1.639755
2026-08-15 22:09: Train Epoch 29: 760/821 Loss: 1.643988
2026-08-15 22:09: Train Epoch 29: 780/821 Loss: 1.657564
2026-08-15 22:09: Train Epoch 29: 800/821 Loss: 1.663721
2026-08-15 22:09: Train Epoch 29: 820/821 Loss: 1.655859
2026-08-15 22:09: **********Train Epoch 29: averaged Loss: 1.678162, tf_ratio: 0.013346
2026-08-15 22:09: **********Val Epoch 29: average Loss: 1.825096
2026-08-15 22:09: Train Epoch 30: 0/821 Loss: 1.702244
2026-08-15 22:09: Train Epoch 30: 20/821 Loss: 1.664287
2026-08-15 22:09: Train Epoch 30: 40/821 Loss: 1.655349
2026-08-15 22:09: Train Epoch 30: 60/821 Loss: 1.648384
2026-08-15 22:09: Train Epoch 30: 80/821 Loss: 1.705131
2026-08-15 22:09: Train Epoch 30: 100/821 Loss: 1.685755
2026-08-15 22:09: Train Epoch 30: 120/821 Loss: 1.650227
2026-08-15 22:09: Train Epoch 30: 140/821 Loss: 1.656630
2026-08-15 22:09: Train Epoch 30: 160/821 Loss: 1.648922
2026-08-15 22:09: Train Epoch 30: 180/821 Loss: 1.642308
2026-08-15 22:09: Train Epoch 30: 200/821 Loss: 1.783252
2026-08-15 22:10: Train Epoch 30: 220/821 Loss: 1.675207
2026-08-15 22:10: Train Epoch 30: 240/821 Loss: 1.687087
2026-08-15 22:10: Train Epoch 30: 260/821 Loss: 1.752276
2026-08-15 22:10: Train Epoch 30: 280/821 Loss: 1.618667
2026-08-15 22:10: Train Epoch 30: 300/821 Loss: 1.680632
2026-08-15 22:10: Train Epoch 30: 320/821 Loss: 1.753084
2026-08-15 22:10: Train Epoch 30: 340/821 Loss: 1.710306
2026-08-15 22:10: Train Epoch 30: 360/821 Loss: 1.761768
2026-08-15 22:10: Train Epoch 30: 380/821 Loss: 1.723523
2026-08-15 22:10: Train Epoch 30: 400/821 Loss: 1.678303
2026-08-15 22:10: Train Epoch 30: 420/821 Loss: 1.642452
2026-08-15 22:10: Train Epoch 30: 440/821 Loss: 1.694149
2026-08-15 22:10: Train Epoch 30: 460/821 Loss: 1.656145
2026-08-15 22:10: Train Epoch 30: 480/821 Loss: 1.637345
2026-08-15 22:10: Train Epoch 30: 500/821 Loss: 1.707588
2026-08-15 22:10: Train Epoch 30: 520/821 Loss: 1.718900
2026-08-15 22:10: Train Epoch 30: 540/821 Loss: 1.762579
2026-08-15 22:10: Train Epoch 30: 560/821 Loss: 1.703107
2026-08-15 22:10: Train Epoch 30: 580/821 Loss: 1.680018
2026-08-15 22:10: Train Epoch 30: 600/821 Loss: 1.678899
2026-08-15 22:10: Train Epoch 30: 620/821 Loss: 1.699414
2026-08-15 22:10: Train Epoch 30: 640/821 Loss: 1.629267
2026-08-15 22:10: Train Epoch 30: 660/821 Loss: 1.645987
2026-08-15 22:10: Train Epoch 30: 680/821 Loss: 1.697554
2026-08-15 22:10: Train Epoch 30: 700/821 Loss: 1.730086
2026-08-15 22:10: Train Epoch 30: 720/821 Loss: 1.669230
2026-08-15 22:10: Train Epoch 30: 740/821 Loss: 1.671463
2026-08-15 22:10: Train Epoch 30: 760/821 Loss: 1.653749
2026-08-15 22:10: Train Epoch 30: 780/821 Loss: 1.603617
2026-08-15 22:10: Train Epoch 30: 800/821 Loss: 1.734354
2026-08-15 22:10: Train Epoch 30: 820/821 Loss: 1.767868
2026-08-15 22:10: **********Train Epoch 30: averaged Loss: 1.675229, tf_ratio: 0.008893
2026-08-15 22:10: **********Val Epoch 30: average Loss: 1.826925
2026-08-15 22:10: Train Epoch 31: 0/821 Loss: 1.650052
2026-08-15 22:10: Train Epoch 31: 20/821 Loss: 1.731350
2026-08-15 22:10: Train Epoch 31: 40/821 Loss: 1.632990
2026-08-15 22:10: Train Epoch 31: 60/821 Loss: 1.700764
2026-08-15 22:10: Train Epoch 31: 80/821 Loss: 1.605848
2026-08-15 22:10: Train Epoch 31: 100/821 Loss: 1.648891
2026-08-15 22:10: Train Epoch 31: 120/821 Loss: 1.678973
2026-08-15 22:10: Train Epoch 31: 140/821 Loss: 1.618759
2026-08-15 22:11: Train Epoch 31: 160/821 Loss: 1.644606
2026-08-15 22:11: Train Epoch 31: 180/821 Loss: 1.692470
2026-08-15 22:11: Train Epoch 31: 200/821 Loss: 1.549864
2026-08-15 22:11: Train Epoch 31: 220/821 Loss: 1.695606
2026-08-15 22:11: Train Epoch 31: 240/821 Loss: 1.707304
2026-08-15 22:11: Train Epoch 31: 260/821 Loss: 1.637850
2026-08-15 22:11: Train Epoch 31: 280/821 Loss: 1.711263
2026-08-15 22:11: Train Epoch 31: 300/821 Loss: 1.718354
2026-08-15 22:11: Train Epoch 31: 320/821 Loss: 1.628768
2026-08-15 22:11: Train Epoch 31: 340/821 Loss: 1.680709
2026-08-15 22:11: Train Epoch 31: 360/821 Loss: 1.676607
2026-08-15 22:11: Train Epoch 31: 380/821 Loss: 1.638987
2026-08-15 22:11: Train Epoch 31: 400/821 Loss: 1.703312
2026-08-15 22:11: Train Epoch 31: 420/821 Loss: 1.702337
2026-08-15 22:11: Train Epoch 31: 440/821 Loss: 1.607235
2026-08-15 22:11: Train Epoch 31: 460/821 Loss: 1.747930
2026-08-15 22:11: Train Epoch 31: 480/821 Loss: 1.666789
2026-08-15 22:11: Train Epoch 31: 500/821 Loss: 1.720912
2026-08-15 22:11: Train Epoch 31: 520/821 Loss: 1.648113
2026-08-15 22:11: Train Epoch 31: 540/821 Loss: 1.666629
2026-08-15 22:11: Train Epoch 31: 560/821 Loss: 1.659539
2026-08-15 22:11: Train Epoch 31: 580/821 Loss: 1.784970
2026-08-15 22:11: Train Epoch 31: 600/821 Loss: 1.662719
2026-08-15 22:11: Train Epoch 31: 620/821 Loss: 1.610443
2026-08-15 22:11: Train Epoch 31: 640/821 Loss: 1.602453
2026-08-15 22:11: Train Epoch 31: 660/821 Loss: 1.641481
2026-08-15 22:11: Train Epoch 31: 680/821 Loss: 1.702037
2026-08-15 22:11: Train Epoch 31: 700/821 Loss: 1.652920
2026-08-15 22:11: Train Epoch 31: 720/821 Loss: 1.719960
2026-08-15 22:11: Train Epoch 31: 740/821 Loss: 1.680295
2026-08-15 22:11: Train Epoch 31: 760/821 Loss: 1.682251
2026-08-15 22:11: Train Epoch 31: 780/821 Loss: 1.686543
2026-08-15 22:11: Train Epoch 31: 800/821 Loss: 1.715196
2026-08-15 22:11: Train Epoch 31: 820/821 Loss: 1.657427
2026-08-15 22:11: **********Train Epoch 31: averaged Loss: 1.673463, tf_ratio: 0.005916
2026-08-15 22:11: **********Val Epoch 31: average Loss: 1.831572
2026-08-15 22:11: Train Epoch 32: 0/821 Loss: 1.590341
2026-08-15 22:11: Train Epoch 32: 20/821 Loss: 1.695863
2026-08-15 22:11: Train Epoch 32: 40/821 Loss: 1.698220
2026-08-15 22:11: Train Epoch 32: 60/821 Loss: 1.698407
2026-08-15 22:11: Train Epoch 32: 80/821 Loss: 1.721678
2026-08-15 22:11: Train Epoch 32: 100/821 Loss: 1.658508
2026-08-15 22:12: Train Epoch 32: 120/821 Loss: 1.651731
2026-08-15 22:12: Train Epoch 32: 140/821 Loss: 1.741893
2026-08-15 22:12: Train Epoch 32: 160/821 Loss: 1.656457
2026-08-15 22:12: Train Epoch 32: 180/821 Loss: 1.680212
2026-08-15 22:12: Train Epoch 32: 200/821 Loss: 1.661076
2026-08-15 22:12: Train Epoch 32: 220/821 Loss: 1.741400
2026-08-15 22:12: Train Epoch 32: 240/821 Loss: 1.701123
2026-08-15 22:12: Train Epoch 32: 260/821 Loss: 1.641478
2026-08-15 22:12: Train Epoch 32: 280/821 Loss: 1.729107
2026-08-15 22:12: Train Epoch 32: 300/821 Loss: 1.700689
2026-08-15 22:12: Train Epoch 32: 320/821 Loss: 1.642562
2026-08-15 22:12: Train Epoch 32: 340/821 Loss: 1.661088
2026-08-15 22:12: Train Epoch 32: 360/821 Loss: 1.618595
2026-08-15 22:12: Train Epoch 32: 380/821 Loss: 1.636911
2026-08-15 22:12: Train Epoch 32: 400/821 Loss: 1.691523
2026-08-15 22:12: Train Epoch 32: 420/821 Loss: 1.646035
2026-08-15 22:12: Train Epoch 32: 440/821 Loss: 1.726060
2026-08-15 22:12: Train Epoch 32: 460/821 Loss: 1.628224
2026-08-15 22:12: Train Epoch 32: 480/821 Loss: 1.647171
2026-08-15 22:12: Train Epoch 32: 500/821 Loss: 1.723602
2026-08-15 22:12: Train Epoch 32: 520/821 Loss: 1.638433
2026-08-15 22:12: Train Epoch 32: 540/821 Loss: 1.702799
2026-08-15 22:12: Train Epoch 32: 560/821 Loss: 1.747577
2026-08-15 22:12: Train Epoch 32: 580/821 Loss: 1.656009
2026-08-15 22:12: Train Epoch 32: 600/821 Loss: 1.632394
2026-08-15 22:12: Train Epoch 32: 620/821 Loss: 1.731305
2026-08-15 22:12: Train Epoch 32: 640/821 Loss: 1.741068
2026-08-15 22:12: Train Epoch 32: 660/821 Loss: 1.644589
2026-08-15 22:12: Train Epoch 32: 680/821 Loss: 1.666077
2026-08-15 22:12: Train Epoch 32: 700/821 Loss: 1.607316
2026-08-15 22:12: Train Epoch 32: 720/821 Loss: 1.709268
2026-08-15 22:12: Train Epoch 32: 740/821 Loss: 1.665672
2026-08-15 22:12: Train Epoch 32: 760/821 Loss: 1.609845
2026-08-15 22:12: Train Epoch 32: 780/821 Loss: 1.725518
2026-08-15 22:12: Train Epoch 32: 800/821 Loss: 1.668544
2026-08-15 22:12: Train Epoch 32: 820/821 Loss: 1.657990
2026-08-15 22:12: **********Train Epoch 32: averaged Loss: 1.670662, tf_ratio: 0.003932
2026-08-15 22:12: **********Val Epoch 32: average Loss: 1.832167
2026-08-15 22:12: Train Epoch 33: 0/821 Loss: 1.645736
2026-08-15 22:12: Train Epoch 33: 20/821 Loss: 1.651573
2026-08-15 22:12: Train Epoch 33: 40/821 Loss: 1.624860
2026-08-15 22:13: Train Epoch 33: 60/821 Loss: 1.548207
2026-08-15 22:13: Train Epoch 33: 80/821 Loss: 1.625354
2026-08-15 22:13: Train Epoch 33: 100/821 Loss: 1.631264
2026-08-15 22:13: Train Epoch 33: 120/821 Loss: 1.632835
2026-08-15 22:13: Train Epoch 33: 140/821 Loss: 1.654225
2026-08-15 22:13: Train Epoch 33: 160/821 Loss: 1.679552
2026-08-15 22:13: Train Epoch 33: 180/821 Loss: 1.689059
2026-08-15 22:13: Train Epoch 33: 200/821 Loss: 1.651294
2026-08-15 22:13: Train Epoch 33: 220/821 Loss: 1.718900
2026-08-15 22:13: Train Epoch 33: 240/821 Loss: 1.621119
2026-08-15 22:13: Train Epoch 33: 260/821 Loss: 1.623492
2026-08-15 22:13: Train Epoch 33: 280/821 Loss: 1.703667
2026-08-15 22:13: Train Epoch 33: 300/821 Loss: 1.670478
2026-08-15 22:13: Train Epoch 33: 320/821 Loss: 1.626288
2026-08-15 22:13: Train Epoch 33: 340/821 Loss: 1.715583
2026-08-15 22:13: Train Epoch 33: 360/821 Loss: 1.656478
2026-08-15 22:13: Train Epoch 33: 380/821 Loss: 1.751100
2026-08-15 22:13: Train Epoch 33: 400/821 Loss: 1.604517
2026-08-15 22:13: Train Epoch 33: 420/821 Loss: 1.663300
2026-08-15 22:13: Train Epoch 33: 440/821 Loss: 1.622274
2026-08-15 22:13: Train Epoch 33: 460/821 Loss: 1.678889
2026-08-15 22:13: Train Epoch 33: 480/821 Loss: 1.598771
2026-08-15 22:13: Train Epoch 33: 500/821 Loss: 1.586859
2026-08-15 22:13: Train Epoch 33: 520/821 Loss: 1.710653
2026-08-15 22:13: Train Epoch 33: 540/821 Loss: 1.647456
2026-08-15 22:13: Train Epoch 33: 560/821 Loss: 1.634396
2026-08-15 22:13: Train Epoch 33: 580/821 Loss: 1.624606
2026-08-15 22:13: Train Epoch 33: 600/821 Loss: 1.744854
2026-08-15 22:13: Train Epoch 33: 620/821 Loss: 1.656403
2026-08-15 22:13: Train Epoch 33: 640/821 Loss: 1.697313
2026-08-15 22:13: Train Epoch 33: 660/821 Loss: 1.688106
2026-08-15 22:13: Train Epoch 33: 680/821 Loss: 1.707343
2026-08-15 22:13: Train Epoch 33: 700/821 Loss: 1.669344
2026-08-15 22:13: Train Epoch 33: 720/821 Loss: 1.741111
2026-08-15 22:13: Train Epoch 33: 740/821 Loss: 1.554704
2026-08-15 22:13: Train Epoch 33: 760/821 Loss: 1.693857
2026-08-15 22:13: Train Epoch 33: 780/821 Loss: 1.640308
2026-08-15 22:13: Train Epoch 33: 800/821 Loss: 1.726050
2026-08-15 22:13: Train Epoch 33: 820/821 Loss: 1.647197
2026-08-15 22:13: **********Train Epoch 33: averaged Loss: 1.668080, tf_ratio: 0.002612
2026-08-15 22:13: **********Val Epoch 33: average Loss: 1.829550
2026-08-15 22:13: Train Epoch 34: 0/821 Loss: 1.591087
2026-08-15 22:14: Train Epoch 34: 20/821 Loss: 1.683220
2026-08-15 22:14: Train Epoch 34: 40/821 Loss: 1.691213
2026-08-15 22:14: Train Epoch 34: 60/821 Loss: 1.688491
2026-08-15 22:14: Train Epoch 34: 80/821 Loss: 1.615028
2026-08-15 22:14: Train Epoch 34: 100/821 Loss: 1.639374
2026-08-15 22:14: Train Epoch 34: 120/821 Loss: 1.645410
2026-08-15 22:14: Train Epoch 34: 140/821 Loss: 1.679085
2026-08-15 22:14: Train Epoch 34: 160/821 Loss: 1.638760
2026-08-15 22:14: Train Epoch 34: 180/821 Loss: 1.674914
2026-08-15 22:14: Train Epoch 34: 200/821 Loss: 1.667288
2026-08-15 22:14: Train Epoch 34: 220/821 Loss: 1.556914
2026-08-15 22:14: Train Epoch 34: 240/821 Loss: 1.672853
2026-08-15 22:14: Train Epoch 34: 260/821 Loss: 1.691503
2026-08-15 22:14: Train Epoch 34: 280/821 Loss: 1.672651
2026-08-15 22:14: Train Epoch 34: 300/821 Loss: 1.684972
2026-08-15 22:14: Train Epoch 34: 320/821 Loss: 1.598921
2026-08-15 22:14: Train Epoch 34: 340/821 Loss: 1.636524
2026-08-15 22:14: Train Epoch 34: 360/821 Loss: 1.612204
2026-08-15 22:14: Train Epoch 34: 380/821 Loss: 1.685567
2026-08-15 22:14: Train Epoch 34: 400/821 Loss: 1.701019
2026-08-15 22:14: Train Epoch 34: 420/821 Loss: 1.676496
2026-08-15 22:14: Train Epoch 34: 440/821 Loss: 1.603074
2026-08-15 22:14: Train Epoch 34: 460/821 Loss: 1.572168
2026-08-15 22:14: Train Epoch 34: 480/821 Loss: 1.692956
2026-08-15 22:14: Train Epoch 34: 500/821 Loss: 1.759367
2026-08-15 22:14: Train Epoch 34: 520/821 Loss: 1.708752
2026-08-15 22:14: Train Epoch 34: 540/821 Loss: 1.694731
2026-08-15 22:14: Train Epoch 34: 560/821 Loss: 1.688545
2026-08-15 22:14: Train Epoch 34: 580/821 Loss: 1.648408
2026-08-15 22:14: Train Epoch 34: 600/821 Loss: 1.620900
2026-08-15 22:14: Train Epoch 34: 620/821 Loss: 1.693604
2026-08-15 22:14: Train Epoch 34: 640/821 Loss: 1.699474
2026-08-15 22:14: Train Epoch 34: 660/821 Loss: 1.718753
2026-08-15 22:14: Train Epoch 34: 680/821 Loss: 1.642809
2026-08-15 22:14: Train Epoch 34: 700/821 Loss: 1.618562
2026-08-15 22:14: Train Epoch 34: 720/821 Loss: 1.623423
2026-08-15 22:14: Train Epoch 34: 740/821 Loss: 1.659431
2026-08-15 22:14: Train Epoch 34: 760/821 Loss: 1.579405
2026-08-15 22:14: Train Epoch 34: 780/821 Loss: 1.605100
2026-08-15 22:14: Train Epoch 34: 800/821 Loss: 1.714916
2026-08-15 22:14: Train Epoch 34: 820/821 Loss: 1.729985
2026-08-15 22:14: **********Train Epoch 34: averaged Loss: 1.665873, tf_ratio: 0.001734
2026-08-15 22:15: **********Val Epoch 34: average Loss: 1.829350
2026-08-15 22:15: Train Epoch 35: 0/821 Loss: 1.658670
2026-08-15 22:15: Train Epoch 35: 20/821 Loss: 1.776249
2026-08-15 22:15: Train Epoch 35: 40/821 Loss: 1.713453
2026-08-15 22:15: Train Epoch 35: 60/821 Loss: 1.684198
2026-08-15 22:15: Train Epoch 35: 80/821 Loss: 1.689435
2026-08-15 22:15: Train Epoch 35: 100/821 Loss: 1.639649
2026-08-15 22:15: Train Epoch 35: 120/821 Loss: 1.551825
2026-08-15 22:15: Train Epoch 35: 140/821 Loss: 1.671967
2026-08-15 22:15: Train Epoch 35: 160/821 Loss: 1.606745
2026-08-15 22:15: Train Epoch 35: 180/821 Loss: 1.685222
2026-08-15 22:15: Train Epoch 35: 200/821 Loss: 1.720475
2026-08-15 22:15: Train Epoch 35: 220/821 Loss: 1.690677
2026-08-15 22:15: Train Epoch 35: 240/821 Loss: 1.589890
2026-08-15 22:15: Train Epoch 35: 260/821 Loss: 1.605613
2026-08-15 22:15: Train Epoch 35: 280/821 Loss: 1.624885
2026-08-15 22:15: Train Epoch 35: 300/821 Loss: 1.711087
2026-08-15 22:15: Train Epoch 35: 320/821 Loss: 1.634482
2026-08-15 22:15: Train Epoch 35: 340/821 Loss: 1.736602
2026-08-15 22:15: Train Epoch 35: 360/821 Loss: 1.686615
2026-08-15 22:15: Train Epoch 35: 380/821 Loss: 1.694520
2026-08-15 22:15: Train Epoch 35: 400/821 Loss: 1.669228
2026-08-15 22:15: Train Epoch 35: 420/821 Loss: 1.586456
2026-08-15 22:15: Train Epoch 35: 440/821 Loss: 1.697719
2026-08-15 22:15: Train Epoch 35: 460/821 Loss: 1.645927
2026-08-15 22:15: Train Epoch 35: 480/821 Loss: 1.708734
2026-08-15 22:15: Train Epoch 35: 500/821 Loss: 1.599997
2026-08-15 22:15: Train Epoch 35: 520/821 Loss: 1.771990
2026-08-15 22:15: Train Epoch 35: 540/821 Loss: 1.714111
2026-08-15 22:15: Train Epoch 35: 560/821 Loss: 1.631151
2026-08-15 22:15: Train Epoch 35: 580/821 Loss: 1.616886
2026-08-15 22:15: Train Epoch 35: 600/821 Loss: 1.658085
2026-08-15 22:15: Train Epoch 35: 620/821 Loss: 1.690438
2026-08-15 22:15: Train Epoch 35: 640/821 Loss: 1.659653
2026-08-15 22:15: Train Epoch 35: 660/821 Loss: 1.596373
2026-08-15 22:15: Train Epoch 35: 680/821 Loss: 1.637487
2026-08-15 22:15: Train Epoch 35: 700/821 Loss: 1.644480
2026-08-15 22:15: Train Epoch 35: 720/821 Loss: 1.640453
2026-08-15 22:15: Train Epoch 35: 740/821 Loss: 1.661077
2026-08-15 22:15: Train Epoch 35: 760/821 Loss: 1.633324
2026-08-15 22:15: Train Epoch 35: 780/821 Loss: 1.615842
2026-08-15 22:15: Train Epoch 35: 800/821 Loss: 1.654796
2026-08-15 22:16: Train Epoch 35: 820/821 Loss: 1.670996
2026-08-15 22:16: **********Train Epoch 35: averaged Loss: 1.663648, tf_ratio: 0.001151
2026-08-15 22:16: **********Val Epoch 35: average Loss: 1.830901
2026-08-15 22:16: Train Epoch 36: 0/821 Loss: 1.680589
2026-08-15 22:16: Train Epoch 36: 20/821 Loss: 1.626186
2026-08-15 22:16: Train Epoch 36: 40/821 Loss: 1.651477
2026-08-15 22:16: Train Epoch 36: 60/821 Loss: 1.670111
2026-08-15 22:16: Train Epoch 36: 80/821 Loss: 1.625771
2026-08-15 22:16: Train Epoch 36: 100/821 Loss: 1.606970
2026-08-15 22:16: Train Epoch 36: 120/821 Loss: 1.621545
2026-08-15 22:16: Train Epoch 36: 140/821 Loss: 1.701079
2026-08-15 22:16: Train Epoch 36: 160/821 Loss: 1.652511
2026-08-15 22:16: Train Epoch 36: 180/821 Loss: 1.683956
2026-08-15 22:16: Train Epoch 36: 200/821 Loss: 1.635040
2026-08-15 22:16: Train Epoch 36: 220/821 Loss: 1.751948
2026-08-15 22:16: Train Epoch 36: 240/821 Loss: 1.691771
2026-08-15 22:16: Train Epoch 36: 260/821 Loss: 1.712430
2026-08-15 22:16: Train Epoch 36: 280/821 Loss: 1.668371
2026-08-15 22:16: Train Epoch 36: 300/821 Loss: 1.661895
2026-08-15 22:16: Train Epoch 36: 320/821 Loss: 1.775656
2026-08-15 22:16: Train Epoch 36: 340/821 Loss: 1.666419
2026-08-15 22:16: Train Epoch 36: 360/821 Loss: 1.614081
2026-08-15 22:16: Train Epoch 36: 380/821 Loss: 1.623359
2026-08-15 22:16: Train Epoch 36: 400/821 Loss: 1.677814
2026-08-15 22:16: Train Epoch 36: 420/821 Loss: 1.694746
2026-08-15 22:16: Train Epoch 36: 440/821 Loss: 1.665580
2026-08-15 22:16: Train Epoch 36: 460/821 Loss: 1.654652
2026-08-15 22:16: Train Epoch 36: 480/821 Loss: 1.608622
2026-08-15 22:16: Train Epoch 36: 500/821 Loss: 1.682946
2026-08-15 22:16: Train Epoch 36: 520/821 Loss: 1.680438
2026-08-15 22:16: Train Epoch 36: 540/821 Loss: 1.655832
2026-08-15 22:16: Train Epoch 36: 560/821 Loss: 1.686859
2026-08-15 22:16: Train Epoch 36: 580/821 Loss: 1.694588
2026-08-15 22:16: Train Epoch 36: 600/821 Loss: 1.616578
2026-08-15 22:16: Train Epoch 36: 620/821 Loss: 1.625579
2026-08-15 22:16: Train Epoch 36: 640/821 Loss: 1.678643
2026-08-15 22:16: Train Epoch 36: 660/821 Loss: 1.670233
2026-08-15 22:16: Train Epoch 36: 680/821 Loss: 1.699988
2026-08-15 22:16: Train Epoch 36: 700/821 Loss: 1.642485
2026-08-15 22:16: Train Epoch 36: 720/821 Loss: 1.692796
2026-08-15 22:16: Train Epoch 36: 740/821 Loss: 1.668454
2026-08-15 22:16: Train Epoch 36: 760/821 Loss: 1.695661
2026-08-15 22:17: Train Epoch 36: 780/821 Loss: 1.640175
2026-08-15 22:17: Train Epoch 36: 800/821 Loss: 1.677955
2026-08-15 22:17: Train Epoch 36: 820/821 Loss: 1.659302
2026-08-15 22:17: **********Train Epoch 36: averaged Loss: 1.661586, tf_ratio: 0.000764
2026-08-15 22:17: **********Val Epoch 36: average Loss: 1.827090
2026-08-15 22:17: Validation performance didn't improve for 15 epochs. Training stops.
2026-08-15 22:17: Total training time: 38.8129min, best loss: 1.819915
2026-08-15 22:17: Saving current best model to /scratch/chkkar002/Diffusion_Based_STGNNs/AGCRN/model/experiments/SAWS/20260815213817/best_model.pth
2026-08-15 22:17: Horizon 01, MAE: 0.84, RMSE: 1.19, MAPE: 3042.9661%
2026-08-15 22:17: Horizon 02, MAE: 1.13, RMSE: 1.60, MAPE: 3784.0100%
2026-08-15 22:17: Horizon 03, MAE: 1.35, RMSE: 1.89, MAPE: 3138.7046%
2026-08-15 22:17: Horizon 04, MAE: 1.52, RMSE: 2.09, MAPE: 3500.0972%
2026-08-15 22:17: Horizon 05, MAE: 1.65, RMSE: 2.25, MAPE: 5199.5850%
2026-08-15 22:17: Horizon 06, MAE: 1.75, RMSE: 2.37, MAPE: 4786.4526%
2026-08-15 22:17: Horizon 07, MAE: 1.83, RMSE: 2.46, MAPE: 5538.1934%
2026-08-15 22:17: Horizon 08, MAE: 1.89, RMSE: 2.54, MAPE: 6427.9229%
2026-08-15 22:17: Horizon 09, MAE: 1.92, RMSE: 2.59, MAPE: 5536.1362%
2026-08-15 22:17: Horizon 10, MAE: 1.95, RMSE: 2.63, MAPE: 6288.6167%
2026-08-15 22:17: Horizon 11, MAE: 1.98, RMSE: 2.66, MAPE: 7501.7197%
2026-08-15 22:17: Horizon 12, MAE: 1.99, RMSE: 2.68, MAPE: 7660.9497%
2026-08-15 22:17: Horizon 13, MAE: 2.00, RMSE: 2.70, MAPE: 7009.2476%
2026-08-15 22:17: Horizon 14, MAE: 2.02, RMSE: 2.73, MAPE: 7008.4307%
2026-08-15 22:17: Horizon 15, MAE: 2.04, RMSE: 2.75, MAPE: 7229.4565%
2026-08-15 22:17: Horizon 16, MAE: 2.05, RMSE: 2.77, MAPE: 7434.3950%
2026-08-15 22:17: Horizon 17, MAE: 2.07, RMSE: 2.79, MAPE: 7463.3140%
2026-08-15 22:17: Horizon 18, MAE: 2.10, RMSE: 2.82, MAPE: 8031.0996%
2026-08-15 22:17: Horizon 19, MAE: 2.12, RMSE: 2.85, MAPE: 7895.8994%
2026-08-15 22:17: Horizon 20, MAE: 2.13, RMSE: 2.88, MAPE: 7158.1343%
2026-08-15 22:17: Horizon 21, MAE: 2.16, RMSE: 2.91, MAPE: 7620.6343%
2026-08-15 22:17: Horizon 22, MAE: 2.17, RMSE: 2.94, MAPE: 8109.4961%
2026-08-15 22:17: Horizon 23, MAE: 2.19, RMSE: 2.96, MAPE: 8808.0830%
2026-08-15 22:17: Horizon 24, MAE: 2.23, RMSE: 3.01, MAPE: 8868.4619%
2026-08-15 22:17: Average Horizon, MAE: 1.88, RMSE: 2.58, MAPE: 6460.0830%
wandb: updating run metadata
wandb: uploading config.yaml; uploading output.log; uploading wandb-summary.json
wandb: uploading output.log
wandb: 
wandb: Run history:
wandb:          epoch ▁▁▁▁▂▂▂▂▂▂▃▃▄▄▄▄▄▄▅▅▅▅▅▆▆▆▆▆▆▆▇▇▇▇▇▇████
wandb:     train/loss █▃▃▂▂▂▂▂▂▂▂▂▂▁▁▁▁▁▁▁▁▁▁▁▁▁▁▁▁▁▁▁▁▁▁▁
wandb: train/tf_ratio ████████████▇▇▇▆▆▅▄▃▃▂▂▂▁▁▁▁▁▁▁▁▁▁▁▁
wandb:       val/loss █▅▅▄▃▂▂▂▂▂▂▂▂▂▁▁▁▁▁▁▁▁▁▁▁▁▁▁▁▁▁▁▁▁▁▁
wandb: 
wandb: Run summary:
wandb:     best_val_loss 1.81991
wandb:             epoch 36
wandb:        train/loss 1.66159
wandb:    train/tf_ratio 0.00076
wandb: training_time_min 38.81295
wandb:          val/loss 1.82709
wandb: 
wandb: 🚀 View run TF_CW_AGCRN at: https://wandb.ai/chkkar002-university-of-cape-town/stgnn-weather/runs/6ely6wal
wandb: ⭐️ View project at: https://wandb.ai/chkkar002-university-of-cape-town/stgnn-weather
wandb: Synced 5 W&B file(s), 0 media file(s), 0 artifact file(s) and 0 other file(s)
wandb: Find logs at: ./wandb/run-20260815_213818-6ely6wal/logs
/scratch/chkkar002/Diffusion_Based_STGNNs/AGCRN
Read configuration file: ./SAWS_AGCRN.conf
*****************Model Parameter*****************
node_embeddings torch.Size([32, 2]) True
encoder.dcrnn_cells.0.gate.weights_pool torch.Size([2, 2, 65, 128]) True
encoder.dcrnn_cells.0.gate.bias_pool torch.Size([2, 128]) True
encoder.dcrnn_cells.0.update.weights_pool torch.Size([2, 2, 65, 64]) True
encoder.dcrnn_cells.0.update.bias_pool torch.Size([2, 64]) True
encoder.dcrnn_cells.1.gate.weights_pool torch.Size([2, 2, 128, 128]) True
encoder.dcrnn_cells.1.gate.bias_pool torch.Size([2, 128]) True
encoder.dcrnn_cells.1.update.weights_pool torch.Size([2, 2, 128, 64]) True
encoder.dcrnn_cells.1.update.bias_pool torch.Size([2, 64]) True
end_conv.weight torch.Size([24, 1, 1, 64]) True
end_conv.bias torch.Size([24]) True
Total params num: 150616
*****************Finish Parameter****************
Load SAWS Dataset shaped:  (87672, 32, 1) 45.6 -10.2 17.35272 17.6
Normalize the dataset by Standard Normalization
[[[ 0.50965744]
  [ 0.61347216]
  [ 0.8784504 ]
  ...
  [ 1.0805224 ]
  [ 0.663422  ]
  [ 0.766919  ]]

 [[ 0.4380571 ]
  [ 0.5904003 ]
  [ 0.8514645 ]
  ...
  [ 1.1122646 ]
  [ 0.4663354 ]
  [ 0.7941479 ]]

 [[ 0.53829765]
  [ 0.5788643 ]
  [ 0.7570141 ]
  ...
  [ 1.1440068 ]
  [ 0.420854  ]
  [ 0.72607523]]

 ...

 [[ 1.2829412 ]
  [ 1.3402406 ]
  [ 0.47366345]
  ...
  [-0.18916185]
  [-0.09460272]
  [ 1.1753552 ]]

 [[ 0.8390191 ]
  [ 0.6596162 ]
  [ 0.17681956]
  ...
  [-0.2685171 ]
  [-0.09460272]
  [ 0.5082425 ]]

 [[ 0.42373726]
  [ 0.34814414]
  [ 0.06887635]
  ...
  [-0.2685171 ]
  [-0.07944231]
  [ 0.23595166]]]
[[[ 0.22325611]
  [ 0.19817595]
  [ 0.02839763]
  ...
  [-0.23677504]
  [-0.09460272]
  [ 0.19510815]]

 [[ 0.03709536]
  [ 0.07127997]
  [ 0.04189058]
  ...
  [-0.18916185]
  [-0.07944231]
  [ 0.19510815]]

 [[-0.07746505]
  [-0.06715206]
  [ 0.06887635]
  ...
  [-0.18916185]
  [-0.07944231]
  [ 0.11342084]]

 ...

 [[ 0.02277524]
  [ 0.70576036]
  [ 0.6895496 ]
  ...
  [ 0.31871188]
  [ 0.34505153]
  [ 0.87583524]]

 [[ 0.05141548]
  [ 0.91340834]
  [ 0.83797157]
  ...
  [ 0.35045412]
  [ 0.6179403 ]
  [ 1.0255952 ]]

 [[ 0.09437557]
  [ 1.0864484 ]
  [ 0.9324219 ]
  ...
  [ 0.47742242]
  [ 0.7847058 ]
  [ 1.1208968 ]]]
[[[ 0.10869569]
  [ 1.2710246 ]
  [ 0.95940757]
  ...
  [ 0.33458298]
  [ 0.86050826]
  [ 1.2706568 ]]

 [[ 0.12301581]
  [ 1.4786725 ]
  [ 1.310223  ]
  ...
  [ 0.47742242]
  [ 1.0575949 ]
  [ 1.3659588 ]]

 [[ 0.26621646]
  [ 1.4556006 ]
  [ 1.3237159 ]
  ...
  [ 0.5726488 ]
  [ 1.2546811 ]
  [ 1.5293331 ]]

 ...

 [[ 0.6528581 ]
  [ 0.09435196]
  [ 0.5006491 ]
  ...
  [ 0.0683476 ]
  [-0.15524478]
  [ 0.7533044 ]]

 [[ 0.6958184 ]
  [ 0.07127997]
  [ 0.16332662]
  ...
  [-0.02537913]
  [-0.2158867 ]
  [ 0.20872274]]

 [[ 0.7244584 ]
  [ 0.025136  ]
  [ 0.1498338 ]
  ...
  [ 0.079971  ]
  [-0.30684972]
  [ 0.09980625]]]
Train:  (52569, 12, 32, 1) (52569, 24, 32, 1)
Val:  (17499, 12, 32, 1) (17499, 24, 32, 1)
Test:  (17499, 12, 32, 1) (17499, 24, 32, 1)
mae
Applying learning rate decay.
Creat Log File in:  /scratch/chkkar002/Diffusion_Based_STGNNs/AGCRN/model/experiments/SAWS/20260815213817/run.log
