/scratch/chkkar002/Diffusion_Based_STGNNs/AGCRN/lib/dataloader.py:80: UserWarning: The torch.cuda.*DtypeTensor constructors are no longer recommended. It's best to use methods such as torch.tensor(data, dtype=*, device='cuda') to create tensors. (Triggered internally at /pytorch/torch/csrc/tensor/python_tensor.cpp:78.)
  X, Y = TensorFloat(X), TensorFloat(Y)
wandb: [wandb.login()] Loaded credentials for https://api.wandb.ai from /home/chkkar002/.netrc.
wandb: Currently logged in as: chkkar002 (chkkar002-university-of-cape-town) to https://api.wandb.ai. Use `wandb login --relogin` to force relogin
wandb: WARNING Using a boolean value for 'reinit' is deprecated. Use 'return_previous' or 'finish_previous' instead.
wandb: Tracking run with wandb version 0.26.1
wandb: Run data is saved locally in /scratch/chkkar002/Diffusion_Based_STGNNs/AGCRN/model/wandb/run-20260815_180756-o622gk8c
wandb: Run `wandb offline` to turn off syncing.
wandb: Syncing run AGCRN_SAWS_Full_Tuning_1
wandb: ⭐️ View project at https://wandb.ai/chkkar002-university-of-cape-town/stgnn-weather
wandb: 🚀 View run at https://wandb.ai/chkkar002-university-of-cape-town/stgnn-weather/runs/o622gk8c
2026-08-15 18:07: Experiment log path in: /scratch/chkkar002/Diffusion_Based_STGNNs/AGCRN/model/experiments/SAWS/20260815180755
/scratch/chkkar002/Diffusion_Based_STGNNs/AGCRN
Read configuration file: ./SAWS_AGCRN.conf
*****************Model Parameter*****************
node_embeddings torch.Size([32, 2]) True
encoder.dcrnn_cells.0.gate.weights_pool torch.Size([2, 2, 65, 128]) True
encoder.dcrnn_cells.0.gate.bias_pool torch.Size([2, 128]) True
encoder.dcrnn_cells.0.update.weights_pool torch.Size([2, 2, 65, 64]) True
encoder.dcrnn_cells.0.update.bias_pool torch.Size([2, 64]) True
encoder.dcrnn_cells.1.gate.weights_pool torch.Size([2, 2, 128, 128]) True
encoder.dcrnn_cells.1.gate.bias_pool torch.Size([2, 128]) True
encoder.dcrnn_cells.1.update.weights_pool torch.Size([2, 2, 128, 64]) True
encoder.dcrnn_cells.1.update.bias_pool torch.Size([2, 64]) True
end_conv.weight torch.Size([24, 1, 1, 64]) True
end_conv.bias torch.Size([24]) True
Total params num: 150616
*****************Finish Parameter****************
Load SAWS Dataset shaped:  (87672, 32, 1) 45.6 -10.2 17.35272 17.6
Normalize the dataset by Standard Normalization
[[[ 0.65075815]
  [ 0.44590002]
  [ 0.562962  ]
  ...
  [ 0.94341266]
  [ 0.25567472]
  [ 0.70928925]]

 [[ 0.5775945 ]
  [ 0.41663474]
  [ 0.5336964 ]
  ...
  [ 0.9726782 ]
  [ 0.0654491 ]
  [ 0.73855454]]

 [[ 0.68002367]
  [ 0.40200198]
  [ 0.43126726]
  ...
  [ 1.0019438 ]
  [ 0.02155104]
  [ 0.6653909 ]]

 ...

 [[ 1.4409256 ]
  [ 1.367762  ]
  [ 0.12398023]
  ...
  [-0.22720526]
  [-0.47596157]
  [ 1.1482711 ]]

 [[ 0.987311  ]
  [ 0.5044309 ]
  [-0.19793984]
  ...
  [-0.3003689 ]
  [-0.47596157]
  [ 0.43126726]]

 [[ 0.562962  ]
  [ 0.10934745]
  [-0.31500167]
  ...
  [-0.3003689 ]
  [-0.46132892]
  [ 0.13861273]]]
[[[ 0.35810363]
  [-0.08087815]
  [-0.3588999 ]
  ...
  [-0.27110347]
  [-0.47596157]
  [ 0.09471467]]

 [[ 0.1678783 ]
  [-0.24183805]
  [-0.3442671 ]
  ...
  [-0.22720526]
  [-0.46132892]
  [ 0.09471467]]

 [[ 0.0508166 ]
  [-0.41743073]
  [-0.31500167]
  ...
  [-0.22720526]
  [-0.46132892]
  [ 0.00691826]]

 ...

 [[ 0.15324551]
  [ 0.562962  ]
  [ 0.35810363]
  ...
  [ 0.24104193]
  [-0.05161259]
  [ 0.8263509 ]]

 [[ 0.18251108]
  [ 0.8263509 ]
  [ 0.51906365]
  ...
  [ 0.27030748]
  [ 0.21177636]
  [ 0.987311  ]]

 [[ 0.22640914]
  [ 1.0458418 ]
  [ 0.62149286]
  ...
  [ 0.3873692 ]
  [ 0.3727364 ]
  [ 1.0897399 ]]]
[[[ 0.24104193]
  [ 1.2799655 ]
  [ 0.65075815]
  ...
  [ 0.25567472]
  [ 0.44590002]
  [ 1.2507    ]]

 [[ 0.25567472]
  [ 1.5433545 ]
  [ 1.0312091 ]
  ...
  [ 0.3873692 ]
  [ 0.6361256 ]
  [ 1.3531291 ]]

 [[ 0.40200198]
  [ 1.5140892 ]
  [ 1.0458418 ]
  ...
  [ 0.4751656 ]
  [ 0.8263509 ]
  [ 1.5287217 ]]

 ...

 [[ 0.7970854 ]
  [-0.21257262]
  [ 0.15324551]
  ...
  [ 0.01021216]
  [-0.53449255]
  [ 0.6946565 ]]

 [[ 0.84098375]
  [-0.24183805]
  [-0.21257262]
  ...
  [-0.0762016 ]
  [-0.5930234 ]
  [ 0.10934745]]

 [[ 0.87024903]
  [-0.3003689 ]
  [-0.22720526]
  ...
  [ 0.02092865]
  [-0.6808198 ]
  [-0.00771452]]]
Train:  (52569, 12, 32, 1) (52569, 24, 32, 1)
Val:  (17499, 12, 32, 1) (17499, 24, 32, 1)
Test:  (17499, 12, 32, 1) (17499, 24, 32, 1)
mae
Creat Log File in:  /scratch/chkkar002/Diffusion_Based_STGNNs/AGCRN/model/experiments/SAWS/20260815180755/run.log
Traceback (most recent call last):
  File "/scratch/chkkar002/Diffusion_Based_STGNNs/AGCRN/model/Run.py", line 191, in <module>
    run_once(args)
  File "/scratch/chkkar002/Diffusion_Based_STGNNs/AGCRN/model/Run.py", line 179, in run_once
    return trainer.train()
  File "/scratch/chkkar002/Diffusion_Based_STGNNs/AGCRN/model/BasicTrainer.py", line 111, in train
    train_epoch_loss = self.train_epoch(epoch)
  File "/scratch/chkkar002/Diffusion_Based_STGNNs/AGCRN/model/BasicTrainer.py", line 77, in train_epoch
    if self.args.real_value:
AttributeError: 'Namespace' object has no attribute 'real_value'
[1;34mwandb[0m: 
[1;34mwandb[0m: 🚀 View run [33mAGCRN_SAWS_Full_Tuning_1[0m at: [34mhttps://wandb.ai/chkkar002-university-of-cape-town/stgnn-weather/runs/o622gk8c[0m
[1;34mwandb[0m: Find logs at: [1;35mwandb/run-20260815_180756-o622gk8c/logs[0m
