2026-08-17 00:51: Experiment log path in: /scratch/chkkar002/Diffusion_Based_STGNNs/AGCRN/model/experiments/SAWS/trial20_20260817005157
2026-08-17 00:51: Train Epoch 1: 0/821 Loss: 16.441067
2026-08-17 00:52: Train Epoch 1: 20/821 Loss: 15.221950
2026-08-17 00:52: Train Epoch 1: 40/821 Loss: 13.039764
2026-08-17 00:52: Train Epoch 1: 60/821 Loss: 10.952230
2026-08-17 00:52: Train Epoch 1: 80/821 Loss: 9.220901
2026-08-17 00:52: Train Epoch 1: 100/821 Loss: 8.288124
2026-08-17 00:52: Train Epoch 1: 120/821 Loss: 6.873997
2026-08-17 00:52: Train Epoch 1: 140/821 Loss: 6.557123
2026-08-17 00:52: Train Epoch 1: 160/821 Loss: 5.977079
2026-08-17 00:52: Train Epoch 1: 180/821 Loss: 5.473266
2026-08-17 00:52: Train Epoch 1: 200/821 Loss: 5.648081
2026-08-17 00:52: Train Epoch 1: 220/821 Loss: 5.438501
2026-08-17 00:52: Train Epoch 1: 240/821 Loss: 5.463979
2026-08-17 00:52: Train Epoch 1: 260/821 Loss: 5.292553
2026-08-17 00:52: Train Epoch 1: 280/821 Loss: 5.127702
2026-08-17 00:52: Train Epoch 1: 300/821 Loss: 5.437376
2026-08-17 00:52: Train Epoch 1: 320/821 Loss: 5.614974
2026-08-17 00:52: Train Epoch 1: 340/821 Loss: 5.643711
2026-08-17 00:52: Train Epoch 1: 360/821 Loss: 5.356447
2026-08-17 00:52: Train Epoch 1: 380/821 Loss: 5.320110
2026-08-17 00:52: Train Epoch 1: 400/821 Loss: 5.199951
2026-08-17 00:52: Train Epoch 1: 420/821 Loss: 5.304500
2026-08-17 00:53: Train Epoch 1: 440/821 Loss: 5.500087
2026-08-17 00:53: Train Epoch 1: 460/821 Loss: 5.402830
2026-08-17 00:53: Train Epoch 1: 480/821 Loss: 5.318910
2026-08-17 00:53: Train Epoch 1: 500/821 Loss: 4.568948
2026-08-17 00:53: Train Epoch 1: 520/821 Loss: 4.322849
2026-08-17 00:53: Train Epoch 1: 540/821 Loss: 4.414146
2026-08-17 00:53: Train Epoch 1: 560/821 Loss: 4.188712
2026-08-17 00:53: Train Epoch 1: 580/821 Loss: 4.411822
2026-08-17 00:53: Train Epoch 1: 600/821 Loss: 4.486059
2026-08-17 00:53: Train Epoch 1: 620/821 Loss: 4.018226
2026-08-17 00:53: Train Epoch 1: 640/821 Loss: 4.121725
2026-08-17 00:53: Train Epoch 1: 660/821 Loss: 4.101207
2026-08-17 00:53: Train Epoch 1: 680/821 Loss: 3.962732
2026-08-17 00:53: Train Epoch 1: 700/821 Loss: 3.902454
2026-08-17 00:53: Train Epoch 1: 720/821 Loss: 3.982815
2026-08-17 00:53: Train Epoch 1: 740/821 Loss: 3.902483
2026-08-17 00:53: Train Epoch 1: 760/821 Loss: 3.675716
2026-08-17 00:53: Train Epoch 1: 780/821 Loss: 3.543242
2026-08-17 00:53: Train Epoch 1: 800/821 Loss: 3.600362
2026-08-17 00:53: Train Epoch 1: 820/821 Loss: 3.469383
2026-08-17 00:53: **********Train Epoch 1: averaged Loss: 5.793607, tf_ratio: 1.000000
2026-08-17 00:54: **********Val Epoch 1: average Loss: 3.225565
2026-08-17 00:54: *********************************Current best model saved!
2026-08-17 00:54: Train Epoch 2: 0/821 Loss: 3.416253
2026-08-17 00:54: Train Epoch 2: 20/821 Loss: 3.323909
2026-08-17 00:54: Train Epoch 2: 40/821 Loss: 3.033369
2026-08-17 00:54: Train Epoch 2: 60/821 Loss: 2.987789
2026-08-17 00:54: Train Epoch 2: 80/821 Loss: 2.977511
2026-08-17 00:54: Train Epoch 2: 100/821 Loss: 2.851139
2026-08-17 00:54: Train Epoch 2: 120/821 Loss: 2.766125
2026-08-17 00:54: Train Epoch 2: 140/821 Loss: 2.824179
2026-08-17 00:54: Train Epoch 2: 160/821 Loss: 2.601326
2026-08-17 00:54: Train Epoch 2: 180/821 Loss: 2.562058
2026-08-17 00:54: Train Epoch 2: 200/821 Loss: 2.596036
2026-08-17 00:54: Train Epoch 2: 220/821 Loss: 2.661381
2026-08-17 00:54: Train Epoch 2: 240/821 Loss: 2.491235
2026-08-17 00:54: Train Epoch 2: 260/821 Loss: 2.736715
2026-08-17 00:54: Train Epoch 2: 280/821 Loss: 2.439060
2026-08-17 00:54: Train Epoch 2: 300/821 Loss: 2.384067
2026-08-17 00:54: Train Epoch 2: 320/821 Loss: 2.351932
2026-08-17 00:54: Train Epoch 2: 340/821 Loss: 2.353440
2026-08-17 00:54: Train Epoch 2: 360/821 Loss: 2.386148
2026-08-17 00:54: Train Epoch 2: 380/821 Loss: 2.362401
2026-08-17 00:54: Train Epoch 2: 400/821 Loss: 2.301064
2026-08-17 00:55: Train Epoch 2: 420/821 Loss: 2.293712
2026-08-17 00:55: Train Epoch 2: 440/821 Loss: 2.332567
2026-08-17 00:55: Train Epoch 2: 460/821 Loss: 2.314465
2026-08-17 00:55: Train Epoch 2: 480/821 Loss: 2.377202
2026-08-17 00:55: Train Epoch 2: 500/821 Loss: 2.398372
2026-08-17 00:55: Train Epoch 2: 520/821 Loss: 2.282911
2026-08-17 00:55: Train Epoch 2: 540/821 Loss: 2.250050
2026-08-17 00:55: Train Epoch 2: 560/821 Loss: 2.152737
2026-08-17 00:55: Train Epoch 2: 580/821 Loss: 2.335591
2026-08-17 00:55: Train Epoch 2: 600/821 Loss: 2.251842
2026-08-17 00:55: Train Epoch 2: 620/821 Loss: 2.169315
2026-08-17 00:55: Train Epoch 2: 640/821 Loss: 2.207535
2026-08-17 00:55: Train Epoch 2: 660/821 Loss: 2.213158
2026-08-17 00:55: Train Epoch 2: 680/821 Loss: 2.303624
2026-08-17 00:55: Train Epoch 2: 700/821 Loss: 2.232145
2026-08-17 00:55: Train Epoch 2: 720/821 Loss: 2.101488
2026-08-17 00:55: Train Epoch 2: 740/821 Loss: 2.188269
2026-08-17 00:55: Train Epoch 2: 760/821 Loss: 2.127459
2026-08-17 00:55: Train Epoch 2: 780/821 Loss: 2.169183
2026-08-17 00:55: Train Epoch 2: 800/821 Loss: 2.180228
2026-08-17 00:55: Train Epoch 2: 820/821 Loss: 2.064222
2026-08-17 00:55: **********Train Epoch 2: averaged Loss: 2.455432, tf_ratio: 1.000000
2026-08-17 00:56: **********Val Epoch 2: average Loss: 2.083426
2026-08-17 00:56: *********************************Current best model saved!
2026-08-17 00:56: Train Epoch 3: 0/821 Loss: 2.093011
2026-08-17 00:56: Train Epoch 3: 20/821 Loss: 2.190147
2026-08-17 00:56: Train Epoch 3: 40/821 Loss: 2.145757
2026-08-17 00:56: Train Epoch 3: 60/821 Loss: 2.195332
2026-08-17 00:56: Train Epoch 3: 80/821 Loss: 2.095611
2026-08-17 00:56: Train Epoch 3: 100/821 Loss: 2.002022
2026-08-17 00:56: Train Epoch 3: 120/821 Loss: 2.135393
2026-08-17 00:56: Train Epoch 3: 140/821 Loss: 2.137808
2026-08-17 00:56: Train Epoch 3: 160/821 Loss: 2.102483
2026-08-17 00:56: Train Epoch 3: 180/821 Loss: 1.949898
2026-08-17 00:56: Train Epoch 3: 200/821 Loss: 2.023003
2026-08-17 00:56: Train Epoch 3: 220/821 Loss: 2.153148
2026-08-17 00:56: Train Epoch 3: 240/821 Loss: 1.964244
2026-08-17 00:56: Train Epoch 3: 260/821 Loss: 2.172313
2026-08-17 00:56: Train Epoch 3: 280/821 Loss: 1.962819
2026-08-17 00:56: Train Epoch 3: 300/821 Loss: 2.066877
2026-08-17 00:56: Train Epoch 3: 320/821 Loss: 1.973508
2026-08-17 00:56: Train Epoch 3: 340/821 Loss: 2.098341
2026-08-17 00:56: Train Epoch 3: 360/821 Loss: 2.081399
2026-08-17 00:57: Train Epoch 3: 380/821 Loss: 2.019803
2026-08-17 00:57: Train Epoch 3: 400/821 Loss: 2.014271
2026-08-17 00:57: Train Epoch 3: 420/821 Loss: 2.035583
2026-08-17 00:57: Train Epoch 3: 440/821 Loss: 2.039791
2026-08-17 00:57: Train Epoch 3: 460/821 Loss: 2.071835
2026-08-17 00:57: Train Epoch 3: 480/821 Loss: 1.994664
2026-08-17 00:57: Train Epoch 3: 500/821 Loss: 2.088189
2026-08-17 00:57: Train Epoch 3: 520/821 Loss: 1.902591
2026-08-17 00:57: Train Epoch 3: 540/821 Loss: 2.027287
2026-08-17 00:57: Train Epoch 3: 560/821 Loss: 1.973961
2026-08-17 00:57: Train Epoch 3: 580/821 Loss: 2.030714
2026-08-17 00:57: Train Epoch 3: 600/821 Loss: 1.958016
2026-08-17 00:57: Train Epoch 3: 620/821 Loss: 2.069248
2026-08-17 00:57: Train Epoch 3: 640/821 Loss: 1.926417
2026-08-17 00:57: Train Epoch 3: 660/821 Loss: 2.018856
2026-08-17 00:57: Train Epoch 3: 680/821 Loss: 1.909716
2026-08-17 00:57: Train Epoch 3: 700/821 Loss: 1.882346
2026-08-17 00:57: Train Epoch 3: 720/821 Loss: 1.974637
2026-08-17 00:57: Train Epoch 3: 740/821 Loss: 1.995162
2026-08-17 00:57: Train Epoch 3: 760/821 Loss: 1.980959
2026-08-17 00:57: Train Epoch 3: 780/821 Loss: 1.912824
2026-08-17 00:58: Train Epoch 3: 800/821 Loss: 1.971302
2026-08-17 00:58: Train Epoch 3: 820/821 Loss: 1.960805
2026-08-17 00:58: **********Train Epoch 3: averaged Loss: 2.025036, tf_ratio: 1.000000
2026-08-17 00:58: **********Val Epoch 3: average Loss: 1.930744
2026-08-17 00:58: *********************************Current best model saved!
2026-08-17 00:58: Train Epoch 4: 0/821 Loss: 1.976238
2026-08-17 00:58: Train Epoch 4: 20/821 Loss: 1.916202
2026-08-17 00:58: Train Epoch 4: 40/821 Loss: 1.932743
2026-08-17 00:58: Train Epoch 4: 60/821 Loss: 1.875890
2026-08-17 00:58: Train Epoch 4: 80/821 Loss: 1.923254
2026-08-17 00:58: Train Epoch 4: 100/821 Loss: 1.874608
2026-08-17 00:58: Train Epoch 4: 120/821 Loss: 2.040998
2026-08-17 00:58: Train Epoch 4: 140/821 Loss: 1.951503
2026-08-17 00:58: Train Epoch 4: 160/821 Loss: 1.943610
2026-08-17 00:58: Train Epoch 4: 180/821 Loss: 1.968580
2026-08-17 00:58: Train Epoch 4: 200/821 Loss: 1.867459
2026-08-17 00:58: Train Epoch 4: 220/821 Loss: 1.877952
2026-08-17 00:58: Train Epoch 4: 240/821 Loss: 1.889083
2026-08-17 00:58: Train Epoch 4: 260/821 Loss: 1.924899
2026-08-17 00:58: Train Epoch 4: 280/821 Loss: 1.923456
2026-08-17 00:58: Train Epoch 4: 300/821 Loss: 1.885693
2026-08-17 00:58: Train Epoch 4: 320/821 Loss: 1.851630
2026-08-17 00:59: Train Epoch 4: 340/821 Loss: 1.844159
2026-08-17 00:59: Train Epoch 4: 360/821 Loss: 2.000458
2026-08-17 00:59: Train Epoch 4: 380/821 Loss: 1.800824
2026-08-17 00:59: Train Epoch 4: 400/821 Loss: 1.860644
2026-08-17 00:59: Train Epoch 4: 420/821 Loss: 1.888175
2026-08-17 00:59: Train Epoch 4: 440/821 Loss: 1.913309
2026-08-17 00:59: Train Epoch 4: 460/821 Loss: 1.818784
2026-08-17 00:59: Train Epoch 4: 480/821 Loss: 1.892983
2026-08-17 00:59: Train Epoch 4: 500/821 Loss: 1.988685
2026-08-17 00:59: Train Epoch 4: 520/821 Loss: 1.925676
2026-08-17 00:59: Train Epoch 4: 540/821 Loss: 1.880925
2026-08-17 00:59: Train Epoch 4: 560/821 Loss: 2.017307
2026-08-17 00:59: Train Epoch 4: 580/821 Loss: 1.897816
2026-08-17 00:59: Train Epoch 4: 600/821 Loss: 1.914693
2026-08-17 00:59: Train Epoch 4: 620/821 Loss: 1.874751
2026-08-17 00:59: Train Epoch 4: 640/821 Loss: 1.903648
2026-08-17 00:59: Train Epoch 4: 660/821 Loss: 1.872832
2026-08-17 00:59: Train Epoch 4: 680/821 Loss: 1.935922
2026-08-17 00:59: Train Epoch 4: 700/821 Loss: 1.894868
2026-08-17 00:59: Train Epoch 4: 720/821 Loss: 1.860037
2026-08-17 00:59: Train Epoch 4: 740/821 Loss: 1.865649
2026-08-17 01:00: Train Epoch 4: 760/821 Loss: 1.885728
2026-08-17 01:00: Train Epoch 4: 780/821 Loss: 1.884665
2026-08-17 01:00: Train Epoch 4: 800/821 Loss: 1.884284
2026-08-17 01:00: Train Epoch 4: 820/821 Loss: 1.825277
2026-08-17 01:00: **********Train Epoch 4: averaged Loss: 1.911192, tf_ratio: 1.000000
2026-08-17 01:00: **********Val Epoch 4: average Loss: 1.875044
2026-08-17 01:00: *********************************Current best model saved!
2026-08-17 01:00: Train Epoch 5: 0/821 Loss: 1.911650
2026-08-17 01:00: Train Epoch 5: 20/821 Loss: 1.859653
2026-08-17 01:00: Train Epoch 5: 40/821 Loss: 1.846276
2026-08-17 01:00: Train Epoch 5: 60/821 Loss: 1.787184
2026-08-17 01:00: Train Epoch 5: 80/821 Loss: 1.920334
2026-08-17 01:00: Train Epoch 5: 100/821 Loss: 1.864687
2026-08-17 01:00: Train Epoch 5: 120/821 Loss: 1.850644
2026-08-17 01:00: Train Epoch 5: 140/821 Loss: 1.854320
2026-08-17 01:00: Train Epoch 5: 160/821 Loss: 1.840736
2026-08-17 01:00: Train Epoch 5: 180/821 Loss: 1.903126
2026-08-17 01:00: Train Epoch 5: 200/821 Loss: 1.790685
2026-08-17 01:00: Train Epoch 5: 220/821 Loss: 1.832769
2026-08-17 01:00: Train Epoch 5: 240/821 Loss: 1.802279
2026-08-17 01:00: Train Epoch 5: 260/821 Loss: 1.847225
2026-08-17 01:00: Train Epoch 5: 280/821 Loss: 1.876740
2026-08-17 01:01: Train Epoch 5: 300/821 Loss: 1.899961
2026-08-17 01:01: Train Epoch 5: 320/821 Loss: 1.794089
2026-08-17 01:01: Train Epoch 5: 340/821 Loss: 1.909498
2026-08-17 01:01: Train Epoch 5: 360/821 Loss: 1.850536
2026-08-17 01:01: Train Epoch 5: 380/821 Loss: 1.869064
2026-08-17 01:01: Train Epoch 5: 400/821 Loss: 1.866090
2026-08-17 01:01: Train Epoch 5: 420/821 Loss: 1.841099
2026-08-17 01:01: Train Epoch 5: 440/821 Loss: 1.920046
2026-08-17 01:01: Train Epoch 5: 460/821 Loss: 1.855572
2026-08-17 01:01: Train Epoch 5: 480/821 Loss: 1.851953
2026-08-17 01:01: Train Epoch 5: 500/821 Loss: 1.801153
2026-08-17 01:01: Train Epoch 5: 520/821 Loss: 1.872713
2026-08-17 01:01: Train Epoch 5: 540/821 Loss: 1.834707
2026-08-17 01:01: Train Epoch 5: 560/821 Loss: 1.786930
2026-08-17 01:01: Train Epoch 5: 580/821 Loss: 1.875152
2026-08-17 01:01: Train Epoch 5: 600/821 Loss: 1.836278
2026-08-17 01:01: Train Epoch 5: 620/821 Loss: 1.807603
2026-08-17 01:01: Train Epoch 5: 640/821 Loss: 1.950101
2026-08-17 01:01: Train Epoch 5: 660/821 Loss: 1.795356
2026-08-17 01:01: Train Epoch 5: 680/821 Loss: 1.842325
2026-08-17 01:01: Train Epoch 5: 700/821 Loss: 1.845388
2026-08-17 01:01: Train Epoch 5: 720/821 Loss: 1.848279
2026-08-17 01:02: Train Epoch 5: 740/821 Loss: 1.854970
2026-08-17 01:02: Train Epoch 5: 760/821 Loss: 1.863571
2026-08-17 01:02: Train Epoch 5: 780/821 Loss: 1.768864
2026-08-17 01:02: Train Epoch 5: 800/821 Loss: 1.865680
2026-08-17 01:02: Train Epoch 5: 820/821 Loss: 1.873695
2026-08-17 01:02: **********Train Epoch 5: averaged Loss: 1.857275, tf_ratio: 1.000000
2026-08-17 01:02: **********Val Epoch 5: average Loss: 1.854290
2026-08-17 01:02: *********************************Current best model saved!
2026-08-17 01:02: Train Epoch 6: 0/821 Loss: 1.822248
2026-08-17 01:02: Train Epoch 6: 20/821 Loss: 1.885335
2026-08-17 01:02: Train Epoch 6: 40/821 Loss: 1.747030
2026-08-17 01:02: Train Epoch 6: 60/821 Loss: 1.853199
2026-08-17 01:02: Train Epoch 6: 80/821 Loss: 1.908360
2026-08-17 01:02: Train Epoch 6: 100/821 Loss: 1.822685
2026-08-17 01:02: Train Epoch 6: 120/821 Loss: 1.731937
2026-08-17 01:02: Train Epoch 6: 140/821 Loss: 1.712962
2026-08-17 01:02: Train Epoch 6: 160/821 Loss: 1.833141
2026-08-17 01:02: Train Epoch 6: 180/821 Loss: 1.837104
2026-08-17 01:02: Train Epoch 6: 200/821 Loss: 1.802215
2026-08-17 01:02: Train Epoch 6: 220/821 Loss: 1.746966
2026-08-17 01:02: Train Epoch 6: 240/821 Loss: 1.799132
2026-08-17 01:02: Train Epoch 6: 260/821 Loss: 1.773216
2026-08-17 01:03: Train Epoch 6: 280/821 Loss: 1.719654
2026-08-17 01:03: Train Epoch 6: 300/821 Loss: 1.803613
2026-08-17 01:03: Train Epoch 6: 320/821 Loss: 1.793476
2026-08-17 01:03: Train Epoch 6: 340/821 Loss: 1.798745
2026-08-17 01:03: Train Epoch 6: 360/821 Loss: 1.823813
2026-08-17 01:03: Train Epoch 6: 380/821 Loss: 1.790281
2026-08-17 01:03: Train Epoch 6: 400/821 Loss: 1.783132
2026-08-17 01:03: Train Epoch 6: 420/821 Loss: 1.810306
2026-08-17 01:03: Train Epoch 6: 440/821 Loss: 1.883759
2026-08-17 01:03: Train Epoch 6: 460/821 Loss: 1.811908
2026-08-17 01:03: Train Epoch 6: 480/821 Loss: 1.817392
2026-08-17 01:03: Train Epoch 6: 500/821 Loss: 1.846040
2026-08-17 01:03: Train Epoch 6: 520/821 Loss: 1.749027
2026-08-17 01:03: Train Epoch 6: 540/821 Loss: 1.809672
2026-08-17 01:03: Train Epoch 6: 560/821 Loss: 1.801212
2026-08-17 01:03: Train Epoch 6: 580/821 Loss: 1.806613
2026-08-17 01:03: Train Epoch 6: 600/821 Loss: 1.832503
2026-08-17 01:03: Train Epoch 6: 620/821 Loss: 1.787444
2026-08-17 01:03: Train Epoch 6: 640/821 Loss: 1.763224
2026-08-17 01:03: Train Epoch 6: 660/821 Loss: 1.798969
2026-08-17 01:03: Train Epoch 6: 680/821 Loss: 1.859385
2026-08-17 01:03: Train Epoch 6: 700/821 Loss: 1.779256
2026-08-17 01:03: Train Epoch 6: 720/821 Loss: 1.741601
2026-08-17 01:04: Train Epoch 6: 740/821 Loss: 1.769831
2026-08-17 01:04: Train Epoch 6: 760/821 Loss: 1.663399
2026-08-17 01:04: Train Epoch 6: 780/821 Loss: 1.783386
2026-08-17 01:04: Train Epoch 6: 800/821 Loss: 1.757207
2026-08-17 01:04: Train Epoch 6: 820/821 Loss: 1.737556
2026-08-17 01:04: **********Train Epoch 6: averaged Loss: 1.825476, tf_ratio: 1.000000
2026-08-17 01:04: **********Val Epoch 6: average Loss: 1.817423
2026-08-17 01:04: *********************************Current best model saved!
2026-08-17 01:04: Train Epoch 7: 0/821 Loss: 1.775640
2026-08-17 01:04: Train Epoch 7: 20/821 Loss: 1.884716
2026-08-17 01:04: Train Epoch 7: 40/821 Loss: 1.867936
2026-08-17 01:04: Train Epoch 7: 60/821 Loss: 1.886122
2026-08-17 01:04: Train Epoch 7: 80/821 Loss: 1.870841
2026-08-17 01:04: Train Epoch 7: 100/821 Loss: 1.931233
2026-08-17 01:04: Train Epoch 7: 120/821 Loss: 1.722094
2026-08-17 01:04: Train Epoch 7: 140/821 Loss: 1.811810
2026-08-17 01:04: Train Epoch 7: 160/821 Loss: 1.857689
2026-08-17 01:04: Train Epoch 7: 180/821 Loss: 1.893842
2026-08-17 01:04: Train Epoch 7: 200/821 Loss: 1.811674
2026-08-17 01:04: Train Epoch 7: 220/821 Loss: 1.844411
2026-08-17 01:04: Train Epoch 7: 240/821 Loss: 1.795418
2026-08-17 01:04: Train Epoch 7: 260/821 Loss: 1.672765
2026-08-17 01:05: Train Epoch 7: 280/821 Loss: 1.749496
2026-08-17 01:05: Train Epoch 7: 300/821 Loss: 1.714184
2026-08-17 01:05: Train Epoch 7: 320/821 Loss: 1.710895
2026-08-17 01:05: Train Epoch 7: 340/821 Loss: 1.856475
2026-08-17 01:05: Train Epoch 7: 360/821 Loss: 1.739641
2026-08-17 01:05: Train Epoch 7: 380/821 Loss: 1.737890
2026-08-17 01:05: Train Epoch 7: 400/821 Loss: 1.786133
2026-08-17 01:05: Train Epoch 7: 420/821 Loss: 1.800593
2026-08-17 01:05: Train Epoch 7: 440/821 Loss: 1.823531
2026-08-17 01:05: Train Epoch 7: 460/821 Loss: 1.765406
2026-08-17 01:05: Train Epoch 7: 480/821 Loss: 1.852713
2026-08-17 01:05: Train Epoch 7: 500/821 Loss: 1.846527
2026-08-17 01:05: Train Epoch 7: 520/821 Loss: 1.840198
2026-08-17 01:05: Train Epoch 7: 540/821 Loss: 1.837991
2026-08-17 01:05: Train Epoch 7: 560/821 Loss: 1.812046
2026-08-17 01:05: Train Epoch 7: 580/821 Loss: 1.780977
2026-08-17 01:05: Train Epoch 7: 600/821 Loss: 1.748977
2026-08-17 01:05: Train Epoch 7: 620/821 Loss: 1.783854
2026-08-17 01:05: Train Epoch 7: 640/821 Loss: 1.853889
2026-08-17 01:05: Train Epoch 7: 660/821 Loss: 1.741400
2026-08-17 01:05: Train Epoch 7: 680/821 Loss: 1.851796
2026-08-17 01:05: Train Epoch 7: 700/821 Loss: 1.736174
2026-08-17 01:06: Train Epoch 7: 720/821 Loss: 1.772875
2026-08-17 01:06: Train Epoch 7: 740/821 Loss: 1.696244
2026-08-17 01:06: Train Epoch 7: 760/821 Loss: 1.783344
2026-08-17 01:06: Train Epoch 7: 780/821 Loss: 1.773376
2026-08-17 01:06: Train Epoch 7: 800/821 Loss: 1.853413
2026-08-17 01:06: Train Epoch 7: 820/821 Loss: 1.772975
2026-08-17 01:06: **********Train Epoch 7: averaged Loss: 1.799536, tf_ratio: 1.000000
2026-08-17 01:06: **********Val Epoch 7: average Loss: 1.820382
2026-08-17 01:06: Train Epoch 8: 0/821 Loss: 1.709120
2026-08-17 01:06: Train Epoch 8: 20/821 Loss: 1.825607
2026-08-17 01:06: Train Epoch 8: 40/821 Loss: 1.763678
2026-08-17 01:06: Train Epoch 8: 60/821 Loss: 1.795094
2026-08-17 01:06: Train Epoch 8: 80/821 Loss: 1.796442
2026-08-17 01:06: Train Epoch 8: 100/821 Loss: 1.809871
2026-08-17 01:06: Train Epoch 8: 120/821 Loss: 1.661750
2026-08-17 01:06: Train Epoch 8: 140/821 Loss: 1.868846
2026-08-17 01:06: Train Epoch 8: 160/821 Loss: 1.771431
2026-08-17 01:06: Train Epoch 8: 180/821 Loss: 1.856468
2026-08-17 01:06: Train Epoch 8: 200/821 Loss: 1.642547
2026-08-17 01:06: Train Epoch 8: 220/821 Loss: 1.860023
2026-08-17 01:06: Train Epoch 8: 240/821 Loss: 1.814995
2026-08-17 01:07: Train Epoch 8: 260/821 Loss: 1.721740
2026-08-17 01:07: Train Epoch 8: 280/821 Loss: 1.697499
2026-08-17 01:07: Train Epoch 8: 300/821 Loss: 1.773110
2026-08-17 01:07: Train Epoch 8: 320/821 Loss: 1.737199
2026-08-17 01:07: Train Epoch 8: 340/821 Loss: 1.715564
2026-08-17 01:07: Train Epoch 8: 360/821 Loss: 1.759558
2026-08-17 01:07: Train Epoch 8: 380/821 Loss: 1.789704
2026-08-17 01:07: Train Epoch 8: 400/821 Loss: 1.770847
2026-08-17 01:07: Train Epoch 8: 420/821 Loss: 1.819437
2026-08-17 01:07: Train Epoch 8: 440/821 Loss: 1.780617
2026-08-17 01:07: Train Epoch 8: 460/821 Loss: 1.945255
2026-08-17 01:07: Train Epoch 8: 480/821 Loss: 1.807137
2026-08-17 01:07: Train Epoch 8: 500/821 Loss: 1.777951
2026-08-17 01:07: Train Epoch 8: 520/821 Loss: 1.819904
2026-08-17 01:07: Train Epoch 8: 540/821 Loss: 1.808233
2026-08-17 01:07: Train Epoch 8: 560/821 Loss: 1.777686
2026-08-17 01:07: Train Epoch 8: 580/821 Loss: 1.769431
2026-08-17 01:07: Train Epoch 8: 600/821 Loss: 1.792886
2026-08-17 01:07: Train Epoch 8: 620/821 Loss: 1.820822
2026-08-17 01:07: Train Epoch 8: 640/821 Loss: 1.789408
2026-08-17 01:07: Train Epoch 8: 660/821 Loss: 1.784690
2026-08-17 01:07: Train Epoch 8: 680/821 Loss: 1.736600
2026-08-17 01:08: Train Epoch 8: 700/821 Loss: 1.745992
2026-08-17 01:08: Train Epoch 8: 720/821 Loss: 1.733271
2026-08-17 01:08: Train Epoch 8: 740/821 Loss: 1.785176
2026-08-17 01:08: Train Epoch 8: 760/821 Loss: 1.690276
2026-08-17 01:08: Train Epoch 8: 780/821 Loss: 1.749696
2026-08-17 01:08: Train Epoch 8: 800/821 Loss: 1.708961
2026-08-17 01:08: Train Epoch 8: 820/821 Loss: 1.773148
2026-08-17 01:08: **********Train Epoch 8: averaged Loss: 1.778571, tf_ratio: 1.000000
2026-08-17 01:08: **********Val Epoch 8: average Loss: 1.825323
2026-08-17 01:08: Train Epoch 9: 0/821 Loss: 1.808883
2026-08-17 01:08: Train Epoch 9: 20/821 Loss: 1.819385
2026-08-17 01:08: Train Epoch 9: 40/821 Loss: 1.792272
2026-08-17 01:08: Train Epoch 9: 60/821 Loss: 1.724821
2026-08-17 01:08: Train Epoch 9: 80/821 Loss: 1.776586
2026-08-17 01:08: Train Epoch 9: 100/821 Loss: 1.852160
2026-08-17 01:08: Train Epoch 9: 120/821 Loss: 1.753813
2026-08-17 01:08: Train Epoch 9: 140/821 Loss: 1.732560
2026-08-17 01:08: Train Epoch 9: 160/821 Loss: 1.815652
2026-08-17 01:08: Train Epoch 9: 180/821 Loss: 1.766414
2026-08-17 01:08: Train Epoch 9: 200/821 Loss: 1.720613
2026-08-17 01:08: Train Epoch 9: 220/821 Loss: 1.779125
2026-08-17 01:08: Train Epoch 9: 240/821 Loss: 1.773967
2026-08-17 01:09: Train Epoch 9: 260/821 Loss: 1.674081
2026-08-17 01:09: Train Epoch 9: 280/821 Loss: 1.733845
2026-08-17 01:09: Train Epoch 9: 300/821 Loss: 1.770153
2026-08-17 01:09: Train Epoch 9: 320/821 Loss: 1.758711
2026-08-17 01:09: Train Epoch 9: 340/821 Loss: 1.794425
2026-08-17 01:09: Train Epoch 9: 360/821 Loss: 1.805466
2026-08-17 01:09: Train Epoch 9: 380/821 Loss: 1.722494
2026-08-17 01:09: Train Epoch 9: 400/821 Loss: 1.808529
2026-08-17 01:09: Train Epoch 9: 420/821 Loss: 1.748997
2026-08-17 01:09: Train Epoch 9: 440/821 Loss: 1.796486
2026-08-17 01:09: Train Epoch 9: 460/821 Loss: 1.766907
2026-08-17 01:09: Train Epoch 9: 480/821 Loss: 1.669824
2026-08-17 01:09: Train Epoch 9: 500/821 Loss: 1.804101
2026-08-17 01:09: Train Epoch 9: 520/821 Loss: 1.832647
2026-08-17 01:09: Train Epoch 9: 540/821 Loss: 1.708458
2026-08-17 01:09: Train Epoch 9: 560/821 Loss: 1.699416
2026-08-17 01:09: Train Epoch 9: 580/821 Loss: 1.862134
2026-08-17 01:09: Train Epoch 9: 600/821 Loss: 1.845541
2026-08-17 01:09: Train Epoch 9: 620/821 Loss: 1.784304
2026-08-17 01:09: Train Epoch 9: 640/821 Loss: 1.724133
2026-08-17 01:09: Train Epoch 9: 660/821 Loss: 1.722996
2026-08-17 01:09: Train Epoch 9: 680/821 Loss: 1.745435
2026-08-17 01:10: Train Epoch 9: 700/821 Loss: 1.855582
2026-08-17 01:10: Train Epoch 9: 720/821 Loss: 1.748122
2026-08-17 01:10: Train Epoch 9: 740/821 Loss: 1.728583
2026-08-17 01:10: Train Epoch 9: 760/821 Loss: 1.761178
2026-08-17 01:10: Train Epoch 9: 780/821 Loss: 1.735684
2026-08-17 01:10: Train Epoch 9: 800/821 Loss: 1.764086
2026-08-17 01:10: Train Epoch 9: 820/821 Loss: 1.800500
2026-08-17 01:10: **********Train Epoch 9: averaged Loss: 1.761106, tf_ratio: 1.000000
2026-08-17 01:10: **********Val Epoch 9: average Loss: 1.804660
2026-08-17 01:10: *********************************Current best model saved!
2026-08-17 01:10: Train Epoch 10: 0/821 Loss: 1.732026
2026-08-17 01:10: Train Epoch 10: 20/821 Loss: 1.780070
2026-08-17 01:10: Train Epoch 10: 40/821 Loss: 1.821055
2026-08-17 01:10: Train Epoch 10: 60/821 Loss: 1.770399
2026-08-17 01:10: Train Epoch 10: 80/821 Loss: 1.701896
2026-08-17 01:10: Train Epoch 10: 100/821 Loss: 1.697388
2026-08-17 01:10: Train Epoch 10: 120/821 Loss: 1.883858
2026-08-17 01:10: Train Epoch 10: 140/821 Loss: 1.878638
2026-08-17 01:10: Train Epoch 10: 160/821 Loss: 1.765925
2026-08-17 01:10: Train Epoch 10: 180/821 Loss: 1.696736
2026-08-17 01:10: Train Epoch 10: 200/821 Loss: 1.746194
2026-08-17 01:10: Train Epoch 10: 220/821 Loss: 1.712085
2026-08-17 01:11: Train Epoch 10: 240/821 Loss: 1.728153
2026-08-17 01:11: Train Epoch 10: 260/821 Loss: 1.632395
2026-08-17 01:11: Train Epoch 10: 280/821 Loss: 1.711666
2026-08-17 01:11: Train Epoch 10: 300/821 Loss: 1.727944
2026-08-17 01:11: Train Epoch 10: 320/821 Loss: 1.730002
2026-08-17 01:11: Train Epoch 10: 340/821 Loss: 1.716937
2026-08-17 01:11: Train Epoch 10: 360/821 Loss: 1.734310
2026-08-17 01:11: Train Epoch 10: 380/821 Loss: 1.810281
2026-08-17 01:11: Train Epoch 10: 400/821 Loss: 1.648509
2026-08-17 01:11: Train Epoch 10: 420/821 Loss: 1.794619
2026-08-17 01:11: Train Epoch 10: 440/821 Loss: 1.725114
2026-08-17 01:11: Train Epoch 10: 460/821 Loss: 1.676348
2026-08-17 01:11: Train Epoch 10: 480/821 Loss: 1.722108
2026-08-17 01:11: Train Epoch 10: 500/821 Loss: 1.724780
2026-08-17 01:11: Train Epoch 10: 520/821 Loss: 1.666986
2026-08-17 01:11: Train Epoch 10: 540/821 Loss: 1.800100
2026-08-17 01:11: Train Epoch 10: 560/821 Loss: 1.778848
2026-08-17 01:11: Train Epoch 10: 580/821 Loss: 1.666418
2026-08-17 01:11: Train Epoch 10: 600/821 Loss: 1.739102
2026-08-17 01:11: Train Epoch 10: 620/821 Loss: 1.718578
2026-08-17 01:11: Train Epoch 10: 640/821 Loss: 1.786732
2026-08-17 01:11: Train Epoch 10: 660/821 Loss: 1.701439
2026-08-17 01:12: Train Epoch 10: 680/821 Loss: 1.744914
2026-08-17 01:12: Train Epoch 10: 700/821 Loss: 1.787353
2026-08-17 01:12: Train Epoch 10: 720/821 Loss: 1.784008
2026-08-17 01:12: Train Epoch 10: 740/821 Loss: 1.698123
2026-08-17 01:12: Train Epoch 10: 760/821 Loss: 1.716916
2026-08-17 01:12: Train Epoch 10: 780/821 Loss: 1.640081
2026-08-17 01:12: Train Epoch 10: 800/821 Loss: 1.727290
2026-08-17 01:12: Train Epoch 10: 820/821 Loss: 1.794097
2026-08-17 01:12: **********Train Epoch 10: averaged Loss: 1.747654, tf_ratio: 1.000000
2026-08-17 01:12: **********Val Epoch 10: average Loss: 1.815347
2026-08-17 01:12: Train Epoch 11: 0/821 Loss: 1.714048
2026-08-17 01:12: Train Epoch 11: 20/821 Loss: 1.681748
2026-08-17 01:12: Train Epoch 11: 40/821 Loss: 1.646562
2026-08-17 01:12: Train Epoch 11: 60/821 Loss: 1.755951
2026-08-17 01:12: Train Epoch 11: 80/821 Loss: 1.814008
2026-08-17 01:12: Train Epoch 11: 100/821 Loss: 1.726447
2026-08-17 01:12: Train Epoch 11: 120/821 Loss: 1.785942
2026-08-17 01:12: Train Epoch 11: 140/821 Loss: 1.774878
2026-08-17 01:12: Train Epoch 11: 160/821 Loss: 1.705701
2026-08-17 01:12: Train Epoch 11: 180/821 Loss: 1.770032
2026-08-17 01:12: Train Epoch 11: 200/821 Loss: 1.848860
2026-08-17 01:13: Train Epoch 11: 220/821 Loss: 1.753857
2026-08-17 01:13: Train Epoch 11: 240/821 Loss: 1.730147
2026-08-17 01:13: Train Epoch 11: 260/821 Loss: 1.718974
2026-08-17 01:13: Train Epoch 11: 280/821 Loss: 1.710916
2026-08-17 01:13: Train Epoch 11: 300/821 Loss: 1.658809
2026-08-17 01:13: Train Epoch 11: 320/821 Loss: 1.781065
2026-08-17 01:13: Train Epoch 11: 340/821 Loss: 1.791327
2026-08-17 01:13: Train Epoch 11: 360/821 Loss: 1.666987
2026-08-17 01:13: Train Epoch 11: 380/821 Loss: 1.737282
2026-08-17 01:13: Train Epoch 11: 400/821 Loss: 1.748286
2026-08-17 01:13: Train Epoch 11: 420/821 Loss: 1.657531
2026-08-17 01:13: Train Epoch 11: 440/821 Loss: 1.722623
2026-08-17 01:13: Train Epoch 11: 460/821 Loss: 1.786806
2026-08-17 01:13: Train Epoch 11: 480/821 Loss: 1.751086
2026-08-17 01:13: Train Epoch 11: 500/821 Loss: 1.694924
2026-08-17 01:13: Train Epoch 11: 520/821 Loss: 1.645365
2026-08-17 01:13: Train Epoch 11: 540/821 Loss: 1.778657
2026-08-17 01:13: Train Epoch 11: 560/821 Loss: 1.701013
2026-08-17 01:13: Train Epoch 11: 580/821 Loss: 1.735059
2026-08-17 01:13: Train Epoch 11: 600/821 Loss: 1.796655
2026-08-17 01:13: Train Epoch 11: 620/821 Loss: 1.680858
2026-08-17 01:13: Train Epoch 11: 640/821 Loss: 1.726616
2026-08-17 01:13: Train Epoch 11: 660/821 Loss: 1.720869
2026-08-17 01:14: Train Epoch 11: 680/821 Loss: 1.778232
2026-08-17 01:14: Train Epoch 11: 700/821 Loss: 1.801748
2026-08-17 01:14: Train Epoch 11: 720/821 Loss: 1.695207
2026-08-17 01:14: Train Epoch 11: 740/821 Loss: 1.679560
2026-08-17 01:14: Train Epoch 11: 760/821 Loss: 1.667669
2026-08-17 01:14: Train Epoch 11: 780/821 Loss: 1.813268
2026-08-17 01:14: Train Epoch 11: 800/821 Loss: 1.661979
2026-08-17 01:14: Train Epoch 11: 820/821 Loss: 1.753137
2026-08-17 01:14: **********Train Epoch 11: averaged Loss: 1.733202, tf_ratio: 1.000000
2026-08-17 01:14: **********Val Epoch 11: average Loss: 1.806827
2026-08-17 01:14: Train Epoch 12: 0/821 Loss: 1.687717
2026-08-17 01:14: Train Epoch 12: 20/821 Loss: 1.717180
2026-08-17 01:14: Train Epoch 12: 40/821 Loss: 1.850264
2026-08-17 01:14: Train Epoch 12: 60/821 Loss: 1.815170
2026-08-17 01:14: Train Epoch 12: 80/821 Loss: 1.713067
2026-08-17 01:14: Train Epoch 12: 100/821 Loss: 1.798676
2026-08-17 01:14: Train Epoch 12: 120/821 Loss: 1.703127
2026-08-17 01:14: Train Epoch 12: 140/821 Loss: 1.810147
2026-08-17 01:14: Train Epoch 12: 160/821 Loss: 1.683123
2026-08-17 01:14: Train Epoch 12: 180/821 Loss: 1.768184
2026-08-17 01:14: Train Epoch 12: 200/821 Loss: 1.719927
2026-08-17 01:15: Train Epoch 12: 220/821 Loss: 1.720015
2026-08-17 01:15: Train Epoch 12: 240/821 Loss: 1.731730
2026-08-17 01:15: Train Epoch 12: 260/821 Loss: 1.657923
2026-08-17 01:15: Train Epoch 12: 280/821 Loss: 1.732646
2026-08-17 01:15: Train Epoch 12: 300/821 Loss: 1.690037
2026-08-17 01:15: Train Epoch 12: 320/821 Loss: 1.779751
2026-08-17 01:15: Train Epoch 12: 340/821 Loss: 1.721860
2026-08-17 01:15: Train Epoch 12: 360/821 Loss: 1.677673
2026-08-17 01:15: Train Epoch 12: 380/821 Loss: 1.688166
2026-08-17 01:15: Train Epoch 12: 400/821 Loss: 1.696463
2026-08-17 01:15: Train Epoch 12: 420/821 Loss: 1.805456
2026-08-17 01:15: Train Epoch 12: 440/821 Loss: 1.712167
2026-08-17 01:15: Train Epoch 12: 460/821 Loss: 1.816501
2026-08-17 01:15: Train Epoch 12: 480/821 Loss: 1.702694
2026-08-17 01:15: Train Epoch 12: 500/821 Loss: 1.738946
2026-08-17 01:15: Train Epoch 12: 520/821 Loss: 1.713592
2026-08-17 01:15: Train Epoch 12: 540/821 Loss: 1.631635
2026-08-17 01:15: Train Epoch 12: 560/821 Loss: 1.735293
2026-08-17 01:15: Train Epoch 12: 580/821 Loss: 1.604714
2026-08-17 01:15: Train Epoch 12: 600/821 Loss: 1.721155
2026-08-17 01:15: Train Epoch 12: 620/821 Loss: 1.700208
2026-08-17 01:15: Train Epoch 12: 640/821 Loss: 1.848616
2026-08-17 01:16: Train Epoch 12: 660/821 Loss: 1.733457
2026-08-17 01:16: Train Epoch 12: 680/821 Loss: 1.738689
2026-08-17 01:16: Train Epoch 12: 700/821 Loss: 1.703105
2026-08-17 01:16: Train Epoch 12: 720/821 Loss: 1.742452
2026-08-17 01:16: Train Epoch 12: 740/821 Loss: 1.768357
2026-08-17 01:16: Train Epoch 12: 760/821 Loss: 1.732648
2026-08-17 01:16: Train Epoch 12: 780/821 Loss: 1.638713
2026-08-17 01:16: Train Epoch 12: 800/821 Loss: 1.654168
2026-08-17 01:16: Train Epoch 12: 820/821 Loss: 1.700030
2026-08-17 01:16: **********Train Epoch 12: averaged Loss: 1.719794, tf_ratio: 1.000000
2026-08-17 01:16: **********Val Epoch 12: average Loss: 1.821897
2026-08-17 01:16: Train Epoch 13: 0/821 Loss: 1.745586
2026-08-17 01:16: Train Epoch 13: 20/821 Loss: 1.695112
2026-08-17 01:16: Train Epoch 13: 40/821 Loss: 1.685571
2026-08-17 01:16: Train Epoch 13: 60/821 Loss: 1.752000
2026-08-17 01:16: Train Epoch 13: 80/821 Loss: 1.793006
2026-08-17 01:16: Train Epoch 13: 100/821 Loss: 1.796638
2026-08-17 01:16: Train Epoch 13: 120/821 Loss: 1.769851
2026-08-17 01:16: Train Epoch 13: 140/821 Loss: 1.780856
2026-08-17 01:16: Train Epoch 13: 160/821 Loss: 1.708358
2026-08-17 01:16: Train Epoch 13: 180/821 Loss: 1.681636
2026-08-17 01:17: Train Epoch 13: 200/821 Loss: 1.806769
2026-08-17 01:17: Train Epoch 13: 220/821 Loss: 1.720984
2026-08-17 01:17: Train Epoch 13: 240/821 Loss: 1.681359
2026-08-17 01:17: Train Epoch 13: 260/821 Loss: 1.632199
2026-08-17 01:17: Train Epoch 13: 280/821 Loss: 1.720534
2026-08-17 01:17: Train Epoch 13: 300/821 Loss: 1.783061
2026-08-17 01:17: Train Epoch 13: 320/821 Loss: 1.814326
2026-08-17 01:17: Train Epoch 13: 340/821 Loss: 1.677874
2026-08-17 01:17: Train Epoch 13: 360/821 Loss: 1.655471
2026-08-17 01:17: Train Epoch 13: 380/821 Loss: 1.745901
2026-08-17 01:17: Train Epoch 13: 400/821 Loss: 1.796740
2026-08-17 01:17: Train Epoch 13: 420/821 Loss: 1.639225
2026-08-17 01:17: Train Epoch 13: 440/821 Loss: 1.657134
2026-08-17 01:17: Train Epoch 13: 460/821 Loss: 1.711417
2026-08-17 01:17: Train Epoch 13: 480/821 Loss: 1.719508
2026-08-17 01:17: Train Epoch 13: 500/821 Loss: 1.656371
2026-08-17 01:17: Train Epoch 13: 520/821 Loss: 1.779184
2026-08-17 01:17: Train Epoch 13: 540/821 Loss: 1.663839
2026-08-17 01:17: Train Epoch 13: 560/821 Loss: 1.701159
2026-08-17 01:17: Train Epoch 13: 580/821 Loss: 1.691270
2026-08-17 01:17: Train Epoch 13: 600/821 Loss: 1.687691
2026-08-17 01:17: Train Epoch 13: 620/821 Loss: 1.666686
2026-08-17 01:18: Train Epoch 13: 640/821 Loss: 1.603001
2026-08-17 01:18: Train Epoch 13: 660/821 Loss: 1.701609
2026-08-17 01:18: Train Epoch 13: 680/821 Loss: 1.795270
2026-08-17 01:18: Train Epoch 13: 700/821 Loss: 1.753637
2026-08-17 01:18: Train Epoch 13: 720/821 Loss: 1.646926
2026-08-17 01:18: Train Epoch 13: 740/821 Loss: 1.639285
2026-08-17 01:18: Train Epoch 13: 760/821 Loss: 1.756309
2026-08-17 01:18: Train Epoch 13: 780/821 Loss: 1.724413
2026-08-17 01:18: Train Epoch 13: 800/821 Loss: 1.729832
2026-08-17 01:18: Train Epoch 13: 820/821 Loss: 1.668837
2026-08-17 01:18: **********Train Epoch 13: averaged Loss: 1.709395, tf_ratio: 1.000000
2026-08-17 01:18: **********Val Epoch 13: average Loss: 1.817145
2026-08-17 01:18: Train Epoch 14: 0/821 Loss: 1.740985
2026-08-17 01:18: Train Epoch 14: 20/821 Loss: 1.691391
2026-08-17 01:18: Train Epoch 14: 40/821 Loss: 1.654408
2026-08-17 01:18: Train Epoch 14: 60/821 Loss: 1.766009
2026-08-17 01:18: Train Epoch 14: 80/821 Loss: 1.674250
2026-08-17 01:18: Train Epoch 14: 100/821 Loss: 1.686056
2026-08-17 01:18: Train Epoch 14: 120/821 Loss: 1.707944
2026-08-17 01:18: Train Epoch 14: 140/821 Loss: 1.723354
2026-08-17 01:18: Train Epoch 14: 160/821 Loss: 1.636986
2026-08-17 01:18: Train Epoch 14: 180/821 Loss: 1.692407
2026-08-17 01:19: Train Epoch 14: 200/821 Loss: 1.638349
2026-08-17 01:19: Train Epoch 14: 220/821 Loss: 1.698385
2026-08-17 01:19: Train Epoch 14: 240/821 Loss: 1.693198
2026-08-17 01:19: Train Epoch 14: 260/821 Loss: 1.658256
2026-08-17 01:19: Train Epoch 14: 280/821 Loss: 1.740652
2026-08-17 01:19: Train Epoch 14: 300/821 Loss: 1.748463
2026-08-17 01:19: Train Epoch 14: 320/821 Loss: 1.587444
2026-08-17 01:19: Train Epoch 14: 340/821 Loss: 1.608628
2026-08-17 01:19: Train Epoch 14: 360/821 Loss: 1.706106
2026-08-17 01:19: Train Epoch 14: 380/821 Loss: 1.636903
2026-08-17 01:19: Train Epoch 14: 400/821 Loss: 1.705720
2026-08-17 01:19: Train Epoch 14: 420/821 Loss: 1.679483
2026-08-17 01:19: Train Epoch 14: 440/821 Loss: 1.649804
2026-08-17 01:19: Train Epoch 14: 460/821 Loss: 1.749266
2026-08-17 01:19: Train Epoch 14: 480/821 Loss: 1.649122
2026-08-17 01:19: Train Epoch 14: 500/821 Loss: 1.676113
2026-08-17 01:19: Train Epoch 14: 520/821 Loss: 1.666967
2026-08-17 01:19: Train Epoch 14: 540/821 Loss: 1.742488
2026-08-17 01:19: Train Epoch 14: 560/821 Loss: 1.697934
2026-08-17 01:19: Train Epoch 14: 580/821 Loss: 1.663306
2026-08-17 01:19: Train Epoch 14: 600/821 Loss: 1.725640
2026-08-17 01:19: Train Epoch 14: 620/821 Loss: 1.824914
2026-08-17 01:20: Train Epoch 14: 640/821 Loss: 1.728335
2026-08-17 01:20: Train Epoch 14: 660/821 Loss: 1.775124
2026-08-17 01:20: Train Epoch 14: 680/821 Loss: 1.674878
2026-08-17 01:20: Train Epoch 14: 700/821 Loss: 1.624300
2026-08-17 01:20: Train Epoch 14: 720/821 Loss: 1.593371
2026-08-17 01:20: Train Epoch 14: 740/821 Loss: 1.648063
2026-08-17 01:20: Train Epoch 14: 760/821 Loss: 1.812393
2026-08-17 01:20: Train Epoch 14: 780/821 Loss: 1.784372
2026-08-17 01:20: Train Epoch 14: 800/821 Loss: 1.679876
2026-08-17 01:20: Train Epoch 14: 820/821 Loss: 1.686551
2026-08-17 01:20: **********Train Epoch 14: averaged Loss: 1.699376, tf_ratio: 1.000000
2026-08-17 01:20: **********Val Epoch 14: average Loss: 1.819929
2026-08-17 01:20: Train Epoch 15: 0/821 Loss: 1.576449
2026-08-17 01:20: Train Epoch 15: 20/821 Loss: 1.737879
2026-08-17 01:20: Train Epoch 15: 40/821 Loss: 1.724130
2026-08-17 01:20: Train Epoch 15: 60/821 Loss: 1.796760
2026-08-17 01:20: Train Epoch 15: 80/821 Loss: 1.645776
2026-08-17 01:20: Train Epoch 15: 100/821 Loss: 1.687539
2026-08-17 01:20: Train Epoch 15: 120/821 Loss: 1.712397
2026-08-17 01:20: Train Epoch 15: 140/821 Loss: 1.623780
2026-08-17 01:20: Train Epoch 15: 160/821 Loss: 1.585367
2026-08-17 01:21: Train Epoch 15: 180/821 Loss: 1.617280
2026-08-17 01:21: Train Epoch 15: 200/821 Loss: 1.743605
2026-08-17 01:21: Train Epoch 15: 220/821 Loss: 1.654485
2026-08-17 01:21: Train Epoch 15: 240/821 Loss: 1.634660
2026-08-17 01:21: Train Epoch 15: 260/821 Loss: 1.647407
2026-08-17 01:21: Train Epoch 15: 280/821 Loss: 1.699825
2026-08-17 01:21: Train Epoch 15: 300/821 Loss: 1.819330
2026-08-17 01:21: Train Epoch 15: 320/821 Loss: 1.680714
2026-08-17 01:21: Train Epoch 15: 340/821 Loss: 1.604584
2026-08-17 01:21: Train Epoch 15: 360/821 Loss: 1.701298
2026-08-17 01:21: Train Epoch 15: 380/821 Loss: 1.654780
2026-08-17 01:21: Train Epoch 15: 400/821 Loss: 1.722094
2026-08-17 01:21: Train Epoch 15: 420/821 Loss: 1.720713
2026-08-17 01:21: Train Epoch 15: 440/821 Loss: 1.767685
2026-08-17 01:21: Train Epoch 15: 460/821 Loss: 1.718328
2026-08-17 01:21: Train Epoch 15: 480/821 Loss: 1.702918
2026-08-17 01:21: Train Epoch 15: 500/821 Loss: 1.616545
2026-08-17 01:21: Train Epoch 15: 520/821 Loss: 1.704357
2026-08-17 01:21: Train Epoch 15: 540/821 Loss: 1.669479
2026-08-17 01:21: Train Epoch 15: 560/821 Loss: 1.620221
2026-08-17 01:21: Train Epoch 15: 580/821 Loss: 1.681972
2026-08-17 01:21: Train Epoch 15: 600/821 Loss: 1.782438
2026-08-17 01:22: Train Epoch 15: 620/821 Loss: 1.618914
2026-08-17 01:22: Train Epoch 15: 640/821 Loss: 1.618879
2026-08-17 01:22: Train Epoch 15: 660/821 Loss: 1.736361
2026-08-17 01:22: Train Epoch 15: 680/821 Loss: 1.663638
2026-08-17 01:22: Train Epoch 15: 700/821 Loss: 1.694982
2026-08-17 01:22: Train Epoch 15: 720/821 Loss: 1.677053
2026-08-17 01:22: Train Epoch 15: 740/821 Loss: 1.634127
2026-08-17 01:22: Train Epoch 15: 760/821 Loss: 1.693282
2026-08-17 01:22: Train Epoch 15: 780/821 Loss: 1.686909
2026-08-17 01:22: Train Epoch 15: 800/821 Loss: 1.778025
2026-08-17 01:22: Train Epoch 15: 820/821 Loss: 1.672190
2026-08-17 01:22: **********Train Epoch 15: averaged Loss: 1.688361, tf_ratio: 1.000000
2026-08-17 01:22: **********Val Epoch 15: average Loss: 1.813201
2026-08-17 01:22: Train Epoch 16: 0/821 Loss: 1.732292
2026-08-17 01:22: Train Epoch 16: 20/821 Loss: 1.709666
2026-08-17 01:22: Train Epoch 16: 40/821 Loss: 1.750548
2026-08-17 01:22: Train Epoch 16: 60/821 Loss: 1.664852
2026-08-17 01:22: Train Epoch 16: 80/821 Loss: 1.666030
2026-08-17 01:22: Train Epoch 16: 100/821 Loss: 1.641915
2026-08-17 01:22: Train Epoch 16: 120/821 Loss: 1.726748
2026-08-17 01:22: Train Epoch 16: 140/821 Loss: 1.734333
2026-08-17 01:23: Train Epoch 16: 160/821 Loss: 1.641256
2026-08-17 01:23: Train Epoch 16: 180/821 Loss: 1.657326
2026-08-17 01:23: Train Epoch 16: 200/821 Loss: 1.666078
2026-08-17 01:23: Train Epoch 16: 220/821 Loss: 1.702751
2026-08-17 01:23: Train Epoch 16: 240/821 Loss: 1.627832
2026-08-17 01:23: Train Epoch 16: 260/821 Loss: 1.808570
2026-08-17 01:23: Train Epoch 16: 280/821 Loss: 1.751250
2026-08-17 01:23: Train Epoch 16: 300/821 Loss: 1.652455
2026-08-17 01:23: Train Epoch 16: 320/821 Loss: 1.685092
2026-08-17 01:23: Train Epoch 16: 340/821 Loss: 1.605870
2026-08-17 01:23: Train Epoch 16: 360/821 Loss: 1.668845
2026-08-17 01:23: Train Epoch 16: 380/821 Loss: 1.692734
2026-08-17 01:23: Train Epoch 16: 400/821 Loss: 1.687615
2026-08-17 01:23: Train Epoch 16: 420/821 Loss: 1.736512
2026-08-17 01:23: Train Epoch 16: 440/821 Loss: 1.623677
2026-08-17 01:23: Train Epoch 16: 460/821 Loss: 1.686067
2026-08-17 01:23: Train Epoch 16: 480/821 Loss: 1.733813
2026-08-17 01:23: Train Epoch 16: 500/821 Loss: 1.694525
2026-08-17 01:23: Train Epoch 16: 520/821 Loss: 1.774286
2026-08-17 01:23: Train Epoch 16: 540/821 Loss: 1.738223
2026-08-17 01:23: Train Epoch 16: 560/821 Loss: 1.692441
2026-08-17 01:23: Train Epoch 16: 580/821 Loss: 1.664229
2026-08-17 01:23: Train Epoch 16: 600/821 Loss: 1.659183
2026-08-17 01:24: Train Epoch 16: 620/821 Loss: 1.732105
2026-08-17 01:24: Train Epoch 16: 640/821 Loss: 1.569307
2026-08-17 01:24: Train Epoch 16: 660/821 Loss: 1.705680
2026-08-17 01:24: Train Epoch 16: 680/821 Loss: 1.658326
2026-08-17 01:24: Train Epoch 16: 700/821 Loss: 1.713419
2026-08-17 01:24: Train Epoch 16: 720/821 Loss: 1.715076
2026-08-17 01:24: Train Epoch 16: 740/821 Loss: 1.618044
2026-08-17 01:24: Train Epoch 16: 760/821 Loss: 1.702358
2026-08-17 01:24: Train Epoch 16: 780/821 Loss: 1.766359
2026-08-17 01:24: Train Epoch 16: 800/821 Loss: 1.664648
2026-08-17 01:24: Train Epoch 16: 820/821 Loss: 1.668443
2026-08-17 01:24: **********Train Epoch 16: averaged Loss: 1.679846, tf_ratio: 1.000000
2026-08-17 01:24: **********Val Epoch 16: average Loss: 1.816159
2026-08-17 01:24: Train Epoch 17: 0/821 Loss: 1.655016
2026-08-17 01:24: Train Epoch 17: 20/821 Loss: 1.722252
2026-08-17 01:24: Train Epoch 17: 40/821 Loss: 1.693500
2026-08-17 01:24: Train Epoch 17: 60/821 Loss: 1.568633
2026-08-17 01:24: Train Epoch 17: 80/821 Loss: 1.653087
2026-08-17 01:24: Train Epoch 17: 100/821 Loss: 1.672639
2026-08-17 01:24: Train Epoch 17: 120/821 Loss: 1.561679
2026-08-17 01:24: Train Epoch 17: 140/821 Loss: 1.648919
2026-08-17 01:25: Train Epoch 17: 160/821 Loss: 1.670313
2026-08-17 01:25: Train Epoch 17: 180/821 Loss: 1.725891
2026-08-17 01:25: Train Epoch 17: 200/821 Loss: 1.729021
2026-08-17 01:25: Train Epoch 17: 220/821 Loss: 1.656379
2026-08-17 01:25: Train Epoch 17: 240/821 Loss: 1.682144
2026-08-17 01:25: Train Epoch 17: 260/821 Loss: 1.661152
2026-08-17 01:25: Train Epoch 17: 280/821 Loss: 1.644440
2026-08-17 01:25: Train Epoch 17: 300/821 Loss: 1.668075
2026-08-17 01:25: Train Epoch 17: 320/821 Loss: 1.655759
2026-08-17 01:25: Train Epoch 17: 340/821 Loss: 1.631788
2026-08-17 01:25: Train Epoch 17: 360/821 Loss: 1.787972
2026-08-17 01:25: Train Epoch 17: 380/821 Loss: 1.608036
2026-08-17 01:25: Train Epoch 17: 400/821 Loss: 1.616363
2026-08-17 01:25: Train Epoch 17: 420/821 Loss: 1.590123
2026-08-17 01:25: Train Epoch 17: 440/821 Loss: 1.629935
2026-08-17 01:25: Train Epoch 17: 460/821 Loss: 1.709885
2026-08-17 01:25: Train Epoch 17: 480/821 Loss: 1.667082
2026-08-17 01:25: Train Epoch 17: 500/821 Loss: 1.681865
2026-08-17 01:25: Train Epoch 17: 520/821 Loss: 1.569943
2026-08-17 01:25: Train Epoch 17: 540/821 Loss: 1.618549
2026-08-17 01:25: Train Epoch 17: 560/821 Loss: 1.679465
2026-08-17 01:25: Train Epoch 17: 580/821 Loss: 1.731741
2026-08-17 01:25: Train Epoch 17: 600/821 Loss: 1.681716
2026-08-17 01:26: Train Epoch 17: 620/821 Loss: 1.659068
2026-08-17 01:26: Train Epoch 17: 640/821 Loss: 1.672657
2026-08-17 01:26: Train Epoch 17: 660/821 Loss: 1.571146
2026-08-17 01:26: Train Epoch 17: 680/821 Loss: 1.650699
2026-08-17 01:26: Train Epoch 17: 700/821 Loss: 1.676163
2026-08-17 01:26: Train Epoch 17: 720/821 Loss: 1.662910
2026-08-17 01:26: Train Epoch 17: 740/821 Loss: 1.672947
2026-08-17 01:26: Train Epoch 17: 760/821 Loss: 1.674867
2026-08-17 01:26: Train Epoch 17: 780/821 Loss: 1.611750
2026-08-17 01:26: Train Epoch 17: 800/821 Loss: 1.672726
2026-08-17 01:26: Train Epoch 17: 820/821 Loss: 1.715620
2026-08-17 01:26: **********Train Epoch 17: averaged Loss: 1.672349, tf_ratio: 1.000000
2026-08-17 01:26: **********Val Epoch 17: average Loss: 1.815191
2026-08-17 01:26: Train Epoch 18: 0/821 Loss: 1.668760
2026-08-17 01:26: Train Epoch 18: 20/821 Loss: 1.720733
2026-08-17 01:26: Train Epoch 18: 40/821 Loss: 1.707749
2026-08-17 01:26: Train Epoch 18: 60/821 Loss: 1.644219
2026-08-17 01:26: Train Epoch 18: 80/821 Loss: 1.678274
2026-08-17 01:26: Train Epoch 18: 100/821 Loss: 1.697301
2026-08-17 01:26: Train Epoch 18: 120/821 Loss: 1.602822
2026-08-17 01:26: Train Epoch 18: 140/821 Loss: 1.634187
2026-08-17 01:27: Train Epoch 18: 160/821 Loss: 1.642491
2026-08-17 01:27: Train Epoch 18: 180/821 Loss: 1.826373
2026-08-17 01:27: Train Epoch 18: 200/821 Loss: 1.714884
2026-08-17 01:27: Train Epoch 18: 220/821 Loss: 1.712795
2026-08-17 01:27: Train Epoch 18: 240/821 Loss: 1.718315
2026-08-17 01:27: Train Epoch 18: 260/821 Loss: 1.674485
2026-08-17 01:27: Train Epoch 18: 280/821 Loss: 1.687480
2026-08-17 01:27: Train Epoch 18: 300/821 Loss: 1.624596
2026-08-17 01:27: Train Epoch 18: 320/821 Loss: 1.658715
2026-08-17 01:27: Train Epoch 18: 340/821 Loss: 1.679694
2026-08-17 01:27: Train Epoch 18: 360/821 Loss: 1.665906
2026-08-17 01:27: Train Epoch 18: 380/821 Loss: 1.596132
2026-08-17 01:27: Train Epoch 18: 400/821 Loss: 1.655015
2026-08-17 01:27: Train Epoch 18: 420/821 Loss: 1.605988
2026-08-17 01:27: Train Epoch 18: 440/821 Loss: 1.664932
2026-08-17 01:27: Train Epoch 18: 460/821 Loss: 1.603585
2026-08-17 01:27: Train Epoch 18: 480/821 Loss: 1.656081
2026-08-17 01:27: Train Epoch 18: 500/821 Loss: 1.738420
2026-08-17 01:27: Train Epoch 18: 520/821 Loss: 1.645249
2026-08-17 01:27: Train Epoch 18: 540/821 Loss: 1.736216
2026-08-17 01:27: Train Epoch 18: 560/821 Loss: 1.570542
2026-08-17 01:27: Train Epoch 18: 580/821 Loss: 1.717178
2026-08-17 01:28: Train Epoch 18: 600/821 Loss: 1.701724
2026-08-17 01:28: Train Epoch 18: 620/821 Loss: 1.644260
2026-08-17 01:28: Train Epoch 18: 640/821 Loss: 1.666615
2026-08-17 01:28: Train Epoch 18: 660/821 Loss: 1.662137
2026-08-17 01:28: Train Epoch 18: 680/821 Loss: 1.669976
2026-08-17 01:28: Train Epoch 18: 700/821 Loss: 1.716210
2026-08-17 01:28: Train Epoch 18: 720/821 Loss: 1.703778
2026-08-17 01:28: Train Epoch 18: 740/821 Loss: 1.639345
2026-08-17 01:28: Train Epoch 18: 760/821 Loss: 1.742559
2026-08-17 01:28: Train Epoch 18: 780/821 Loss: 1.702613
2026-08-17 01:28: Train Epoch 18: 800/821 Loss: 1.612513
2026-08-17 01:28: Train Epoch 18: 820/821 Loss: 1.640087
2026-08-17 01:28: **********Train Epoch 18: averaged Loss: 1.663721, tf_ratio: 1.000000
2026-08-17 01:28: **********Val Epoch 18: average Loss: 1.821881
2026-08-17 01:28: Train Epoch 19: 0/821 Loss: 1.684190
2026-08-17 01:28: Train Epoch 19: 20/821 Loss: 1.643515
2026-08-17 01:28: Train Epoch 19: 40/821 Loss: 1.671774
2026-08-17 01:28: Train Epoch 19: 60/821 Loss: 1.647911
2026-08-17 01:28: Train Epoch 19: 80/821 Loss: 1.664080
2026-08-17 01:28: Train Epoch 19: 100/821 Loss: 1.636453
2026-08-17 01:28: Train Epoch 19: 120/821 Loss: 1.712269
2026-08-17 01:29: Train Epoch 19: 140/821 Loss: 1.608857
2026-08-17 01:29: Train Epoch 19: 160/821 Loss: 1.574368
2026-08-17 01:29: Train Epoch 19: 180/821 Loss: 1.557317
2026-08-17 01:29: Train Epoch 19: 200/821 Loss: 1.693337
2026-08-17 01:29: Train Epoch 19: 220/821 Loss: 1.625022
2026-08-17 01:29: Train Epoch 19: 240/821 Loss: 1.687023
2026-08-17 01:29: Train Epoch 19: 260/821 Loss: 1.616667
2026-08-17 01:29: Train Epoch 19: 280/821 Loss: 1.598963
2026-08-17 01:29: Train Epoch 19: 300/821 Loss: 1.687206
2026-08-17 01:29: Train Epoch 19: 320/821 Loss: 1.639938
2026-08-17 01:29: Train Epoch 19: 340/821 Loss: 1.643339
2026-08-17 01:29: Train Epoch 19: 360/821 Loss: 1.588566
2026-08-17 01:29: Train Epoch 19: 380/821 Loss: 1.656436
2026-08-17 01:29: Train Epoch 19: 400/821 Loss: 1.677569
2026-08-17 01:29: Train Epoch 19: 420/821 Loss: 1.625088
2026-08-17 01:29: Train Epoch 19: 440/821 Loss: 1.646055
2026-08-17 01:29: Train Epoch 19: 460/821 Loss: 1.675861
2026-08-17 01:29: Train Epoch 19: 480/821 Loss: 1.598971
2026-08-17 01:29: Train Epoch 19: 500/821 Loss: 1.643879
2026-08-17 01:29: Train Epoch 19: 520/821 Loss: 1.615894
2026-08-17 01:29: Train Epoch 19: 540/821 Loss: 1.634273
2026-08-17 01:29: Train Epoch 19: 560/821 Loss: 1.620071
2026-08-17 01:30: Train Epoch 19: 580/821 Loss: 1.641506
2026-08-17 01:30: Train Epoch 19: 600/821 Loss: 1.699503
2026-08-17 01:30: Train Epoch 19: 620/821 Loss: 1.655998
2026-08-17 01:30: Train Epoch 19: 640/821 Loss: 1.694217
2026-08-17 01:30: Train Epoch 19: 660/821 Loss: 1.658246
2026-08-17 01:30: Train Epoch 19: 680/821 Loss: 1.673914
2026-08-17 01:30: Train Epoch 19: 700/821 Loss: 1.644164
2026-08-17 01:30: Train Epoch 19: 720/821 Loss: 1.615007
2026-08-17 01:30: Train Epoch 19: 740/821 Loss: 1.658634
2026-08-17 01:30: Train Epoch 19: 760/821 Loss: 1.637375
2026-08-17 01:30: Train Epoch 19: 780/821 Loss: 1.659597
2026-08-17 01:30: Train Epoch 19: 800/821 Loss: 1.736153
2026-08-17 01:30: Train Epoch 19: 820/821 Loss: 1.614992
2026-08-17 01:30: **********Train Epoch 19: averaged Loss: 1.657799, tf_ratio: 1.000000
2026-08-17 01:30: **********Val Epoch 19: average Loss: 1.815494
2026-08-17 01:30: Train Epoch 20: 0/821 Loss: 1.680533
2026-08-17 01:30: Train Epoch 20: 20/821 Loss: 1.711559
2026-08-17 01:30: Train Epoch 20: 40/821 Loss: 1.577234
2026-08-17 01:30: Train Epoch 20: 60/821 Loss: 1.626042
2026-08-17 01:30: Train Epoch 20: 80/821 Loss: 1.632146
2026-08-17 01:30: Train Epoch 20: 100/821 Loss: 1.626831
2026-08-17 01:31: Train Epoch 20: 120/821 Loss: 1.535639
2026-08-17 01:31: Train Epoch 20: 140/821 Loss: 1.679177
2026-08-17 01:31: Train Epoch 20: 160/821 Loss: 1.625829
2026-08-17 01:31: Train Epoch 20: 180/821 Loss: 1.636144
2026-08-17 01:31: Train Epoch 20: 200/821 Loss: 1.599942
2026-08-17 01:31: Train Epoch 20: 220/821 Loss: 1.606697
2026-08-17 01:31: Train Epoch 20: 240/821 Loss: 1.702909
2026-08-17 01:31: Train Epoch 20: 260/821 Loss: 1.558772
2026-08-17 01:31: Train Epoch 20: 280/821 Loss: 1.629916
2026-08-17 01:31: Train Epoch 20: 300/821 Loss: 1.678044
2026-08-17 01:31: Train Epoch 20: 320/821 Loss: 1.641700
2026-08-17 01:31: Train Epoch 20: 340/821 Loss: 1.656747
2026-08-17 01:31: Train Epoch 20: 360/821 Loss: 1.593369
2026-08-17 01:31: Train Epoch 20: 380/821 Loss: 1.634315
2026-08-17 01:31: Train Epoch 20: 400/821 Loss: 1.683067
2026-08-17 01:31: Train Epoch 20: 420/821 Loss: 1.644758
2026-08-17 01:31: Train Epoch 20: 440/821 Loss: 1.690524
2026-08-17 01:31: Train Epoch 20: 460/821 Loss: 1.569356
2026-08-17 01:31: Train Epoch 20: 480/821 Loss: 1.674167
2026-08-17 01:31: Train Epoch 20: 500/821 Loss: 1.694759
2026-08-17 01:31: Train Epoch 20: 520/821 Loss: 1.634553
2026-08-17 01:31: Train Epoch 20: 540/821 Loss: 1.620862
2026-08-17 01:32: Train Epoch 20: 560/821 Loss: 1.831786
2026-08-17 01:32: Train Epoch 20: 580/821 Loss: 1.614177
2026-08-17 01:32: Train Epoch 20: 600/821 Loss: 1.654562
2026-08-17 01:32: Train Epoch 20: 620/821 Loss: 1.674153
2026-08-17 01:32: Train Epoch 20: 640/821 Loss: 1.647905
2026-08-17 01:32: Train Epoch 20: 660/821 Loss: 1.675570
2026-08-17 01:32: Train Epoch 20: 680/821 Loss: 1.636397
2026-08-17 01:32: Train Epoch 20: 700/821 Loss: 1.654219
2026-08-17 01:32: Train Epoch 20: 720/821 Loss: 1.631993
2026-08-17 01:32: Train Epoch 20: 740/821 Loss: 1.651982
2026-08-17 01:32: Train Epoch 20: 760/821 Loss: 1.688934
2026-08-17 01:32: Train Epoch 20: 780/821 Loss: 1.758311
2026-08-17 01:32: Train Epoch 20: 800/821 Loss: 1.739978
2026-08-17 01:32: Train Epoch 20: 820/821 Loss: 1.653218
2026-08-17 01:32: **********Train Epoch 20: averaged Loss: 1.651059, tf_ratio: 1.000000
2026-08-17 01:32: **********Val Epoch 20: average Loss: 1.819742
2026-08-17 01:32: Train Epoch 21: 0/821 Loss: 1.644442
2026-08-17 01:32: Train Epoch 21: 20/821 Loss: 1.611437
2026-08-17 01:32: Train Epoch 21: 40/821 Loss: 1.682070
2026-08-17 01:32: Train Epoch 21: 60/821 Loss: 1.668706
2026-08-17 01:32: Train Epoch 21: 80/821 Loss: 1.620021
2026-08-17 01:33: Train Epoch 21: 100/821 Loss: 1.562906
2026-08-17 01:33: Train Epoch 21: 120/821 Loss: 1.642712
2026-08-17 01:33: Train Epoch 21: 140/821 Loss: 1.631417
2026-08-17 01:33: Train Epoch 21: 160/821 Loss: 1.663615
2026-08-17 01:33: Train Epoch 21: 180/821 Loss: 1.624001
2026-08-17 01:33: Train Epoch 21: 200/821 Loss: 1.622192
2026-08-17 01:33: Train Epoch 21: 220/821 Loss: 1.652482
2026-08-17 01:33: Train Epoch 21: 240/821 Loss: 1.679113
2026-08-17 01:33: Train Epoch 21: 260/821 Loss: 1.573248
2026-08-17 01:33: Train Epoch 21: 280/821 Loss: 1.605476
2026-08-17 01:33: Train Epoch 21: 300/821 Loss: 1.611779
2026-08-17 01:33: Train Epoch 21: 320/821 Loss: 1.590588
2026-08-17 01:33: Train Epoch 21: 340/821 Loss: 1.714287
2026-08-17 01:33: Train Epoch 21: 360/821 Loss: 1.645881
2026-08-17 01:33: Train Epoch 21: 380/821 Loss: 1.693964
2026-08-17 01:33: Train Epoch 21: 400/821 Loss: 1.694774
2026-08-17 01:33: Train Epoch 21: 420/821 Loss: 1.621913
2026-08-17 01:33: Train Epoch 21: 440/821 Loss: 1.569152
2026-08-17 01:33: Train Epoch 21: 460/821 Loss: 1.580954
2026-08-17 01:33: Train Epoch 21: 480/821 Loss: 1.596205
2026-08-17 01:33: Train Epoch 21: 500/821 Loss: 1.597090
2026-08-17 01:33: Train Epoch 21: 520/821 Loss: 1.770311
2026-08-17 01:34: Train Epoch 21: 540/821 Loss: 1.672968
2026-08-17 01:34: Train Epoch 21: 560/821 Loss: 1.670657
2026-08-17 01:34: Train Epoch 21: 580/821 Loss: 1.636696
2026-08-17 01:34: Train Epoch 21: 600/821 Loss: 1.718413
2026-08-17 01:34: Train Epoch 21: 620/821 Loss: 1.597088
2026-08-17 01:34: Train Epoch 21: 640/821 Loss: 1.542971
2026-08-17 01:34: Train Epoch 21: 660/821 Loss: 1.625880
2026-08-17 01:34: Train Epoch 21: 680/821 Loss: 1.711843
2026-08-17 01:34: Train Epoch 21: 700/821 Loss: 1.643347
2026-08-17 01:34: Train Epoch 21: 720/821 Loss: 1.600863
2026-08-17 01:34: Train Epoch 21: 740/821 Loss: 1.685464
2026-08-17 01:34: Train Epoch 21: 760/821 Loss: 1.721425
2026-08-17 01:34: Train Epoch 21: 780/821 Loss: 1.662153
2026-08-17 01:34: Train Epoch 21: 800/821 Loss: 1.659607
2026-08-17 01:34: Train Epoch 21: 820/821 Loss: 1.662729
2026-08-17 01:34: **********Train Epoch 21: averaged Loss: 1.646004, tf_ratio: 1.000000
2026-08-17 01:34: **********Val Epoch 21: average Loss: 1.819783
2026-08-17 01:34: Train Epoch 22: 0/821 Loss: 1.616748
2026-08-17 01:34: Train Epoch 22: 20/821 Loss: 1.582004
2026-08-17 01:34: Train Epoch 22: 40/821 Loss: 1.619609
2026-08-17 01:34: Train Epoch 22: 60/821 Loss: 1.667763
2026-08-17 01:35: Train Epoch 22: 80/821 Loss: 1.611878
2026-08-17 01:35: Train Epoch 22: 100/821 Loss: 1.614365
2026-08-17 01:35: Train Epoch 22: 120/821 Loss: 1.658039
2026-08-17 01:35: Train Epoch 22: 140/821 Loss: 1.625349
2026-08-17 01:35: Train Epoch 22: 160/821 Loss: 1.559561
2026-08-17 01:35: Train Epoch 22: 180/821 Loss: 1.642791
2026-08-17 01:35: Train Epoch 22: 200/821 Loss: 1.633245
2026-08-17 01:35: Train Epoch 22: 220/821 Loss: 1.679183
2026-08-17 01:35: Train Epoch 22: 240/821 Loss: 1.632763
2026-08-17 01:35: Train Epoch 22: 260/821 Loss: 1.707072
2026-08-17 01:35: Train Epoch 22: 280/821 Loss: 1.614635
2026-08-17 01:35: Train Epoch 22: 300/821 Loss: 1.568132
2026-08-17 01:35: Train Epoch 22: 320/821 Loss: 1.635203
2026-08-17 01:35: Train Epoch 22: 340/821 Loss: 1.610613
2026-08-17 01:35: Train Epoch 22: 360/821 Loss: 1.570659
2026-08-17 01:35: Train Epoch 22: 380/821 Loss: 1.615878
2026-08-17 01:35: Train Epoch 22: 400/821 Loss: 1.672592
2026-08-17 01:35: Train Epoch 22: 420/821 Loss: 1.590735
2026-08-17 01:35: Train Epoch 22: 440/821 Loss: 1.654264
2026-08-17 01:35: Train Epoch 22: 460/821 Loss: 1.616214
2026-08-17 01:35: Train Epoch 22: 480/821 Loss: 1.642194
2026-08-17 01:35: Train Epoch 22: 500/821 Loss: 1.654554
2026-08-17 01:36: Train Epoch 22: 520/821 Loss: 1.627259
2026-08-17 01:36: Train Epoch 22: 540/821 Loss: 1.589698
2026-08-17 01:36: Train Epoch 22: 560/821 Loss: 1.644099
2026-08-17 01:36: Train Epoch 22: 580/821 Loss: 1.651047
2026-08-17 01:36: Train Epoch 22: 600/821 Loss: 1.597201
2026-08-17 01:36: Train Epoch 22: 620/821 Loss: 1.583194
2026-08-17 01:36: Train Epoch 22: 640/821 Loss: 1.686099
2026-08-17 01:36: Train Epoch 22: 660/821 Loss: 1.642943
2026-08-17 01:36: Train Epoch 22: 680/821 Loss: 1.788159
2026-08-17 01:36: Train Epoch 22: 700/821 Loss: 1.775094
2026-08-17 01:36: Train Epoch 22: 720/821 Loss: 1.645247
2026-08-17 01:36: Train Epoch 22: 740/821 Loss: 1.626177
2026-08-17 01:36: Train Epoch 22: 760/821 Loss: 1.594165
2026-08-17 01:36: Train Epoch 22: 780/821 Loss: 1.667434
2026-08-17 01:36: Train Epoch 22: 800/821 Loss: 1.648761
2026-08-17 01:36: Train Epoch 22: 820/821 Loss: 1.665754
2026-08-17 01:36: **********Train Epoch 22: averaged Loss: 1.640495, tf_ratio: 1.000000
2026-08-17 01:36: **********Val Epoch 22: average Loss: 1.814909
2026-08-17 01:36: Train Epoch 23: 0/821 Loss: 1.630446
2026-08-17 01:36: Train Epoch 23: 20/821 Loss: 1.599443
2026-08-17 01:36: Train Epoch 23: 40/821 Loss: 1.710724
2026-08-17 01:37: Train Epoch 23: 60/821 Loss: 1.674149
2026-08-17 01:37: Train Epoch 23: 80/821 Loss: 1.710602
2026-08-17 01:37: Train Epoch 23: 100/821 Loss: 1.719210
2026-08-17 01:37: Train Epoch 23: 120/821 Loss: 1.643628
2026-08-17 01:37: Train Epoch 23: 140/821 Loss: 1.643012
2026-08-17 01:37: Train Epoch 23: 160/821 Loss: 1.627025
2026-08-17 01:37: Train Epoch 23: 180/821 Loss: 1.665524
2026-08-17 01:37: Train Epoch 23: 200/821 Loss: 1.628918
2026-08-17 01:37: Train Epoch 23: 220/821 Loss: 1.569941
2026-08-17 01:37: Train Epoch 23: 240/821 Loss: 1.600532
2026-08-17 01:37: Train Epoch 23: 260/821 Loss: 1.646419
2026-08-17 01:37: Train Epoch 23: 280/821 Loss: 1.618293
2026-08-17 01:37: Train Epoch 23: 300/821 Loss: 1.680377
2026-08-17 01:37: Train Epoch 23: 320/821 Loss: 1.596292
2026-08-17 01:37: Train Epoch 23: 340/821 Loss: 1.598827
2026-08-17 01:37: Train Epoch 23: 360/821 Loss: 1.606863
2026-08-17 01:37: Train Epoch 23: 380/821 Loss: 1.617538
2026-08-17 01:37: Train Epoch 23: 400/821 Loss: 1.661528
2026-08-17 01:37: Train Epoch 23: 420/821 Loss: 1.705613
2026-08-17 01:37: Train Epoch 23: 440/821 Loss: 1.612647
2026-08-17 01:37: Train Epoch 23: 460/821 Loss: 1.697920
2026-08-17 01:37: Train Epoch 23: 480/821 Loss: 1.530653
2026-08-17 01:38: Train Epoch 23: 500/821 Loss: 1.651012
2026-08-17 01:38: Train Epoch 23: 520/821 Loss: 1.666856
2026-08-17 01:38: Train Epoch 23: 540/821 Loss: 1.564893
2026-08-17 01:38: Train Epoch 23: 560/821 Loss: 1.590816
2026-08-17 01:38: Train Epoch 23: 580/821 Loss: 1.640486
2026-08-17 01:38: Train Epoch 23: 600/821 Loss: 1.652179
2026-08-17 01:38: Train Epoch 23: 620/821 Loss: 1.698220
2026-08-17 01:38: Train Epoch 23: 640/821 Loss: 1.661968
2026-08-17 01:38: Train Epoch 23: 660/821 Loss: 1.659256
2026-08-17 01:38: Train Epoch 23: 680/821 Loss: 1.628528
2026-08-17 01:38: Train Epoch 23: 700/821 Loss: 1.668778
2026-08-17 01:38: Train Epoch 23: 720/821 Loss: 1.676736
2026-08-17 01:38: Train Epoch 23: 740/821 Loss: 1.617960
2026-08-17 01:38: Train Epoch 23: 760/821 Loss: 1.710024
2026-08-17 01:38: Train Epoch 23: 780/821 Loss: 1.670932
2026-08-17 01:38: Train Epoch 23: 800/821 Loss: 1.636357
2026-08-17 01:38: Train Epoch 23: 820/821 Loss: 1.721304
2026-08-17 01:38: **********Train Epoch 23: averaged Loss: 1.634267, tf_ratio: 1.000000
2026-08-17 01:38: **********Val Epoch 23: average Loss: 1.805004
2026-08-17 01:38: Train Epoch 24: 0/821 Loss: 1.645132
2026-08-17 01:38: Train Epoch 24: 20/821 Loss: 1.643651
2026-08-17 01:39: Train Epoch 24: 40/821 Loss: 1.635021
2026-08-17 01:39: Train Epoch 24: 60/821 Loss: 1.609757
2026-08-17 01:39: Train Epoch 24: 80/821 Loss: 1.682845
2026-08-17 01:39: Train Epoch 24: 100/821 Loss: 1.704615
2026-08-17 01:39: Train Epoch 24: 120/821 Loss: 1.666381
2026-08-17 01:39: Train Epoch 24: 140/821 Loss: 1.667892
2026-08-17 01:39: Train Epoch 24: 160/821 Loss: 1.692227
2026-08-17 01:39: Train Epoch 24: 180/821 Loss: 1.591733
2026-08-17 01:39: Train Epoch 24: 200/821 Loss: 1.693728
2026-08-17 01:39: Train Epoch 24: 220/821 Loss: 1.528396
2026-08-17 01:39: Train Epoch 24: 240/821 Loss: 1.542578
2026-08-17 01:39: Train Epoch 24: 260/821 Loss: 1.600088
2026-08-17 01:39: Train Epoch 24: 280/821 Loss: 1.610900
2026-08-17 01:39: Train Epoch 24: 300/821 Loss: 1.564793
2026-08-17 01:39: Train Epoch 24: 320/821 Loss: 1.621056
2026-08-17 01:39: Train Epoch 24: 340/821 Loss: 1.600741
2026-08-17 01:39: Train Epoch 24: 360/821 Loss: 1.601398
2026-08-17 01:39: Train Epoch 24: 380/821 Loss: 1.574927
2026-08-17 01:39: Train Epoch 24: 400/821 Loss: 1.727799
2026-08-17 01:39: Train Epoch 24: 420/821 Loss: 1.583171
2026-08-17 01:39: Train Epoch 24: 440/821 Loss: 1.582142
2026-08-17 01:39: Train Epoch 24: 460/821 Loss: 1.633071
2026-08-17 01:39: Train Epoch 24: 480/821 Loss: 1.626383
2026-08-17 01:40: Train Epoch 24: 500/821 Loss: 1.693033
2026-08-17 01:40: Train Epoch 24: 520/821 Loss: 1.658030
2026-08-17 01:40: Train Epoch 24: 540/821 Loss: 1.653154
2026-08-17 01:40: Train Epoch 24: 560/821 Loss: 1.614383
2026-08-17 01:40: Train Epoch 24: 580/821 Loss: 1.657915
2026-08-17 01:40: Train Epoch 24: 600/821 Loss: 1.612731
2026-08-17 01:40: Train Epoch 24: 620/821 Loss: 1.724915
2026-08-17 01:40: Train Epoch 24: 640/821 Loss: 1.700098
2026-08-17 01:40: Train Epoch 24: 660/821 Loss: 1.627314
2026-08-17 01:40: Train Epoch 24: 680/821 Loss: 1.580200
2026-08-17 01:40: Train Epoch 24: 700/821 Loss: 1.612351
2026-08-17 01:40: Train Epoch 24: 720/821 Loss: 1.645922
2026-08-17 01:40: Train Epoch 24: 740/821 Loss: 1.654580
2026-08-17 01:40: Train Epoch 24: 760/821 Loss: 1.612530
2026-08-17 01:40: Train Epoch 24: 780/821 Loss: 1.661132
2026-08-17 01:40: Train Epoch 24: 800/821 Loss: 1.566767
2026-08-17 01:40: Train Epoch 24: 820/821 Loss: 1.715961
2026-08-17 01:40: **********Train Epoch 24: averaged Loss: 1.627758, tf_ratio: 1.000000
2026-08-17 01:40: **********Val Epoch 24: average Loss: 1.839052
2026-08-17 01:40: Validation performance didn't improve for 15 epochs. Training stops.
2026-08-17 01:40: Total training time: 48.9526min, best loss: 1.804660
2026-08-17 01:40: Saving current best model to /scratch/chkkar002/Diffusion_Based_STGNNs/AGCRN/model/experiments/SAWS/trial20_20260817005157/best_model.pth
2026-08-17 01:41: Horizon 01, MAE: 0.90, RMSE: 1.26, MAPE: 8.0655%
2026-08-17 01:41: Horizon 02, MAE: 1.11, RMSE: 1.55, MAPE: 9.5418%
2026-08-17 01:41: Horizon 03, MAE: 1.31, RMSE: 1.80, MAPE: 11.2134%
2026-08-17 01:41: Horizon 04, MAE: 1.46, RMSE: 1.98, MAPE: 12.5837%
2026-08-17 01:41: Horizon 05, MAE: 1.57, RMSE: 2.13, MAPE: 13.5593%
2026-08-17 01:41: Horizon 06, MAE: 1.67, RMSE: 2.26, MAPE: 14.4734%
2026-08-17 01:41: Horizon 07, MAE: 1.75, RMSE: 2.36, MAPE: 15.2051%
2026-08-17 01:41: Horizon 08, MAE: 1.81, RMSE: 2.44, MAPE: 15.7140%
2026-08-17 01:41: Horizon 09, MAE: 1.86, RMSE: 2.51, MAPE: 16.2358%
2026-08-17 01:41: Horizon 10, MAE: 1.91, RMSE: 2.57, MAPE: 16.7923%
2026-08-17 01:41: Horizon 11, MAE: 1.95, RMSE: 2.63, MAPE: 17.3773%
2026-08-17 01:41: Horizon 12, MAE: 1.98, RMSE: 2.67, MAPE: 17.6869%
2026-08-17 01:41: Horizon 13, MAE: 2.01, RMSE: 2.70, MAPE: 17.9438%
2026-08-17 01:41: Horizon 14, MAE: 2.03, RMSE: 2.73, MAPE: 18.1483%
2026-08-17 01:41: Horizon 15, MAE: 2.05, RMSE: 2.76, MAPE: 18.1650%
2026-08-17 01:41: Horizon 16, MAE: 2.07, RMSE: 2.78, MAPE: 18.1934%
2026-08-17 01:41: Horizon 17, MAE: 2.09, RMSE: 2.80, MAPE: 18.3624%
2026-08-17 01:41: Horizon 18, MAE: 2.10, RMSE: 2.83, MAPE: 18.5088%
2026-08-17 01:41: Horizon 19, MAE: 2.12, RMSE: 2.85, MAPE: 18.5581%
2026-08-17 01:41: Horizon 20, MAE: 2.15, RMSE: 2.89, MAPE: 18.6381%
2026-08-17 01:41: Horizon 21, MAE: 2.17, RMSE: 2.92, MAPE: 18.7594%
2026-08-17 01:41: Horizon 22, MAE: 2.18, RMSE: 2.94, MAPE: 18.8125%
2026-08-17 01:41: Horizon 23, MAE: 2.20, RMSE: 2.97, MAPE: 18.9913%
2026-08-17 01:41: Horizon 24, MAE: 2.24, RMSE: 3.02, MAPE: 19.6793%
2026-08-17 01:41: Average Horizon, MAE: 1.86, RMSE: 2.56, MAPE: 16.3004%
